alloc/malloc/c/sdcc_ix/aligned_alloc
alloc/malloc/c/sdcc_ix/aligned_alloc_unlocked
alloc/malloc/c/sdcc_ix/calloc
alloc/malloc/c/sdcc_ix/calloc_unlocked
alloc/malloc/c/sdcc_ix/free
alloc/malloc/c/sdcc_ix/free_unlocked
alloc/malloc/c/sdcc_ix/heap_alloc
alloc/malloc/c/sdcc_ix/heap_alloc_aligned
alloc/malloc/c/sdcc_ix/heap_alloc_aligned_unlocked
alloc/malloc/c/sdcc_ix/heap_alloc_fixed
alloc/malloc/c/sdcc_ix/heap_alloc_fixed_unlocked
alloc/malloc/c/sdcc_ix/heap_alloc_unlocked
alloc/malloc/c/sdcc_ix/heap_calloc
alloc/malloc/c/sdcc_ix/heap_calloc_unlocked
alloc/malloc/c/sdcc_ix/heap_destroy
alloc/malloc/c/sdcc_ix/heap_free
alloc/malloc/c/sdcc_ix/heap_free_unlocked
alloc/malloc/c/sdcc_ix/heap_init
alloc/malloc/c/sdcc_ix/heap_realloc
alloc/malloc/c/sdcc_ix/heap_realloc_unlocked
alloc/malloc/c/sdcc_ix/malloc
alloc/malloc/c/sdcc_ix/malloc_unlocked
alloc/malloc/c/sdcc_ix/memalign
alloc/malloc/c/sdcc_ix/memalign_unlocked
alloc/malloc/c/sdcc_ix/posix_memalign
alloc/malloc/c/sdcc_ix/posix_memalign_unlocked
alloc/malloc/c/sdcc_ix/realloc
alloc/malloc/c/sdcc_ix/realloc_unlocked
alloc/malloc/c/sdcc_ix/_falloc
alloc/malloc/c/sdcc_ix/_falloc_unlocked
alloc/malloc/z80/__heap_allocate_block
alloc/malloc/z80/__heap_lock_acquire
alloc/malloc/z80/__heap_lock_release
alloc/malloc/z80/__heap_place_block
