alloc/malloc/c/lr_sccz80/aligned_alloc
alloc/malloc/c/lr_sccz80/aligned_alloc_callee
alloc/malloc/c/lr_sccz80/aligned_alloc_unlocked
alloc/malloc/c/lr_sccz80/aligned_alloc_unlocked_callee
alloc/malloc/c/lr_sccz80/calloc
alloc/malloc/c/lr_sccz80/calloc_callee
alloc/malloc/c/lr_sccz80/calloc_unlocked
alloc/malloc/c/lr_sccz80/calloc_unlocked_callee
alloc/malloc/c/lr_sccz80/free
alloc/malloc/c/lr_sccz80/free_unlocked
alloc/malloc/c/lr_sccz80/heap_alloc
alloc/malloc/c/lr_sccz80/heap_alloc_aligned
alloc/malloc/c/lr_sccz80/heap_alloc_aligned_callee
alloc/malloc/c/lr_sccz80/heap_alloc_aligned_unlocked
alloc/malloc/c/lr_sccz80/heap_alloc_aligned_unlocked_callee
alloc/malloc/c/lr_sccz80/heap_alloc_callee
alloc/malloc/c/lr_sccz80/heap_alloc_fixed
alloc/malloc/c/lr_sccz80/heap_alloc_fixed_callee
alloc/malloc/c/lr_sccz80/heap_alloc_fixed_unlocked
alloc/malloc/c/lr_sccz80/heap_alloc_fixed_unlocked_callee
alloc/malloc/c/lr_sccz80/heap_alloc_unlocked
alloc/malloc/c/lr_sccz80/heap_alloc_unlocked_callee
alloc/malloc/c/lr_sccz80/heap_calloc
alloc/malloc/c/lr_sccz80/heap_calloc_callee
alloc/malloc/c/lr_sccz80/heap_calloc_unlocked
alloc/malloc/c/lr_sccz80/heap_calloc_unlocked_callee
alloc/malloc/c/lr_sccz80/heap_destroy
alloc/malloc/c/lr_sccz80/heap_free
alloc/malloc/c/lr_sccz80/heap_free_callee
alloc/malloc/c/lr_sccz80/heap_free_unlocked
alloc/malloc/c/lr_sccz80/heap_init
alloc/malloc/c/lr_sccz80/heap_init_callee
alloc/malloc/c/lr_sccz80/heap_realloc
alloc/malloc/c/lr_sccz80/heap_realloc_callee
alloc/malloc/c/lr_sccz80/heap_realloc_unlocked
alloc/malloc/c/lr_sccz80/heap_realloc_unlocked_callee
alloc/malloc/c/lr_sccz80/malloc
alloc/malloc/c/lr_sccz80/malloc_unlocked
alloc/malloc/c/lr_sccz80/memalign
alloc/malloc/c/lr_sccz80/memalign_callee
alloc/malloc/c/lr_sccz80/memalign_unlocked
alloc/malloc/c/lr_sccz80/memalign_unlocked_callee
alloc/malloc/c/lr_sccz80/posix_memalign
alloc/malloc/c/lr_sccz80/posix_memalign_callee
alloc/malloc/c/lr_sccz80/posix_memalign_unlocked
alloc/malloc/c/lr_sccz80/posix_memalign_unlocked_callee
alloc/malloc/c/lr_sccz80/realloc
alloc/malloc/c/lr_sccz80/realloc_callee
alloc/malloc/c/lr_sccz80/realloc_unlocked
alloc/malloc/c/lr_sccz80/realloc_unlocked_callee
alloc/malloc/c/lr_sccz80/_falloc_
alloc/malloc/c/lr_sccz80/_falloc__callee
alloc/malloc/c/lr_sccz80/_falloc__unlocked
alloc/malloc/c/lr_sccz80/_falloc__unlocked_callee
alloc/malloc/z80/__heap_allocate_block
alloc/malloc/z80/__heap_lock_acquire
alloc/malloc/z80/__heap_lock_release
alloc/malloc/z80/__heap_place_block
