alloc/malloc/c/lr_sdcc/aligned_alloc
alloc/malloc/c/lr_sdcc/aligned_alloc_unlocked
alloc/malloc/c/lr_sdcc/calloc
alloc/malloc/c/lr_sdcc/calloc_unlocked
alloc/malloc/c/lr_sdcc/free
alloc/malloc/c/lr_sdcc/free_unlocked
alloc/malloc/c/lr_sdcc/heap_alloc
alloc/malloc/c/lr_sdcc/heap_alloc_aligned
alloc/malloc/c/lr_sdcc/heap_alloc_aligned_unlocked
alloc/malloc/c/lr_sdcc/heap_alloc_fixed
alloc/malloc/c/lr_sdcc/heap_alloc_fixed_unlocked
alloc/malloc/c/lr_sdcc/heap_alloc_unlocked
alloc/malloc/c/lr_sdcc/heap_calloc
alloc/malloc/c/lr_sdcc/heap_calloc_unlocked
alloc/malloc/c/lr_sdcc/heap_destroy
alloc/malloc/c/lr_sdcc/heap_free
alloc/malloc/c/lr_sdcc/heap_free_unlocked
alloc/malloc/c/lr_sdcc/heap_init
alloc/malloc/c/lr_sdcc/heap_realloc
alloc/malloc/c/lr_sdcc/heap_realloc_unlocked
alloc/malloc/c/lr_sdcc/malloc
alloc/malloc/c/lr_sdcc/malloc_unlocked
alloc/malloc/c/lr_sdcc/memalign
alloc/malloc/c/lr_sdcc/memalign_unlocked
alloc/malloc/c/lr_sdcc/posix_memalign
alloc/malloc/c/lr_sdcc/posix_memalign_unlocked
alloc/malloc/c/lr_sdcc/realloc
alloc/malloc/c/lr_sdcc/realloc_unlocked
alloc/malloc/c/lr_sdcc/_falloc
alloc/malloc/c/lr_sdcc/_falloc_unlocked
alloc/malloc/z80/__heap_allocate_block
alloc/malloc/z80/__heap_lock_acquire
alloc/malloc/z80/__heap_lock_release
alloc/malloc/z80/__heap_place_block
