
target/v1050/obj/${TARGET}/x/target/v1050/stdio/CRT_FONT.o
target/v1050/obj/${TARGET}/x/target/v1050/stdio/__v1050_byte.o
target/v1050/obj/${TARGET}/x/target/v1050/stdio/asm_load_charset.o
target/v1050/obj/${TARGET}/x/target/v1050/stdio/generic_console.o
target/v1050/obj/${TARGET}/x/target/v1050/stdio/set_cursor.o
target/v1050/obj/${TARGET}/x/target/v1050/stdio/ansi/f_ansi_attr.o
target/v1050/obj/${TARGET}/x/target/v1050/stdio/ansi/f_ansi_bel.o
target/v1050/obj/${TARGET}/x/target/v1050/stdio/ansi/f_ansi_char.o
target/v1050/obj/${TARGET}/x/target/v1050/stdio/ansi/f_ansi_cls.o
target/v1050/obj/${TARGET}/x/target/v1050/stdio/ansi/f_ansi_dline.o
target/v1050/obj/${TARGET}/x/target/v1050/stdio/ansi/f_ansi_scrollup.o
@classic/stdio/ansicore.lst
target/v1050/obj/${TARGET}/x/target/v1050/graphics/v1050_sendchar.o
target/v1050/obj/${TARGET}/x/target/v1050/graphics/__v1050_coord.o
target/v1050/obj/${TARGET}/x/target/v1050/graphics/__v1050_pixel.o
target/v1050/obj/${TARGET}/x/target/v1050/graphics/__v1050_line.o
target/v1050/obj/${TARGET}/x/target/v1050/graphics/w_plotpixl.o
target/v1050/obj/${TARGET}/x/target/v1050/graphics/w_respixl.o
target/v1050/obj/${TARGET}/x/target/v1050/graphics/w_xorpixl.o
target/v1050/obj/${TARGET}/x/target/v1050/graphics/w_draw_callee.o
target/v1050/obj/${TARGET}/x/target/v1050/graphics/w_undraw_callee.o
target/v1050/obj/${TARGET}/x/target/v1050/graphics/w_xordraw_callee.o
target/v1050/obj/${TARGET}/x/target/v1050/graphics/w_drawr_callee.o
target/v1050/obj/${TARGET}/x/target/v1050/graphics/w_undrawr_callee.o
target/v1050/obj/${TARGET}/x/target/v1050/graphics/w_xordrawr_callee.o
target/v1050/obj/${TARGET}/x/target/v1050/graphics/w_drawto_callee.o
target/v1050/obj/${TARGET}/x/target/v1050/graphics/w_undrawto_callee.o
target/v1050/obj/${TARGET}/x/target/v1050/graphics/w_xordrawto_callee.o
target/v1050/obj/${TARGET}/x/target/v1050/graphics/clg.o
@classic/gfx/wide/gfx_wide.lst
@classic/games/games.lst
