${NEWLIB_ROOT}l/sdcc/____sdcc_2_copy_src_mhl_dst_bcix
${NEWLIB_ROOT}l/sdcc/____sdcc_2_copy_src_mhl_dst_deix
${NEWLIB_ROOT}l/sdcc/____sdcc_4_copy_src_mhl_dst_bcix
${NEWLIB_ROOT}l/sdcc/____sdcc_4_copy_src_mhl_dst_deix
${NEWLIB_ROOT}l/sdcc/____sdcc_4_copy_src_mhl_dst_mbc
${NEWLIB_ROOT}l/sdcc/____sdcc_4_ldi_nosave_bc
${NEWLIB_ROOT}l/sdcc/____sdcc_4_ldi_save_bc
${NEWLIB_ROOT}l/sdcc/____sdcc_4_push_hlix
${NEWLIB_ROOT}l/sdcc/____sdcc_4_push_mhl
${NEWLIB_ROOT}l/sdcc/____sdcc_cpu_pop_ei
${NEWLIB_ROOT}l/sdcc/____sdcc_cpu_pop_ei_jp
${NEWLIB_ROOT}l/sdcc/____sdcc_cpu_push_di
${NEWLIB_ROOT}l/sdcc/____sdcc_ini
${NEWLIB_ROOT}l/sdcc/____sdcc_ini_128
${NEWLIB_ROOT}l/sdcc/____sdcc_ini_256
${NEWLIB_ROOT}l/sdcc/____sdcc_ini_512
${NEWLIB_ROOT}l/sdcc/____sdcc_ldi
${NEWLIB_ROOT}l/sdcc/____sdcc_ldi_128
${NEWLIB_ROOT}l/sdcc/____sdcc_ldi_256
${NEWLIB_ROOT}l/sdcc/____sdcc_lib_setmem_hl
${NEWLIB_ROOT}l/sdcc/____sdcc_ll_add_de_bc_hl
${NEWLIB_ROOT}l/sdcc/____sdcc_ll_add_de_bc_hlix
${NEWLIB_ROOT}l/sdcc/____sdcc_ll_add_de_hlix_bc
${NEWLIB_ROOT}l/sdcc/____sdcc_ll_add_de_hlix_bcix
${NEWLIB_ROOT}l/sdcc/____sdcc_ll_add_deix_bc_hl
${NEWLIB_ROOT}l/sdcc/____sdcc_ll_add_deix_hlix
${NEWLIB_ROOT}l/sdcc/____sdcc_ll_add_hlix_bc_deix
${NEWLIB_ROOT}l/sdcc/____sdcc_ll_add_hlix_deix_bc
${NEWLIB_ROOT}l/sdcc/____sdcc_ll_add_hlix_deix_bcix
${NEWLIB_ROOT}l/sdcc/____sdcc_ll_asr_hlix_a
${NEWLIB_ROOT}l/sdcc/____sdcc_ll_asr_mbc_a
${NEWLIB_ROOT}l/sdcc/____sdcc_ll_copy_src_de_dst_hlix
${NEWLIB_ROOT}l/sdcc/____sdcc_ll_copy_src_de_dst_hlsp
${NEWLIB_ROOT}l/sdcc/____sdcc_ll_copy_src_deix_dst_hl
${NEWLIB_ROOT}l/sdcc/____sdcc_ll_copy_src_deix_dst_hlix
${NEWLIB_ROOT}l/sdcc/____sdcc_ll_copy_src_deixm_dst_hlsp
${NEWLIB_ROOT}l/sdcc/____sdcc_ll_copy_src_desp_dst_hlsp
${NEWLIB_ROOT}l/sdcc/____sdcc_ll_copy_src_hl_dst_de
${NEWLIB_ROOT}l/sdcc/____sdcc_ll_copy_src_hlsp_dst_de
${NEWLIB_ROOT}l/sdcc/____sdcc_ll_copy_src_hlsp_dst_deixm
${NEWLIB_ROOT}l/sdcc/____sdcc_ll_lsl_hlix_a
${NEWLIB_ROOT}l/sdcc/____sdcc_ll_lsl_mbc_a
${NEWLIB_ROOT}l/sdcc/____sdcc_ll_lsr_hlix_a
${NEWLIB_ROOT}l/sdcc/____sdcc_ll_lsr_mbc_a
${NEWLIB_ROOT}l/sdcc/____sdcc_ll_push_hlix
${NEWLIB_ROOT}l/sdcc/____sdcc_ll_push_mhl
${NEWLIB_ROOT}l/sdcc/____sdcc_ll_sub_de_bc_hl
${NEWLIB_ROOT}l/sdcc/____sdcc_ll_sub_de_bc_hlix
${NEWLIB_ROOT}l/sdcc/____sdcc_ll_sub_de_hlix_bc
${NEWLIB_ROOT}l/sdcc/____sdcc_ll_sub_de_hlix_bcix
${NEWLIB_ROOT}l/sdcc/____sdcc_ll_sub_deix_bc_hl
${NEWLIB_ROOT}l/sdcc/____sdcc_ll_sub_deix_hlix
${NEWLIB_ROOT}l/sdcc/____sdcc_ll_sub_hlix_bc_deix
${NEWLIB_ROOT}l/sdcc/____sdcc_ll_sub_hlix_deix_bc
${NEWLIB_ROOT}l/sdcc/____sdcc_ll_sub_hlix_deix_bcix
${NEWLIB_ROOT}l/sdcc/____sdcc_load_debc_deix
${NEWLIB_ROOT}l/sdcc/____sdcc_load_dehl_deix
${NEWLIB_ROOT}l/sdcc/____sdcc_load_debc_mhl
${NEWLIB_ROOT}l/sdcc/____sdcc_load_hlde_mhl
${NEWLIB_ROOT}l/sdcc/____sdcc_outi
${NEWLIB_ROOT}l/sdcc/____sdcc_outi_128
${NEWLIB_ROOT}l/sdcc/____sdcc_outi_256
${NEWLIB_ROOT}l/sdcc/____sdcc_store_debc_hlix
${NEWLIB_ROOT}l/sdcc/____sdcc_store_debc_mhl
${NEWLIB_ROOT}l/sdcc/____sdcc_store_dehl_bcix
${NEWLIB_ROOT}l/sdcc/____sdcc_cpu_pop_ei
${NEWLIB_ROOT}l/sdcc/____sdcc_cpu_pop_ei_jp
${NEWLIB_ROOT}l/sdcc/____sdcc_cpu_push_di
${NEWLIB_ROOT}l/sdcc/___sdcc_call_hl
${NEWLIB_ROOT}l/sdcc/___sdcc_call_iy
${NEWLIB_ROOT}l/sdcc/___sdcc_enter_ix
${NEWLIB_ROOT}l/sdcc/__divschar
${NEWLIB_ROOT}l/sdcc/__divschar_callee
${NEWLIB_ROOT}l/sdcc/__divsint
${NEWLIB_ROOT}l/sdcc/__divsint_callee
${NEWLIB_ROOT}l/sdcc/__divslong
${NEWLIB_ROOT}l/sdcc/__divslong_callee
${NEWLIB_ROOT}l/sdcc/__divslonglong
${NEWLIB_ROOT}l/sdcc/__divslonglong_callee
${NEWLIB_ROOT}l/sdcc/__divsuchar
${NEWLIB_ROOT}l/sdcc/__divsuchar_callee
${NEWLIB_ROOT}l/sdcc/__divuchar
${NEWLIB_ROOT}l/sdcc/__divuchar_callee
${NEWLIB_ROOT}l/sdcc/__divuint
${NEWLIB_ROOT}l/sdcc/__divuint_callee
${NEWLIB_ROOT}l/sdcc/__divulong
${NEWLIB_ROOT}l/sdcc/__divulong_callee
${NEWLIB_ROOT}l/sdcc/__divulonglong
${NEWLIB_ROOT}l/sdcc/__divulonglong_callee
${NEWLIB_ROOT}l/sdcc/__divuschar
${NEWLIB_ROOT}l/sdcc/__divuschar_callee
${NEWLIB_ROOT}l/sdcc/__modschar
${NEWLIB_ROOT}l/sdcc/__modschar_callee
${NEWLIB_ROOT}l/sdcc/__modsint
${NEWLIB_ROOT}l/sdcc/__modsint_callee
${NEWLIB_ROOT}l/sdcc/__modslong
${NEWLIB_ROOT}l/sdcc/__modslong_callee
${NEWLIB_ROOT}l/sdcc/__modslonglong
${NEWLIB_ROOT}l/sdcc/__modslonglong_callee
${NEWLIB_ROOT}l/sdcc/__modsuchar
${NEWLIB_ROOT}l/sdcc/__modsuchar_callee
${NEWLIB_ROOT}l/sdcc/__moduchar
${NEWLIB_ROOT}l/sdcc/__moduchar_callee
${NEWLIB_ROOT}l/sdcc/__moduint
${NEWLIB_ROOT}l/sdcc/__moduint_callee
${NEWLIB_ROOT}l/sdcc/__modulong
${NEWLIB_ROOT}l/sdcc/__modulong_callee
${NEWLIB_ROOT}l/sdcc/__modulonglong
${NEWLIB_ROOT}l/sdcc/__modulonglong_callee
${NEWLIB_ROOT}l/sdcc/__moduschar
${NEWLIB_ROOT}l/sdcc/__moduschar_callee
${NEWLIB_ROOT}l/sdcc/__mulint
${NEWLIB_ROOT}l/sdcc/__mulint_callee
${NEWLIB_ROOT}l/sdcc/__mullong
${NEWLIB_ROOT}l/sdcc/__mullong_callee
${NEWLIB_ROOT}l/sdcc/__mullonglong
${NEWLIB_ROOT}l/sdcc/__mullonglong_callee
${NEWLIB_ROOT}l/sdcc/__mulschar
${NEWLIB_ROOT}l/sdcc/__mulschar_callee
${NEWLIB_ROOT}l/sdcc/__mulsuchar
${NEWLIB_ROOT}l/sdcc/__mulsuchar_callee
${NEWLIB_ROOT}l/sdcc/__muluschar
${NEWLIB_ROOT}l/sdcc/__muluschar_callee
${NEWLIB_ROOT}l/sdcc/__rlslonglong
${NEWLIB_ROOT}l/sdcc/__rlslonglong_callee
${NEWLIB_ROOT}l/sdcc/__rlulonglong
${NEWLIB_ROOT}l/sdcc/__rlulonglong_callee
${NEWLIB_ROOT}l/sdcc/__rrslonglong
${NEWLIB_ROOT}l/sdcc/__rrslonglong_callee
${NEWLIB_ROOT}l/sdcc/__rrulonglong
${NEWLIB_ROOT}l/sdcc/__rrulonglong_callee
${NEWLIB_ROOT}l/sdcc/___mulsint2slong
${NEWLIB_ROOT}l/sdcc/___mulsint2slong_callee
${NEWLIB_ROOT}l/sdcc/___muluint2ulong
${NEWLIB_ROOT}l/sdcc/___muluint2ulong_callee
${NEWLIB_ROOT}l/sdcc/__sdcc_exit_div_64
${NEWLIB_ROOT}l/sdcc/__sdcc_exit_div_64_callee
${NEWLIB_ROOT}l/sdcc/__sdcc_exit_mod_64
${NEWLIB_ROOT}l/sdcc/__sdcc_exit_mod_64_callee
${NEWLIB_ROOT}l/sdcc/____sdcc_4_copy_srcd_hlix_dst_deix
${NEWLIB_ROOT}l/sdcc/____sdcc_4_and_src_mbc_mhl_dst_deix
${NEWLIB_ROOT}l/sdcc/____sdcc_4_or_src_mbc_mhl_dst_deix
${NEWLIB_ROOT}l/sdcc/____sdcc_4_xor_src_mbc_mhl_dst_deix
${NEWLIB_ROOT}l/sdcc/____sdcc_4_or_src_dehl_dst_bcix
${NEWLIB_ROOT}l/sdcc/____sdcc_4_xor_src_dehl_dst_bcix
${NEWLIB_ROOT}l/sdcc/____sdcc_4_and_src_dehl_dst_bcix
${NEWLIB_ROOT}l/sdcc/____sdcc_4_xor_src_mbc_mhl_dst_debc
${NEWLIB_ROOT}l/sdcc/____sdcc_4_or_src_mbc_mhl_dst_debc
${NEWLIB_ROOT}l/sdcc/____sdcc_4_and_src_mbc_mhl_dst_debc
${NEWLIB_ROOT}l/sdcc/____sdcc_4_cpl_src_mhl_dst_debc
${NEWLIB_ROOT}l/sdcc/____sdcc_4_xor_src_debc_mhl_dst_debc
${NEWLIB_ROOT}l/sdcc/____sdcc_4_or_src_debc_mhl_dst_debc
${NEWLIB_ROOT}l/sdcc/____sdcc_4_and_src_debc_mhl_dst_debc
${NEWLIB_ROOT}l/sdcc/____sdcc_4_and_src_debc_hlix_dst_debc
${NEWLIB_ROOT}l/sdcc/____sdcc_4_or_src_debc_hlix_dst_debc
${NEWLIB_ROOT}l/sdcc/____sdcc_4_xor_src_debc_hlix_dst_debc
