target/mbc200/obj/${TARGET}/x/target/mbc200/subcpu/mbc_sendchar.o
target/mbc200/obj/${TARGET}/x/target/mbc200/subcpu/mbc_getbyte.o
target/mbc200/obj/${TARGET}/x/target/mbc200/subcpu/mbc_getword.o
target/mbc200/obj/${TARGET}/x/target/mbc200/subcpu/mbc_rcv_rdy.o
target/mbc200/obj/${TARGET}/x/target/mbc200/subcpu/mbc_sub.o
target/mbc200/obj/${TARGET}/x/target/mbc200/subcpu/mbc_fade.o
target/mbc200/obj/${TARGET}/x/target/mbc200/subcpu/set_crtc_reg.o
target/mbc200/obj/${TARGET}/x/target/mbc200/subcpu/mbc_setcursorpos.o
target/mbc200/obj/${TARGET}/x/target/mbc200/subcpu/mbc_setcursorpos_callee.o
target/mbc200/obj/${TARGET}/x/target/mbc200/stdio/generic_console.o
target/mbc200/obj/${TARGET}/x/target/mbc200/stdio/ansi/f_ansi_attr.o
target/mbc200/obj/${TARGET}/x/target/mbc200/stdio/ansi/f_ansi_bel.o
target/mbc200/obj/${TARGET}/x/target/mbc200/stdio/ansi/f_ansi_char.o
target/mbc200/obj/${TARGET}/x/target/mbc200/stdio/ansi/f_ansi_cls.o
target/mbc200/obj/${TARGET}/x/target/mbc200/stdio/ansi/f_ansi_dline.o
target/mbc200/obj/${TARGET}/x/target/mbc200/stdio/ansi/f_ansi_scrollup.o
@classic/stdio/ansicore.lst
target/mbc200/obj/${TARGET}/x/target/mbc200/graphics/__mbc_pixel.o
target/mbc200/obj/${TARGET}/x/target/mbc200/graphics/__mbc_line.o
target/mbc200/obj/${TARGET}/x/target/mbc200/graphics/w_plotpixl.o
target/mbc200/obj/${TARGET}/x/target/mbc200/graphics/w_respixl.o
target/mbc200/obj/${TARGET}/x/target/mbc200/graphics/w_draw_callee.o
target/mbc200/obj/${TARGET}/x/target/mbc200/graphics/w_undraw_callee.o
target/mbc200/obj/${TARGET}/x/target/mbc200/graphics/w_drawr_callee.o
target/mbc200/obj/${TARGET}/x/target/mbc200/graphics/w_undrawr_callee.o
target/mbc200/obj/${TARGET}/x/target/mbc200/graphics/w_drawto_callee.o
target/mbc200/obj/${TARGET}/x/target/mbc200/graphics/w_undrawto_callee.o
target/mbc200/obj/${TARGET}/x/target/mbc200/graphics/w_stencil_render.o
target/mbc200/obj/${TARGET}/x/target/mbc200/graphics/w_circle_callee.o
target/mbc200/obj/${TARGET}/x/target/mbc200/graphics/w_uncircle_callee.o
target/mbc200/obj/${TARGET}/x/target/mbc200/graphics/w_dcircle_square.o
target/mbc200/obj/${TARGET}/x/target/mbc200/graphics/clg.o
classic/gfx/wide/obj/${TARGET}/w_putsprite2
classic/gfx/wide/obj/${TARGET}/__generic_w_putsprite
classic/gfx/wide/obj/${TARGET}/__generic_w_stencil_render
@classic/gfx/wide/gfx_wide.lst
target/mbc200/obj/${TARGET}/x/target/mbc200/games/bit_open.o
target/mbc200/obj/${TARGET}/x/target/mbc200/games/bit_open_di.o
target/mbc200/obj/${TARGET}/x/target/mbc200/games/bit_close.o
target/mbc200/obj/${TARGET}/x/target/mbc200/games/bit_close_ei.o
@classic/games/games.lst
