../_DEVELOPMENT/error/z80/_errno
../_DEVELOPMENT/error/z80/errno_mc
../_DEVELOPMENT/error/z80/errno_zc
../_DEVELOPMENT/error/z80/errno_znc
../_DEVELOPMENT/error/z80/error_bc_zc
../_DEVELOPMENT/error/z80/error_divide_by_zero_mc
../_DEVELOPMENT/error/z80/error_divide_by_zero_zc
../_DEVELOPMENT/error/z80/error_eacces_mc
../_DEVELOPMENT/error/z80/error_ebadf_mc
../_DEVELOPMENT/error/z80/error_ebadf_zc
../_DEVELOPMENT/error/z80/error_ebdfd_mc
../_DEVELOPMENT/error/z80/error_ebdfd_zc
../_DEVELOPMENT/error/z80/error_edom_mc
../_DEVELOPMENT/error/z80/error_edom_zc
../_DEVELOPMENT/error/z80/error_efbig_mc
../_DEVELOPMENT/error/z80/error_efbig_zc
../_DEVELOPMENT/error/z80/error_einval_mc
../_DEVELOPMENT/error/z80/error_einval_zc
../_DEVELOPMENT/error/z80/error_einval_znc
../_DEVELOPMENT/error/z80/error_emfile_zc
../_DEVELOPMENT/error/z80/error_enfile_mc
../_DEVELOPMENT/error/z80/error_enolck_mc
../_DEVELOPMENT/error/z80/error_enolck_zc
../_DEVELOPMENT/error/z80/error_enomem_mc
../_DEVELOPMENT/error/z80/error_enomem_zc
../_DEVELOPMENT/error/z80/error_enotsup_mc
../_DEVELOPMENT/error/z80/error_enotsup_zc
../_DEVELOPMENT/error/z80/error_eoverflow_mc
../_DEVELOPMENT/error/z80/error_eoverflow_zc
../_DEVELOPMENT/error/z80/error_erange_lmc
../_DEVELOPMENT/error/z80/error_erange_mc
../_DEVELOPMENT/error/z80/error_erange_zc
../_DEVELOPMENT/error/z80/error_estat_zc
../_DEVELOPMENT/error/z80/error_ewouldblock_zc
../_DEVELOPMENT/error/z80/error_lmc
../_DEVELOPMENT/error/z80/error_lmnc
../_DEVELOPMENT/error/z80/error_lzc
../_DEVELOPMENT/error/z80/error_lznc
../_DEVELOPMENT/error/z80/error_mc
../_DEVELOPMENT/error/z80/error_mnc
../_DEVELOPMENT/error/z80/error_mulu_overflow_mc
../_DEVELOPMENT/error/z80/error_oc
../_DEVELOPMENT/error/z80/error_onc
../_DEVELOPMENT/error/z80/error_zc
../_DEVELOPMENT/error/z80/error_znc
../_DEVELOPMENT/z80/z80/asm_z80_delay_ms
../_DEVELOPMENT/z80/z80/asm_z80_delay_tstate.asm
