../_DEVELOPMENT/error/z80/_errno
../_DEVELOPMENT/error/z80/errno_mc
../_DEVELOPMENT/error/z80/errno_zc
../_DEVELOPMENT/error/z80/errno_znc
../_DEVELOPMENT/error/z80/error_bc_zc
../_DEVELOPMENT/error/z80/error_divide_by_zero_mc
../_DEVELOPMENT/error/z80/error_divide_by_zero_zc
../_DEVELOPMENT/error/z80/error_eacces_mc
../_DEVELOPMENT/error/z80/error_ebadf_mc
../_DEVELOPMENT/error/z80/error_ebadf_zc
../_DEVELOPMENT/error/z80/error_ebdfd_mc
../_DEVELOPMENT/error/z80/error_ebdfd_zc
../_DEVELOPMENT/error/z80/error_edom_mc
../_DEVELOPMENT/error/z80/error_edom_zc
../_DEVELOPMENT/error/z80/error_efbig_mc
../_DEVELOPMENT/error/z80/error_efbig_zc
../_DEVELOPMENT/error/z80/error_einval_mc
../_DEVELOPMENT/error/z80/error_einval_zc
../_DEVELOPMENT/error/z80/error_einval_znc
../_DEVELOPMENT/error/z80/error_emfile_zc
../_DEVELOPMENT/error/z80/error_enfile_mc
../_DEVELOPMENT/error/z80/error_enolck_mc
../_DEVELOPMENT/error/z80/error_enolck_zc
../_DEVELOPMENT/error/z80/error_enomem_mc
../_DEVELOPMENT/error/z80/error_enomem_zc
../_DEVELOPMENT/error/z80/error_enotsup_mc
../_DEVELOPMENT/error/z80/error_enotsup_zc
../_DEVELOPMENT/error/z80/error_eoverflow_mc
../_DEVELOPMENT/error/z80/error_eoverflow_zc
../_DEVELOPMENT/error/z80/error_erange_llmc
../_DEVELOPMENT/error/z80/error_erange_lmc
../_DEVELOPMENT/error/z80/error_erange_mc
../_DEVELOPMENT/error/z80/error_erange_zc
../_DEVELOPMENT/error/z80/error_estat_zc
../_DEVELOPMENT/error/z80/error_ewouldblock_zc
../_DEVELOPMENT/error/z80/error_llmc
../_DEVELOPMENT/error/z80/error_llmnc
../_DEVELOPMENT/error/z80/error_llzc
../_DEVELOPMENT/error/z80/error_llznc
../_DEVELOPMENT/error/z80/error_lmc
../_DEVELOPMENT/error/z80/error_lmnc
../_DEVELOPMENT/error/z80/error_lzc
../_DEVELOPMENT/error/z80/error_lznc
../_DEVELOPMENT/error/z80/error_mc
../_DEVELOPMENT/error/z80/error_mnc
../_DEVELOPMENT/error/z80/error_mulu_overflow_mc
../_DEVELOPMENT/error/z80/error_oc
../_DEVELOPMENT/error/z80/error_onc
../_DEVELOPMENT/error/z80/error_zc
../_DEVELOPMENT/error/z80/error_znc
../_DEVELOPMENT/math/integer/fast/l_fast_divs_8_8x8
../_DEVELOPMENT/math/integer/fast/l_fast_divs_16_16x16
../_DEVELOPMENT/math/integer/fast/l_fast_divs_32_32x32
../_DEVELOPMENT/math/integer/fast/l_fast_divs_64_64x64
../_DEVELOPMENT/math/integer/fast/l_fast_divu_8_8x8
../_DEVELOPMENT/math/integer/fast/l_fast_divu_16_16x8
../_DEVELOPMENT/math/integer/fast/l_fast_divu_16_16x16
../_DEVELOPMENT/math/integer/fast/l_fast_divu_24_24x8
../_DEVELOPMENT/math/integer/fast/l_fast_divu_24_24x16
../_DEVELOPMENT/math/integer/fast/l_fast_divu_24_24x24
../_DEVELOPMENT/math/integer/fast/l_fast_divu_32_32x8
../_DEVELOPMENT/math/integer/fast/l_fast_divu_32_32x16
../_DEVELOPMENT/math/integer/fast/l_fast_divu_32_32x24
../_DEVELOPMENT/math/integer/fast/l_fast_divu_32_32x32
../_DEVELOPMENT/math/integer/fast/l_fast_divu_64_64x8
../_DEVELOPMENT/math/integer/fast/l_fast_divu_64_64x64
../_DEVELOPMENT/math/integer/fast/l_fast_muls_8_8x8
../_DEVELOPMENT/math/integer/fast/l_fast_muls_16_16x16
../_DEVELOPMENT/math/integer/fast/l_fast_muls_32_32x32
../_DEVELOPMENT/math/integer/fast/l_fast_mulu_8_8x8
../_DEVELOPMENT/math/integer/fast/l_fast_mulu_16_8x8
../_DEVELOPMENT/math/integer/fast/l_fast_mulu_16_16x16
../_DEVELOPMENT/math/integer/fast/l_fast_mulu_24_16x8
../_DEVELOPMENT/math/integer/fast/l_fast_mulu_32_16x16
../_DEVELOPMENT/math/integer/fast/l_fast_mulu_32_24x8
../_DEVELOPMENT/math/integer/fast/l_fast_mulu_32_24x16
../_DEVELOPMENT/math/integer/fast/l_fast_mulu_32_32x32
../_DEVELOPMENT/math/integer/fast/l_fast_mulu_40_32x8
../_DEVELOPMENT/math/integer/fast/l_fast_mulu_64_32x32
../_DEVELOPMENT/math/integer/fast/l_fast_mulu_64_64x64
../_DEVELOPMENT/math/integer/fast/l_fast_mulu_72_64x8
../_DEVELOPMENT/math/integer/fast/l_fast_mulu_de
../_DEVELOPMENT/math/integer/small/l_small_divs_16_16x16
../_DEVELOPMENT/math/integer/small/l_small_divs_32_32x32
../_DEVELOPMENT/math/integer/small/l_small_divs_64_64x64
../_DEVELOPMENT/math/integer/small/l_small_divu_16_16x16
../_DEVELOPMENT/math/integer/small/l_small_divu_32_32x32
../_DEVELOPMENT/math/integer/small/l_small_divu_64_64x8
../_DEVELOPMENT/math/integer/small/l_small_divu_64_64x64
../_DEVELOPMENT/math/integer/small/l_small_mul_16_16x16
../_DEVELOPMENT/math/integer/small/l_small_mul_32_16x16
../_DEVELOPMENT/math/integer/small/l_small_mul_32_32x32
../_DEVELOPMENT/math/integer/small/l_small_mul_40_32x8
../_DEVELOPMENT/math/integer/small/l_small_mul_64_32x32
../_DEVELOPMENT/math/integer/small/l_small_mul_64_64x64
../_DEVELOPMENT/math/integer/small/l_small_mul_72_64x8
../_DEVELOPMENT/math/integer/small/l_small_muls_16_16x16
../_DEVELOPMENT/math/integer/small/l_small_muls_32_32x32
../_DEVELOPMENT/math/integer/small/l_small_mulu_de
../_DEVELOPMENT/math/integer/l_divs_16_16x16
../_DEVELOPMENT/math/integer/l_divs_32_32x32
../_DEVELOPMENT/math/integer/l_divs_64_64x64
../_DEVELOPMENT/math/integer/l_divu_16_16x8
../_DEVELOPMENT/math/integer/l_divu_16_16x16
../_DEVELOPMENT/math/integer/l_divu_32_32x8
../_DEVELOPMENT/math/integer/l_divu_32_32x16
../_DEVELOPMENT/math/integer/l_divu_32_32x32
../_DEVELOPMENT/math/integer/l_divu_64_64x8
../_DEVELOPMENT/math/integer/l_divu_64_64x64
../_DEVELOPMENT/math/integer/l_muls_16_16x16
../_DEVELOPMENT/math/integer/l_muls_32_32x32
../_DEVELOPMENT/math/integer/l_muls_64_64x64
../_DEVELOPMENT/math/integer/l_mulu_16_8x8
../_DEVELOPMENT/math/integer/l_mulu_16_16x8
../_DEVELOPMENT/math/integer/l_mulu_16_16x16
../_DEVELOPMENT/math/integer/l_mulu_24_16x8
../_DEVELOPMENT/math/integer/l_mulu_32_16x16
../_DEVELOPMENT/math/integer/l_mulu_32_32x32
../_DEVELOPMENT/math/integer/l_mulu_40_32x8
../_DEVELOPMENT/math/integer/l_mulu_64_32x32
../_DEVELOPMENT/math/integer/l_mulu_64_64x64
../_DEVELOPMENT/math/integer/l_mulu_72_64x8
../_DEVELOPMENT/math/integer/l_mulu_de
../_DEVELOPMENT/math/float/math32/z80/f32_z80_mulu_32h_24x24
../_DEVELOPMENT/math/float/math32/z80/f32_z80_mulu_32h_32x32
../_DEVELOPMENT/math/float/math32/z80/f32_z80_sqr_32h_24x24
../_DEVELOPMENT/z80/z80/asm_z80_delay_ms
../_DEVELOPMENT/z80/z80/asm_z80_delay_tstate

../_DEVELOPMENT/l/clang/__setflag
../_DEVELOPMENT/l/clang/__lneg
../_DEVELOPMENT/l/clang/__ldivs
../_DEVELOPMENT/l/clang/__ldivu
../_DEVELOPMENT/l/clang/__lor
../_DEVELOPMENT/l/clang/__sand
../_DEVELOPMENT/l/clang/__smulu
../_DEVELOPMENT/l/clang/__sshru
../_DEVELOPMENT/l/clang/__sshl
../_DEVELOPMENT/l/clang/__sor
../_DEVELOPMENT/l/clang/__sshrs
../_DEVELOPMENT/l/clang/__sxor
../_DEVELOPMENT/l/clang/__srems
../_DEVELOPMENT/l/clang/__sdivs
../_DEVELOPMENT/l/clang/__lmulu
../_DEVELOPMENT/l/clang/__lshru
../_DEVELOPMENT/l/clang/__sremu
../_DEVELOPMENT/l/clang/__sdivu
../_DEVELOPMENT/l/clang/__lnot
../_DEVELOPMENT/l/clang/__lshrs
../_DEVELOPMENT/l/clang/__lcmpu
../_DEVELOPMENT/l/clang/__ladd
../_DEVELOPMENT/l/clang/__snot
../_DEVELOPMENT/l/clang/__lsub
../_DEVELOPMENT/l/clang/__lcmpzero
../_DEVELOPMENT/l/clang/__lcmpu
../_DEVELOPMENT/l/clang/__sneg
../_DEVELOPMENT/l/clang/__lshl
../_DEVELOPMENT/l/clang/__bmulu
../_DEVELOPMENT/l/clang/__bshru
../_DEVELOPMENT/l/clang/__land
../_DEVELOPMENT/l/clang/__bshl
../_DEVELOPMENT/l/clang/__lxor
../_DEVELOPMENT/l/clang/__bshrs
../_DEVELOPMENT/l/clang/__indcall
../_DEVELOPMENT/l/clang/__indcallhl
