../_DEVELOPMENT/l/sdcc/____sdcc_2_copy_src_mhl_dst_bcix
../_DEVELOPMENT/l/sdcc/____sdcc_2_copy_src_mhl_dst_deix
../_DEVELOPMENT/l/sdcc/____sdcc_4_copy_src_mhl_dst_bcix
../_DEVELOPMENT/l/sdcc/____sdcc_4_copy_src_mhl_dst_deix
../_DEVELOPMENT/l/sdcc/____sdcc_4_copy_src_mhl_dst_mbc
../_DEVELOPMENT/l/sdcc/____sdcc_4_ldi_nosave_bc
../_DEVELOPMENT/l/sdcc/____sdcc_4_ldi_save_bc
../_DEVELOPMENT/l/sdcc/____sdcc_4_push_hlix
../_DEVELOPMENT/l/sdcc/____sdcc_4_push_mhl
../_DEVELOPMENT/l/sdcc/____sdcc_lib_setmem_hl
../_DEVELOPMENT/l/sdcc/____sdcc_ll_add_de_bc_hl
../_DEVELOPMENT/l/sdcc/____sdcc_ll_add_de_bc_hlix
../_DEVELOPMENT/l/sdcc/____sdcc_ll_add_de_hlix_bc
../_DEVELOPMENT/l/sdcc/____sdcc_ll_add_de_hlix_bcix
../_DEVELOPMENT/l/sdcc/____sdcc_ll_add_deix_bc_hl
../_DEVELOPMENT/l/sdcc/____sdcc_ll_add_deix_hlix
../_DEVELOPMENT/l/sdcc/____sdcc_ll_add_hlix_bc_deix
../_DEVELOPMENT/l/sdcc/____sdcc_ll_add_hlix_deix_bc
../_DEVELOPMENT/l/sdcc/____sdcc_ll_add_hlix_deix_bcix
../_DEVELOPMENT/l/sdcc/____sdcc_ll_asr_hlix_a
../_DEVELOPMENT/l/sdcc/____sdcc_ll_asr_mbc_a
../_DEVELOPMENT/l/sdcc/____sdcc_ll_copy_src_de_dst_hlix
../_DEVELOPMENT/l/sdcc/____sdcc_ll_copy_src_de_dst_hlsp
../_DEVELOPMENT/l/sdcc/____sdcc_ll_copy_src_deix_dst_hl
../_DEVELOPMENT/l/sdcc/____sdcc_ll_copy_src_deix_dst_hlix
../_DEVELOPMENT/l/sdcc/____sdcc_ll_copy_src_deixm_dst_hlsp
../_DEVELOPMENT/l/sdcc/____sdcc_ll_copy_src_desp_dst_hlsp
../_DEVELOPMENT/l/sdcc/____sdcc_ll_copy_src_hl_dst_de
../_DEVELOPMENT/l/sdcc/____sdcc_ll_copy_src_hlsp_dst_de
../_DEVELOPMENT/l/sdcc/____sdcc_ll_copy_src_hlsp_dst_deixm
../_DEVELOPMENT/l/sdcc/____sdcc_ll_lsl_hlix_a
../_DEVELOPMENT/l/sdcc/____sdcc_ll_lsl_mbc_a
../_DEVELOPMENT/l/sdcc/____sdcc_ll_lsr_hlix_a
../_DEVELOPMENT/l/sdcc/____sdcc_ll_lsr_mbc_a
../_DEVELOPMENT/l/sdcc/____sdcc_ll_push_hlix
../_DEVELOPMENT/l/sdcc/____sdcc_ll_push_mhl
../_DEVELOPMENT/l/sdcc/____sdcc_ll_sub_de_bc_hl
../_DEVELOPMENT/l/sdcc/____sdcc_ll_sub_de_bc_hlix
../_DEVELOPMENT/l/sdcc/____sdcc_ll_sub_de_hlix_bc
../_DEVELOPMENT/l/sdcc/____sdcc_ll_sub_de_hlix_bcix
../_DEVELOPMENT/l/sdcc/____sdcc_ll_sub_deix_bc_hl
../_DEVELOPMENT/l/sdcc/____sdcc_ll_sub_deix_hlix
../_DEVELOPMENT/l/sdcc/____sdcc_ll_sub_hlix_bc_deix
../_DEVELOPMENT/l/sdcc/____sdcc_ll_sub_hlix_deix_bc
../_DEVELOPMENT/l/sdcc/____sdcc_ll_sub_hlix_deix_bcix
../_DEVELOPMENT/l/sdcc/____sdcc_load_debc_deix
../_DEVELOPMENT/l/sdcc/____sdcc_load_dehl_deix
../_DEVELOPMENT/l/sdcc/____sdcc_load_debc_mhl
../_DEVELOPMENT/l/sdcc/____sdcc_load_hlde_mhl
../_DEVELOPMENT/l/sdcc/____sdcc_store_debc_hlix
../_DEVELOPMENT/l/sdcc/____sdcc_store_debc_mhl
../_DEVELOPMENT/l/sdcc/____sdcc_store_dehl_bcix
../_DEVELOPMENT/l/sdcc/____sdcc_z80_pop_ei
../_DEVELOPMENT/l/sdcc/____sdcc_z80_pop_ei_jp
../_DEVELOPMENT/l/sdcc/____sdcc_z80_push_di
../_DEVELOPMENT/l/sdcc/___sdcc_call_hl
../_DEVELOPMENT/l/sdcc/___sdcc_call_iy
../_DEVELOPMENT/l/sdcc/___sdcc_enter_ix
../_DEVELOPMENT/l/sdcc/__divschar
../_DEVELOPMENT/l/sdcc/__divschar_callee
../_DEVELOPMENT/l/sdcc/__divsint
../_DEVELOPMENT/l/sdcc/__divsint_callee
../_DEVELOPMENT/l/sdcc/__divslong
../_DEVELOPMENT/l/sdcc/__divslong_callee
../_DEVELOPMENT/l/sdcc/__divslonglong
../_DEVELOPMENT/l/sdcc/__divslonglong_callee
../_DEVELOPMENT/l/sdcc/__divsuchar
../_DEVELOPMENT/l/sdcc/__divsuchar_callee
../_DEVELOPMENT/l/sdcc/__divuchar
../_DEVELOPMENT/l/sdcc/__divuchar_callee
../_DEVELOPMENT/l/sdcc/__divuint
../_DEVELOPMENT/l/sdcc/__divuint_callee
../_DEVELOPMENT/l/sdcc/__divulong
../_DEVELOPMENT/l/sdcc/__divulong_callee
../_DEVELOPMENT/l/sdcc/__divulonglong
../_DEVELOPMENT/l/sdcc/__divulonglong_callee
../_DEVELOPMENT/l/sdcc/__divuschar
../_DEVELOPMENT/l/sdcc/__divuschar_callee
../_DEVELOPMENT/l/sdcc/__modschar
../_DEVELOPMENT/l/sdcc/__modschar_callee
../_DEVELOPMENT/l/sdcc/__modsint
../_DEVELOPMENT/l/sdcc/__modsint_callee
../_DEVELOPMENT/l/sdcc/__modslong
../_DEVELOPMENT/l/sdcc/__modslong_callee
../_DEVELOPMENT/l/sdcc/__modslonglong
../_DEVELOPMENT/l/sdcc/__modslonglong_callee
../_DEVELOPMENT/l/sdcc/__modsuchar
../_DEVELOPMENT/l/sdcc/__modsuchar_callee
../_DEVELOPMENT/l/sdcc/__moduchar
../_DEVELOPMENT/l/sdcc/__moduchar_callee
../_DEVELOPMENT/l/sdcc/__moduint
../_DEVELOPMENT/l/sdcc/__moduint_callee
../_DEVELOPMENT/l/sdcc/__modulong
../_DEVELOPMENT/l/sdcc/__modulong_callee
../_DEVELOPMENT/l/sdcc/__modulonglong
../_DEVELOPMENT/l/sdcc/__modulonglong_callee
../_DEVELOPMENT/l/sdcc/__moduschar
../_DEVELOPMENT/l/sdcc/__moduschar_callee
../_DEVELOPMENT/l/sdcc/__mulint
../_DEVELOPMENT/l/sdcc/__mulint_callee
../_DEVELOPMENT/l/sdcc/__mullong
../_DEVELOPMENT/l/sdcc/__mullong_callee
../_DEVELOPMENT/l/sdcc/__mullonglong
../_DEVELOPMENT/l/sdcc/__mullonglong_callee
../_DEVELOPMENT/l/sdcc/__mulschar
../_DEVELOPMENT/l/sdcc/__mulschar_callee
../_DEVELOPMENT/l/sdcc/__mulsuchar
../_DEVELOPMENT/l/sdcc/__mulsuchar_callee
../_DEVELOPMENT/l/sdcc/__muluschar
../_DEVELOPMENT/l/sdcc/__muluschar_callee
../_DEVELOPMENT/l/sdcc/__rlslonglong
../_DEVELOPMENT/l/sdcc/__rlslonglong_callee
../_DEVELOPMENT/l/sdcc/__rlulonglong
../_DEVELOPMENT/l/sdcc/__rlulonglong_callee
../_DEVELOPMENT/l/sdcc/__rrslonglong
../_DEVELOPMENT/l/sdcc/__rrslonglong_callee
../_DEVELOPMENT/l/sdcc/__rrulonglong
../_DEVELOPMENT/l/sdcc/__rrulonglong_callee
../_DEVELOPMENT/l/sdcc/__sdcc_exit_div_64
../_DEVELOPMENT/l/sdcc/__sdcc_exit_div_64_callee
../_DEVELOPMENT/l/sdcc/__sdcc_exit_mod_64
../_DEVELOPMENT/l/sdcc/__sdcc_exit_mod_64_callee
../_DEVELOPMENT/math/integer/l_divs_16_16x16.asm
../_DEVELOPMENT/math/integer/l_divs_32_32x32.asm
../_DEVELOPMENT/math/integer/l_divs_64_64x64
../_DEVELOPMENT/math/integer/small/l_small_divs_64_64x64
../_DEVELOPMENT/math/integer/l_divu_16_16x16.asm
../_DEVELOPMENT/math/integer/l_divu_16_16x8.asm
../_DEVELOPMENT/math/integer/l_divu_32_32x16.asm
../_DEVELOPMENT/math/integer/l_divu_32_32x32.asm
../_DEVELOPMENT/math/integer/l_divu_32_32x8.asm
../_DEVELOPMENT/math/integer/l_mulu_16_16x16.asm
../_DEVELOPMENT/math/integer/l_mulu_16_16x8.asm
../_DEVELOPMENT/math/integer/l_mulu_16_8x8.asm
../_DEVELOPMENT/math/integer/l_mulu_24_16x8.asm
../_DEVELOPMENT/math/integer/l_mulu_32_16x16.asm
../_DEVELOPMENT/math/integer/l_mulu_32_32x32.asm
../_DEVELOPMENT/math/integer/l_mulu_40_32x8.asm
../_DEVELOPMENT/math/integer/l_mulu_64_32x32
../_DEVELOPMENT/math/integer/l_mulu_64_64x64
../_DEVELOPMENT/math/integer/l_mulu_72_64x8
../_DEVELOPMENT/math/integer/small/l_small_divs_16_16x16.asm
../_DEVELOPMENT/math/integer/small/l_small_divs_32_32x32.asm
../_DEVELOPMENT/math/integer/small/l_small_divu_16_16x16.asm
../_DEVELOPMENT/math/integer/small/l_small_divu_32_32x32.asm
../_DEVELOPMENT/math/integer/small/l_small_divu_64_64x8
../_DEVELOPMENT/math/integer/small/l_small_divu_64_64x64
../_DEVELOPMENT/math/integer/small/l_small_mul_16_16x16.asm
../_DEVELOPMENT/math/integer/small/l_small_mul_32_32x32.asm
../_DEVELOPMENT/math/integer/small/l_small_mul_40_32x8.asm
../_DEVELOPMENT/math/integer/small/l_small_mul_64_32x32.asm
../_DEVELOPMENT/math/integer/small/l_small_mul_64_64x64
../_DEVELOPMENT/math/integer/small/l_small_mul_72_64x8
../_DEVELOPMENT/math/integer/l_divu_64_64x8
../_DEVELOPMENT/error/z80/_errno.asm
../_DEVELOPMENT/error/z80/errno_mc.asm
../_DEVELOPMENT/error/z80/errno_zc.asm
../_DEVELOPMENT/error/z80/errno_znc.asm
../_DEVELOPMENT/error/z80/error_bc_zc.asm
../_DEVELOPMENT/error/z80/error_divide_by_zero_mc.asm
../_DEVELOPMENT/error/z80/error_divide_by_zero_zc.asm
../_DEVELOPMENT/error/z80/error_eacces_mc.asm
../_DEVELOPMENT/error/z80/error_ebadf_mc.asm
../_DEVELOPMENT/error/z80/error_ebadf_zc.asm
../_DEVELOPMENT/error/z80/error_ebdfd_mc.asm
../_DEVELOPMENT/error/z80/error_ebdfd_zc.asm
../_DEVELOPMENT/error/z80/error_edom_mc.asm
../_DEVELOPMENT/error/z80/error_edom_zc.asm
../_DEVELOPMENT/error/z80/error_efbig_mc.asm
../_DEVELOPMENT/error/z80/error_efbig_zc.asm
../_DEVELOPMENT/error/z80/error_einval_mc.asm
../_DEVELOPMENT/error/z80/error_einval_zc.asm
../_DEVELOPMENT/error/z80/error_einval_znc.asm
../_DEVELOPMENT/error/z80/error_emfile_zc.asm
../_DEVELOPMENT/error/z80/error_enfile_mc.asm
../_DEVELOPMENT/error/z80/error_enolck_mc.asm
../_DEVELOPMENT/error/z80/error_enolck_zc.asm
../_DEVELOPMENT/error/z80/error_enomem_mc.asm
../_DEVELOPMENT/error/z80/error_enomem_zc.asm
../_DEVELOPMENT/error/z80/error_enotsup_mc.asm
../_DEVELOPMENT/error/z80/error_enotsup_zc.asm
../_DEVELOPMENT/error/z80/error_eoverflow_mc.asm
../_DEVELOPMENT/error/z80/error_eoverflow_zc.asm
../_DEVELOPMENT/error/z80/error_erange_lmc.asm
../_DEVELOPMENT/error/z80/error_erange_mc.asm
../_DEVELOPMENT/error/z80/error_erange_zc.asm
../_DEVELOPMENT/error/z80/error_estat_zc.asm
../_DEVELOPMENT/error/z80/error_ewouldblock_zc.asm
../_DEVELOPMENT/error/z80/error_lmc.asm
../_DEVELOPMENT/error/z80/error_llmc.asm
../_DEVELOPMENT/error/z80/error_lzc.asm
../_DEVELOPMENT/error/z80/error_lznc.asm
../_DEVELOPMENT/error/z80/error_mc.asm
../_DEVELOPMENT/error/z80/error_mnc.asm
../_DEVELOPMENT/error/z80/error_mulu_overflow_mc.asm
../_DEVELOPMENT/error/z80/error_oc.asm
../_DEVELOPMENT/error/z80/error_onc.asm
../_DEVELOPMENT/error/z80/error_zc.asm
../_DEVELOPMENT/error/z80/error_znc.asm
../_DEVELOPMENT/l/z80/integer/l_addu_hl_bc.asm
../_DEVELOPMENT/l/z80/integer/l_addu_hl_de.asm
../_DEVELOPMENT/l/z80/integer/l_asr_hl.asm
../_DEVELOPMENT/l/z80/integer/l_divu_hl.asm
../_DEVELOPMENT/l/z80/integer/l_incu_bc.asm
../_DEVELOPMENT/l/z80/integer/l_incu_de.asm
../_DEVELOPMENT/l/z80/integer/l_incu_hl.asm
../_DEVELOPMENT/l/z80/integer/l_lsl_hl.asm
../_DEVELOPMENT/l/z80/integer/l_lsr_hl.asm
../_DEVELOPMENT/l/z80/integer/l_ltu_bc_de.asm
../_DEVELOPMENT/l/z80/integer/l_ltu_bc_hl.asm
../_DEVELOPMENT/l/z80/integer/l_ltu_de_hl.asm
../_DEVELOPMENT/l/z80/integer/l_ltu_hl_bc.asm
../_DEVELOPMENT/l/z80/integer/l_ltu_hl_de.asm
../_DEVELOPMENT/l/z80/integer/l_maxu_bc_hl.asm
../_DEVELOPMENT/l/z80/integer/l_minu_bc_hl.asm
../_DEVELOPMENT/l/z80/integer/l_minu_de_hl.asm
../_DEVELOPMENT/l/z80/integer/l_neg_bc.asm
../_DEVELOPMENT/l/z80/integer/l_neg_de.asm
../_DEVELOPMENT/l/z80/integer/l_neg_hl.asm
../_DEVELOPMENT/l/z80/integer/l_power_2_bc.asm
../_DEVELOPMENT/l/z80/integer/l_power_2_c.asm
../_DEVELOPMENT/l/z80/integer/l_utod_de.asm
../_DEVELOPMENT/l/z80/integer/l_utod_hl.asm
../_DEVELOPMENT/l/z80/integer/small/l_small_asr_hl
../_DEVELOPMENT/l/z80/integer/small/l_small_lsl_hl
../_DEVELOPMENT/l/z80/integer/small/l_small_lsr_hl
../_DEVELOPMENT/l/z80/long/l_asr_dehl.asm
../_DEVELOPMENT/l/z80/long/l_dec_dehl.asm
../_DEVELOPMENT/l/z80/long/l_decs_dehl.asm
../_DEVELOPMENT/l/z80/long/l_decu_dehl.asm
../_DEVELOPMENT/l/z80/long/l_inc_dehl.asm
../_DEVELOPMENT/l/z80/long/l_long_add_exx.asm
../_DEVELOPMENT/l/z80/long/l_long_add_mhl_bc.asm
../_DEVELOPMENT/l/z80/long/l_long_add_stack.asm
../_DEVELOPMENT/l/z80/long/l_long_addu_exx.asm
../_DEVELOPMENT/l/z80/long/l_long_addu_stack.asm
../_DEVELOPMENT/l/z80/long/l_long_addus_exx.asm
../_DEVELOPMENT/l/z80/long/l_long_cmpu_mde_mhl.asm
../_DEVELOPMENT/l/z80/long/l_long_inc_mhl.asm
../_DEVELOPMENT/l/z80/long/l_long_load_mhl.asm
../_DEVELOPMENT/l/z80/long/l_long_sbc_mde_mhl.asm
../_DEVELOPMENT/l/z80/long/l_long_sbc_stack.asm
../_DEVELOPMENT/l/z80/long/l_long_sbcu_exx.asm
../_DEVELOPMENT/l/z80/long/l_long_store_mhl.asm
../_DEVELOPMENT/l/z80/long/l_lsl_dehl.asm
../_DEVELOPMENT/l/z80/long/l_lsr_dehl.asm
../_DEVELOPMENT/l/z80/long/l_minu_bc_dehl.asm
../_DEVELOPMENT/l/z80/long/l_neg_dehl.asm
../_DEVELOPMENT/l/z80/long/small/l_small_asr_dehl
../_DEVELOPMENT/l/z80/long/small/l_small_lsl_dehl
../_DEVELOPMENT/l/z80/long/small/l_small_lsr_dehl
../_DEVELOPMENT/l/z80/l_ret.asm
../_DEVELOPMENT/l/z80/longlong/l_add_64_dehldehl_a
../_DEVELOPMENT/l/z80/longlong/l_add_64_mde_mbc_mhl
../_DEVELOPMENT/l/z80/longlong/l_add_64_mde_mhl
../_DEVELOPMENT/l/z80/longlong/l_asr_dehldehl
../_DEVELOPMENT/l/z80/longlong/l_cpl_64_dehldehl
../_DEVELOPMENT/l/z80/longlong/l_cpl_64_mhl
../_DEVELOPMENT/l/z80/longlong/l_inc_64_dehldehl
../_DEVELOPMENT/l/z80/longlong/l_load_64_dehldehl_mbc
../_DEVELOPMENT/l/z80/longlong/l_lsl_dehldehl
../_DEVELOPMENT/l/z80/longlong/l_lsr_dehldehl
../_DEVELOPMENT/l/z80/longlong/l_neg_64_dehldehl
../_DEVELOPMENT/l/z80/longlong/l_neg_64_mhl
../_DEVELOPMENT/l/z80/longlong/l_store_64_dehldehl_mbc
../_DEVELOPMENT/l/z80/longlong/l_sub_64_mde_mbc_mhl
../_DEVELOPMENT/l/z80/longlong/l_sub_64_mde_mhl
../_DEVELOPMENT/l/z80/longlong/l_testzero_64_mhl
../_DEVELOPMENT/l/z80/longlong/l_testzero_64_dehldehl
../_DEVELOPMENT/l/z80/longlong/small/l_small_asr_dehldehl
../_DEVELOPMENT/l/z80/longlong/small/l_small_lsl_dehldehl
../_DEVELOPMENT/l/z80/longlong/small/l_small_lsr_dehldehl
../_DEVELOPMENT/l/z80/l_setmem_hl
../_DEVELOPMENT/l/z80/l_offset_ix_de
