classic/adt/heap/obj/${TYPE}/adt_HeapAdd
classic/adt/heap/obj/${TYPE}/adt_HeapAdd_callee
classic/adt/heap/obj/${TYPE}/adt_HeapExtract
classic/adt/heap/obj/${TYPE}/adt_HeapExtract_callee
classic/adt/heap/obj/${TYPE}/adt_Heapify
classic/adt/heap/obj/${TYPE}/adt_Heapify_callee
classic/adt/heap/obj/${TYPE}/ADThcompare
classic/adt/heap/obj/${TYPE}/ADTHeapAdd
classic/adt/heap/obj/${TYPE}/ADTHeapExtract
classic/adt/heap/obj/${TYPE}/ADTHeapify
classic/adt/heap/obj/${TYPE}/ADTHeapSiftDown
classic/adt/heap/obj/${TYPE}/ADTHeapSiftUp
classic/adt/linkedlist/obj/${TYPE}/adt_ListAdd
classic/adt/linkedlist/obj/${TYPE}/adt_ListAdd_callee
classic/adt/linkedlist/obj/${TYPE}/adt_ListAppend
classic/adt/linkedlist/obj/${TYPE}/adt_ListAppend_callee
classic/adt/linkedlist/obj/${TYPE}/adt_ListConcat
classic/adt/linkedlist/obj/${TYPE}/adt_ListConcat_callee
classic/adt/linkedlist/obj/${TYPE}/adt_ListCount
classic/adt/linkedlist/obj/${TYPE}/adt_ListCreate
classic/adt/linkedlist/obj/${TYPE}/adt_ListCreateS
classic/adt/linkedlist/obj/${TYPE}/adt_ListCurr
classic/adt/linkedlist/obj/${TYPE}/adt_ListDelete
classic/adt/linkedlist/obj/${TYPE}/adt_ListDelete_callee
classic/adt/linkedlist/obj/${TYPE}/adt_ListDeleteS
classic/adt/linkedlist/obj/${TYPE}/adt_ListDeleteS_callee
classic/adt/linkedlist/obj/${TYPE}/adt_ListFirst
classic/adt/linkedlist/obj/${TYPE}/adt_ListInsert
classic/adt/linkedlist/obj/${TYPE}/adt_ListInsert_callee
classic/adt/linkedlist/obj/${TYPE}/adt_ListLast
classic/adt/linkedlist/obj/${TYPE}/adt_ListNext
classic/adt/linkedlist/obj/${TYPE}/adt_ListPopFront
classic/adt/linkedlist/obj/${TYPE}/adt_ListPrepend
classic/adt/linkedlist/obj/${TYPE}/adt_ListPrepend_callee
classic/adt/linkedlist/obj/${TYPE}/adt_ListPrev
classic/adt/linkedlist/obj/${TYPE}/adt_ListRemove
classic/adt/linkedlist/obj/${TYPE}/adt_ListSearch
classic/adt/linkedlist/obj/${TYPE}/adt_ListSearch_callee
classic/adt/linkedlist/obj/${TYPE}/adt_ListSetCurr
classic/adt/linkedlist/obj/${TYPE}/adt_ListSetCurr_callee
classic/adt/linkedlist/obj/${TYPE}/adt_ListSetCurrAfter
classic/adt/linkedlist/obj/${TYPE}/adt_ListSetCurrBefore
classic/adt/linkedlist/obj/${TYPE}/adt_ListTrim
classic/adt/linkedlist/obj/${TYPE}/ADTemptylistadd
classic/adt/linkedlist/obj/${TYPE}/ADTListSearch
classic/adt/queue/obj/${TYPE}/adt_QueueBack
classic/adt/queue/obj/${TYPE}/adt_QueueCount
classic/adt/queue/obj/${TYPE}/adt_QueueCreate
classic/adt/queue/obj/${TYPE}/adt_QueueCreateS
classic/adt/queue/obj/${TYPE}/adt_QueueDelete
classic/adt/queue/obj/${TYPE}/adt_QueueDelete_callee
classic/adt/queue/obj/${TYPE}/adt_QueueDeleteS
classic/adt/queue/obj/${TYPE}/adt_QueueDeleteS_callee
classic/adt/queue/obj/${TYPE}/adt_QueueFront
classic/adt/queue/obj/${TYPE}/adt_QueuePopBack
classic/adt/queue/obj/${TYPE}/adt_QueuePopFront
classic/adt/queue/obj/${TYPE}/adt_QueuePushBack
classic/adt/queue/obj/${TYPE}/adt_QueuePushBack_callee
classic/adt/queue/obj/${TYPE}/adt_QueuePushFront
classic/adt/queue/obj/${TYPE}/adt_QueuePushFront_callee
classic/adt/stack/obj/${TYPE}/adt_StackCount
classic/adt/stack/obj/${TYPE}/adt_StackCreate
classic/adt/stack/obj/${TYPE}/adt_StackCreateS
classic/adt/stack/obj/${TYPE}/adt_StackDelete
classic/adt/stack/obj/${TYPE}/adt_StackDelete_callee
classic/adt/stack/obj/${TYPE}/adt_StackDeleteS
classic/adt/stack/obj/${TYPE}/adt_StackDeleteS_callee
classic/adt/stack/obj/${TYPE}/adt_StackPeek
classic/adt/stack/obj/${TYPE}/adt_StackPop
classic/adt/stack/obj/${TYPE}/adt_StackPush
classic/adt/stack/obj/${TYPE}/adt_StackPush_callee
