target/enterprise/obj/${TARGET}/x/target/enterprise/stdio/fgetc_cons.o
target/enterprise/obj/${TARGET}/x/target/enterprise/stdio/getk.o
target/enterprise/obj/${TARGET}/x/target/enterprise/stdio/fputc_cons.o
@classic/stdio/stdio.lst
target/enterprise/obj/${TARGET}/x/target/enterprise/time/clock.o
target/enterprise/obj/${TARGET}/x/target/enterprise/games/joystick.o
target/enterprise/obj/${TARGET}/x/target/enterprise/games/bit_open.o
target/enterprise/obj/${TARGET}/x/target/enterprise/games/bit_open_di.o
target/enterprise/obj/${TARGET}/x/target/enterprise/games/bit_close.o
target/enterprise/obj/${TARGET}/x/target/enterprise/games/bit_close_ei.o
@classic/games/games.lst
target/enterprise/obj/${TARGET}/target/enterprise/tape/tape_load_block.o
target/enterprise/obj/${TARGET}/target/enterprise/tape/tape_save_block.o
target/enterprise/obj/${TARGET}/target/enterprise/tape/tape_save.o
target/enterprise/obj/${TARGET}/x/target/enterprise/enterprise/exos_capture_channel.o
target/enterprise/obj/${TARGET}/x/target/enterprise/enterprise/exos_capture_channel_callee.o
target/enterprise/obj/${TARGET}/x/target/enterprise/enterprise/exos_channel_read_status.o
target/enterprise/obj/${TARGET}/x/target/enterprise/enterprise/exos_close_channel.o
target/enterprise/obj/${TARGET}/x/target/enterprise/enterprise/exos_create_channel.o
target/enterprise/obj/${TARGET}/x/target/enterprise/enterprise/exos_create_channel_callee.o
target/enterprise/obj/${TARGET}/x/target/enterprise/enterprise/exos_destroy_channel.o
target/enterprise/obj/${TARGET}/x/target/enterprise/enterprise/exos_display_page.o
target/enterprise/obj/${TARGET}/x/target/enterprise/enterprise/exos_open_channel.o
target/enterprise/obj/${TARGET}/x/target/enterprise/enterprise/exos_open_channel_callee.o
target/enterprise/obj/${TARGET}/x/target/enterprise/enterprise/exos_read_block.o
target/enterprise/obj/${TARGET}/x/target/enterprise/enterprise/exos_read_block_callee.o
target/enterprise/obj/${TARGET}/x/target/enterprise/enterprise/exos_read_character.o
target/enterprise/obj/${TARGET}/x/target/enterprise/enterprise/exos_redirect_channel.o
target/enterprise/obj/${TARGET}/x/target/enterprise/enterprise/exos_redirect_channel_callee.o
target/enterprise/obj/${TARGET}/x/target/enterprise/enterprise/exos_system_reset.o
target/enterprise/obj/${TARGET}/x/target/enterprise/enterprise/exos_system_status.o
target/enterprise/obj/${TARGET}/x/target/enterprise/enterprise/exos_write_block.o
target/enterprise/obj/${TARGET}/x/target/enterprise/enterprise/exos_write_block_callee.o
target/enterprise/obj/${TARGET}/x/target/enterprise/enterprise/exos_write_character.o
target/enterprise/obj/${TARGET}/x/target/enterprise/enterprise/exos_write_character_callee.o
target/enterprise/obj/${TARGET}/x/target/enterprise/enterprise/get_exos_variable.o
target/enterprise/obj/${TARGET}/x/target/enterprise/enterprise/set_exos_variable.o
target/enterprise/obj/${TARGET}/x/target/enterprise/enterprise/set_exos_variable_callee.o
target/enterprise/obj/${TARGET}/x/target/enterprise/enterprise/toggle_exos_variable.o
target/enterprise/obj/${TARGET}/target/enterprise/enterprise/exos_set_vmode.o
target/enterprise/obj/${TARGET}/x/target/enterprise/enterprise/exos_reset_font.o
target/enterprise/obj/${TARGET}/x/target/enterprise/enterprise/lpt_ready.o
