target/enterprise/obj/${TARGET}/graphics_hr/circle.o
target/enterprise/obj/${TARGET}/graphics_hr/uncircle.o
target/enterprise/obj/${TARGET}/graphics_hr/fill.o
target/enterprise/obj/${TARGET}/graphics_hr/clg.o
target/enterprise/obj/${TARGET}/graphics_hr/clga.o
classic/gfx/retrofit/obj/${TYPE}/clga_callee
target/enterprise/obj/${TARGET}/graphics_hr/draw.o
classic/gfx/retrofit/obj/${TYPE}/draw_callee
target/enterprise/obj/${TARGET}/graphics_hr/undraw.o
classic/gfx/retrofit/obj/${TYPE}/undraw_callee
target/enterprise/obj/${TARGET}/graphics_hr/xordraw.o
classic/gfx/retrofit/obj/${TYPE}/xordraw_callee
target/enterprise/obj/${TARGET}/graphics_hr/drawr.o
classic/gfx/retrofit/obj/${TYPE}/drawr_callee
target/enterprise/obj/${TARGET}/graphics_hr/undrawr.o
classic/gfx/retrofit/obj/${TYPE}/undrawr_callee
target/enterprise/obj/${TARGET}/graphics_hr/xordrawr.o
classic/gfx/retrofit/obj/${TYPE}/xordrawr_callee
target/enterprise/obj/${TARGET}/graphics_hr/drawto.o
classic/gfx/retrofit/obj/${TYPE}/drawto_callee
target/enterprise/obj/${TARGET}/graphics_hr/undrawto.o
classic/gfx/retrofit/obj/${TYPE}/undrawto_callee
target/enterprise/obj/${TARGET}/graphics_hr/xordrawto.o
classic/gfx/retrofit/obj/${TYPE}/xordrawto_callee
target/enterprise/obj/${TARGET}/graphics_hr/plot.o
classic/gfx/retrofit/obj/${TYPE}/plot_callee
target/enterprise/obj/${TARGET}/graphics_hr/unplot.o
classic/gfx/retrofit/obj/${TYPE}/unplot_callee
target/enterprise/obj/${TARGET}/graphics_hr/xorplot.o
classic/gfx/retrofit/obj/${TYPE}/xorplot_callee
target/enterprise/obj/${TARGET}/graphics_hr/setxy.o
target/enterprise/obj/${TARGET}/graphics_hr/move.o
classic/gfx/wide/obj/${TARGET}/w_putsprite4
classic/gfx/retrofit/obj/${TYPE}/w_plotpixl
classic/gfx/retrofit/obj/${TYPE}/w_respixl
classic/gfx/retrofit/obj/${TYPE}/w_setxy
@classic/gfx/wide/gfx_wide.lst
