target/enterprise/obj/${TARGET}/target/enterprise/graphics/circle.o
target/enterprise/obj/${TARGET}/target/enterprise/graphics/uncircle.o
target/enterprise/obj/${TARGET}/target/enterprise/graphics/fill.o
target/enterprise/obj/${TARGET}/target/enterprise/graphics/clg.o
target/enterprise/obj/${TARGET}/target/enterprise/graphics/clga.o
classic/gfx/retrofit/obj/${TYPE}/clga_callee
target/enterprise/obj/${TARGET}/target/enterprise/graphics/draw.o
classic/gfx/retrofit/obj/${TYPE}/draw_callee
target/enterprise/obj/${TARGET}/target/enterprise/graphics/undraw.o
classic/gfx/retrofit/obj/${TYPE}/undraw_callee
target/enterprise/obj/${TARGET}/target/enterprise/graphics/xordraw.o
classic/gfx/retrofit/obj/${TYPE}/xordraw_callee
target/enterprise/obj/${TARGET}/target/enterprise/graphics/drawr.o
classic/gfx/retrofit/obj/${TYPE}/drawr_callee
target/enterprise/obj/${TARGET}/target/enterprise/graphics/undrawr.o
classic/gfx/retrofit/obj/${TYPE}/undrawr_callee
target/enterprise/obj/${TARGET}/target/enterprise/graphics/xordrawr.o
classic/gfx/retrofit/obj/${TYPE}/xordrawr_callee
target/enterprise/obj/${TARGET}/target/enterprise/graphics/drawto.o
classic/gfx/retrofit/obj/${TYPE}/drawto_callee
target/enterprise/obj/${TARGET}/target/enterprise/graphics/undrawto.o
classic/gfx/retrofit/obj/${TYPE}/undrawto_callee
target/enterprise/obj/${TARGET}/target/enterprise/graphics/xordrawto.o
classic/gfx/retrofit/obj/${TYPE}/xordrawto_callee
target/enterprise/obj/${TARGET}/target/enterprise/graphics/plot.o
classic/gfx/retrofit/obj/${TYPE}/plot_callee
target/enterprise/obj/${TARGET}/target/enterprise/graphics/unplot.o
classic/gfx/retrofit/obj/${TYPE}/unplot_callee
target/enterprise/obj/${TARGET}/target/enterprise/graphics/xorplot.o
classic/gfx/retrofit/obj/${TYPE}/xorplot_callee
target/enterprise/obj/${TARGET}/target/enterprise/graphics/setxy.o
target/enterprise/obj/${TARGET}/target/enterprise/graphics/move.o
classic/gfx/wide/obj/${TARGET}/w_putsprite4
classic/gfx/retrofit/obj/${TYPE}/w_plotpixl
classic/gfx/retrofit/obj/${TYPE}/w_respixl
classic/gfx/retrofit/obj/${TYPE}/w_setxy
@classic/gfx/wide/gfx_wide.lst
