sound/bit/c/sdcc_ix/bit_beep
sound/bit/c/sdcc_ix/bit_beep_di
sound/bit/c/sdcc_ix/bit_beep_raw
sound/bit/c/sdcc_ix/bit_beep_raw_di
sound/bit/c/sdcc_ix/bit_click
sound/bit/c/sdcc_ix/bit_click_di
sound/bit/c/sdcc_ix/bit_fx
sound/bit/c/sdcc_ix/bit_fx_di
sound/bit/c/sdcc_ix/bit_play
sound/bit/c/sdcc_ix/bit_play_di
sound/bit/c/sdcc_ix/bit_synth
sound/bit/c/sdcc_ix/bit_synth_di
sound/bit/z80/asm_bit_close
sound/bit/z80/asm_bit_open
sound/bit/z80/asm_bit_fx/_bitfx_0
sound/bit/z80/asm_bit_fx/_bitfx_1
sound/bit/z80/asm_bit_fx/_bitfx_10
sound/bit/z80/asm_bit_fx/_bitfx_11
sound/bit/z80/asm_bit_fx/_bitfx_12
sound/bit/z80/asm_bit_fx/_bitfx_13
sound/bit/z80/asm_bit_fx/_bitfx_14
sound/bit/z80/asm_bit_fx/_bitfx_15
sound/bit/z80/asm_bit_fx/_bitfx_16
sound/bit/z80/asm_bit_fx/_bitfx_17
sound/bit/z80/asm_bit_fx/_bitfx_18
sound/bit/z80/asm_bit_fx/_bitfx_19
sound/bit/z80/asm_bit_fx/_bitfx_2
sound/bit/z80/asm_bit_fx/_bitfx_20
sound/bit/z80/asm_bit_fx/_bitfx_21
sound/bit/z80/asm_bit_fx/_bitfx_22
sound/bit/z80/asm_bit_fx/_bitfx_23
sound/bit/z80/asm_bit_fx/_bitfx_24
sound/bit/z80/asm_bit_fx/_bitfx_25
sound/bit/z80/asm_bit_fx/_bitfx_26
sound/bit/z80/asm_bit_fx/_bitfx_27
sound/bit/z80/asm_bit_fx/_bitfx_28
sound/bit/z80/asm_bit_fx/_bitfx_29
sound/bit/z80/asm_bit_fx/_bitfx_3
sound/bit/z80/asm_bit_fx/_bitfx_30
sound/bit/z80/asm_bit_fx/_bitfx_31
sound/bit/z80/asm_bit_fx/_bitfx_4
sound/bit/z80/asm_bit_fx/_bitfx_5
sound/bit/z80/asm_bit_fx/_bitfx_6
sound/bit/z80/asm_bit_fx/_bitfx_7
sound/bit/z80/asm_bit_fx/_bitfx_8
sound/bit/z80/asm_bit_fx/_bitfx_9
