sound/onebit/obj/${TARGET}/bit_click
sound/onebit/obj/${TARGET}/bit_play
sound/onebit/obj/${TARGET}/buzzer_play
sound/onebit/obj/${TARGET}/synth_play
sound/onebit/obj/${TARGET}/synth_phase
sound/onebit/obj/${TARGET}/psg_play
sound/onebit/obj/${TARGET}/bit_fx
sound/onebit/obj/${TARGET}/bit_fx2
sound/onebit/obj/${TARGET}/bit_fx3
sound/onebit/obj/${TARGET}/bit_fx4
sound/onebit/obj/${TARGET}/bit_fx5
sound/onebit/obj/${TARGET}/bit_fx6
sound/onebit/obj/${TARGET}/bit_fx7
sound/onebit/obj/${TARGET}/bit_synth
sound/onebit/obj/${TARGET}/bit_frequency
sound/onebit/obj/${TARGET}/beeper
sound/onebit/obj/${TARGET}/bit_beep
sound/onebit/obj/${TARGET}/bit_beep_callee
sound/onebit/obj/${TARGET}/patch_beeper
sound/onebit/obj/${TARGET}/patch_beep
sound/onebit/obj/${TARGET}/patch_beep_callee
sound/onebit/obj/${TARGET}/noise
sound/onebit/obj/${TARGET}/bit_noise
sound/onebit/obj/${TARGET}/bit_noise_callee
sound/onebit/obj/${TARGET}/playzb4_big
sound/onebit/obj/${TARGET}/__bit_irqstatus
sound/onebit/obj/${TARGET}/__snd_tick
sound/onebit/obj/${TARGET}/bit_open
sound/onebit/obj/${TARGET}/bit_open_di
sound/onebit/obj/${TARGET}/bit_close
sound/onebit/obj/${TARGET}/bit_close_ei
