../../../_DEVELOPMENT/arch/zx/esxdos/z80//__esxdos_error_mc.asm
../../../_DEVELOPMENT/arch/zx/esxdos/z80//__esxdos_error_zc.asm
../../../_DEVELOPMENT/arch/zx/esxdos/z80//asm_errno_from_esxdos.asm
../../../_DEVELOPMENT/arch/zx/esxdos/z80//asm_esxdos_disk_info.asm
../../../_DEVELOPMENT/arch/zx/esxdos/z80//asm_esxdos_disk_read.asm
../../../_DEVELOPMENT/arch/zx/esxdos/z80//asm_esxdos_disk_write.asm
../../../_DEVELOPMENT/arch/zx/esxdos/z80//asm_esxdos_f_chdir.asm
../../../_DEVELOPMENT/arch/zx/esxdos/z80//asm_esxdos_f_close.asm
../../../_DEVELOPMENT/arch/zx/esxdos/z80//asm_esxdos_f_fgetpos.asm
../../../_DEVELOPMENT/arch/zx/esxdos/z80//asm_esxdos_f_fstat.asm
../../../_DEVELOPMENT/arch/zx/esxdos/z80//asm_esxdos_f_getcwd.asm
../../../_DEVELOPMENT/arch/zx/esxdos/z80//asm_esxdos_f_open.asm
../../../_DEVELOPMENT/arch/zx/esxdos/z80//asm_esxdos_f_opendir.asm
../../../_DEVELOPMENT/arch/zx/esxdos/z80//asm_esxdos_f_read.asm
../../../_DEVELOPMENT/arch/zx/esxdos/z80//asm_esxdos_f_readdir.asm
../../../_DEVELOPMENT/arch/zx/esxdos/z80//asm_esxdos_f_seek.asm
../../../_DEVELOPMENT/arch/zx/esxdos/z80//asm_esxdos_f_sync.asm
../../../_DEVELOPMENT/arch/zx/esxdos/z80//asm_esxdos_f_unlink.asm
../../../_DEVELOPMENT/arch/zx/esxdos/z80//asm_esxdos_f_write.asm
../../../_DEVELOPMENT/arch/zx/esxdos/z80//asm_esxdos_m_getdate.asm
../../../_DEVELOPMENT/arch/zx/esxdos/z80//asm_esxdos_m_gethandle.asm
../../../_DEVELOPMENT/arch/zx/esxdos/z80//asm_esxdos_m_getsetdrv.asm
