target/oz/obj/${TARGET}/x/target/oz/stdio/fgetc_cons.o
target/oz/obj/${TARGET}/x/target/oz/stdio/getk.o
@classic/stdio/ansicore.lst
target/oz/obj/${TARGET}/x/target/oz/stdio/ansi/f_ansi_attr.o
target/oz/obj/${TARGET}/x/target/oz/stdio/ansi/f_ansi_bel.o
target/oz/obj/${TARGET}/x/target/oz/stdio/ansi/f_ansi_char.o
target/oz/obj/${TARGET}/x/target/oz/stdio/ansi/f_ansi_cls.o
classic/stdio/obj/${TYPE}/ansi/generic/f_ansi_dline
target/oz/obj/${TARGET}/x/target/oz/stdio/ansi/f_ansi_scrollup.o
@classic/stdio/stdio.lst
target/oz/obj/${TARGET}/x/target/oz/graphics/clg.o
target/oz/obj/${TARGET}/x/target/oz/graphics/putsprite.o
target/oz/obj/${TARGET}/x/target/oz/graphics/pixladdr.o
target/oz/obj/${TARGET}/x/target/oz/graphics/stencil_render.o
target/oz/obj/${TARGET}/x/target/oz/graphics/swapgfxbk.o
@classic/gfx/narrow/gfx_narrow.lst
@classic/games/games.lst

target/oz/obj/${TARGET}/x/target/oz/oz/restore_a000.o
target/oz/obj/${TARGET}/x/target/oz/oz/ozcopy.o
target/oz/obj/${TARGET}/x/target/oz/oz/ozdetectmodel.o
target/oz/obj/${TARGET}/x/target/oz/oz/ozinput/ozclick.o
target/oz/obj/${TARGET}/oz/ozinput/ozeditline.o
target/oz/obj/${TARGET}/x/target/oz/oz/ozinput/ozkbdon.o
target/oz/obj/${TARGET}/x/target/oz/oz/ozinput/ozkbdoff.o
target/oz/obj/${TARGET}/x/target/oz/oz/ozinput/ozkeyclear.o
target/oz/obj/${TARGET}/x/target/oz/oz/ozinput/ozkeyhit.o
target/oz/obj/${TARGET}/x/target/oz/oz/ozinput/ozkeyupper.o
target/oz/obj/${TARGET}/x/target/oz/oz/ozinput/ozkeylower.o
target/oz/obj/${TARGET}/x/target/oz/oz/ozinput/ozgetch.o
target/oz/obj/${TARGET}/x/target/oz/oz/ozinput/ozungetch.o
target/oz/obj/${TARGET}/x/target/oz/oz/ozinterrupt/ozintwait.o
target/oz/obj/${TARGET}/x/target/oz/oz/ozinterrupt/serial_int.o
target/oz/obj/${TARGET}/x/target/oz/oz/ozinterrupt/ozsetisr.o
target/oz/obj/${TARGET}/x/target/oz/oz/ozinterrupt/ozinstisr.o
target/oz/obj/${TARGET}/x/target/oz/oz/ozmisc/ozgetautorun.o
target/oz/obj/${TARGET}/x/target/oz/oz/ozmisc/ozportin.o
target/oz/obj/${TARGET}/x/target/oz/oz/ozmisc/ozportout.o
target/oz/obj/${TARGET}/x/target/oz/oz/ozmisc/ozdelay.o
target/oz/obj/${TARGET}/x/target/oz/oz/ozmisc/ozexitto.o
target/oz/obj/${TARGET}/x/target/oz/oz/ozmisc/ozinitsound.o
target/oz/obj/${TARGET}/x/target/oz/oz/ozmisc/ozsound.o
target/oz/obj/${TARGET}/x/target/oz/oz/ozmisc/ozquiet.o
target/oz/obj/${TARGET}/x/target/oz/oz/ozscreen/ozsetcontrast.o
target/oz/obj/${TARGET}/x/target/oz/oz/ozscreen/ozgetcontrast.o
target/oz/obj/${TARGET}/x/target/oz/oz/ozscreen/ozblankscreen.o
target/oz/obj/${TARGET}/x/target/oz/oz/ozscreen/ozunblankscreen.o
target/oz/obj/${TARGET}/x/target/oz/oz/ozscreen/ozfast.o
target/oz/obj/${TARGET}/x/target/oz/oz/ozscreen/ozsetlight.o
target/oz/obj/${TARGET}/x/target/oz/oz/ozscreen/oztogglelight.o
target/oz/obj/${TARGET}/x/target/oz/oz/ozscreen/ozsetlcdstate.o
target/oz/obj/${TARGET}/oz/oztime/oztime.o
target/oz/obj/${TARGET}/x/target/oz/oz/oztime/ozhour.o
target/oz/obj/${TARGET}/x/target/oz/oz/oztime/ozmin.o
target/oz/obj/${TARGET}/x/target/oz/oz/oztime/ozsec.o
target/oz/obj/${TARGET}/x/target/oz/oz/oztime/ozweekday.o
target/oz/obj/${TARGET}/x/target/oz/oz/oztime/ozday.o
target/oz/obj/${TARGET}/x/target/oz/oz/oztime/ozmonth.o
target/oz/obj/${TARGET}/x/target/oz/oz/oztime/ozyear.o
target/oz/obj/${TARGET}/x/target/oz/oz/oztime/oztimecompute.o
target/oz/obj/${TARGET}/x/target/oz/oz/ozgfx/ozdisplayputbyte.o
target/oz/obj/${TARGET}/x/target/oz/oz/ozgfx/ozdisplayorbyte.o
target/oz/obj/${TARGET}/x/target/oz/oz/ozgfx/ozdisplayandbyte.o
target/oz/obj/${TARGET}/x/target/oz/oz/ozgfx/ozsetfont.o
target/oz/obj/${TARGET}/x/target/oz/oz/ozgfx/ozgetfont.o
target/oz/obj/${TARGET}/x/target/oz/oz/ozgfx/ozputs.o
target/oz/obj/${TARGET}/x/target/oz/oz/ozgfx/ozfontpointers.o
target/oz/obj/${TARGET}/x/target/oz/oz/ozgfx/ozputch.o
target/oz/obj/${TARGET}/x/target/oz/oz/ozgfx/ozrestorescreen.o
target/oz/obj/${TARGET}/x/target/oz/oz/ozgfx/ozsavescreen.o
target/oz/obj/${TARGET}/x/target/oz/oz/ozgfx/ozscroll.o
target/oz/obj/${TARGET}/x/target/oz/oz/ozgfx/ozscrolldown.o
target/oz/obj/${TARGET}/x/target/oz/oz/ozgfx/ozscrollclear.o
target/oz/obj/${TARGET}/x/target/oz/oz/ozgfx/ozscrolllinesclear.o
target/oz/obj/${TARGET}/x/target/oz/oz/ozgfx/ozactivatedisplaypage.o
target/oz/obj/${TARGET}/x/target/oz/oz/ozgfx/ozdisplayactivepage.o
target/oz/obj/${TARGET}/x/target/oz/oz/ozgfx/ozgetactivepage.o
target/oz/obj/${TARGET}/x/target/oz/oz/ozgfx/ozgetdisplaypage.o
target/oz/obj/${TARGET}/x/target/oz/oz/ozgfx/ozsetactivepage.o
target/oz/obj/${TARGET}/x/target/oz/oz/ozgfx/ozsetdisplaypage.o
target/oz/obj/${TARGET}/x/target/oz/oz/ozgfx/ozswapactivedisplay.o
target/oz/obj/${TARGET}/x/target/oz/oz/ozgfx/ozputsprite.o
target/oz/obj/${TARGET}/x/target/oz/oz/ozserial/ozsnap.o
target/oz/obj/${TARGET}/x/target/oz/oz/ozserial/ozclearserialbuffer.o
target/oz/obj/${TARGET}/x/target/oz/oz/ozserial/ozgetrxhandshaking.o
target/oz/obj/${TARGET}/x/target/oz/oz/ozserial/ozsetrxhandshaking.o
target/oz/obj/${TARGET}/x/target/oz/oz/ozserial/ozserialgetc.o
target/oz/obj/${TARGET}/x/target/oz/oz/ozserial/ozserialin.o
target/oz/obj/${TARGET}/x/target/oz/oz/ozserial/ozserialout.o
target/oz/obj/${TARGET}/x/target/oz/oz/ozserial/ozserinton.o
target/oz/obj/${TARGET}/x/target/oz/oz/ozserial/ozserintoff.o
target/oz/obj/${TARGET}/x/target/oz/oz/ozserial/ozdatabits.o
target/oz/obj/${TARGET}/x/target/oz/oz/ozserial/ozstopbits.o
target/oz/obj/${TARGET}/x/target/oz/oz/ozserial/ozparity.o
target/oz/obj/${TARGET}/x/target/oz/oz/ozserial/ozsetbaud.o
target/oz/obj/${TARGET}/x/target/oz/oz/ozserial/ozgetbaud.o
target/oz/obj/${TARGET}/x/target/oz/oz/ozserial/ozsetlcr.o
target/oz/obj/${TARGET}/x/target/oz/oz/ozserial/ozgetlcr.o
target/oz/obj/${TARGET}/x/target/oz/oz/emu/ozgfx/__oz_gfxend.o
target/oz/obj/${TARGET}/x/target/oz/oz/emu/ozgfx/ozbox.o
target/oz/obj/${TARGET}/x/target/oz/oz/emu/ozgfx/ozfilledbox.o
target/oz/obj/${TARGET}/x/target/oz/oz/emu/ozgfx/ozcircle.o
target/oz/obj/${TARGET}/x/target/oz/oz/emu/ozgfx/ozline.o
target/oz/obj/${TARGET}/x/target/oz/oz/emu/ozgfx/ozhline.o
target/oz/obj/${TARGET}/x/target/oz/oz/emu/ozgfx/ozvline.o
target/oz/obj/${TARGET}/x/target/oz/oz/emu/ozgfx/ozplotpixel.o
target/oz/obj/${TARGET}/x/target/oz/oz/emu/ozgfx/ozpoint.o
target/oz/obj/${TARGET}/x/target/oz/oz/emu/ozgfx/ozpointcolor.o
target/oz/obj/${TARGET}/x/target/oz/oz/emu/ozgfx/ozgetpoint.o
