temp/sp1/zx/c/sdcc_ix/sp1_InsertCharStruct_callee
temp/sp1/zx/c/sdcc_ix/sp1_Invalidate
temp/sp1/zx/c/sdcc_ix/sp1_Invalidate_fastcall
temp/sp1/zx/c/sdcc_ix/sp1_InvUpdateStruct
temp/sp1/zx/c/sdcc_ix/sp1_InvUpdateStruct_fastcall
temp/sp1/zx/c/sdcc_ix/sp1_IterateSprChar
temp/sp1/zx/c/sdcc_ix/sp1_IterateSprChar_callee
temp/sp1/zx/c/sdcc_ix/sp1_IterateUpdateArr
temp/sp1/zx/c/sdcc_ix/sp1_IterateUpdateArr_callee
temp/sp1/zx/c/sdcc_ix/sp1_IterateUpdateRect
temp/sp1/zx/c/sdcc_ix/sp1_IterateUpdateRect_callee
temp/sp1/zx/c/sdcc_ix/sp1_IterateUpdateSpr
temp/sp1/zx/c/sdcc_ix/sp1_IterateUpdateSpr_callee
temp/sp1/zx/c/sdcc_ix/sp1_MoveSprAbs
temp/sp1/zx/c/sdcc_ix/sp1_MoveSprAbs_callee
temp/sp1/zx/c/sdcc_ix/sp1_MoveSprPix
temp/sp1/zx/c/sdcc_ix/sp1_MoveSprPix_callee
temp/sp1/zx/c/sdcc_ix/sp1_MoveSprRel
temp/sp1/zx/c/sdcc_ix/sp1_MoveSprRel_callee
temp/sp1/zx/c/sdcc_ix/sp1_PreShiftSpr
temp/sp1/zx/c/sdcc_ix/sp1_PreShiftSpr_callee
temp/sp1/zx/c/sdcc_ix/sp1_PrintAt
temp/sp1/zx/c/sdcc_ix/sp1_PrintAtInv
temp/sp1/zx/c/sdcc_ix/sp1_PrintAtInv_callee
temp/sp1/zx/c/sdcc_ix/sp1_PrintAt_callee
temp/sp1/zx/c/sdcc_ix/sp1_PrintString
temp/sp1/zx/c/sdcc_ix/sp1_PrintString_callee
temp/sp1/zx/c/sdcc_ix/sp1_PutSprClr
temp/sp1/zx/c/sdcc_ix/sp1_PutSprClr_callee
temp/sp1/zx/c/sdcc_ix/sp1_PutTiles
temp/sp1/zx/c/sdcc_ix/sp1_PutTilesInv
temp/sp1/zx/c/sdcc_ix/sp1_PutTilesInv_callee
temp/sp1/zx/c/sdcc_ix/sp1_PutTiles_callee
temp/sp1/zx/c/sdcc_ix/sp1_RemoveCharStruct
temp/sp1/zx/c/sdcc_ix/sp1_RemoveCharStruct_fastcall
temp/sp1/zx/c/sdcc_ix/sp1_RemoveUpdateStruct
temp/sp1/zx/c/sdcc_ix/sp1_RemoveUpdateStruct_fastcall
temp/sp1/zx/c/sdcc_ix/sp1_RestoreUpdateStruct
temp/sp1/zx/c/sdcc_ix/sp1_RestoreUpdateStruct_fastcall
temp/sp1/zx/c/sdcc_ix/sp1_ScreenAttr
temp/sp1/zx/c/sdcc_ix/sp1_ScreenAttr_callee
temp/sp1/zx/c/sdcc_ix/sp1_ScreenStr
temp/sp1/zx/c/sdcc_ix/sp1_ScreenStr_callee
temp/sp1/zx/c/sdcc_ix/sp1_SetPrintPos
temp/sp1/zx/c/sdcc_ix/sp1_SetPrintPos_callee
temp/sp1/zx/c/sdcc_ix/sp1_TileEntry
temp/sp1/zx/c/sdcc_ix/sp1_TileEntry_callee
temp/sp1/zx/c/sdcc_ix/sp1_UpdateNow
temp/sp1/zx/c/sdcc_ix/sp1_Validate
temp/sp1/zx/c/sdcc_ix/sp1_Validate_fastcall
temp/sp1/zx/c/sdcc_ix/sp1_ValUpdateStruct
temp/sp1/zx/c/sdcc_ix/sp1_ValUpdateStruct_fastcall
@temp/sp1/zx/sp1_zx_asm.lst
