;math/float/math16/c/sdcc/cm16_sdcc___fh2sint
;math/float/math16/c/sdcc/cm16_sdcc___fh2sint_callee
;math/float/math16/c/sdcc/cm16_sdcc___fh2slong
;math/float/math16/c/sdcc/cm16_sdcc___fh2slong_callee
;math/float/math16/c/sdcc/cm16_sdcc___fh2uint
;math/float/math16/c/sdcc/cm16_sdcc___fh2uint_callee
;math/float/math16/c/sdcc/cm16_sdcc___fh2ulong
;math/float/math16/c/sdcc/cm16_sdcc___fh2ulong_callee
;math/float/math16/c/sdcc/cm16_sdcc___fheq_callee
;math/float/math16/c/sdcc/cm16_sdcc___fhlt_callee
;math/float/math16/c/sdcc/cm16_sdcc___fhneq_callee
;math/float/math16/c/sdcc/cm16_sdcc___schar2fh
;math/float/math16/c/sdcc/cm16_sdcc___schar2fh_callee
;math/float/math16/c/sdcc/cm16_sdcc___sint2fh
;math/float/math16/c/sdcc/cm16_sdcc___sint2fh_callee
;math/float/math16/c/sdcc/cm16_sdcc___slong2fh
;math/float/math16/c/sdcc/cm16_sdcc___slong2fh_callee
;math/float/math16/c/sdcc/cm16_sdcc___uchar2fh
;math/float/math16/c/sdcc/cm16_sdcc___uchar2fh_callee
;math/float/math16/c/sdcc/cm16_sdcc___uint2fh
;math/float/math16/c/sdcc/cm16_sdcc___uint2fh_callee
;math/float/math16/c/sdcc/cm16_sdcc___ulong2fh
;math/float/math16/c/sdcc/cm16_sdcc___ulong2fh_callee
;math/float/math16/c/sdcc/cm16_sdcc_fhread
;math/float/math16/c/sdcc/cm16_sdcc_fhread_callee
;math/float/math16/c/sdcc/cm16_sdcc_fhload
;math/float/math16/c/sdcc/cm16_sdcc_fhadd
;math/float/math16/c/sdcc/cm16_sdcc_fhadd_callee
;math/float/math16/c/sdcc/cm16_sdcc_fhdiv
;math/float/math16/c/sdcc/cm16_sdcc_fhdiv_callee
;math/float/math16/c/sdcc/cm16_sdcc_fhmul
;math/float/math16/c/sdcc/cm16_sdcc_fhmul_callee
;math/float/math16/c/sdcc/cm16_sdcc_fhsub
;math/float/math16/c/sdcc/cm16_sdcc_fhsub_callee
