
;math/float/math16/c/sdcc/cm16_sdcc_ceil
;math/float/math16/c/sdcc/cm16_sdcc_abs
;math/float/math16/c/sdcc/cm16_sdcc_floor
;math/float/math16/c/sdcc/cm16_sdcc_classify
;math/float/math16/c/sdcc/cm16_sdcc_add
;math/float/math16/c/sdcc/cm16_sdcc_add_callee
;math/float/math16/c/sdcc/cm16_sdcc_div
;math/float/math16/c/sdcc/cm16_sdcc_div_callee
;math/float/math16/c/sdcc/cm16_sdcc_div2
;math/float/math16/c/sdcc/cm16_sdcc___eq_callee
;math/float/math16/c/sdcc/cm16_sdcc_frexp
;math/float/math16/c/sdcc/cm16_sdcc_frexp_callee
;math/float/math16/c/sdcc/cm16_sdcc___ge_callee
;math/float/math16/c/sdcc/cm16_sdcc___gt_callee
;math/float/math16/c/sdcc/cm16_sdcc_inv
;math/float/math16/c/sdcc/cm16_sdcc_invsqrt
;math/float/math16/c/sdcc/cm16_sdcc_load
;math/float/math16/c/sdcc/cm16_sdcc_ldexp
;math/float/math16/c/sdcc/cm16_sdcc_ldexp_callee
;math/float/math16/c/sdcc/cm16_sdcc___le_callee
;math/float/math16/c/sdcc/cm16_sdcc___lt_callee
;math/float/math16/c/sdcc/cm16_sdcc_mul
;math/float/math16/c/sdcc/cm16_sdcc_mul_callee
;math/float/math16/c/sdcc/cm16_sdcc_mul2
;math/float/math16/c/sdcc/cm16_sdcc_mul10
;math/float/math16/c/sdcc/cm16_sdcc_neg
;math/float/math16/c/sdcc/cm16_sdcc___neq_callee
;math/float/math16/c/sdcc/cm16_sdcc_poly
;math/float/math16/c/sdcc/cm16_sdcc_poly_callee
;math/float/math16/c/sdcc/cm16_sdcc_read
;math/float/math16/c/sdcc/cm16_sdcc_read_callee
;math/float/math16/c/sdcc/cm16_sdcc_sqr
;math/float/math16/c/sdcc/cm16_sdcc_sqrt
;math/float/math16/c/sdcc/cm16_sdcc_sub
;math/float/math16/c/sdcc/cm16_sdcc_sub_callee
;math/float/math16/c/sdcc/cm16_sdcc_zero
