arch/c128/savecia
arch/c128/restorecia
arch/c128/getkeyscia
arch/c128/getjoyscia
arch/c128/gettimeracia
arch/c128/gettimerbcia
arch/c128/gettodcia
arch/c128/setintctrlcia
arch/c128/settimeracia
arch/c128/settimerbcia
arch/c128/settodcia
arch/c128/timervalcia
arch/c128/todcharcia
arch/c128/todstrcia
arch/c128/invdc
arch/c128/outvdc
arch/c128/outvdc_callee
arch/c128/is64kvdc
arch/c128/printstrvdc
arch/c128/set64kvdc
arch/c128/set80x50textvdc
arch/c128/setbitmapvdc
arch/c128/setbitmapintvdc
arch/c128/attrsonvdc
arch/c128/attrsoffvdc
arch/c128/setpixvdc
arch/c128/setpixivdc
arch/c128/vdcget
arch/c128/vdcset
arch/c128/printbmivdc
arch/c128/printbmvdc
arch/c128/memtobufvdc
arch/c128/buftomemvdc
arch/c128/circlepointsvdc
arch/c128/circleivdc
arch/c128/clrattrvdc
arch/c128/clrbitmapvdc
arch/c128/clrscrvdc
arch/c128/copymemvdc
arch/c128/copydspvdc
arch/c128/setcursorvdc
arch/c128/ellipsevdc
arch/c128/ellipseivdc
arch/c128/fillattrvdc
arch/c128/filldspvdc
arch/c128/fillmemvdc
arch/c128/linevdc
arch/c128/lineivdc
arch/c128/mapvdc
arch/c128/initpcx
arch/c128/donepcx
arch/c128/decodelinepcx
arch/c128/decodefilepcx
arch/c128/decodelineintpcx
arch/c128/decodefileintpcx
arch/c128/savevdc
arch/c128/restorevdc
arch/c128/setcharvdc
arch/c128/setdsppagevdc
arch/c128/scrollupvdc
arch/c128/scrolldownvdc
arch/c128/winvdc
arch/c128/clrwinattrvdc
arch/c128/clrwinvdc
arch/c128/playzb4sid
arch/c128/attacksid
arch/c128/releasesid
arch/c128/clearsid
arch/c128/volumesid
arch/c128/envelopesid
arch/c128/freqsid
arch/c128/pulsewavesid
arch/c128/getmousesid
arch/c128/getpotssid
psg/obj/c128/psg_init
psg/obj/c128/psg_tone
psg/obj/c128/psg_noise
psg/obj/c128/psg_volume
psg/obj/c128/psg_envelope
psg/obj/c128/psg_channels
games/c128/joystick
games/c128/bit_open
games/c128/bit_open_di
games/c128/bit_close
games/c128/bit_close_ei
@games/games.lst
