stdio/c128/fgetc_cons
stdio/c128/getk
stdio/ansi/f_ansi
stdio/ansi/f_ansi_lf
stdio/ansi/f_ansi_putc
stdio/ansi/fputc_cons
stdio/ansi/puts_cons
stdio/ansi/f_ansi_dsr6
stdio/ansi/c128/f_ansi_attr
stdio/ansi/c128/f_ansi_bel
stdio/ansi/c128/f_ansi_char
stdio/ansi/c128/f_ansi_cls
stdio/ansi/c128/f_ansi_dline
stdio/ansi/c128/f_ansi_scrollup
graphics/c128/w_pixladdr
graphics/c128/w_plotpixl
graphics/c128/w_respixl
graphics/c128/w_xorpixl
graphics/w_plot
graphics/w_xorplot
graphics/w_unplot
graphics/w_draw
graphics/w_drawr
graphics/w_line
graphics/w_liner
graphics/w_setxy
graphics/w_undraw
graphics/w_undrawr
graphics/circle
graphics/c128/clg
graphics/clga
graphics/clrarea
graphics/dcircle
graphics/draw
graphics/drawb
graphics/drawr
graphics/lbitmask
graphics/lftscrol
graphics/lscroll
graphics/c128/textpixl
graphics/swapgfxbk_foo
graphics/c128/w_putsprite
graphics/w_point
graphics/c128/w_pointxy
graphics/w_multipoint
graphics/rbitmask
graphics/rscroll
graphics/uncircle
graphics/undrawb
graphics/drawbox
graphics/xorborder
@c128cpm.lst
@z80.lst
