c128/savecia.o
c128/restorecia.o
c128/getkeyscia.o
c128/getjoyscia.o
c128/gettimeracia.o
c128/gettimerbcia.o
c128/gettodcia.o
c128/setintctrlcia.o
c128/settimeracia.o
c128/settimerbcia.o
c128/settodcia.o
c128/timervalcia.o
c128/todcharcia.o
c128/todstrcia.o
c128/invdc.o
c128/outvdc.o
c128/outvdc_callee.o
c128/is64kvdc.o
c128/printstrvdc.o
c128/set64kvdc.o
c128/set80x50textvdc.o
c128/setbitmapvdc.o
c128/setbitmapintvdc.o
c128/attrsonvdc.o
c128/attrsoffvdc.o
c128/setpixvdc.o
c128/setpixivdc.o
c128/vdcget.o
c128/vdcset.o
c128/printbmivdc.o
c128/printbmvdc.o
c128/memtobufvdc.o
c128/buftomemvdc.o
c128/circlepointsvdc.o
c128/circleivdc.o
c128/clrattrvdc.o
c128/clrbitmapvdc.o
c128/clrscrvdc.o
c128/copymemvdc.o
c128/copydspvdc.o
c128/setcursorvdc.o
c128/ellipsevdc.o
c128/ellipseivdc.o
c128/fillattrvdc.o
c128/filldspvdc.o
c128/fillmemvdc.o
c128/linevdc.o
c128/lineivdc.o
c128/mapvdc.o
c128/initpcx.o
c128/donepcx.o
c128/decodelinepcx.o
c128/decodefilepcx.o
c128/decodelineintpcx.o
c128/decodefileintpcx.o
c128/savevdc.o
c128/restorevdc.o
c128/setcharvdc.o
c128/setdsppagevdc.o
c128/scrollupvdc.o
c128/scrolldownvdc.o
c128/winvdc.o
c128/clrwinattrvdc.o
c128/clrwinvdc.o
c128/playzb4sid.o
c128/attacksid.o
c128/releasesid.o
c128/clearsid.o
c128/volumesid.o
c128/envelopesid.o
c128/freqsid.o
c128/pulsewavesid.o
c128/getmousesid.o
c128/getpotssid.o
