@stdio/ansicore.lst
stdio/ansi/cpc/f_ansi_attr
stdio/ansi/cpc/f_ansi_bel
stdio/ansi/cpc/f_ansi_char
stdio/ansi/cpc/f_ansi_cls
stdio/ansi/cpc/f_ansi_dline
stdio/ansi/cpc/f_ansi_scrollup
graphics/w_drawb
graphics/w_undrawb
graphics/w_xorborder
graphics/cpc/clg
graphics/cpc/w_pixeladdress
graphics/cpc/fill
graphics/w_plotpixl
graphics/w_respixl
graphics/w_xorpixl
graphics/lftscrol
graphics/cpc/swapgfxbk
graphics/cpc/w_putsprite
graphics/w_stencil_render
graphics/draw_profile
graphics/w_pointxy
@gfxbasew.lst
time/cpc/clock
games/cpc/joystick
cpc/cpmfirmware
cpc/bios_msg
cpc/cpc_fdc
cpc/cpc_model
cpc/cpc_rsx
cpc/cpc_rsx_str
cpc/cpc_rsx_strcpy
cpc/cpc_rsx_strcpy_callee
cpc/fdc_address
cpc/cpc_setmode
cpc/cpc_SetMode_srlib
cpc/cpc_set_palette
cpc/cpc_set_palette_callee
cpc/cpc_SetBorder
cpc/cpc_SetColour
cpc/cpc_SetColour_callee
cpc/cpc_SetInkGphStr
cpc/cpc_SetInkGphStr_callee
cpc/cpc_ScanKeyboard
cpc/cpc_TestKeyboard
cpc/cpc_AnyKeyPressed
cpc/cpc_AssignKey
cpc/cpc_AssignKey_callee
cpc/cpc_TestKey
cpc/cpc_TestKeyF
cpc/cpc_TestKeyboard
cpc/cpc_DeleteKeys
cpc/cpc_KeysData
cpc/cpc_RedefineKey
cpc/cpc_EnableFirmware
cpc/cpc_DisableFirmware
cpc/cpc_ClrScr
cpc/cpc_Chars
cpc/cpc_Chars8
cpc/cpc_GetScrAddress
cpc/cpc_GetScrAddress_callee
cpc/cpc_GetScrAddress0
cpc/cpc_PrintStr
cpc/cpc_PrintGphStr0
cpc/cpc_PrintGphStrStd0
cpc/cpc_PrintGphStr0M1
cpc/cpc_PrintGphStr
cpc/cpc_PrintGphStr_callee
cpc/cpc_PrintGphStrStd
cpc/cpc_PrintGphStrStd_callee
cpc/cpc_PrintGphStrM1
cpc/cpc_PrintGphStrM1_callee
cpc/cpc_PrintGphStr2X
cpc/cpc_PrintGphStr2X_callee
cpc/cpc_PrintGphStrXYM12X
cpc/cpc_PrintGphStrXYM12X_callee
cpc/cpc_PrintGphStrXY
cpc/cpc_PrintGphStrXY_callee
cpc/cpc_PrintGphStrXY2X
cpc/cpc_PrintGphStrXY2X_callee
cpc/cpc_PrintGphStrStdXY
cpc/cpc_PrintGphStrStdXY_callee
cpc/cpc_PrintGphStrXYM1
cpc/cpc_PrintGphStrXYM1_callee
cpc/cpc_PrintGphStrM12X
cpc/cpc_PrintGphStrM12X_callee
cpc/cpc_RLI
cpc/cpc_RLI_callee
cpc/cpc_RRI
cpc/cpc_RRI_callee
cpc/cpc_Uncrunch
cpc/cpc_Uncrunch_callee
cpc/cpc_UnExo
cpc/cpc_UnExo_callee
cpc/sprites/cpc_PutMaskSp0
cpc/sprites/cpc_PutMaskSp
cpc/sprites/cpc_PutMaskSp_callee
cpc/sprites/cpc_PutSp0
cpc/sprites/cpc_PutSp
cpc/sprites/cpc_PutSp_callee
cpc/sprites/cpc_PutSpXOR
cpc/sprites/cpc_PutSpXOR_callee
cpc/sprites/cpc_PutSpTr0
cpc/sprites/cpc_PutSpTr
cpc/sprites/cpc_PutSpTr_callee
cpc/sprites/cpc_GetSp0
cpc/sprites/cpc_GetSp
cpc/sprites/cpc_GetSp_callee
psg/cpc/set_psg
psg/cpc/set_psg_callee
psg/cpc/get_psg
psg/cpc/psg_init
@psg/psg.lst
@z80.lst
