stdio/gal/fgetc_cons
stdio/gal/fputc_cons
stdio/gal/getk
stdio/puts_cons
graphics/circle
graphics/clg
graphics/clga
graphics/clrarea
graphics/dcircle
graphics/draw
graphics/drawb
graphics/drawr
graphics/lbitmask
graphics/lftscrol
graphics/line
graphics/liner
graphics/lscroll
graphics/plot
graphics/gal/textpixl6
graphics/text6/plotpixl
graphics/text6/respixl
graphics/text6/xorpixl
graphics/text6/div3
graphics/text6/clsgraph
graphics/text6/swapgfxbk
graphics/putsprite2
graphics/point
graphics/text6/pointxy
graphics/multipoint
graphics/rbitmask
graphics/rscroll
graphics/uncircle
graphics/undraw
graphics/undrawb
graphics/undrawr
graphics/unplot
graphics/drawbox
graphics/xorborder
graphics/xorplot
graphics/setxy
games/joystick
games/gal/bit_open
games/gal/bit_open_di
games/gal/bit_close
games/gal/bit_close_ei
games/bit_click_mwr
games/bit_play
games/bit_fx_mwr
games/bit_fx2_mwr
games/bit_fx3_mwr
games/bit_fx4_mwr
games/bit_synth_mwr
games/bit_frequency
games/bit_beep
games/beeper_mwr
@z80.lst
