stdio/msx/fgetc_cons
stdio/msx/getk
stdio/msx/fputc_cons
@stdio/tms9918/tms9918.lst
@font/font_8x8/font_8x8.lst
@stdio/ansicore.lst
stdio/ansi/msx/f_ansi_attr
stdio/ansi/msx/f_ansi_bel
stdio/ansi/msx/f_ansi_char
stdio/ansi/msx/f_ansi_cls
stdio/ansi/generic/f_ansi_dline
stdio/ansi/msx/f_ansi_scrollup
@stdio/stdio_binary.lst
time/msx/clock
@fcntl/cpm/fcntl.lst
graphics/dcircle
graphics/msx/clg
graphics/msx/pixladdr
graphics/msx/plotpixl
graphics/msx/respixl
graphics/msx/xorpixl
graphics/msx/pointxy
graphics/msx/fill
graphics/getsprite
graphics/msx/putsprite
graphics/msx/bksave
graphics/msx/bkrestore
graphics/msx/swapgfxbk
graphics/msx/stencil_render
graphics/msx/surface/surface_circle
graphics/msx/surface/surface_draw
graphics/msx/surface/surface_pixladdr
graphics/msx/surface/surface_plotpixl
graphics/msx/surface/surface_stencil_render
@gfxbase.lst
games/msx/joystick
games/msx/bit_open
games/msx/bit_open_di
games/msx/bit_close
games/msx/bit_close_ei
@games/games.lst
@msx/msx.lst
msx/msxbasic
msx/msxextrom
msx/msxrompage
msx/gen_set_vdp_reg
msx/gen_get_vdp_reg
msx/msx_blank
msx/msx_break
msx/msx_breakoff
msx/msx_breakon
msx/msx_clearkey
msx/msx_color
msx/gen_set_border
msx/msx_get_stick
msx/msx_get_trigger
msx/msx_locate
msx/msx_lpt
msx/msx_map_m2_block
msx/msx_map_m2_pixel
msx/msx_map_m2_subpixel
msx/msx_noblank
msx/msx_screen
msx/msx_screenmode
msx/msx_set_mode
msx/msx_text
msx/msx_type
msx/msx_vfill
msx/msx_vmerge
msx/msx_vpeek
msx/msx_vpoke
msx/msx_vpoke_callee
msx/msx_vram
msx/msx_vread
msx/msx_vwrite
msx/msx_vwrite_direct
msx/gen_setwrt
msx/gen_filvrm
psg/msx/psg_init
psg/msx/get_psg
psg/msx/set_psg
psg/msx/set_psg_callee
@psg/psg.lst
msx/asmlib/BiosCall
msx/asmlib/DosCall
msx/asmlib/UnapiBuildCodeBlock
msx/asmlib/UnapiCall
msx/asmlib/UnapiGetCount
msx/asmlib/UnapiGetRamHelper
msx/asmlib/UnapiParseCodeBlock
msx/asmlib/UnapiRead
@z80.lst
