stdio/msx/fgetc_cons
stdio/msx/getk
stdio/msx/fputc_cons
fcntl/cpm/bdos
fcntl/cpm/close
fcntl/cpm/creat
fcntl/cpm/getfcb
fcntl/cpm/lseek
fcntl/cpm/open
fcntl/cpm/open_z88
fcntl/cpm/parsefcb
fcntl/cpm/_putoffset
fcntl/cpm/read
fcntl/cpm/readbyte
fcntl/cpm/remove
fcntl/cpm/setfcb
fcntl/cpm/write
fcntl/cpm/writebyte
graphics/msx/clg
graphics/clga
graphics/clrarea
graphics/circle
graphics/dcircle2
graphics/draw
graphics/drawb
graphics/drawr
graphics/line
graphics/liner2
graphics/plot
graphics/msx/plotpixl
graphics/point
graphics/msx/pointxy
graphics/multipoint
graphics/uncircle
graphics/undraw
graphics/undrawb
graphics/undrawr
graphics/msx/respixl
graphics/unplot
graphics/drawbox
graphics/setxy
graphics/msx/fill
graphics/putsprite3
graphics/msx/swapgfxbk
graphics/xorborder
graphics/msx/xorpixl
graphics/xorplot
games/msx/joystick
games/msx/bit_open
games/msx/bit_open_di
games/msx/bit_close
games/msx/bit_close_ei
games/bit_click
games/bit_play
games/bit_fx
games/bit_fx2
games/bit_fx3
games/bit_fx4
games/bit_synth
games/bit_frequency
games/bit_beep
games/beeper
msx/msx_blank
msx/msx_break
msx/msx_breakoff
msx/msx_breakon
msx/msx_clearkey
msx/msx_color
msx/msx_get_stick
msx/msx_get_trigger
msx/msx_get_vdp
msx/msx_set_vdp
msx/msx_initpsg
msx/msx_locate
msx/msx_lpt
msx/msx_map_m2_block
msx/msx_map_m2_pixel
msx/msx_map_m2_subpixel
msx/msx_noblank
msx/msx_pset
msx/msx_psg_channels
msx/msx_psg_envelope
msx/msx_psg_noise
msx/msx_psg_noise_channels
msx/msx_psg_tone
msx/msx_psg_tone_channels
msx/msx_psg_volume
msx/msx_readpsg
msx/msx_screen
msx/msx_screenmode
msx/msx_set_mode
msx/msx_set_mangled_mode
msx/msx_set_char
msx/msx_set_char_form
msx/msx_set_char_color
msx/msx_set_char_attr
msx/msx_set_sprite_mode
msx/msx_set_sprite_8
msx/msx_set_sprite_16
msx/msx_put_sprite_8
msx/msx_put_sprite_16
msx/msx_sound
msx/msx_type
msx/msx_text
msx/msx_vfill
msx/msx_vfill_v
msx/msx_vread
msx/msx_vwrite
msx/msx_vmerge
msx/msx_vpeek
msx/msx_vpoke
msx/msx_vram
msx/msx_blit
msx/msx_blit_fill_vram
msx/msx_blit_ram_vram
msx/dithpat
msx/msx_compute_line
msx/msx_surface_line
msx/msx_line
msx/msx_line_slow
msx/msx_calculate_side
msx/msx_hline
msx/msx_surface_hline
msx/msxbasic
msx/msxextrom
msx/msxrompage
@z80.lst
