stdio/mtx/fputc_cons
stdio/mtx/fgetc_cons
stdio/mtx/getk
@stdio/ansicore.lst
stdio/ansi/msx/f_ansi_attr
stdio/ansi/msx/f_ansi_bel
stdio/ansi/msx/f_ansi_char
stdio/ansi/msx/f_ansi_cls_nobios
stdio/ansi/generic/f_ansi_dline
stdio/ansi/msx/f_ansi_scrollup_nobios
@stdio/tms9918/tms9918.lst
@stdio/stdio.lst
@font/font_8x8/font_8x8.lst
time/mtx/clock
graphics/dcircle
graphics/msx/gen_clg
graphics/msx/pixladdr
graphics/msx/plotpixl
graphics/msx/respixl
graphics/msx/xorpixl
graphics/msx/pointxy
graphics/fill
graphics/dfill2
graphics/getsprite
graphics/msx/putsprite
graphics/msx/bksave
graphics/msx/bkrestore
graphics/msx/swapgfxbk
graphics/msx/stencil_render
graphics/msx/surface/surface_circle
graphics/msx/surface/surface_draw
graphics/msx/surface/surface_pixladdr
graphics/msx/surface/surface_plotpixl
graphics/msx/surface/surface_stencil_render
@gfxbase.lst
games/mtx/joystick
psg/sn76489/bit_open
@games/games.lst
psg/sn76489/psg_tone
psg/sn76489/psg_volume
psg/sn76489/psg_envelope
psg/sn76489/psg_init.asm
psg/sn76489/set_psg.asm
psg/sn76489/set_psg_callee.asm
@msx/genmsx.lst
msx/gen_filvrm
msx/gen_ldirmv
msx/gen_ldirvm
msx/gen_setrd
msx/gen_setwrt
msx/gen_set_vdp_reg
msx/gen_get_vdp_reg
msx/gen_color
msx/gen_set_border
msx/gen_get_trigger
msx/msx_map_m2_block
msx/msx_map_m2_pixel
msx/msx_map_m2_subpixel
msx/gen_set_mode
msx/gen_vfill
msx/msx_vmerge
msx/msx_vpeek
msx/msx_vpoke
msx/msx_vpoke_callee
msx/gen_vram
msx/gen_vread
msx/gen_vwrite
msx/gen_vwrite_direct
@z80.lst
