ctype/isalpha
ctype/isalnum
ctype/isascii
ctype/iscntrl
ctype/isdigit
ctype/isgraph
ctype/islower
ctype/isprint
ctype/ispunct
ctype/isspace
ctype/isupper
ctype/isxdigit
ctype/toascii
ctype/tolower
ctype/toupper
stdio/closeall
stdio/8080/fchkstd
stdio/8080/fclose
stdio/feof
stdio/8080/fgetc
stdio/fgetpos
stdio/fgets
stdio/fopen
stdio/fopen_z88
stdio/8080/fputc
stdio/8080/fputs
stdio/fread
stdio/freopen
stdio/freopen_z88
stdio/ftell
stdio/fwrite
stdio/gets
stdio/8080/vfprintf_mini
stdio/printk
stdio/printn
stdio/puts
stdio/8080/ungetc
stdio/8080/fabandon
stdio/nascom/fgetc_cons
stdio/fgets_cons
stdio/nascom/getk
stdio/spectrum/puts_cons
stdio/nascom/fputc_cons
stdlib/abs
stdlib/atexit
stdlib/atoi
stdlib/atol
stdlib/bpeek
stdlib/bpoke
stdlib/div
stdlib/exit
stdlib/inp
stdlib/itoa
stdlib/l_bsearch
stdlib/l_qsort
stdlib/labs
stdlib/ldiv
stdlib/outp
stdlib/rand
stdlib/strtol
stdlib/strtoul
stdlib/swapendian
stdlib/wpeek
stdlib/wpoke
stdlib/getopt
stdlib/sleep
strings/memchr
strings/memcmp
strings/memcpy
strings/memset
strings/strcat
strings/strchr
strings/strcmp
strings/strcpy
strings/strcspn
strings/stricmp
strings/strlen
strings/strlwr
strings/strncat
strings/strncmp
strings/strncpy
strings/strnicmp
strings/strpbrk
strings/strpos
strings/strrchr
strings/strrev
strings/strrstr
strings/strrstrip
strings/strspn
strings/strstr
strings/strstrip
strings/strtok
strings/strupr
setjmp/longjmp
setjmp/setjmp
assert/assert
printflike/printf
printflike/fprintf
printflike/sprintf
printflike/vfprintf_comp
printflike/vfprintf_fp
printflike/vsprintf
printflike/itod
printflike/itou
printflike/itox
printflike/utoi
printflike/scanf
printflike/sscanf
printflike/fscanf
printflike/vfscanf
printflike/vsscanf
graphics/circle
graphics/clg
graphics/clga
graphics/clrarea
graphics/dcircle
graphics/draw
graphics/drawb
graphics/drawr
graphics/lbitmask
graphics/lftscrol
graphics/line
graphics/liner
graphics/lscroll
graphics/plot
graphics/nascom/textpixl6
graphics/nascom/plotpixl
graphics/nascom/respixl
graphics/nascom/xorpixl
graphics/nascom/clsgraph
stdio/ansi/nascom/f_ansi_cls
graphics/nascom/swapgfxbk
graphics/text6/div3
graphics/putsprite2
graphics/point
graphics/pointxy
graphics/rbitmask
graphics/rscroll
graphics/uncircle
graphics/undraw
graphics/undrawb
graphics/undrawr
graphics/unplot
graphics/drawbox
graphics/xorborder
graphics/xorplot
graphics/setxy
games/joystick
printflike/ltoa_any
