stdio/nc100/fgetc_cons
stdio/nc100/fputc_cons
stdio/nc100/getk
@stdio/stdio.lst
games/joystick
fcntl/nc100/open
fcntl/nc100/opendir
fcntl/nc100/creat
fcntl/nc100/close
fcntl/nc100/read
fcntl/nc100/write
fcntl/nc100/lseek
fcntl/nc100/readbyte
fcntl/nc100/_fsize
fcntl/nc100/_fsizehandle
fcntl/nc100/_lseek
fcntl/nc100/_tell
fcntl/nc100/fabandon
fcntl/nc100/remove
fcntl/nc100/rename
fcntl/nc100/_fdatestamp
fcntl/nc100/_fgetattr
fcntl/nc100/_fsetattr
fcntl/nc100/_findfirst
fcntl/nc100/_findnext
fcntl/nc100/_ftesteof
fcntl/nc100/_fdatestamp
fcntl/nc100/_setdta
fcntl/nc100/writebyte
target/nc100/col1
target/nc100/col1text
target/nc100/editbuf
target/nc100/heapaddress
target/nc100/heapalloc
target/nc100/heapfree
target/nc100/heaplock
target/nc100/heapmaxfree
target/nc100/heaprealloc
target/nc100/kmcharreturn.sm
target/nc100/kmgetyellow
target/nc100/kmreadchar
target/nc100/kmreadkbd
target/nc100/kmsetexpand
target/nc100/kmsettickcount
target/nc100/kmsetyellow
target/nc100/kmwaitkbd
target/nc100/lapcat_receive
target/nc100/lapcat_send
target/nc100/mcprintchar
target/nc100/mcreadyprinter
target/nc100/mcsetprinter
target/nc100/padgetticker
target/nc100/padgettime
target/nc100/padgetversion
target/nc100/padinitserial
target/nc100/padinserial
target/nc100/padoutparallel
target/nc100/padoutserial
target/nc100/padreadyparallel
target/nc100/padreadyserial
target/nc100/padresetserial
target/nc100/padserialwaiting
target/nc100/padsetalarm
target/nc100/padsettime
target/nc100/pagemodeoff
target/nc100/pagemodeon
target/nc100/readbuf
target/nc100/selectfile
target/nc100/testescape
target/nc100/textout
target/nc100/textoutcount
target/nc100/txtboldoff
target/nc100/txtboldon
target/nc100/txtcuroff
target/nc100/txtcuron
target/nc100/txtgetcursor
target/nc100/txtgetwindow
target/nc100/txtinverseoff
target/nc100/txtinverseon
target/nc100/txtoutput
target/nc100/txtsetcursor
target/nc100/txtsetwindow
target/nc100/txtunderlineoff
target/nc100/txtunderlineon
target/nc100/txtwrchar
@z80.lst
