stdio/nc100/fgetc_cons
stdio/nc100/fputc_cons
stdio/nc100/getk
@stdio/stdio.lst
games/joystick
fcntl/nc100/open
fcntl/nc100/opendir
fcntl/nc100/creat
fcntl/nc100/close
fcntl/nc100/read
fcntl/nc100/write
fcntl/nc100/lseek
fcntl/nc100/readbyte
fcntl/nc100/_fsize
fcntl/nc100/_fsizehandle
fcntl/nc100/_lseek
fcntl/nc100/_tell
fcntl/nc100/fabandon
fcntl/nc100/remove
fcntl/nc100/rename
fcntl/nc100/_fdatestamp
fcntl/nc100/_fgetattr
fcntl/nc100/_fsetattr
fcntl/nc100/_findfirst
fcntl/nc100/_findnext
fcntl/nc100/_ftesteof
fcntl/nc100/_fdatestamp
fcntl/nc100/_setdta
fcntl/nc100/writebyte
arch/nc100/col1
arch/nc100/col1text
arch/nc100/editbuf
arch/nc100/heapaddress
arch/nc100/heapalloc
arch/nc100/heapfree
arch/nc100/heaplock
arch/nc100/heapmaxfree
arch/nc100/heaprealloc
arch/nc100/kmcharreturn.sm
arch/nc100/kmgetyellow
arch/nc100/kmreadchar
arch/nc100/kmreadkbd
arch/nc100/kmsetexpand
arch/nc100/kmsettickcount
arch/nc100/kmsetyellow
arch/nc100/kmwaitkbd
arch/nc100/lapcat_receive
arch/nc100/lapcat_send
arch/nc100/mcprintchar
arch/nc100/mcreadyprinter
arch/nc100/mcsetprinter
arch/nc100/padgetticker
arch/nc100/padgettime
arch/nc100/padgetversion
arch/nc100/padinitserial
arch/nc100/padinserial
arch/nc100/padoutparallel
arch/nc100/padoutserial
arch/nc100/padreadyparallel
arch/nc100/padreadyserial
arch/nc100/padresetserial
arch/nc100/padserialwaiting
arch/nc100/padsetalarm
arch/nc100/padsettime
arch/nc100/pagemodeoff
arch/nc100/pagemodeon
arch/nc100/readbuf
arch/nc100/selectfile
arch/nc100/testescape
arch/nc100/textout
arch/nc100/textoutcount
arch/nc100/txtboldoff
arch/nc100/txtboldon
arch/nc100/txtcuroff
arch/nc100/txtcuron
arch/nc100/txtgetcursor
arch/nc100/txtgetwindow
arch/nc100/txtinverseoff
arch/nc100/txtinverseon
arch/nc100/txtoutput
arch/nc100/txtsetcursor
arch/nc100/txtsetwindow
arch/nc100/txtunderlineoff
arch/nc100/txtunderlineon
arch/nc100/txtwrchar
@z80.lst
