stdio/ansi/f_ansi
stdio/ansi/f_ansi_lf
stdio/ansi/f_ansi_putc
stdio/ansi/fputc_cons
stdio/ansi/f_ansi_dsr6
stdio/ansi/osca/f_ansi_attr
stdio/ansi/osca/f_ansi_bel
stdio/ansi/osca/f_ansi_char
stdio/ansi/osca/f_ansi_cls
stdio/ansi/generic/f_ansi_dline
stdio/ansi/osca/f_ansi_scrollup
stdio/osca/fgetc_cons
stdio/osca/getk
stdio/puts_cons
@gfxbasew.lst
graphics/osca/drawb
graphics/osca/undrawb
graphics/osca/xorborder
graphics/osca/clg
graphics/osca/clga2
graphics/osca/w_pixladdr
graphics/osca/fill
graphics/clrarea
graphics/w_plotpixl
graphics/w_respixl
graphics/w_xorpixl
graphics/lftscrol
graphics/osca/swapgfxbk
graphics/osca/w_putsprite
graphics/osca/w_stencil_render
graphics/draw_profile
graphics/w_pointxy
graphics/osca/cclg
graphics/osca/cplot
graphics/osca/cplotpixel
games/osca/joystick
osca/flos_paper
osca/get_pen
osca/set_pen
osca/flos_get_input_string
osca/osca_version
osca/flos_version
osca/flos_err
osca/page_in_video
osca/page_out_video
osca/osca_set_palette
osca/wait_vrt
osca/change_volume
osca/check_volume_format
osca/find_file
osca/find_file_callee
osca/file_sector_list
osca/write_bytes_to_file
osca/create_file
osca/erase_file
osca/rename_file
osca/rename_file_callee
osca/set_load_length
osca/set_file_pointer
osca/set_load_length
osca/force_load
osca/force_load_callee
osca/get_current_volume
osca/get_device_list
osca/get_device_count
osca/get_device_info
osca/get_driver_list
osca/get_file_size
osca/get_first_file_cluster
osca/get_total_sectors
osca/get_volume_count
osca/get_volume_list
osca/delete_dir
osca/parent_dir
osca/root_dir
osca/dir_move_first
osca/dir_move_next
osca/dir_get_entry_name
osca/dir_get_entry_size
osca/dir_get_entry_type
osca/get_dir_name
osca/store_dir_position
osca/restore_dir_position
osca/change_dir
osca/get_bank
osca/set_bank
osca/inc_bank
@z80.lst
