stdio/oz/fgetc_cons
stdio/oz/getk
stdio/ansi/f_ansi
stdio/ansi/f_ansi_lf
stdio/ansi/f_ansi_putc
stdio/ansi/fputc_cons
stdio/ansi/puts_cons
stdio/ansi/f_ansi_dsr6
stdio/ansi/oz/f_ansi_attr
stdio/ansi/oz/f_ansi_bel
stdio/ansi/oz/f_ansi_char
stdio/ansi/oz/f_ansi_cls
stdio/ansi/generic/f_ansi_dline
stdio/ansi/oz/f_ansi_scrollup
graphics/circle
graphics/oz/clg
graphics/clga
graphics/clrarea
graphics/dcircle
graphics/draw
graphics/drawb
graphics/drawr
graphics/lbitmask
graphics/lftscrol
graphics/line
graphics/liner
graphics/lscroll
graphics/plot
graphics/plotpixl
graphics/point
graphics/pointxy
graphics/multipoint
graphics/rbitmask
graphics/respixl
graphics/rscroll
graphics/uncircle
graphics/undraw
graphics/undrawb
graphics/undrawr
graphics/unplot
graphics/drawbox
graphics/setxy
graphics/fill
graphics/dfill
graphics/getsprite
graphics/oz/putsprite
graphics/bksave
graphics/bkrestore
graphics/oz/pixladdr
graphics/oz/swapgfxbk
graphics/xorborder
graphics/xorpixl
graphics/xorplot
games/joystick
@z80.lst
