stdio/pc6001/fgetc_cons
stdio/pc6001/getk
stdio/pc6001/fputc_cons
stdio/pc6001/generic_console
stdio/pc6001/generic_console_ioctl
stdio/pc6001/generic_console_vpeek
stdio/pc6001/conio_vars
stdio/pc6001/CRT_FONT
stdio/pc6001/vpeek_MODE1
stdio/pc6001/vpeek_MODE2
stdio/pc6001/printc_MODE1
stdio/pc6001/printc_MODE2
@stdio/ansicore.lst
stdio/ansi/pc6001/f_ansi_attr
stdio/ansi/pc6001/f_ansi_bel
stdio/ansi/pc6001/f_ansi_char
stdio/ansi/pc6001/f_ansi_cls
stdio/ansi/pc6001/f_ansi_dline
stdio/ansi/pc6001/f_ansi_scrollup
@stdio/stdio.lst
@font/font_8x8/font_8x8.lst
games/pc6001/joystick
games/obj/pc6001/joystick_type
target/pc6001/graphics/clsgraph
target/pc6001/graphics/getmaxx
target/pc6001/graphics/getmaxy
target/pc6001/graphics/plotpixl
target/pc6001/graphics/respixl
target/pc6001/graphics/xorpixl
target/pc6001/graphics/pointxy
target/pc6001/graphics/pixladdr
target/pc6001/graphics/pixladdr_MODE1
target/pc6001/graphics/pixladdr_MODE2
target/pc6001/graphics/plot_MODE0
target/pc6001/graphics/res_MODE0
target/pc6001/graphics/xor_MODE0
target/pc6001/graphics/pointxy_MODE0
target/pc6001/graphics/plot_MODE1
target/pc6001/graphics/res_MODE1
target/pc6001/graphics/xor_MODE1
target/pc6001/graphics/pointxy_MODE1
target/pc6001/graphics/plot_MODE2
target/pc6001/graphics/res_MODE2
target/pc6001/graphics/xor_MODE2
target/pc6001/graphics/pointxy_MODE2
target/pc6001/graphics/swapgfxbk
target/pc6001/graphics/textpixl6
graphics/generic_console/div3
graphics/dcircle
graphics/clg
graphics/fill
graphics/dfill
graphics/getsprite
graphics/stencil_render2
@gfxbase.lst
psg/pc6001/set_psg
psg/pc6001/set_psg_callee
psg/pc6001/get_psg
psg/pc6001/psg_init
@psg/psg.lst
@video/mc6847/mc6847.lst
@z80.lst
