target/px8/subcpu_call
target/px8/subcpu_command
target/px8/subcpu_function
target/px8/esc_sequence
target/px8/lcd_set_udg
target/px8/px8_break
graphics/w_dcircle_square.asm
graphics/px8/draw
graphics/retrofit/draw_callee
graphics/px8/drawr_callee
graphics/px8/undraw
graphics/retrofit/undraw_callee
graphics/px8/undrawr_callee
graphics/px8/xordraw
graphics/px8/xordrawr_callee
graphics/retrofit/xordraw_callee
graphics/draw_profile
graphics/px8/w_stencil_render
graphics/px8/clg
graphics/px8/w_putsprite
graphics/px8/w_plotpixl
graphics/px8/w_respixl
graphics/px8/w_xorpixl
graphics/px8/w_pixeladdress
graphics/px8/w_pointxy
graphics/px8/w_bksave
graphics/px8/w_bkrestore
graphics/swapgfxbk_foo.asm
graphics/px8/w_clga_callee
graphics/px8/w_fillb_callee
graphics/px8/w_xorclga_callee
graphics/px8/w_area
@gfxbasew.lst
@stdio/ansicore.lst
stdio/ansi/px8/f_ansi_attr
stdio/ansi/px8/f_ansi_bel
stdio/ansi/px8/f_ansi_char
stdio/ansi/px8/f_ansi_cls
stdio/ansi/generic/f_ansi_dline
stdio/ansi/px8/f_ansi_scrollup
stdio/ansi/px8/_font_8x6_px
