_DEVELOPMENT/ctype/obj/${TYPE}/**/*.o
_DEVELOPMENT/font/font_4x8/obj/${TYPE}/**/*.o
_DEVELOPMENT/font/font_8x8/obj/${TYPE}/**/*.o
_DEVELOPMENT/font/font_8x10/obj/${TYPE}/**/*.o
@classic/lib3d/lib3d.lst
_DEVELOPMENT/libgen/obj/${TYPE}/**/*.o
_DEVELOPMENT/setjmp/obj/${TYPE}/**/*.o
@stdlib/stdlib.lst
@alloc/alloc.lst
@classic/string/string.lst
_DEVELOPMENT/string/obj/${TYPE}/**/*.o
_DEVELOPMENT/regex/obj/${TYPE}/**/*.o
stdio/obj/${TYPE}/ansi/ansifont_f3
stdio/obj/${TYPE}/ansi/ansifont_f4
stdio/obj/${TYPE}/ansi/ansifont_f4pack
stdio/obj/${TYPE}/ansi/ansifont_f5
stdio/obj/${TYPE}/ansi/ansifont_f6
stdio/obj/${TYPE}/ansi/ansifont_f8
@classic/compress/zx7/zx7.lst
_DEVELOPMENT/compress/zx0/obj/${TYPE}/**/*.o
_DEVELOPMENT/compress/zx1/obj/${TYPE}/**/*.o
_DEVELOPMENT/compress/zx2/obj/${TYPE}/**/*.o
@classic/adt/adt.lst
_DEVELOPMENT/adt/obj/${TYPE}/**/*.o
@debug/debug.lst
@rect/rect.lst
@classic/algorithm/alg.lst
arch/z80/obj/${TYPE}/AsmCall
_DEVELOPMENT/math/fix16/obj/${TYPE}/**/*.o
@z80_crt0s/crt0.lst
