target/sam/stdio/fgetc_cons
target/sam/stdio/fputc_cons
target/sam/stdio/getk
target/sam/stdio/asm_sam_set_mode
target/sam/stdio/generic_console_cls
target/sam/stdio/generic_console_scrollup
target/sam/stdio/generic_console_vpeek
target/sam/stdio/__sam_printc
target/sam/stdio/__sam_vpeek
target/sam/stdio/ansi/f_ansi_attr
target/sam/stdio/ansi/f_ansi_bel
target/sam/stdio/ansi/f_ansi_char
target/sam/stdio/ansi/f_ansi_cls
target/sam/stdio/ansi/f_ansi_default
target/sam/stdio/ansi/f_ansi_dline
target/sam/stdio/ansi/f_ansi_restore
target/sam/stdio/ansi/f_ansi_scrollup
@target/zx/stdio/stdio.lst
target/sam/graphics/getmaxx
target/sam/graphics/getmaxy
target/sam/graphics/pixeladdress_MODE2
target/sam/graphics/pixeladdress_MODE3
target/sam/graphics/pixeladdress_MODE4
target/sam/graphics/plot_MODE2
target/sam/graphics/plot_MODE3
target/sam/graphics/plot_MODE4
target/sam/graphics/pointxy_MODE2
target/sam/graphics/pointxy_MODE3
target/sam/graphics/pointxy_MODE4
target/sam/graphics/res_MODE2
target/sam/graphics/res_MODE3
target/sam/graphics/res_MODE4
target/sam/graphics/swapgfxbk
target/sam/graphics/w_plotpixl
target/sam/graphics/w_pointxy
target/sam/graphics/w_respixl
target/sam/graphics/w_xorpixl
target/sam/graphics/xor_MODE2
target/sam/graphics/xor_MODE3
target/sam/graphics/xor_MODE4
target/zx/graphics/rowtab
target/zx-common/graphics/obj/${TARGET}/res_MODE0
target/zx-common/graphics/obj/${TARGET}/pointxy_MODE0
target/zx-common/graphics/obj/${TARGET}/xor_MODE0
target/zx-common/graphics/obj/${TARGET}/plot_MODE0
target/zx-common/graphics/obj/${TARGET}/pixladdr_MODE0
target/zx-common/graphics/obj/${TARGET}/__set_zx_pixel_colour
target/sam/variables


@stdio/ansicore.lst
@stdio/stdio.lst
target/shared/clock
@target/zx/input_zx.lst
@gfx/wide/gfx_wide.lst
target/sam/games/beeper
target/zx/games/bit_open
target/zx/games/bit_open_di
target/zx/games/bit_close
target/zx/games/bit_close_ei
@games/games.lst
@font/font_8x8/font_8x8.lst
@target/zx/spectrum.lst

