@input/spectrum.lst
stdio/sam/fgetc_cons
stdio/sam/fputc_cons
stdio/sam/getk
stdio/puts_cons
time/spectrum/clock
graphics/circle
graphics/spectrum/clg
graphics/clga
graphics/clrarea2
graphics/dcircle
graphics/draw
graphics/drawb
graphics/drawr
graphics/lbitmask
graphics/lftscrol
graphics/line
graphics/liner
graphics/lscroll
graphics/plot
graphics/plotpixl
graphics/point
graphics/pointxy
graphics/multipoint
graphics/rbitmask
graphics/respixl
graphics/rscroll
graphics/uncircle
graphics/undraw
graphics/undrawb
graphics/undrawr
graphics/unplot
graphics/drawbox
graphics/setxy
graphics/fill
graphics/dfill
graphics/getsprite
graphics/spectrum/putsprite
graphics/spectrum/bksave
graphics/spectrum/bkrestore
graphics/spectrum/rowtab
graphics/spectrum/pixladdr
graphics/sam/swapgfxbk
graphics/xorborder
graphics/xorpixl
graphics/xorplot
games/joystick
games/sam/bit_open
games/sam/bit_open_di
games/sam/bit_close
games/sam/bit_close_ei
games/bit_click
games/bit_play
games/bit_fx
games/bit_fx2
games/bit_fx3
games/bit_fx4
games/bit_synth
games/bit_frequency
games/bit_beep
games/sam/beeper
@spectrum/spectrum.lst
@z80.lst
