stdio/inkey/fgetc_cons
stdio/inkey/getk
stdio/spc1000/fputc_cons_native
stdio/spc1000/generic_console
stdio/spc1000/generic_console_ioctl
stdio/spc1000/generic_console_vpeek
stdio/spc1000/vpeek_MODE1
stdio/spc1000/vpeek_MODE2
stdio/spc1000/printc_MODE1
stdio/spc1000/printc_MODE2
stdio/spc1000/conio_vars
stdio/spc1000/CRT_FONT
stdio/spc1000/generic_console_tms9118_redirect
stdio/spc1000/generic_console_tms9118_stub
@stdio/tms9918/tms9918.lst
stdio/ansi/msx/f_ansi_scrollup_nobios
stdio/ansi/msx/f_ansi_cls_nobios
@font/font_8x8/font_8x8.lst
@stdio/stdio.lst
@input/input_keyboard.lst
arch/spc1000/tms9918
games/spc1000/joystick
games/spc1000/keys_joystick
@games/games.lst
graphics/spc1000/cleargraphics
graphics/spc1000/getmaxx
graphics/spc1000/getmaxy
graphics/spc1000/plotpixl
graphics/spc1000/respixl
graphics/spc1000/xorpixl
graphics/spc1000/pointxy
graphics/spc1000/pixladdr
graphics/spc1000/pixladdr_MODE1
graphics/spc1000/pixladdr_MODE2
graphics/spc1000/plot_MODE0
graphics/spc1000/res_MODE0
graphics/spc1000/xor_MODE0
graphics/spc1000/pointxy_MODE0
graphics/spc1000/plot_MODE1
graphics/spc1000/res_MODE1
graphics/spc1000/xor_MODE1
graphics/spc1000/pointxy_MODE1
graphics/spc1000/plot_MODE2
graphics/spc1000/res_MODE2
graphics/spc1000/xor_MODE2
graphics/spc1000/pointxy_MODE2
graphics/spc1000/swapgfxbk
graphics/spc1000/textpixl6
graphics/generic_console/div3
graphics/putsprite3
graphics/dcircle2
graphics/fill
graphics/getsprite
@gfxbase.lst
msx/gen_filvrm
msx/gen_ldirmv
msx/gen_ldirvm
msx/gen_setrd
msx/gen_setwrt
msx/gen_set_vdp_reg
msx/gen_get_vdp_reg
msx/gen_color
msx/gen_set_border
msx/gen_get_trigger
msx/msx_map_m2_block
msx/msx_map_m2_pixel
msx/msx_map_m2_subpixel
msx/gen_set_mode
msx/gen_vfill
msx/msx_vmerge
msx/msx_vpeek
msx/msx_vpoke
msx/msx_vpoke_callee
msx/gen_vram
msx/gen_vread
msx/gen_vwrite
msx/gen_vwrite_direct
@msx/genmsx.lst
psg/spc1000/set_psg
psg/spc1000/set_psg_callee
psg/spc1000/get_psg
psg/spc1000/psg_init
@psg/psg.lst
@video/mc6847/mc6847.lst
@z80.lst
