stdio/sv8000/generic_console
stdio/sv8000/generic_console_ioctl
stdio/sv8000/generic_console_vpeek
stdio/sv8000/printc_MODE1
stdio/sv8000/vpeek_MODE1
stdio/sv8000/conio_vars
stdio/sv8000/CRT_FONT
@stdio/stdio.lst
@font/font_8x8/font_8x8.lst
target/sv8000/graphics/clsgraph
target/sv8000/graphics/getmaxx
target/sv8000/graphics/getmaxy
target/sv8000/graphics/plotpixl
target/sv8000/graphics/respixl
target/sv8000/graphics/xorpixl
target/sv8000/graphics/pointxy
target/sv8000/graphics/pixladdr
target/sv8000/graphics/pixladdr_MODE1
target/sv8000/graphics/plot_MODE0
target/sv8000/graphics/res_MODE0
target/sv8000/graphics/xor_MODE0
target/sv8000/graphics/pointxy_MODE0
target/sv8000/graphics/plot_MODE1
target/sv8000/graphics/res_MODE1
target/sv8000/graphics/xor_MODE1
target/sv8000/graphics/pointxy_MODE1
graphics/swapgfxbk_foo
graphics/dcircle
graphics/clg
graphics/fill
graphics/dfill
graphics/getsprite
graphics/stencil_render2
@gfxbase.lst
psg/sv8000/set_psg
psg/sv8000/set_psg_callee
psg/sv8000/get_psg
psg/sv8000/psg_init
@psg/psg.lst
games/sv8000/joystick
games/obj/sv8000/joystick_type
@games/games.lst
@z80.lst
