stdio/msx/fgetc_cons
stdio/msx/getk
stdio/msx/fputc_cons
stdio/svi/generic_console
@stdio/tms9918/tms9918.lst
@font/font_8x8/font_8x8.lst
@stdio/ansicore.lst
stdio/ansi/msx/f_ansi_attr
stdio/ansi/msx/f_ansi_bel
stdio/ansi/msx/f_ansi_char
stdio/ansi/msx/f_ansi_cls_nobios
stdio/ansi/generic/f_ansi_dline
stdio/ansi/msx/f_ansi_scrollup_nobios
@stdio/stdio.lst
@input/input_keyboard.lst
time/msx/clock
graphics/dcircle
graphics/msx/clg
graphics/msx/pixladdr
graphics/msx/plotpixl
graphics/msx/respixl
graphics/msx/xorpixl
graphics/msx/pointxy
graphics/msx/fill
graphics/getsprite
graphics/msx/putsprite
graphics/msx/bksave
graphics/msx/bkrestore
graphics/msx/swapgfxbk
graphics/msx/stencil_render
graphics/msx/surface/surface_circle
graphics/msx/surface/surface_draw
graphics/msx/surface/surface_pixladdr
graphics/msx/surface/surface_plotpixl
graphics/msx/surface/surface_stencil_render
@gfxbase.lst
games/svi/joystick
games/svi/keys_joystick
games/msx/bit_open
games/msx/bit_open_di
games/msx/bit_close
games/msx/bit_close_ei
@games/games.lst
psg/msx/psg_init
psg/msx/get_psg
psg/msx/set_psg
psg/msx/set_psg_callee
@psg/psg.lst
@video/mc6845/mc6845.lst
rs232/svi/rs232_close
rs232/svi/rs232_get
rs232/svi/rs232_init
rs232/svi/rs232_params
rs232/svi/rs232_put
@arch/svi/arch_svi.lst
@video/tms9918/video_tms9918.lst
@z80.lst
