stdio/ticalc/fputc_cons
stdio/ticalc/fgetc_cons
stdio/ticalc/getk
stdio/ticalc/getk_decode
stdio/puts_cons
graphics/circle
graphics/ticalc/clg
graphics/clga
graphics/clrarea
graphics/dcircle
graphics/draw
graphics/drawb
graphics/drawr
graphics/lbitmask
graphics/lftscrol
graphics/line
graphics/liner
graphics/lscroll
graphics/plot
graphics/plotpixl
graphics/point
graphics/pointxy
graphics/multipoint
graphics/rbitmask
graphics/respixl
graphics/rscroll
graphics/uncircle
graphics/undraw
graphics/undrawb
graphics/undrawr
graphics/unplot
graphics/drawbox
graphics/xorborder
graphics/xorpixl
graphics/xorplot
graphics/setxy
graphics/fill
graphics/dfill
graphics/ticalc/putsprite
graphics/getsprite
graphics/ticalc/bksave
graphics/ticalc/bkrestore
graphics/ticalc/pixladdr
graphics/ticalc/swapgfxbk
games/ticalc/joystick
games/ticalc/bit_open
games/ticalc/bit_open_di
games/ticalc/bit_close
games/ticalc/bit_close_ei
games/bit_click
games/bit_play
games/bit_fx
games/bit_fx2
games/bit_fx3
games/bit_fx4
games/bit_synth
games/bit_frequency
games/bit_beep
games/beeper
@z80.lst
