@input/spectrum.lst
target/zx/stdio/fgetc_cons
target/zx/stdio/fputc_cons_rom_rst
target/ts2068/stdio/fputc_cons
target/zx/stdio/console_vars
target/zx/stdio/getk
target/zx/stdio/CRT_FONT
target/zx/stdio/CRT_FONT_64
target/zx/stdio/conio_vars
target/zx/stdio/bordercolour
target/zx/stdio/conio_map_colour
target/zx/stdio/generic_console_scrollup
target/zx/stdio/generic_console_cls
target/zx/stdio/generic_console_attrs
target/zx/stdio/generic_console_printc
target/zx/stdio/generic_console_ioctl
target/zx/stdio/generic_console_vpeek
target/zx/stdio/console_vars
@stdio/ansicore.lst
target/ts2068/stdio/ansi/f_ansi_attr
target/zx/stdio/ansi/f_ansi_bel
target/ts2068/stdio/ansi/f_ansi_char
target/ts2068/stdio/ansi/f_ansi_cls
target/ts2068/stdio/ansi/f_ansi_dline
target/ts2068/stdio/ansi/f_ansi_scrollup
@stdio/stdio.lst
target/shared/clock
target/zx/games/joystick
@games/games.lst
@target/zx/spectrum.lst
@font/font_4x8/font_4x8.lst
@font/font_8x8/font_8x8.lst
target/ts2068/ts_vmod
target/ts2068/psg/set_psg
target/ts2068/psg/set_psg_callee
target/ts2068/psg/get_psg
target/ts2068/psg/psg_init
@psg/psg.lst
@z80.lst
