stdio/vz200/fgetc_cons
stdio/vz200/fputc_cons
stdio/vz200/getk
stdio/vz200/generic_console
stdio/vz200/generic_console_ioctl
stdio/vz200/conio_vars
stdio/vz200/printc_MODE1
stdio/vz200/vpeek_MODE1
stdio/vz200/CRT_FONT
@stdio/ansicore.lst
stdio/ansi/vz200/f_ansi_attr
stdio/ansi/vz200/f_ansi_bel
stdio/ansi/vz200/f_ansi_char
stdio/ansi/vz200/f_ansi_cls
stdio/ansi/vz200/f_ansi_dline
stdio/ansi/vz200/f_ansi_scrollup
@stdio/stdio.lst
@font/font_8x8/font_8x8.lst
graphics/dcircle
graphics/clg
graphics/cclg
graphics/vz200/clsgraph
graphics/vz200/pixladdr
graphics/plotpixl
graphics/respixl
graphics/xorpixl
graphics/pointxy
graphics/fill
graphics/dfill
graphics/getsprite
graphics/stencil_render2
graphics/vz200/putsprite
graphics/vz200/bksave
graphics/vz200/bkrestore
graphics/vz200/swapgfxbk
@gfxbase.lst
games/vz/bit_open
games/vz/bit_open_di
games/vz/bit_close
games/vz/bit_close_ei
games/vz/joystick
@games/games_mwr.lst
@input/input_keyboard.lst
target/vz/vz_bgrd
target/vz/vz_brick
target/vz/vz_brick_callee
target/vz/vz_char_draw
target/vz/vz_clrscr
target/vz/vz_color
target/vz/vz_getch
target/vz/vz_gotoxy
target/vz/vz_gotoxy_callee
target/vz/vz_inch
target/vz/vz_line
target/vz/vz_line_callee
target/vz/vz_midstr
target/vz/vz_midstr_callee
target/vz/vz_mode
target/vz/vz_plot
target/vz/vz_plot_callee
target/vz/vz_point
target/vz/vz_point_callee
target/vz/vz_score
target/vz/vz_score_callee
target/vz/vz_setbase
target/vz/vz_shape
target/vz/vz_sound
target/vz/vz_sound_callee
target/vz/vz_soundcopy
target/vz/vz_soundcopy_callee
@video/mc6847/mc6847.lst
@z80.lst
