@input/spectrum.lst
target/zx/stdio/fputc_cons_fzx
target/zx/stdio/fputc_cons_rom_rst
target/zx/stdio/fgetc_cons
target/zx/stdio/fputc_cons
target/zx/stdio/conio_map_colour
target/zx/stdio/getk
target/zx/stdio/CRT_FONT
target/zx/stdio/CRT_FONT_64
target/zx/stdio/CRT_FONT_FZX
target/zx/stdio/generic_console_scrollup
target/zx/stdio/generic_console_cls
target/zx/stdio/generic_console_attrs
target/zx/stdio/generic_console_printc
target/zx/stdio/generic_console_ioctl
target/zx/stdio/generic_console_vpeek
target/zx/stdio/console_vars
target/zx/stdio/conio_vars
target/zx/stdio/bordercolour
@stdio/ansicore.lst
target/zx/stdio/ansi/f_ansi_attr
target/zx/stdio/ansi/f_ansi_bel
target/zx/stdio/ansi/f_ansi_char
target/zx/stdio/ansi/f_ansi_cls
target/zx/stdio/ansi/f_ansi_dline
target/zx/stdio/ansi/f_ansi_scrollup
@stdio/stdio.lst
target/zx/time/clock
@target/zx/gfxspectrum.lst
@font/fzx/fzx.lst
@font/font_4x8/font_4x8.lst
@font/font_8x8/font_8x8.lst
target/zx/games/joystick
target/zx/games/bit_open
target/zx/games/bit_open_di
target/zx/games/bit_close
target/zx/games/bit_close_ei
@games/games.lst
@target/zx/spectrum.lst
@target/zx/fzx/fzx.lst
target/zx/psg/set_psg
target/zx/psg/set_psg_callee
target/zx/psg/get_psg
target/zx/psg/psg_init
@psg/psg.lst
@z80.lst
