input/spectrum/in_GetKey
input/spectrum/in_GetKeyReset
input/zx81/in_Inkey
input/spectrum/in_JoyKeyboard
input/zx81/in_KeyPressed
input/zx81/in_keytranstbl
input/zx81/in_LookupKey
input/spectrum/in_MouseSim
input/spectrum/in_MouseSim_callee
input/spectrum/in_MouseSimInit
input/spectrum/in_MouseSimInit_fastcall
input/spectrum/in_MouseSimSetPos
input/spectrum/in_MouseSimSetPos_callee
input/spectrum/in_Pause
input/spectrum/in_Wait
input/spectrum/in_WaitForKey
input/spectrum/in_WaitForNoKey
input/zx81/INMouseSim
stdio/zx81/fgetc_cons
stdio/zx81/getk
stdio/ansi/puts_cons
stdio/ansi/f_ansi
stdio/ansi/f_ansi_lf
stdio/ansi/f_ansi_putc
stdio/ansi/fputc_cons
stdio/ansi/f_ansi_dsr6
stdio/ansi/zx81/f_ansi_attr
stdio/ansi/zx81/f_ansi_bel
stdio/ansi/zx81/f_ansi_char
stdio/ansi/zx81/f_ansi_cls
stdio/ansi/zx81/f_ansi_dline
stdio/ansi/zx81/f_ansi_scrollup
time/zx81/clock
games/joystick
zx81/cnvtab
zx81/copytxt
zx81/invtxt
zx81/mirrortxt
zx81/_clg_hr
zx81/zx_basic_length.asm
zx81/zx_getstr.asm
zx81/zx_getstr_callee.asm
zx81/zx_line.asm
zx81/zx_setstr.asm
zx81/zx_setstr_callee.asm
zx81/zx_var_length.asm
zx81/zx81toasc
zx81/asctozx81
zx81/zx_ascii
zx81/ascii_zx
zx81/zx_asciimode
zx81/zx_fast
zx81/zx_slow
@z80.lst
