@classic/gfx/common/gfx_common.lst
classic/gfx/narrow/obj/${TARGET}/__ansichar_4x4
classic/gfx/narrow/obj/${TARGET}/__gfx_coords
classic/gfx/narrow/obj/${TARGET}/bkrestore3
classic/gfx/narrow/obj/${TARGET}/bksave2
classic/gfx/narrow/obj/${TARGET}/circle
classic/gfx/narrow/obj/${TARGET}/circle_callee
classic/gfx/narrow/obj/${TARGET}/__generic_clrarea
classic/gfx/narrow/obj/${TARGET}/clga
classic/gfx/narrow/obj/${TARGET}/clga_callee
classic/gfx/narrow/obj/${TARGET}/clrarea
classic/gfx/narrow/obj/${TARGET}/clsgraph
classic/gfx/narrow/obj/${TARGET}/dcircle
classic/gfx/narrow/obj/${TARGET}/dfill2
classic/gfx/narrow/obj/${TARGET}/draw
classic/gfx/narrow/obj/${TARGET}/draw_callee
classic/gfx/narrow/obj/${TARGET}/drawb
classic/gfx/narrow/obj/${TARGET}/drawb_callee
classic/gfx/narrow/obj/${TARGET}/drawbox
classic/gfx/narrow/obj/${TARGET}/drawr
classic/gfx/narrow/obj/${TARGET}/drawr_callee
classic/gfx/narrow/obj/${TARGET}/draw
classic/gfx/narrow/obj/${TARGET}/drawto_callee
classic/gfx/narrow/obj/${TARGET}/drawto
classic/gfx/narrow/obj/${TARGET}/fill
classic/gfx/narrow/obj/${TARGET}/fillarea
classic/gfx/narrow/obj/${TARGET}/fillb
classic/gfx/narrow/obj/${TARGET}/fillb_callee
classic/gfx/narrow/obj/${TARGET}/getsprite
classic/gfx/narrow/obj/${TARGET}/getx
classic/gfx/narrow/obj/${TARGET}/gety
classic/gfx/narrow/obj/${TARGET}/hline_dither
classic/gfx/narrow/obj/${TARGET}/line
classic/gfx/narrow/obj/${TARGET}/liner
classic/gfx/narrow/obj/${TARGET}/lscroll_1px
classic/gfx/narrow/obj/${TARGET}/lscroll_2px
classic/gfx/narrow/obj/${TARGET}/lscroll_4px
classic/gfx/narrow/obj/${TARGET}/lscroll_8px
classic/gfx/narrow/obj/${TARGET}/move
classic/gfx/narrow/obj/${TARGET}/multipoint
classic/gfx/narrow/obj/${TARGET}/multipoint_callee
classic/gfx/narrow/obj/${TARGET}/plot
classic/gfx/narrow/obj/${TARGET}/plot_callee
classic/gfx/narrow/obj/${TARGET}/plotpixl
classic/gfx/narrow/obj/${TARGET}/point
classic/gfx/narrow/obj/${TARGET}/point_callee
classic/gfx/narrow/obj/${TARGET}/pointxy
classic/gfx/narrow/obj/${TARGET}/putc4x6
classic/gfx/narrow/obj/${TARGET}/__generic_putsprite
classic/gfx/narrow/obj/${TARGET}/putsprite2
classic/gfx/narrow/obj/${TARGET}/respixl
classic/gfx/narrow/obj/${TARGET}/rscroll_1px
classic/gfx/narrow/obj/${TARGET}/rscroll_2px
classic/gfx/narrow/obj/${TARGET}/rscroll_4px
classic/gfx/narrow/obj/${TARGET}/rscroll_8px
classic/gfx/narrow/obj/${TARGET}/scrollup_1px
classic/gfx/narrow/obj/${TARGET}/scrollup_4px
classic/gfx/narrow/obj/${TARGET}/setpos
classic/gfx/narrow/obj/${TARGET}/setpos_callee
classic/gfx/narrow/obj/${TARGET}/setxy
classic/gfx/narrow/obj/${TARGET}/stencil_add_circle
classic/gfx/narrow/obj/${TARGET}/stencil_add_liner
classic/gfx/narrow/obj/${TARGET}/stencil_add_lineto
classic/gfx/narrow/obj/${TARGET}/stencil_add_pixel
classic/gfx/narrow/obj/${TARGET}/stencil_add_point
classic/gfx/narrow/obj/${TARGET}/stencil_add_side
classic/gfx/narrow/obj/${TARGET}/stencil_init
classic/gfx/narrow/obj/${TARGET}/__generic_stencil_render
classic/gfx/narrow/obj/${TARGET}/stencil_render2
classic/gfx/narrow/obj/${TARGET}/uncircle
classic/gfx/narrow/obj/${TARGET}/uncircle_callee
classic/gfx/narrow/obj/${TARGET}/undraw
classic/gfx/narrow/obj/${TARGET}/undraw_callee
classic/gfx/narrow/obj/${TARGET}/undrawb
classic/gfx/narrow/obj/${TARGET}/undrawb_callee
classic/gfx/narrow/obj/${TARGET}/undrawr
classic/gfx/narrow/obj/${TARGET}/undrawr_callee
classic/gfx/narrow/obj/${TARGET}/undraw
classic/gfx/narrow/obj/${TARGET}/undrawto_callee
classic/gfx/narrow/obj/${TARGET}/undrawto
classic/gfx/narrow/obj/${TARGET}/unplot
classic/gfx/narrow/obj/${TARGET}/unplot_callee
classic/gfx/narrow/obj/${TARGET}/xorborder
classic/gfx/narrow/obj/${TARGET}/xorborder_callee
classic/gfx/narrow/obj/${TARGET}/xorcircle
classic/gfx/narrow/obj/${TARGET}/xorcircle_callee
classic/gfx/narrow/obj/${TARGET}/xorclga
classic/gfx/narrow/obj/${TARGET}/xorclga_callee
classic/gfx/narrow/obj/${TARGET}/xorclrarea
classic/gfx/narrow/obj/${TARGET}/xordraw
classic/gfx/narrow/obj/${TARGET}/xordraw_callee
classic/gfx/narrow/obj/${TARGET}/xordrawb
classic/gfx/narrow/obj/${TARGET}/xordrawb_callee
classic/gfx/narrow/obj/${TARGET}/xordrawr
classic/gfx/narrow/obj/${TARGET}/xordrawr_callee
classic/gfx/narrow/obj/${TARGET}/xordraw
classic/gfx/narrow/obj/${TARGET}/xordrawto_callee
classic/gfx/narrow/obj/${TARGET}/xorpixl
classic/gfx/narrow/obj/${TARGET}/xorplot
classic/gfx/narrow/obj/${TARGET}/xorplot_callee
classic/gfx/narrow/obj/${TARGET}/c_plotpixel
classic/gfx/narrow/obj/${TARGET}/c_respixel
classic/gfx/narrow/obj/${TARGET}/c_pointxy
classic/gfx/narrow/obj/${TARGET}/c_xorpixel
