target/trs80/obj/trs80/x/target/trs80/stdio/fgetc_cons.o
target/trs80/obj/trs80/x/target/trs80/stdio/fputc_cons.o
target/trs80/obj/trs80/x/target/trs80/stdio/getk.o
target/trs80/obj/trs80/x/target/trs80/stdio/generic_console.o
target/trs80/obj/trs80/x/target/trs80/stdio/generic_console_ioctl.o
target/trs80/obj/trs80/x/target/trs80/stdio/conio_map_colour.o
target/trs80/obj/trs80/x/target/trs80/stdio/CRT_FONT.o
@classic/stdio/stdio.lst

@classic/input/input_keyboard.lst
target/trs80/obj/trs80/x/target/trs80/psg/set_psg.o
target/trs80/obj/trs80/x/target/trs80/psg/set_psg_callee.o
target/trs80/obj/trs80/x/target/trs80/psg/get_psg.o
target/trs80/obj/trs80/x/target/trs80/psg/psg_init.o
sound/ay/obj/${TYPE}/**/*.o
target/trs80/obj/trs80/x/target/trs80/games/bit_open.o
target/trs80/obj/trs80/x/target/trs80/games/bit_open_di.o
target/trs80/obj/trs80/x/target/trs80/games/bit_close.o
target/trs80/obj/trs80/x/target/trs80/games/bit_close_ei.o
target/trs80/obj/trs80/x/target/trs80/games/keys_joystick.o
classic/games/obj/${TARGET}/playzb4
@classic/games/games.lst
@classic/video/mc6845/mc6845.lst

