errno
trsdos
trsdos_callee
trsdos_tst
trsdos_tst_callee
trsdos_get
target/trs80/obj/trs80/target/trs80/fcntl/syserrlist.o
target/trs80/obj/trs80/target/trs80/fcntl/initdcb.o
target/trs80/obj/trs80/target/trs80/fcntl/genspec.o
target/trs80/obj/trs80/target/trs80/fcntl/addext.o
target/trs80/obj/trs80/target/trs80/fcntl/open.o
target/trs80/obj/trs80/target/trs80/fcntl/close.o
target/trs80/obj/trs80/target/trs80/fcntl/creat.o
target/trs80/obj/trs80/x/target/trs80/fcntl/fsync.o
target/trs80/obj/trs80/target/trs80/fcntl/readbyte.o
target/trs80/obj/trs80/target/trs80/fcntl/writebyte.o
target/trs80/obj/trs80/target/trs80/fcntl/read.o
target/trs80/obj/trs80/target/trs80/fcntl/write.o
target/trs80/obj/trs80/target/trs80/fcntl/remove.o
target/trs80/obj/trs80/target/trs80/fcntl/lseek.o
