ASxxxx Linker V03.00 + NoICE + sdld,  page 1.
Hexadecimal  [32-Bits]

Area                                    Addr        Size        Decimal Bytes (Attributes)
--------------------------------        ----        ----        ------- ----- ------------
.  .ABS.                            00000000    00000000 =           0. bytes (ABS,CON)

      Value  Global                              Global Defined In Module
      -----  --------------------------------   ------------------------
     00000000  .__.ABS.                           
     00000000  l__BSEG                         
     00000000  l__BSS                          
     00000000  l__CABS                         
     00000000  l__DABS                         
     00000000  l__HEADER                       
     00000000  l__HEAP                         
     00000000  l__HOME                         
     00000000  s__CABS                         
     00000000  s__DABS                         
     00000000  s__HEADER                       
     00000000  s__HEADER0                      
     00000000  s__HEADER1                      
     00000000  s__HEADER2                      
     00000000  s__HEADER3                      
     00000000  s__HEADER4                      
     00000000  s__HEADER5                      
     00000000  s__HEADER6                      
     00000000  s__HEADER7                      
     00000000  s__HEADER8                      
     00000001  l__GSFINAL                      
     00000002  l__HEADER1                      
     00000002  l__HEADER2                      
     00000002  l__HEADER3                      
     00000002  l__HEADER4                      
     00000002  l__HEADER5                      
     00000002  l__HEADER6                      
     00000002  l__HEADER7                      
     00000002  l__INITIALIZED                  
     00000002  l__INITIALIZER                  
     00000003  l__HEADER0                      
     0000000C  l__HEADER8                      
     0000000F  l__GSINIT                       
     00000200  s__CODE                         
     0000071C  l__CODE                         
     0000091C  s__HOME                         
     0000091C  s__INITIALIZER                  
     0000091E  s__GSINIT                       
     0000092D  s__GSFINAL                      
     00001454  l__DATA                         
     00008000  s__DATA                         
     00009454  s__INITIALIZED                  
     00009456  s__BSEG                         
     00009456  s__BSS                          
     00009456  s__HEAP                         
ASxxxx Linker V03.00 + NoICE + sdld,  page 2.
Hexadecimal  [32-Bits]

Area                                    Addr        Size        Decimal Bytes (Attributes)
--------------------------------        ----        ----        ------- ----- ------------
_CODE                               00000200    0000071C =        1820. bytes (REL,CON)

      Value  Global                              Global Defined In Module
      -----  --------------------------------   ------------------------
     00000200  __clock                            crt0
     00000204  _exit                              crt0
     0000020A  _main                              dhry_1
     00000474  _Proc_1                            dhry_1
     0000052D  _Proc_2                            dhry_1
     00000577  _Proc_3                            dhry_1
     000005B7  _Proc_4                            dhry_1
     000005DE  _Proc_5                            dhry_1
     000005EA  _Proc_6                            dhry_2
     00000656  _Proc_7                            dhry_2
     0000067C  _Proc_8                            dhry_2
     0000077D  _Func_1                            dhry_2
     00000794  _Func_2                            dhry_2
     0000082B  _Func_3                            dhry_2
     0000083C  __mulint                           
     00000842  __mul16                            
     00000856  _strcmp                            _strcmp
     00000893  __divsint                          
     0000089C  __divschar                         
     000008A3  __div8                             
     000008A7  __div_signexte                     
     000008AB  __div16                            
     000008D1  __get_remainder                    
     000008DB  __divuint                          
     000008E3  __divuchar                         
     000008EA  __divu8                            
     000008ED  __divu16                           
ASxxxx Linker V03.00 + NoICE + sdld,  page 3.
Hexadecimal  [32-Bits]

Area                                    Addr        Size        Decimal Bytes (Attributes)
--------------------------------        ----        ----        ------- ----- ------------
_HEADER0                            00000000    00000003 =           3. bytes (ABS,CON)

      Value  Global                              Global Defined In Module
      -----  --------------------------------   ------------------------
ASxxxx Linker V03.00 + NoICE + sdld,  page 4.
Hexadecimal  [32-Bits]

Area                                    Addr        Size        Decimal Bytes (Attributes)
--------------------------------        ----        ----        ------- ----- ------------
_HEADER1                            00000000    00000002 =           2. bytes (ABS,CON)

      Value  Global                              Global Defined In Module
      -----  --------------------------------   ------------------------
ASxxxx Linker V03.00 + NoICE + sdld,  page 5.
Hexadecimal  [32-Bits]

Area                                    Addr        Size        Decimal Bytes (Attributes)
--------------------------------        ----        ----        ------- ----- ------------
_HEADER2                            00000000    00000002 =           2. bytes (ABS,CON)

      Value  Global                              Global Defined In Module
      -----  --------------------------------   ------------------------
ASxxxx Linker V03.00 + NoICE + sdld,  page 6.
Hexadecimal  [32-Bits]

Area                                    Addr        Size        Decimal Bytes (Attributes)
--------------------------------        ----        ----        ------- ----- ------------
_HEADER3                            00000000    00000002 =           2. bytes (ABS,CON)

      Value  Global                              Global Defined In Module
      -----  --------------------------------   ------------------------
ASxxxx Linker V03.00 + NoICE + sdld,  page 7.
Hexadecimal  [32-Bits]

Area                                    Addr        Size        Decimal Bytes (Attributes)
--------------------------------        ----        ----        ------- ----- ------------
_HEADER4                            00000000    00000002 =           2. bytes (ABS,CON)

      Value  Global                              Global Defined In Module
      -----  --------------------------------   ------------------------
ASxxxx Linker V03.00 + NoICE + sdld,  page 8.
Hexadecimal  [32-Bits]

Area                                    Addr        Size        Decimal Bytes (Attributes)
--------------------------------        ----        ----        ------- ----- ------------
_HEADER5                            00000000    00000002 =           2. bytes (ABS,CON)

      Value  Global                              Global Defined In Module
      -----  --------------------------------   ------------------------
ASxxxx Linker V03.00 + NoICE + sdld,  page 9.
Hexadecimal  [32-Bits]

Area                                    Addr        Size        Decimal Bytes (Attributes)
--------------------------------        ----        ----        ------- ----- ------------
_HEADER6                            00000000    00000002 =           2. bytes (ABS,CON)

      Value  Global                              Global Defined In Module
      -----  --------------------------------   ------------------------
ASxxxx Linker V03.00 + NoICE + sdld,  page 10.
Hexadecimal  [32-Bits]

Area                                    Addr        Size        Decimal Bytes (Attributes)
--------------------------------        ----        ----        ------- ----- ------------
_HEADER7                            00000000    00000002 =           2. bytes (ABS,CON)

      Value  Global                              Global Defined In Module
      -----  --------------------------------   ------------------------
ASxxxx Linker V03.00 + NoICE + sdld,  page 11.
Hexadecimal  [32-Bits]

Area                                    Addr        Size        Decimal Bytes (Attributes)
--------------------------------        ----        ----        ------- ----- ------------
_HEADER8                            00000000    0000000C =          12. bytes (ABS,CON)

      Value  Global                              Global Defined In Module
      -----  --------------------------------   ------------------------
ASxxxx Linker V03.00 + NoICE + sdld,  page 12.
Hexadecimal  [32-Bits]

Area                                    Addr        Size        Decimal Bytes (Attributes)
--------------------------------        ----        ----        ------- ----- ------------
_INITIALIZER                        0000091C    00000002 =           2. bytes (REL,CON)

      Value  Global                              Global Defined In Module
      -----  --------------------------------   ------------------------
ASxxxx Linker V03.00 + NoICE + sdld,  page 13.
Hexadecimal  [32-Bits]

Area                                    Addr        Size        Decimal Bytes (Attributes)
--------------------------------        ----        ----        ------- ----- ------------
_GSINIT                             0000091E    0000000F =          15. bytes (REL,CON)

      Value  Global                              Global Defined In Module
      -----  --------------------------------   ------------------------
     0000091E  gsinit                             crt0

ASxxxx Linker V03.00 + NoICE + sdld,  page 14.
Hexadecimal  [32-Bits]

Area                                    Addr        Size        Decimal Bytes (Attributes)
--------------------------------        ----        ----        ------- ----- ------------
_GSFINAL                            0000092D    00000001 =           1. bytes (REL,CON)

      Value  Global                              Global Defined In Module
      -----  --------------------------------   ------------------------
ASxxxx Linker V03.00 + NoICE + sdld,  page 15.
Hexadecimal  [32-Bits]

Area                                    Addr        Size        Decimal Bytes (Attributes)
--------------------------------        ----        ----        ------- ----- ------------
_DATA                               00008000    00001454 =        5204. bytes (REL,CON)

      Value  Global                              Global Defined In Module
      -----  --------------------------------   ------------------------
     00008000  _Ptr_Glob                          dhry_1
     00008002  _Next_Ptr_Glob                     dhry_1
     00008004  _Int_Glob                          dhry_1
     00008006  _Bool_Glob                         dhry_1
     00008008  _Ch_1_Glob                         dhry_1
     00008009  _Ch_2_Glob                         dhry_1
     0000800A  _Arr_1_Glob                        dhry_1
     0000806E  _Arr_2_Glob                        dhry_1
     000093F6  _Begin_Time                        dhry_1
     000093FA  _End_Time                          dhry_1
     000093FE  _User_Time                         dhry_1
     00009402  _Microseconds                      dhry_1
     00009406  _Dhrystones_Per_Second             dhry_1
     0000940A  _malloc_1                          dhry_1
     0000942F  _malloc_2                          dhry_1
ASxxxx Linker V03.00 + NoICE + sdld,  page 16.
Hexadecimal  [32-Bits]

Area                                    Addr        Size        Decimal Bytes (Attributes)
--------------------------------        ----        ----        ------- ----- ------------
_INITIALIZED                        00009454    00000002 =           2. bytes (REL,CON)

      Value  Global                              Global Defined In Module
      -----  --------------------------------   ------------------------
     00009454  _Regb                              dhry_1

ASxxxx Linker V03.00 + NoICE + sdld,  page 17.

Files Linked                              [ module(s) ]

c:\Projects\z80\sdcc-code\sdcc\bin\..\lib\z80\crt0.rel
                                          [ crt0 ]
dhry_1.rel                                [ dhry_1 ]
dhry_2.rel                                [ dhry_2 ]


Libraries Linked                          [ object file ]

c:\Projects\z80\sdcc-code\sdcc\bin\..\lib\z80/z80.lib
                                          [ mul.rel ]
c:\Projects\z80\sdcc-code\sdcc\bin\..\lib\z80/z80.lib
                                          [ _strcmp.rel ]
c:\Projects\z80\sdcc-code\sdcc\bin\..\lib\z80/z80.lib
                                          [ divsigned.rel ]
c:\Projects\z80\sdcc-code\sdcc\bin\..\lib\z80/z80.lib
                                          [ divunsigned.rel ]

ASxxxx Linker V03.00 + NoICE + sdld,  page 18.

User Base Address Definitions

_CODE = 0x0200
_DATA = 0x8000

