target/msx/obj/msx/x/target/msx/stdio/fgetc_cons.o
target/msx/obj/msx/x/target/msx/stdio/getk.o
target/msx/obj/msx/x/target/msx/stdio/fputc_cons.o
target/msx/obj/msx/x/target/msx/fcntl/msxdos1/__bdos.o

@classic/stdio/ansicore.lst
@classic/video/tms9918/video_tms9918.lst
@classic/stdio/stdio_binary.lst
target/msx/obj/msx/x/target/msx/time/clock.o
target/msx/obj/msx/x/target/msx/time/time.o
target/msx/obj/msx/x/target/msx/time/target_read_structtm.o
@target/cpm/fcntl/fcntl.lst
@classic/gfx/narrow/gfx_narrow.lst
target/msx/obj/msx/x/target/msx/psg/playzb4.o
target/msx/obj/msx/x/target/msx/psg/psg_init.o
target/msx/obj/msx/x/target/msx/psg/get_psg.o
target/msx/obj/msx/x/target/msx/psg/set_psg.o
target/msx/obj/msx/x/target/msx/psg/set_psg_callee.o
target/msx/obj/msx/x/target/msx/psg/asm_wyz_hardware_out.o
target/msx/obj/msx/x/target/msx/psg/asm_vt2_hardware_out.o
target/msx/obj/msx/x/target/msx/psg/asm_arkos_msx_smc.o
target/msx/obj/msx/x/target/msx/psg/asm_arkos_msx_rom.o
sound/ay/obj/${TYPE}/**/*.o
target/msx/obj/msx/x/target/msx/games/joystick.o
target/msx/obj/msx/x/target/msx/games/bit_open.o
target/msx/obj/msx/x/target/msx/games/bit_open_di.o
target/msx/obj/msx/x/target/msx/games/bit_close.o
target/msx/obj/msx/x/target/msx/games/bit_close_ei.o
@classic/games/games.lst
@target/msx/arch_msx.lst
target/msx/obj/msx/x/target/msx/far/**
