target/cpm/obj/${TYPE}/x/target/cpm/stdio/fgetc_cons.o
target/cpm/obj/${TYPE}/x/target/cpm/stdio/getk.o
target/cpm/obj/${TYPE}/x/target/cpm/stdio/fputc_cons.o
target/cpm/obj/${TYPE}/x/target/cpm/stdio/generic_console.o
target/cpm/obj/${TYPE}/x/target/cpm/stdio/generic_console_vt52.o
target/cpm/obj/${TYPE}/x/target/cpm/stdio/generic_console_h19.o
target/cpm/obj/${TYPE}/target/cpm/stdio/stdpun_dev.o
target/cpm/obj/${TYPE}/target/cpm/stdio/stdrdr_dev.o
target/cpm/obj/${TYPE}/target/cpm/stdio/stdlst_dev.o
target/cpm/obj/${TYPE}/x/target/cpm/cpm/__bdos.o
@classic/stdio/stdio_binary.lst

target/cpm/obj/${TYPE}/x/target/cpm/time/clock.o
target/cpm/obj/${TYPE}/x/target/cpm/time/time.o
target/cpm/obj/${TYPE}/x/target/cpm/cpm/subuserf.o
target/cpm/obj/${TYPE}/x/target/cpm/cpm/a_statusline.o
target/cpm/obj/${TYPE}/x/target/cpm/cpm/a_border.o
target/cpm/obj/${TYPE}/x/target/cpm/cpm/a_paper.o
target/cpm/obj/${TYPE}/x/target/cpm/cpm/a_ink.o
target/cpm/obj/${TYPE}/x/target/cpm/cpm/a_curx.o
target/cpm/obj/${TYPE}/x/target/cpm/cpm/a_cury.o
target/cpm/obj/${TYPE}/x/target/cpm/cpm/a_machine.o
target/cpm/obj/${TYPE}/x/target/cpm/cpm/a_machinever.o
target/cpm/obj/${TYPE}/x/target/cpm/cpm/a_biosver.o
target/cpm/obj/${TYPE}/x/target/cpm/cpm/a_memsize.o
target/cpm/obj/${TYPE}/x/target/cpm/cpm/a_driveb.o
target/cpm/obj/${TYPE}/x/target/cpm/cpm/a_serialport.o
target/cpm/obj/${TYPE}/x/target/cpm/cpm/a_keyspeed.o
target/cpm/obj/${TYPE}/x/target/cpm/cpm/cpm_platform_init.o
@target/cpm/fcntl/fcntl.lst
@target/cpm/gsx.lst
target/cpm/obj/${TYPE}/x/target/cpm/cpm/execl.o
target/cpm/obj/${TYPE}/x/target/cpm/cpm/playzb4.o
target/cpm/obj/${TYPE}/x/target/cpm/stdio/joystick.o

