target/cpm/obj/${TYPE}/target/cpm/graphics/clg.o
target/cpm/obj/${TYPE}/x/target/cpm/graphics/getmaxx.o
target/cpm/obj/${TYPE}/x/target/cpm/graphics/getmaxy.o
target/cpm/obj/${TYPE}/target/cpm/graphics/clga.o
classic/gfx/retrofit/obj/${TYPE}/clga_callee
target/cpm/obj/${TYPE}/target/cpm/graphics/xorclga.o
classic/gfx/retrofit/obj/${TYPE}/xorclga_callee
target/cpm/obj/${TYPE}/target/cpm/graphics/draw.o
classic/gfx/retrofit/obj/${TYPE}/draw_callee
target/cpm/obj/${TYPE}/target/cpm/graphics/drawb.o
classic/gfx/retrofit/obj/${TYPE}/drawb_callee
target/cpm/obj/${TYPE}/target/cpm/graphics/drawr.o
classic/gfx/retrofit/obj/${TYPE}/drawr_callee
target/cpm/obj/${TYPE}/target/cpm/graphics/drawto.o
classic/gfx/retrofit/obj/${TYPE}/drawto_callee
target/cpm/obj/${TYPE}/target/cpm/graphics/undraw.o
classic/gfx/retrofit/obj/${TYPE}/undraw_callee
target/cpm/obj/${TYPE}/target/cpm/graphics/undrawb.o
classic/gfx/retrofit/obj/${TYPE}/undrawb_callee
target/cpm/obj/${TYPE}/target/cpm/graphics/undrawr.o
classic/gfx/retrofit/obj/${TYPE}/undrawr_callee
target/cpm/obj/${TYPE}/target/cpm/graphics/undrawto.o
classic/gfx/retrofit/obj/${TYPE}/undrawto_callee
target/cpm/obj/${TYPE}/target/cpm/graphics/xordraw.o
classic/gfx/retrofit/obj/${TYPE}/xordraw_callee
target/cpm/obj/${TYPE}/target/cpm/graphics/xordrawb.o
classic/gfx/retrofit/obj/${TYPE}/xordrawb_callee
target/cpm/obj/${TYPE}/target/cpm/graphics/xorborder.o
classic/gfx/retrofit/obj/${TYPE}/xorborder_callee
target/cpm/obj/${TYPE}/target/cpm/graphics/xordrawr.o
classic/gfx/retrofit/obj/${TYPE}/xordrawr_callee
target/cpm/obj/${TYPE}/target/cpm/graphics/xordrawto.o
classic/gfx/retrofit/obj/${TYPE}/xordrawto_callee
target/cpm/obj/${TYPE}/target/cpm/graphics/setxy.o
target/cpm/obj/${TYPE}/target/cpm/graphics/plot.o
classic/gfx/retrofit/obj/${TYPE}/plot_callee
target/cpm/obj/${TYPE}/target/cpm/graphics/unplot.o
classic/gfx/retrofit/obj/${TYPE}/unplot_callee
target/cpm/obj/${TYPE}/target/cpm/graphics/xorplot.o
classic/gfx/retrofit/obj/${TYPE}/xorplot_callee
target/cpm/obj/${TYPE}/x/target/cpm/graphics/w_putsprite3.o
classic/gfx/retrofit/obj/${TYPE}/w_plotpixl
classic/gfx/retrofit/obj/${TYPE}/w_respixl
classic/gfx/retrofit/obj/${TYPE}/w_setxy
target/cpm/obj/${TYPE}/target/cpm/graphics/move.o
target/cpm/obj/${TYPE}/target/cpm/graphics/putc_gsx.o
target/cpm/obj/${TYPE}/target/cpm/graphics/stencil_render.o
classic/gfx/wide/obj/${TARGET}/draw_profile_vy
classic/gfx/wide/obj/${TARGET}/stencil_init_vy
classic/gfx/wide/obj/${TARGET}/stencil_add_pixel_vy
@classic/gfx/wide/gfx_wide.lst
