stdlib/obj/r2k/abs
stdlib/obj/r2k/atexit
stdlib/obj/r2k/atoi
stdlib/obj/r2k/atol
stdlib/obj/r2k/bpeek
stdlib/obj/r2k/bpoke
stdlib/obj/r2k/bpoke_callee
stdlib/obj/r2k/exit
stdlib/obj/r2k/extract_bits
stdlib/obj/r2k/extract_bits_callee
stdlib/obj/r2k/extract_bits_sub
stdlib/obj/r2k/inp
stdlib/obj/r2k/isqrt
stdlib/obj/r2k/itoa
stdlib/obj/r2k/itoa_callee
stdlib/obj/r2k/l_bsearch
stdlib/obj/r2k/l_bsearch_callee
stdlib/obj/r2k/l_qsort
stdlib/obj/r2k/l_qsort_callee
stdlib/obj/r2k/labs
stdlib/obj/r2k/labs_callee
stdlib/obj/r2k/Lbsearch
stdlib/obj/r2k/Lqsort
stdlib/obj/r2k/ltoa
stdlib/obj/r2k/ltoa_callee
stdlib/obj/r2k/outp
stdlib/obj/r2k/outp_callee
stdlib/obj/r2k/qsort_sccz80
stdlib/obj/r2k/qsort_sccz80_callee
stdlib/obj/r2k/qsort_sdcc
stdlib/obj/r2k/qsort_sdcc_callee
stdlib/obj/r2k/rand
stdlib/obj/r2k/randomize
stdlib/obj/r2k/strtol
stdlib/obj/r2k/strtol_callee
stdlib/obj/r2k/strtoul
stdlib/obj/r2k/swapendian
stdlib/obj/r2k/ultoa
stdlib/obj/r2k/ultoa_callee
stdlib/obj/r2k/utoa
stdlib/obj/r2k/utoa_callee
stdlib/obj/r2k/wpeek
stdlib/obj/r2k/wpoke
stdlib/obj/r2k/wpoke_callee
stdlib/obj/r2k/getopt
stdlib/obj/r2k/delay
stdlib/obj/r2k/t_delay
stdlib/obj/r2k/sleep
stdlib/obj/r2k/csleep
stdlib/obj/r2k/wcmatch
stdlib/obj/r2k/unbcd
