stdlib/obj/ixiy/abs
stdlib/obj/ixiy/atexit
stdlib/obj/ixiy/atoi
stdlib/obj/ixiy/atol
stdlib/obj/ixiy/bpeek
stdlib/obj/ixiy/bpoke
stdlib/obj/ixiy/bpoke_callee
stdlib/obj/ixiy/exit
stdlib/obj/ixiy/extract_bits
stdlib/obj/ixiy/extract_bits_callee
stdlib/obj/ixiy/extract_bits_sub
stdlib/obj/ixiy/inp
stdlib/obj/ixiy/isqrt
stdlib/obj/ixiy/itoa
stdlib/obj/ixiy/itoa_callee
stdlib/obj/ixiy/l_bsearch
stdlib/obj/ixiy/l_bsearch_callee
stdlib/obj/ixiy/l_qsort
stdlib/obj/ixiy/l_qsort_callee
stdlib/obj/ixiy/labs
stdlib/obj/ixiy/labs_callee
stdlib/obj/ixiy/Lbsearch
stdlib/obj/ixiy/Lqsort
stdlib/obj/ixiy/ltoa
stdlib/obj/ixiy/ltoa_callee
stdlib/obj/ixiy/outp
stdlib/obj/ixiy/outp_callee
stdlib/obj/ixiy/qsort_sccz80
stdlib/obj/ixiy/qsort_sccz80_callee
stdlib/obj/ixiy/qsort_sdcc
stdlib/obj/ixiy/qsort_sdcc_callee
stdlib/obj/ixiy/rand
stdlib/obj/ixiy/randomize
stdlib/obj/ixiy/strtol
stdlib/obj/ixiy/strtol_callee
stdlib/obj/ixiy/strtoul
stdlib/obj/ixiy/swapendian
stdlib/obj/ixiy/ultoa
stdlib/obj/ixiy/ultoa_callee
stdlib/obj/ixiy/utoa
stdlib/obj/ixiy/utoa_callee
stdlib/obj/ixiy/wpeek
stdlib/obj/ixiy/wpoke
stdlib/obj/ixiy/wpoke_callee
stdlib/obj/ixiy/getopt
stdlib/obj/ixiy/delay
stdlib/obj/ixiy/t_delay
stdlib/obj/ixiy/sleep
stdlib/obj/ixiy/csleep
stdlib/obj/ixiy/wcmatch
stdlib/obj/ixiy/unbcd
