stdlib/obj/${TYPE}/abs
stdlib/obj/${TYPE}/atoi
stdlib/obj/${TYPE}/atol
stdlib/obj/${TYPE}/itoa
stdlib/obj/${TYPE}/itoa_callee
stdlib/obj/${TYPE}/labs
stdlib/obj/${TYPE}/ltoa
stdlib/obj/${TYPE}/ltoa_callee
stdlib/obj/${TYPE}/strtol
stdlib/obj/${TYPE}/strtol_callee
stdlib/obj/${TYPE}/strtoul
stdlib/obj/${TYPE}/strtoul_callee
stdlib/obj/${TYPE}/ultoa
stdlib/obj/${TYPE}/ultoa_callee
stdlib/obj/${TYPE}/utoa
stdlib/obj/${TYPE}/utoa_callee
stdlib/obj/${TYPE}/_div_
stdlib/obj/${TYPE}/_div__callee
stdlib/obj/${TYPE}/_divu_
stdlib/obj/${TYPE}/_divu__callee
stdlib/obj/${TYPE}/_ldiv_
stdlib/obj/${TYPE}/_ldiv__callee
stdlib/obj/${TYPE}/_ldivu_
stdlib/obj/${TYPE}/_ldivu__callee
stdlib/obj/${TYPE}/_strtoi_
stdlib/obj/${TYPE}/_strtoi__callee
stdlib/obj/${TYPE}/_strtou_
stdlib/obj/${TYPE}/_strtou__callee
stdlib/obj/${TYPE}/asm_abs
stdlib/obj/${TYPE}/asm_atoi
stdlib/obj/${TYPE}/asm_atol
stdlib/obj/${TYPE}/asm_atoll
stdlib/obj/${TYPE}/asm_itoa
stdlib/obj/${TYPE}/asm_labs
stdlib/obj/${TYPE}/asm_llabs
stdlib/obj/${TYPE}/asm_lltoa
stdlib/obj/${TYPE}/asm_ltoa
stdlib/obj/${TYPE}/asm_strtol
stdlib/obj/${TYPE}/asm_strtoll
stdlib/obj/${TYPE}/asm_strtoul
stdlib/obj/${TYPE}/asm_strtoull
stdlib/obj/${TYPE}/asm_ulltoa
stdlib/obj/${TYPE}/asm_ultoa
stdlib/obj/${TYPE}/asm_utoa
stdlib/obj/${TYPE}/asm__div
stdlib/obj/${TYPE}/asm__divu
stdlib/obj/${TYPE}/asm__ldiv
stdlib/obj/${TYPE}/asm__ldivu
stdlib/obj/${TYPE}/asm__lldiv
stdlib/obj/${TYPE}/asm__lldivu
stdlib/obj/${TYPE}/asm__strtoi
stdlib/obj/${TYPE}/asm__strtou
stdlib/obj/${TYPE}/__div_store
stdlib/obj/${TYPE}/__ldiv_store
stdlib/obj/${TYPE}/__lldiv_store
stdlib/obj/${TYPE}/__strtou__
stdlib/obj/${TYPE}/__strtoul__
stdlib/obj/${TYPE}/__strtoull__
