stdlib/obj/z80/abs
stdlib/obj/z80/atexit
stdlib/obj/z80/atoi
stdlib/obj/z80/atol
stdlib/obj/z80/bpeek
stdlib/obj/z80/bpoke
stdlib/obj/z80/bpoke_callee
stdlib/obj/z80/exit
stdlib/obj/z80/extract_bits
stdlib/obj/z80/extract_bits_callee
stdlib/obj/z80/extract_bits_sub
stdlib/obj/z80/inp
stdlib/obj/z80/isqrt
stdlib/obj/z80/itoa
stdlib/obj/z80/itoa_callee
stdlib/obj/z80/l_bsearch
stdlib/obj/z80/l_bsearch_callee
stdlib/obj/z80/l_qsort
stdlib/obj/z80/l_qsort_callee
stdlib/obj/z80/labs
stdlib/obj/z80/labs_callee
stdlib/obj/z80/Lbsearch
stdlib/obj/z80/Lqsort
stdlib/obj/z80/ltoa
stdlib/obj/z80/ltoa_callee
stdlib/obj/z80/outp
stdlib/obj/z80/outp_callee
stdlib/obj/z80/qsort_sccz80
stdlib/obj/z80/qsort_sccz80_callee
stdlib/obj/z80/qsort_sdcc
stdlib/obj/z80/qsort_sdcc_callee
stdlib/obj/z80/rand
stdlib/obj/z80/randomize
stdlib/obj/z80/strtol
stdlib/obj/z80/strtol_callee
stdlib/obj/z80/strtoul
stdlib/obj/z80/swapendian
stdlib/obj/z80/ultoa
stdlib/obj/z80/ultoa_callee
stdlib/obj/z80/utoa
stdlib/obj/z80/utoa_callee
stdlib/obj/z80/wpeek
stdlib/obj/z80/wpoke
stdlib/obj/z80/wpoke_callee
stdlib/obj/z80/getopt
stdlib/obj/z80/delay
stdlib/obj/z80/t_delay
stdlib/obj/z80/sleep
stdlib/obj/z80/csleep
stdlib/obj/z80/wcmatch
stdlib/obj/z80/unbcd
