arch/zx81/cnvtab
arch/zx81/filltxt
arch/zx81/rollchr
arch/zx81/gen_tv_field_init
arch/zx81/gen_tv_field
arch/zx81/invtxt
arch/zx81/mirrortxt
arch/zx81/scrolluptxt
arch/zx81/scrolldowntxt
arch/zx81/zx_cls
arch/zx81/zx_topleft
arch/zx81/zx81toasc
arch/zx81/asctozx81
arch/zx81/zx_ascii
arch/zx81/ascii_zx
arch/zx81/zx_asciimode
arch/zx81/zx_break
arch/zx81/zx_coord_adj
arch/zx81/zx_dfile_addr
arch/zx81/zx_setcursorpos
arch/zx81/zx_setcursorpos_callee
arch/zx81/zx_lprintc
arch/zx81/zx_lprintc5
arch/zx81/zx_print_buf
arch/zx81/basic/zx_basemem
arch/zx81/basic/zx_basic_length
arch/zx81/basic/zx_getint
arch/zx81/basic/zx_getstr
arch/zx81/basic/zx_getstr_callee
arch/zx81/basic/zx_line
arch/zx81/basic/zx_setint
arch/zx81/basic/zx_locatenum
arch/zx81/basic/zx_setint_callee
arch/zx81/basic/zx_setstr
arch/zx81/basic/zx_setstr_callee
arch/zx81/basic/zx_var_length
arch/zx81/basic/zx_getfloat
arch/zx81/basic/zx_setfloat
arch/zx81/basic/zx_setfloat_callee
arch/zx81/chroma81/zx_attr.asm
arch/zx81/chroma81/zx_attr_callee.asm
arch/zx81/chroma81/zx_border.asm
arch/zx81/chroma81/zx_colour.asm
arch/zx81/chroma81/zx_aaddr2cx.asm
arch/zx81/chroma81/zx_aaddr2cy.asm
arch/zx81/chroma81/zx_aaddr2px.asm
arch/zx81/chroma81/zx_aaddr2py.asm
arch/zx81/chroma81/zx_aaddrcdown.asm
arch/zx81/chroma81/zx_aaddrcleft.asm
arch/zx81/chroma81/zx_aaddrcright.asm
arch/zx81/chroma81/zx_aaddrcup.asm
arch/zx81/chroma81/zx_cy2aaddr.asm
arch/zx81/chroma81/zx_cyx2aaddr.asm
arch/zx81/chroma81/zx_cyx2aaddr_callee.asm
arch/zx81/chroma81/zx_pxy2aaddr.asm
arch/zx81/chroma81/zx_pxy2aaddr_callee.asm
arch/zx81/chroma81/zx_py2aaddr.asm
arch/zx81/tape/musamy_save
arch/zx81/tape/tape_save_block
arch/zx81/tape/tape_save_block_callee
arch/zx81/tape/set_tape_speed
arch/zx81/tape/musamy_load
arch/zx81/tape/tape_load_block
arch/zx81/tape/tape_load_block_callee
