c/lr_sccz80/obstack_1grow
c/lr_sccz80/obstack_1grow_callee
c/lr_sccz80/obstack_1grow_fast
c/lr_sccz80/obstack_1grow_fast_callee
c/lr_sccz80/obstack_align_distance
c/lr_sccz80/obstack_align_distance_callee
c/lr_sccz80/obstack_align_to
c/lr_sccz80/obstack_align_to_callee
c/lr_sccz80/obstack_alloc
c/lr_sccz80/obstack_alloc_callee
c/lr_sccz80/obstack_base
c/lr_sccz80/obstack_blank
c/lr_sccz80/obstack_blank_callee
c/lr_sccz80/obstack_blank_fast
c/lr_sccz80/obstack_blank_fast_callee
c/lr_sccz80/obstack_copy
c/lr_sccz80/obstack_copy0
c/lr_sccz80/obstack_copy0_callee
c/lr_sccz80/obstack_copy_callee
c/lr_sccz80/obstack_finish
c/lr_sccz80/obstack_free
c/lr_sccz80/obstack_free_callee
c/lr_sccz80/obstack_grow
c/lr_sccz80/obstack_grow0
c/lr_sccz80/obstack_grow0_callee
c/lr_sccz80/obstack_grow_callee
c/lr_sccz80/obstack_init
c/lr_sccz80/obstack_init_callee
c/lr_sccz80/obstack_int_grow
c/lr_sccz80/obstack_int_grow_callee
c/lr_sccz80/obstack_int_grow_fast
c/lr_sccz80/obstack_int_grow_fast_callee
c/lr_sccz80/obstack_next_free
c/lr_sccz80/obstack_object_size
c/lr_sccz80/obstack_room
