c/rl_sdcc/_fmemopen
c/rl_sdcc/asprintf
c/rl_sdcc/clearerr
c/rl_sdcc/clearerr_unlocked
c/rl_sdcc/feof
c/rl_sdcc/feof_unlocked
c/rl_sdcc/ferror
c/rl_sdcc/ferror_unlocked
c/rl_sdcc/fflush
c/rl_sdcc/fflush_unlocked
c/rl_sdcc/fgetc
c/rl_sdcc/fgetc_unlocked
c/rl_sdcc/fgetpos
c/rl_sdcc/fgetpos_unlocked
c/rl_sdcc/fgets
c/rl_sdcc/fgets_unlocked
c/rl_sdcc/flockfile
c/rl_sdcc/fmemopen
c/rl_sdcc/fprintf
c/rl_sdcc/fprintf_unlocked
c/rl_sdcc/fputc
c/rl_sdcc/fputc_unlocked
c/rl_sdcc/fputs
c/rl_sdcc/fputs_unlocked
c/rl_sdcc/fread
c/rl_sdcc/fread_unlocked
c/rl_sdcc/fscanf
c/rl_sdcc/fscanf_unlocked
c/rl_sdcc/fseek
c/rl_sdcc/fseek_unlocked
c/rl_sdcc/fsetpos
c/rl_sdcc/fsetpos_unlocked
c/rl_sdcc/ftell
c/rl_sdcc/ftell_unlocked
c/rl_sdcc/ftrylockfile
c/rl_sdcc/funlockfile
c/rl_sdcc/fwrite
c/rl_sdcc/fwrite_unlocked
c/rl_sdcc/getchar
c/rl_sdcc/getchar_unlocked
c/rl_sdcc/getdelim
c/rl_sdcc/getdelim_unlocked
c/rl_sdcc/getline
c/rl_sdcc/getline_unlocked
c/rl_sdcc/gets
c/rl_sdcc/gets_unlocked
c/rl_sdcc/obstack_printf
c/rl_sdcc/obstack_vprintf
c/rl_sdcc/open_memstream
c/rl_sdcc/perror
c/rl_sdcc/printf
c/rl_sdcc/printf_unlocked
c/rl_sdcc/putchar
c/rl_sdcc/putchar_unlocked
c/rl_sdcc/puts
c/rl_sdcc/puts_unlocked
c/rl_sdcc/scanf
c/rl_sdcc/scanf_unlocked
c/rl_sdcc/snprintf
c/rl_sdcc/sprintf
c/rl_sdcc/sscanf
c/rl_sdcc/ungetc
c/rl_sdcc/ungetc_unlocked
c/rl_sdcc/vasprintf
c/rl_sdcc/vfprintf
c/rl_sdcc/vfprintf_unlocked
c/rl_sdcc/vfscanf
c/rl_sdcc/vfscanf_unlocked
c/rl_sdcc/vprintf
c/rl_sdcc/vprintf_unlocked
c/rl_sdcc/vscanf
c/rl_sdcc/vscanf_unlocked
c/rl_sdcc/vsnprintf
c/rl_sdcc/vsprintf
c/rl_sdcc/vsscanf
z80/__stdio_file_destroy
z80/__stdio_file_init
z80/__stdio_length_modifier
z80/__stdio_lock_tryacquire
z80/__stdio_nextarg_bc
z80/__stdio_nextarg_de
z80/__stdio_nextarg_hl
z80/__stdio_parse_permission
z80/__stdio_varg
z80/__stdio_verify_input
z80/__stdio_verify_output
z80/drivers/memstream/__stdio_memstream_driver
z80/input_helpers/__stdio_input_sm_fgets
z80/input_helpers/__stdio_input_sm_getdelim
z80/input_helpers/__stdio_input_sm_gets
z80/input_helpers/__stdio_recv_input_eatc
z80/input_helpers/__stdio_recv_input_eat_ws
z80/input_helpers/__stdio_recv_input_raw_eatc
z80/input_helpers/__stdio_recv_input_raw_eat_ws
z80/input_helpers/__stdio_recv_input_raw_getc
z80/input_helpers/__stdio_recv_input_raw_read
z80/input_helpers/__stdio_recv_input_read
z80/input_helpers/__stdio_scanf_bb
z80/input_helpers/__stdio_scanf_bkt
z80/input_helpers/__stdio_scanf_c
z80/input_helpers/__stdio_scanf_d
z80/input_helpers/__stdio_scanf_i
z80/input_helpers/__stdio_scanf_ii
z80/input_helpers/__stdio_scanf_lbb
z80/input_helpers/__stdio_scanf_ld
z80/input_helpers/__stdio_scanf_li
z80/input_helpers/__stdio_scanf_ln
z80/input_helpers/__stdio_scanf_lo
z80/input_helpers/__stdio_scanf_lp
z80/input_helpers/__stdio_scanf_lu
z80/input_helpers/__stdio_scanf_lx
z80/input_helpers/__stdio_scanf_n
z80/input_helpers/__stdio_scanf_number_head
z80/input_helpers/__stdio_scanf_number_tail_int
z80/input_helpers/__stdio_scanf_number_tail_long
z80/input_helpers/__stdio_scanf_o
z80/input_helpers/__stdio_scanf_p
z80/input_helpers/__stdio_scanf_s
z80/input_helpers/__stdio_scanf_sm_binary
z80/input_helpers/__stdio_scanf_sm_bkt
z80/input_helpers/__stdio_scanf_sm_decimal
z80/input_helpers/__stdio_scanf_sm_format
z80/input_helpers/__stdio_scanf_sm_hex
z80/input_helpers/__stdio_scanf_sm_i
z80/input_helpers/__stdio_scanf_sm_ii
z80/input_helpers/__stdio_scanf_sm_octal
z80/input_helpers/__stdio_scanf_sm_string
z80/input_helpers/__stdio_scanf_sm_write
z80/input_helpers/__stdio_scanf_u
z80/input_helpers/__stdio_scanf_x
z80/output_helpers/__stdio_printf_bb
z80/output_helpers/__stdio_printf_c
z80/output_helpers/__stdio_printf_d
z80/output_helpers/__stdio_printf_i
z80/output_helpers/__stdio_printf_ii
z80/output_helpers/__stdio_printf_lbb
z80/output_helpers/__stdio_printf_ld
z80/output_helpers/__stdio_printf_li
z80/output_helpers/__stdio_printf_ln
z80/output_helpers/__stdio_printf_lo
z80/output_helpers/__stdio_printf_lp
z80/output_helpers/__stdio_printf_lu
z80/output_helpers/__stdio_printf_lx
z80/output_helpers/__stdio_printf_n
z80/output_helpers/__stdio_printf_number_tail
z80/output_helpers/__stdio_printf_number_tail_int
z80/output_helpers/__stdio_printf_number_tail_long
z80/output_helpers/__stdio_printf_o
z80/output_helpers/__stdio_printf_p
z80/output_helpers/__stdio_printf_s
z80/output_helpers/__stdio_printf_sign
z80/output_helpers/__stdio_printf_u
z80/output_helpers/__stdio_printf_x
z80/output_helpers/__stdio_send_output
z80/output_helpers/__stdio_send_output_raw
