z80/asm__fmemopen
z80/asm_asprintf
z80/asm_clearerr
z80/asm_clearerr_unlocked
z80/asm_feof
z80/asm_feof_unlocked
z80/asm_ferror
z80/asm_ferror_unlocked
z80/asm_fflush
z80/asm_fflush_unlocked
z80/asm_fgetc
z80/asm_fgetc_unlocked
z80/asm_fgetpos
z80/asm_fgetpos_unlocked
z80/asm_fgets
z80/asm_fgets_unlocked
z80/asm_fmemopen
z80/asm_fprintf
z80/asm_fprintf_unlocked
z80/asm_fputc
z80/asm_fputc_unlocked
z80/asm_fputs
z80/asm_fputs_unlocked
z80/asm_fread
z80/asm_fread_unlocked
z80/asm_fscanf
z80/asm_fscanf_unlocked
z80/asm_fseek
z80/asm_fseek_unlocked
z80/asm_fsetpos
z80/asm_fsetpos_unlocked
z80/asm_ftell
z80/asm_ftell_unlocked
z80/asm_ftrylockfile
z80/asm_fwrite
z80/asm_fwrite_unlocked
z80/asm_getchar
z80/asm_getchar_unlocked
z80/asm_getdelim
z80/asm_getdelim_unlocked
z80/asm_getline
z80/asm_getline_unlocked
z80/asm_gets
z80/asm_gets_unlocked
z80/asm_obstack_printf
z80/asm_obstack_vprintf
z80/asm_open_memstream
z80/asm_perror
z80/asm_printf
z80/asm_printf_unlocked
z80/asm_putchar
z80/asm_putchar_unlocked
z80/asm_puts
z80/asm_puts_unlocked
z80/asm_scanf
z80/asm_scanf_unlocked
z80/asm_snprintf
z80/asm_sprintf
z80/asm_sscanf
z80/asm_ungetc
z80/asm_ungetc_unlocked
z80/asm_vasprintf
z80/asm_vfprintf
z80/asm_vfprintf_unlocked
z80/asm_vfscanf
z80/asm_vfscanf_unlocked
z80/asm_vprintf
z80/asm_vprintf_unlocked
z80/asm_vscanf
z80/asm_vscanf_unlocked
z80/asm_vsnprintf
z80/asm_vsprintf
z80/asm_vsscanf
z80/__stdio_file_destroy
z80/__stdio_file_init
z80/__stdio_length_modifier
z80/__stdio_lock_acquire
z80/__stdio_lock_release
z80/__stdio_lock_tryacquire
z80/__stdio_nextarg_bc
z80/__stdio_nextarg_de
z80/__stdio_nextarg_hl
z80/__stdio_parse_permission
z80/__stdio_varg
z80/__stdio_verify_input
z80/__stdio_verify_output
z80/drivers/memstream/__stdio_memstream_driver
z80/input_helpers/__stdio_input_sm_fgets
z80/input_helpers/__stdio_input_sm_getdelim
z80/input_helpers/__stdio_input_sm_gets
z80/input_helpers/__stdio_recv_input_eatc
z80/input_helpers/__stdio_recv_input_eat_ws
z80/input_helpers/__stdio_recv_input_raw_eatc
z80/input_helpers/__stdio_recv_input_raw_eat_ws
z80/input_helpers/__stdio_recv_input_raw_getc
z80/input_helpers/__stdio_recv_input_raw_read
z80/input_helpers/__stdio_recv_input_read
z80/input_helpers/__stdio_scanf_bb
z80/input_helpers/__stdio_scanf_bkt
z80/input_helpers/__stdio_scanf_c
z80/input_helpers/__stdio_scanf_d
z80/input_helpers/__stdio_scanf_i
z80/input_helpers/__stdio_scanf_ii
z80/input_helpers/__stdio_scanf_lbb
z80/input_helpers/__stdio_scanf_ld
z80/input_helpers/__stdio_scanf_li
z80/input_helpers/__stdio_scanf_ln
z80/input_helpers/__stdio_scanf_lo
z80/input_helpers/__stdio_scanf_lp
z80/input_helpers/__stdio_scanf_lu
z80/input_helpers/__stdio_scanf_lx
z80/input_helpers/__stdio_scanf_n
z80/input_helpers/__stdio_scanf_number_head
z80/input_helpers/__stdio_scanf_number_tail_int
z80/input_helpers/__stdio_scanf_number_tail_long
z80/input_helpers/__stdio_scanf_o
z80/input_helpers/__stdio_scanf_p
z80/input_helpers/__stdio_scanf_s
z80/input_helpers/__stdio_scanf_sm_binary
z80/input_helpers/__stdio_scanf_sm_bkt
z80/input_helpers/__stdio_scanf_sm_decimal
z80/input_helpers/__stdio_scanf_sm_format
z80/input_helpers/__stdio_scanf_sm_hex
z80/input_helpers/__stdio_scanf_sm_i
z80/input_helpers/__stdio_scanf_sm_ii
z80/input_helpers/__stdio_scanf_sm_octal
z80/input_helpers/__stdio_scanf_sm_string
z80/input_helpers/__stdio_scanf_sm_write
z80/input_helpers/__stdio_scanf_u
z80/input_helpers/__stdio_scanf_x
z80/output_helpers/__stdio_printf_bb
z80/output_helpers/__stdio_printf_c
z80/output_helpers/__stdio_printf_d
z80/output_helpers/__stdio_printf_i
z80/output_helpers/__stdio_printf_ii
z80/output_helpers/__stdio_printf_lbb
z80/output_helpers/__stdio_printf_ld
z80/output_helpers/__stdio_printf_li
z80/output_helpers/__stdio_printf_ln
z80/output_helpers/__stdio_printf_lo
z80/output_helpers/__stdio_printf_lp
z80/output_helpers/__stdio_printf_lu
z80/output_helpers/__stdio_printf_lx
z80/output_helpers/__stdio_printf_n
z80/output_helpers/__stdio_printf_number_tail
z80/output_helpers/__stdio_printf_number_tail_int
z80/output_helpers/__stdio_printf_number_tail_long
z80/output_helpers/__stdio_printf_o
z80/output_helpers/__stdio_printf_p
z80/output_helpers/__stdio_printf_s
z80/output_helpers/__stdio_printf_sign
z80/output_helpers/__stdio_printf_u
z80/output_helpers/__stdio_printf_x
z80/output_helpers/__stdio_send_output
z80/output_helpers/__stdio_send_output_raw
