c/lr_sccz80/asprintf
c/lr_sccz80/clearerr
c/lr_sccz80/clearerr_unlocked
c/lr_sccz80/feof
c/lr_sccz80/feof_unlocked
c/lr_sccz80/ferror
c/lr_sccz80/ferror_unlocked
c/lr_sccz80/fflush
c/lr_sccz80/fflush_unlocked
c/lr_sccz80/fgetc
c/lr_sccz80/fgetc_unlocked
c/lr_sccz80/fgetpos
c/lr_sccz80/fgetpos_callee
c/lr_sccz80/fgetpos_unlocked
c/lr_sccz80/fgetpos_unlocked_callee
c/lr_sccz80/fgets
c/lr_sccz80/fgets_callee
c/lr_sccz80/fgets_unlocked
c/lr_sccz80/fgets_unlocked_callee
c/lr_sccz80/flockfile
c/lr_sccz80/fprintf
c/lr_sccz80/fprintf_unlocked
c/lr_sccz80/fputc
c/lr_sccz80/fputc_callee
c/lr_sccz80/fputc_unlocked
c/lr_sccz80/fputc_unlocked_callee
c/lr_sccz80/fputs
c/lr_sccz80/fputs_callee
c/lr_sccz80/fputs_unlocked
c/lr_sccz80/fputs_unlocked_callee
c/lr_sccz80/fread
c/lr_sccz80/fread_callee
c/lr_sccz80/fread_unlocked
c/lr_sccz80/fread_unlocked_callee
c/lr_sccz80/fscanf
c/lr_sccz80/fscanf_unlocked
c/lr_sccz80/fseek
c/lr_sccz80/fseek_callee
c/lr_sccz80/fseek_unlocked
c/lr_sccz80/fseek_unlocked_callee
c/lr_sccz80/fsetpos
c/lr_sccz80/fsetpos_callee
c/lr_sccz80/fsetpos_unlocked
c/lr_sccz80/fsetpos_unlocked_callee
c/lr_sccz80/ftell
c/lr_sccz80/ftell_unlocked
c/lr_sccz80/ftrylockfile
c/lr_sccz80/funlockfile
c/lr_sccz80/fwrite
c/lr_sccz80/fwrite_callee
c/lr_sccz80/fwrite_unlocked
c/lr_sccz80/fwrite_unlocked_callee
c/lr_sccz80/getchar
c/lr_sccz80/getchar_unlocked
c/lr_sccz80/getdelim
c/lr_sccz80/getdelim_callee
c/lr_sccz80/getdelim_unlocked
c/lr_sccz80/getdelim_unlocked_callee
c/lr_sccz80/getline
c/lr_sccz80/getline_callee
c/lr_sccz80/getline_unlocked
c/lr_sccz80/getline_unlocked_callee
c/lr_sccz80/gets
c/lr_sccz80/gets_unlocked
c/lr_sccz80/obstack_printf
c/lr_sccz80/obstack_vprintf
c/lr_sccz80/obstack_vprintf_callee
c/lr_sccz80/perror
c/lr_sccz80/printf
c/lr_sccz80/printf_unlocked
c/lr_sccz80/putchar
c/lr_sccz80/putchar_unlocked
c/lr_sccz80/puts
c/lr_sccz80/puts_unlocked
c/lr_sccz80/scanf
c/lr_sccz80/scanf_unlocked
c/lr_sccz80/snprintf
c/lr_sccz80/sprintf
c/lr_sccz80/sscanf
c/lr_sccz80/ungetc
c/lr_sccz80/ungetc_callee
c/lr_sccz80/ungetc_unlocked
c/lr_sccz80/ungetc_unlocked_callee
c/lr_sccz80/vasprintf
c/lr_sccz80/vasprintf_callee
c/lr_sccz80/vfprintf
c/lr_sccz80/vfprintf_callee
c/lr_sccz80/vfprintf_unlocked
c/lr_sccz80/vfprintf_unlocked_callee
c/lr_sccz80/vfscanf
c/lr_sccz80/vfscanf_callee
c/lr_sccz80/vfscanf_unlocked
c/lr_sccz80/vfscanf_unlocked_callee
c/lr_sccz80/vprintf
c/lr_sccz80/vprintf_callee
c/lr_sccz80/vprintf_unlocked
c/lr_sccz80/vprintf_unlocked_callee
c/lr_sccz80/vscanf
c/lr_sccz80/vscanf_callee
c/lr_sccz80/vscanf_unlocked
c/lr_sccz80/vscanf_unlocked_callee
c/lr_sccz80/vsnprintf
c/lr_sccz80/vsnprintf_callee
c/lr_sccz80/vsprintf
c/lr_sccz80/vsprintf_callee
c/lr_sccz80/vsscanf
c/lr_sccz80/vsscanf_callee
z80/__stdio_file_destroy
z80/__stdio_file_init
z80/__stdio_length_modifier
z80/__stdio_lock_tryacquire
z80/__stdio_nextarg_bc
z80/__stdio_nextarg_de
z80/__stdio_nextarg_hl
z80/__stdio_parse_permission
z80/__stdio_varg
z80/__stdio_verify_input
z80/__stdio_verify_output
z80/input_helpers/__stdio_input_sm_fgets
z80/input_helpers/__stdio_input_sm_getdelim
z80/input_helpers/__stdio_input_sm_gets
z80/input_helpers/__stdio_recv_input_eatc
z80/input_helpers/__stdio_recv_input_eat_ws
z80/input_helpers/__stdio_recv_input_raw_eatc
z80/input_helpers/__stdio_recv_input_raw_eat_ws
z80/input_helpers/__stdio_recv_input_raw_getc
z80/input_helpers/__stdio_recv_input_raw_read
z80/input_helpers/__stdio_recv_input_read
z80/input_helpers/__stdio_scanf_bb
z80/input_helpers/__stdio_scanf_bkt
z80/input_helpers/__stdio_scanf_c
z80/input_helpers/__stdio_scanf_d
z80/input_helpers/__stdio_scanf_i
z80/input_helpers/__stdio_scanf_ii
z80/input_helpers/__stdio_scanf_lbb
z80/input_helpers/__stdio_scanf_ld
z80/input_helpers/__stdio_scanf_li
z80/input_helpers/__stdio_scanf_ln
z80/input_helpers/__stdio_scanf_lo
z80/input_helpers/__stdio_scanf_lp
z80/input_helpers/__stdio_scanf_lu
z80/input_helpers/__stdio_scanf_lx
z80/input_helpers/__stdio_scanf_n
z80/input_helpers/__stdio_scanf_number_head
z80/input_helpers/__stdio_scanf_number_tail_int
z80/input_helpers/__stdio_scanf_number_tail_long
z80/input_helpers/__stdio_scanf_o
z80/input_helpers/__stdio_scanf_p
z80/input_helpers/__stdio_scanf_s
z80/input_helpers/__stdio_scanf_sm_binary
z80/input_helpers/__stdio_scanf_sm_bkt
z80/input_helpers/__stdio_scanf_sm_decimal
z80/input_helpers/__stdio_scanf_sm_format
z80/input_helpers/__stdio_scanf_sm_hex
z80/input_helpers/__stdio_scanf_sm_i
z80/input_helpers/__stdio_scanf_sm_ii
z80/input_helpers/__stdio_scanf_sm_octal
z80/input_helpers/__stdio_scanf_sm_string
z80/input_helpers/__stdio_scanf_sm_write
z80/input_helpers/__stdio_scanf_u
z80/input_helpers/__stdio_scanf_x
z80/output_helpers/__stdio_printf_bb
z80/output_helpers/__stdio_printf_c
z80/output_helpers/__stdio_printf_d
z80/output_helpers/__stdio_printf_i
z80/output_helpers/__stdio_printf_ii
z80/output_helpers/__stdio_printf_lbb
z80/output_helpers/__stdio_printf_ld
z80/output_helpers/__stdio_printf_li
z80/output_helpers/__stdio_printf_ln
z80/output_helpers/__stdio_printf_lo
z80/output_helpers/__stdio_printf_lp
z80/output_helpers/__stdio_printf_lu
z80/output_helpers/__stdio_printf_lx
z80/output_helpers/__stdio_printf_n
z80/output_helpers/__stdio_printf_number_tail
z80/output_helpers/__stdio_printf_number_tail_int
z80/output_helpers/__stdio_printf_number_tail_long
z80/output_helpers/__stdio_printf_o
z80/output_helpers/__stdio_printf_p
z80/output_helpers/__stdio_printf_s
z80/output_helpers/__stdio_printf_sign
z80/output_helpers/__stdio_printf_u
z80/output_helpers/__stdio_printf_x
z80/output_helpers/__stdio_send_output
z80/output_helpers/__stdio_send_output_raw
