stdio/c/sccz80/asprintf
stdio/c/sccz80/clearerr
stdio/c/sccz80/clearerr_unlocked
stdio/c/sccz80/fclose
stdio/c/sccz80/fclose_unlocked
stdio/c/sccz80/fdopen
stdio/c/sccz80/fdopen_callee
stdio/c/sccz80/feof
stdio/c/sccz80/feof_unlocked
stdio/c/sccz80/ferror
stdio/c/sccz80/ferror_unlocked
stdio/c/sccz80/fflush
stdio/c/sccz80/fflush_unlocked
stdio/c/sccz80/fgetc
stdio/c/sccz80/fgetc_unlocked
stdio/c/sccz80/fgetpos
stdio/c/sccz80/fgetpos_callee
stdio/c/sccz80/fgetpos_unlocked
stdio/c/sccz80/fgetpos_unlocked_callee
stdio/c/sccz80/fgets
stdio/c/sccz80/fgets_callee
stdio/c/sccz80/fgets_unlocked
stdio/c/sccz80/fgets_unlocked_callee
stdio/c/sccz80/fileno
stdio/c/sccz80/fileno_unlocked
stdio/c/sccz80/flockfile
stdio/c/sccz80/fmemopen
stdio/c/sccz80/fmemopen_callee
stdio/c/sccz80/fopen
stdio/c/sccz80/fopen_callee
stdio/c/sccz80/fopen_unlocked
stdio/c/sccz80/fopen_unlocked_callee
stdio/c/sccz80/fprintf
stdio/c/sccz80/fprintf_unlocked
stdio/c/sccz80/fputc
stdio/c/sccz80/fputc_callee
stdio/c/sccz80/fputc_unlocked
stdio/c/sccz80/fputc_unlocked_callee
stdio/c/sccz80/fputs
stdio/c/sccz80/fputs_callee
stdio/c/sccz80/fputs_unlocked
stdio/c/sccz80/fputs_unlocked_callee
stdio/c/sccz80/fread
stdio/c/sccz80/fread_callee
stdio/c/sccz80/fread_unlocked
stdio/c/sccz80/fread_unlocked_callee
stdio/c/sccz80/freopen
stdio/c/sccz80/freopen_callee
stdio/c/sccz80/freopen_unlocked
stdio/c/sccz80/freopen_unlocked_callee
stdio/c/sccz80/fscanf
stdio/c/sccz80/fscanf_unlocked
stdio/c/sccz80/fseek
stdio/c/sccz80/fseek_callee
stdio/c/sccz80/fseek_unlocked
stdio/c/sccz80/fseek_unlocked_callee
stdio/c/sccz80/fsetpos
stdio/c/sccz80/fsetpos_callee
stdio/c/sccz80/fsetpos_unlocked
stdio/c/sccz80/fsetpos_unlocked_callee
stdio/c/sccz80/ftell
stdio/c/sccz80/ftell_unlocked
stdio/c/sccz80/ftrylockfile
stdio/c/sccz80/funlockfile
stdio/c/sccz80/fwrite
stdio/c/sccz80/fwrite_callee
stdio/c/sccz80/fwrite_unlocked
stdio/c/sccz80/fwrite_unlocked_callee
stdio/c/sccz80/getc
stdio/c/sccz80/getchar
stdio/c/sccz80/getchar_unlocked
stdio/c/sccz80/getc_unlocked
stdio/c/sccz80/getdelim
stdio/c/sccz80/getdelim_callee
stdio/c/sccz80/getdelim_unlocked
stdio/c/sccz80/getdelim_unlocked_callee
stdio/c/sccz80/getline
stdio/c/sccz80/getline_callee
stdio/c/sccz80/getline_unlocked
stdio/c/sccz80/getline_unlocked_callee
stdio/c/sccz80/gets
stdio/c/sccz80/gets_unlocked
stdio/c/sccz80/obstack_printf
stdio/c/sccz80/obstack_vprintf
stdio/c/sccz80/obstack_vprintf_callee
stdio/c/sccz80/open_memstream
stdio/c/sccz80/open_memstream_callee
stdio/c/sccz80/perror
stdio/c/sccz80/printf
stdio/c/sccz80/printf_unlocked
stdio/c/sccz80/putc
stdio/c/sccz80/putchar
stdio/c/sccz80/putchar_unlocked
stdio/c/sccz80/putc_callee
stdio/c/sccz80/putc_unlocked
stdio/c/sccz80/putc_unlocked_callee
stdio/c/sccz80/puts
stdio/c/sccz80/puts_unlocked
stdio/c/sccz80/rewind
stdio/c/sccz80/rewind_unlocked
stdio/c/sccz80/scanf
stdio/c/sccz80/scanf_unlocked
stdio/c/sccz80/snprintf
stdio/c/sccz80/sprintf
stdio/c/sccz80/sscanf
stdio/c/sccz80/ungetc
stdio/c/sccz80/ungetc_callee
stdio/c/sccz80/ungetc_unlocked
stdio/c/sccz80/ungetc_unlocked_callee
stdio/c/sccz80/vasprintf
stdio/c/sccz80/vasprintf_callee
stdio/c/sccz80/vfprintf
stdio/c/sccz80/vfprintf_callee
stdio/c/sccz80/vfprintf_unlocked
stdio/c/sccz80/vfprintf_unlocked_callee
stdio/c/sccz80/vfscanf
stdio/c/sccz80/vfscanf_callee
stdio/c/sccz80/vfscanf_unlocked
stdio/c/sccz80/vfscanf_unlocked_callee
stdio/c/sccz80/vprintf
stdio/c/sccz80/vprintf_callee
stdio/c/sccz80/vprintf_unlocked
stdio/c/sccz80/vprintf_unlocked_callee
stdio/c/sccz80/vscanf
stdio/c/sccz80/vscanf_callee
stdio/c/sccz80/vscanf_unlocked
stdio/c/sccz80/vscanf_unlocked_callee
stdio/c/sccz80/vsnprintf
stdio/c/sccz80/vsnprintf_callee
stdio/c/sccz80/vsprintf
stdio/c/sccz80/vsprintf_callee
stdio/c/sccz80/vsscanf
stdio/c/sccz80/vsscanf_callee
stdio/c/sccz80/_fmemopen_
stdio/c/sccz80/_fmemopen__callee
stdio/z80/asm__fflushall
stdio/z80/asm__fflushall_unlocked
stdio/z80/__stdio_file_add_list
stdio/z80/__stdio_file_allocate
stdio/z80/__stdio_file_constructor
stdio/z80/__stdio_file_deallocate
stdio/z80/__stdio_file_destructor
stdio/z80/__stdio_file_init
stdio/z80/__stdio_length_modifier
stdio/z80/__stdio_lock_acquire
stdio/z80/__stdio_lock_file_list
stdio/z80/__stdio_lock_release
stdio/z80/__stdio_lock_tryacquire
stdio/z80/__stdio_nextarg_bc
stdio/z80/__stdio_nextarg_de
stdio/z80/__stdio_nextarg_hl
stdio/z80/__stdio_parse_mode
stdio/z80/__stdio_unlock_file_list
stdio/z80/__stdio_varg
stdio/z80/__stdio_verify_input
stdio/z80/__stdio_verify_output
stdio/z80/__stdio_verify_valid
stdio/z80/__stdio_verify_valid_lock
stdio/z80/drivers/memstream/__stdio_memstream_driver
stdio/z80/input_helpers/__stdio_input_sm_fgets
stdio/z80/input_helpers/__stdio_input_sm_getdelim
stdio/z80/input_helpers/__stdio_input_sm_gets
stdio/z80/input_helpers/__stdio_recv_input_eatc
stdio/z80/input_helpers/__stdio_recv_input_eat_ws
stdio/z80/input_helpers/__stdio_recv_input_raw_eatc
stdio/z80/input_helpers/__stdio_recv_input_raw_eat_ws
stdio/z80/input_helpers/__stdio_recv_input_raw_getc
stdio/z80/input_helpers/__stdio_recv_input_raw_read
stdio/z80/input_helpers/__stdio_recv_input_read
stdio/z80/input_helpers/__stdio_scanf_bb
stdio/z80/input_helpers/__stdio_scanf_bkt
stdio/z80/input_helpers/__stdio_scanf_c
stdio/z80/input_helpers/__stdio_scanf_d
stdio/z80/input_helpers/__stdio_scanf_i
stdio/z80/input_helpers/__stdio_scanf_ii
stdio/z80/input_helpers/__stdio_scanf_lbb
stdio/z80/input_helpers/__stdio_scanf_ld
stdio/z80/input_helpers/__stdio_scanf_li
stdio/z80/input_helpers/__stdio_scanf_ln
stdio/z80/input_helpers/__stdio_scanf_lo
stdio/z80/input_helpers/__stdio_scanf_lp
stdio/z80/input_helpers/__stdio_scanf_lu
stdio/z80/input_helpers/__stdio_scanf_lx
stdio/z80/input_helpers/__stdio_scanf_n
stdio/z80/input_helpers/__stdio_scanf_number_head
stdio/z80/input_helpers/__stdio_scanf_number_tail_int
stdio/z80/input_helpers/__stdio_scanf_number_tail_long
stdio/z80/input_helpers/__stdio_scanf_o
stdio/z80/input_helpers/__stdio_scanf_p
stdio/z80/input_helpers/__stdio_scanf_s
stdio/z80/input_helpers/__stdio_scanf_sm_binary
stdio/z80/input_helpers/__stdio_scanf_sm_bkt
stdio/z80/input_helpers/__stdio_scanf_sm_decimal
stdio/z80/input_helpers/__stdio_scanf_sm_format
stdio/z80/input_helpers/__stdio_scanf_sm_hex
stdio/z80/input_helpers/__stdio_scanf_sm_i
stdio/z80/input_helpers/__stdio_scanf_sm_ii
stdio/z80/input_helpers/__stdio_scanf_sm_octal
stdio/z80/input_helpers/__stdio_scanf_sm_string
stdio/z80/input_helpers/__stdio_scanf_sm_write
stdio/z80/input_helpers/__stdio_scanf_u
stdio/z80/input_helpers/__stdio_scanf_x
stdio/z80/output_helpers/__stdio_printf_bb
stdio/z80/output_helpers/__stdio_printf_c
stdio/z80/output_helpers/__stdio_printf_d
stdio/z80/output_helpers/__stdio_printf_i
stdio/z80/output_helpers/__stdio_printf_ii
stdio/z80/output_helpers/__stdio_printf_lbb
stdio/z80/output_helpers/__stdio_printf_ld
stdio/z80/output_helpers/__stdio_printf_li
stdio/z80/output_helpers/__stdio_printf_ln
stdio/z80/output_helpers/__stdio_printf_lo
stdio/z80/output_helpers/__stdio_printf_lp
stdio/z80/output_helpers/__stdio_printf_lu
stdio/z80/output_helpers/__stdio_printf_lx
stdio/z80/output_helpers/__stdio_printf_n
stdio/z80/output_helpers/__stdio_printf_number_tail
stdio/z80/output_helpers/__stdio_printf_number_tail_int
stdio/z80/output_helpers/__stdio_printf_number_tail_long
stdio/z80/output_helpers/__stdio_printf_o
stdio/z80/output_helpers/__stdio_printf_p
stdio/z80/output_helpers/__stdio_printf_s
stdio/z80/output_helpers/__stdio_printf_sign
stdio/z80/output_helpers/__stdio_printf_u
stdio/z80/output_helpers/__stdio_printf_x
stdio/z80/output_helpers/__stdio_send_output
stdio/z80/output_helpers/__stdio_send_output_raw
