stdio/c/rl_sdcc/asprintf
stdio/c/rl_sdcc/clearerr
stdio/c/rl_sdcc/clearerr_unlocked
stdio/c/rl_sdcc/feof
stdio/c/rl_sdcc/feof_unlocked
stdio/c/rl_sdcc/ferror
stdio/c/rl_sdcc/ferror_unlocked
stdio/c/rl_sdcc/fflush
stdio/c/rl_sdcc/fflush_unlocked
stdio/c/rl_sdcc/fgetc
stdio/c/rl_sdcc/fgetc_unlocked
stdio/c/rl_sdcc/fgetpos
stdio/c/rl_sdcc/fgetpos_unlocked
stdio/c/rl_sdcc/fgets
stdio/c/rl_sdcc/fgets_unlocked
stdio/c/rl_sdcc/flockfile
stdio/c/rl_sdcc/fmemopen
stdio/c/rl_sdcc/fprintf
stdio/c/rl_sdcc/fprintf_unlocked
stdio/c/rl_sdcc/fputc
stdio/c/rl_sdcc/fputc_unlocked
stdio/c/rl_sdcc/fputs
stdio/c/rl_sdcc/fputs_unlocked
stdio/c/rl_sdcc/fread
stdio/c/rl_sdcc/fread_unlocked
stdio/c/rl_sdcc/fscanf
stdio/c/rl_sdcc/fscanf_unlocked
stdio/c/rl_sdcc/fseek
stdio/c/rl_sdcc/fseek_unlocked
stdio/c/rl_sdcc/fsetpos
stdio/c/rl_sdcc/fsetpos_unlocked
stdio/c/rl_sdcc/ftell
stdio/c/rl_sdcc/ftell_unlocked
stdio/c/rl_sdcc/ftrylockfile
stdio/c/rl_sdcc/funlockfile
stdio/c/rl_sdcc/fwrite
stdio/c/rl_sdcc/fwrite_unlocked
stdio/c/rl_sdcc/getc
stdio/c/rl_sdcc/getchar
stdio/c/rl_sdcc/getchar_unlocked
stdio/c/rl_sdcc/getc_unlocked
stdio/c/rl_sdcc/getdelim
stdio/c/rl_sdcc/getdelim_unlocked
stdio/c/rl_sdcc/getline
stdio/c/rl_sdcc/getline_unlocked
stdio/c/rl_sdcc/gets
stdio/c/rl_sdcc/gets_unlocked
stdio/c/rl_sdcc/obstack_printf
stdio/c/rl_sdcc/obstack_vprintf
stdio/c/rl_sdcc/open_memstream
stdio/c/rl_sdcc/perror
stdio/c/rl_sdcc/printf
stdio/c/rl_sdcc/printf_unlocked
stdio/c/rl_sdcc/putc
stdio/c/rl_sdcc/putchar
stdio/c/rl_sdcc/putchar_unlocked
stdio/c/rl_sdcc/putc_unlocked
stdio/c/rl_sdcc/puts
stdio/c/rl_sdcc/puts_unlocked
stdio/c/rl_sdcc/scanf
stdio/c/rl_sdcc/scanf_unlocked
stdio/c/rl_sdcc/snprintf
stdio/c/rl_sdcc/sprintf
stdio/c/rl_sdcc/sscanf
stdio/c/rl_sdcc/ungetc
stdio/c/rl_sdcc/ungetc_unlocked
stdio/c/rl_sdcc/vasprintf
stdio/c/rl_sdcc/vfprintf
stdio/c/rl_sdcc/vfprintf_unlocked
stdio/c/rl_sdcc/vfscanf
stdio/c/rl_sdcc/vfscanf_unlocked
stdio/c/rl_sdcc/vprintf
stdio/c/rl_sdcc/vprintf_unlocked
stdio/c/rl_sdcc/vscanf
stdio/c/rl_sdcc/vscanf_unlocked
stdio/c/rl_sdcc/vsnprintf
stdio/c/rl_sdcc/vsprintf
stdio/c/rl_sdcc/vsscanf
stdio/c/rl_sdcc/_fmemopen
stdio/z80/__stdio_file_destroy
stdio/z80/__stdio_file_init
stdio/z80/__stdio_length_modifier
stdio/z80/__stdio_lock_acquire
stdio/z80/__stdio_lock_release
stdio/z80/__stdio_lock_tryacquire
stdio/z80/__stdio_nextarg_bc
stdio/z80/__stdio_nextarg_de
stdio/z80/__stdio_nextarg_hl
stdio/z80/__stdio_parse_permission
stdio/z80/__stdio_varg
stdio/z80/__stdio_verify_input
stdio/z80/__stdio_verify_output
stdio/z80/drivers/memstream/__stdio_memstream_driver
stdio/z80/input_helpers/__stdio_input_sm_fgets
stdio/z80/input_helpers/__stdio_input_sm_getdelim
stdio/z80/input_helpers/__stdio_input_sm_gets
stdio/z80/input_helpers/__stdio_recv_input_eatc
stdio/z80/input_helpers/__stdio_recv_input_eat_ws
stdio/z80/input_helpers/__stdio_recv_input_raw_eatc
stdio/z80/input_helpers/__stdio_recv_input_raw_eat_ws
stdio/z80/input_helpers/__stdio_recv_input_raw_getc
stdio/z80/input_helpers/__stdio_recv_input_raw_read
stdio/z80/input_helpers/__stdio_recv_input_read
stdio/z80/input_helpers/__stdio_scanf_bb
stdio/z80/input_helpers/__stdio_scanf_bkt
stdio/z80/input_helpers/__stdio_scanf_c
stdio/z80/input_helpers/__stdio_scanf_d
stdio/z80/input_helpers/__stdio_scanf_i
stdio/z80/input_helpers/__stdio_scanf_ii
stdio/z80/input_helpers/__stdio_scanf_lbb
stdio/z80/input_helpers/__stdio_scanf_ld
stdio/z80/input_helpers/__stdio_scanf_li
stdio/z80/input_helpers/__stdio_scanf_ln
stdio/z80/input_helpers/__stdio_scanf_lo
stdio/z80/input_helpers/__stdio_scanf_lp
stdio/z80/input_helpers/__stdio_scanf_lu
stdio/z80/input_helpers/__stdio_scanf_lx
stdio/z80/input_helpers/__stdio_scanf_n
stdio/z80/input_helpers/__stdio_scanf_number_head
stdio/z80/input_helpers/__stdio_scanf_number_tail_int
stdio/z80/input_helpers/__stdio_scanf_number_tail_long
stdio/z80/input_helpers/__stdio_scanf_o
stdio/z80/input_helpers/__stdio_scanf_p
stdio/z80/input_helpers/__stdio_scanf_s
stdio/z80/input_helpers/__stdio_scanf_sm_binary
stdio/z80/input_helpers/__stdio_scanf_sm_bkt
stdio/z80/input_helpers/__stdio_scanf_sm_decimal
stdio/z80/input_helpers/__stdio_scanf_sm_format
stdio/z80/input_helpers/__stdio_scanf_sm_hex
stdio/z80/input_helpers/__stdio_scanf_sm_i
stdio/z80/input_helpers/__stdio_scanf_sm_ii
stdio/z80/input_helpers/__stdio_scanf_sm_octal
stdio/z80/input_helpers/__stdio_scanf_sm_string
stdio/z80/input_helpers/__stdio_scanf_sm_write
stdio/z80/input_helpers/__stdio_scanf_u
stdio/z80/input_helpers/__stdio_scanf_x
stdio/z80/output_helpers/__stdio_printf_bb
stdio/z80/output_helpers/__stdio_printf_c
stdio/z80/output_helpers/__stdio_printf_d
stdio/z80/output_helpers/__stdio_printf_i
stdio/z80/output_helpers/__stdio_printf_ii
stdio/z80/output_helpers/__stdio_printf_lbb
stdio/z80/output_helpers/__stdio_printf_ld
stdio/z80/output_helpers/__stdio_printf_li
stdio/z80/output_helpers/__stdio_printf_ln
stdio/z80/output_helpers/__stdio_printf_lo
stdio/z80/output_helpers/__stdio_printf_lp
stdio/z80/output_helpers/__stdio_printf_lu
stdio/z80/output_helpers/__stdio_printf_lx
stdio/z80/output_helpers/__stdio_printf_n
stdio/z80/output_helpers/__stdio_printf_number_tail
stdio/z80/output_helpers/__stdio_printf_number_tail_int
stdio/z80/output_helpers/__stdio_printf_number_tail_long
stdio/z80/output_helpers/__stdio_printf_o
stdio/z80/output_helpers/__stdio_printf_p
stdio/z80/output_helpers/__stdio_printf_s
stdio/z80/output_helpers/__stdio_printf_sign
stdio/z80/output_helpers/__stdio_printf_u
stdio/z80/output_helpers/__stdio_printf_x
stdio/z80/output_helpers/__stdio_send_output
stdio/z80/output_helpers/__stdio_send_output_raw
