target/x1/obj/${TARGET}/x/target/x1/input/in_Inkey.o
target/x1/obj/${TARGET}/x/target/x1/input/in_JoyX1.o
target/x1/obj/${TARGET}/x/target/x1/input/in_LookupKey.o
target/x1/obj/${TARGET}/x/target/x1/input/in_KeyPressed.o
target/x1/obj/${TARGET}/x/target/x1/input/in_Pause.o
target/x1/obj/${TARGET}/x/target/x1/input/in_Wait.o
target/x1/obj/${TARGET}/x/target/x1/input/in_WaitForKey.o
target/x1/obj/${TARGET}/x/target/x1/input/in_WaitForNoKey.o
classic/input/obj/${TYPE}/fgetc_cons_inkey
target/x1/obj/${TARGET}/x/target/x1/stdio/generic_console_cls.o
target/x1/obj/${TARGET}/x/target/x1/stdio/generic_console_ioctl.o
target/x1/obj/${TARGET}/x/target/x1/stdio/generic_console_printc.o
target/x1/obj/${TARGET}/x/target/x1/stdio/generic_console_scrollup.o
target/x1/obj/${TARGET}/x/target/x1/stdio/generic_console_vpeek.o
target/x1/obj/${TARGET}/x/target/x1/stdio/generic_console_xypos.o
target/x1/obj/${TARGET}/x/target/x1/stdio/generic_console.o
target/x1/obj/${TARGET}/x/target/x1/stdio/conio_vars.o
target/x1/obj/${TARGET}/x/target/x1/stdio/conio_map_colour.o
target/x1/obj/${TARGET}/x/target/x1/stdio/CRT_FONT.o
@classic/stdio/ansicore.lst

target/x1/obj/${TARGET}/x/target/x1/stdio/ansi/f_ansi_attr.o
target/x1/obj/${TARGET}/x/target/x1/stdio/ansi/f_ansi_bel.o
target/x1/obj/${TARGET}/x/target/x1/stdio/ansi/f_ansi_char.o
target/x1/obj/${TARGET}/x/target/x1/stdio/ansi/f_ansi_cls.o
target/x1/obj/${TARGET}/x/target/x1/stdio/ansi/f_ansi_dline.o
target/x1/obj/${TARGET}/x/target/x1/stdio/ansi/f_ansi_scrollup.o
target/x1/obj/${TARGET}/x/target/x1/graphics/clg.o
target/x1/obj/${TARGET}/x/target/x1/graphics/getmaxx.o
target/x1/obj/${TARGET}/x/target/x1/graphics/getmaxy.o
target/x1/obj/${TARGET}/x/target/x1/graphics/w_pixladdr.o
target/x1/obj/${TARGET}/x/target/x1/graphics/w_plotpixl.o
target/x1/obj/${TARGET}/x/target/x1/graphics/w_respixl.o
target/x1/obj/${TARGET}/x/target/x1/graphics/w_xorpixl.o
target/x1/obj/${TARGET}/x/target/x1/graphics/w_pointxy.o
@classic/gfx/wide/gfx_wide.lst
target/x1/obj/${TARGET}/x1/subcpu_command.o
target/x1/obj/${TARGET}/x1/subcpu_get.o
target/x1/obj/${TARGET}/x1/subcpu_set.o
target/x1/obj/${TARGET}/x/target/x1/x1/set_crtc.o
target/x1/obj/${TARGET}/x/target/x1/x1/set_crtc_10.o
target/x1/obj/${TARGET}/x/target/x1/x1/set_crtc_reg.o
target/x1/obj/${TARGET}/x/target/x1/x1/x1_get_pcg_version.o
target/x1/obj/${TARGET}/x/target/x1/x1/x1_set_text_80.o
target/x1/obj/${TARGET}/x/target/x1/x1/x1_set_text_80_hs.o
target/x1/obj/${TARGET}/x/target/x1/x1/x1_set_text_40.o
target/x1/obj/${TARGET}/x/target/x1/x1/x1_set_text_40_hs.o
target/x1/obj/${TARGET}/x/target/x1/x1/asm_set_palette.o
target/x1/obj/${TARGET}/x/target/x1/x1/x1_set_palette.o
target/x1/obj/${TARGET}/x/target/x1/x1/x1_load_pcg.o
target/x1/obj/${TARGET}/x/target/x1/x1/asm_load_pcg.o
target/x1/obj/${TARGET}/x/target/x1/x1/asm_x1_keyboard_handler.o
target/x1/obj/${TARGET}/time/clock.o
target/x1/obj/${TARGET}/time/time.o
target/x1/obj/${TARGET}/x/target/x1/psg/set_psg.o
target/x1/obj/${TARGET}/x/target/x1/psg/set_psg_callee.o
target/x1/obj/${TARGET}/x/target/x1/psg/get_psg.o
target/x1/obj/${TARGET}/x/target/x1/psg/psg_init.o
target/x1/obj/${TARGET}/x/target/x1/psg/playzb4.o
sound/ay/obj/${TYPE}/**/*.o
@classic/games/games_joystick.lst
