target/g800/obj/${TARGET}/x/target/g800/invlcd.o
target/g800/obj/${TARGET}/x/target/g800/lcd_contrast.o
target/g800/obj/${TARGET}/x/target/g800/lcd_on.o
target/g800/obj/${TARGET}/x/target/g800/lcd_off.o
target/g800/obj/${TARGET}/x/target/g800/games/bit_open.o
target/g800/obj/${TARGET}/x/target/g800/games/bit_open_di.o
target/g800/obj/${TARGET}/x/target/g800/games/bit_close.o
target/g800/obj/${TARGET}/x/target/g800/games/bit_close_ei.o
@classic/games/games.lst
classic/gfx/narrow/obj/${TARGET}/getsprite2
classic/gfx/narrow/obj/${TARGET}/putsprite2
target/g800/graphics/obj/${TARGET}/plotpixel
target/g800/graphics/obj/${TARGET}/point
target/g800/graphics/obj/${TARGET}/pointxy
target/g800/graphics/obj/${TARGET}/respixel
target/g800/graphics/obj/${TARGET}/xorpixel
target/g800/graphics/obj/${TARGET}/bksave
target/g800/graphics/obj/${TARGET}/bkrestore
target/g800/graphics/obj/${TARGET}/locate
target/g800/graphics/obj/${TARGET}/clsgraph
target/g800/graphics/obj/${TARGET}/plotpixel
target/g800/graphics/obj/${TARGET}/scrollup_1px
target/g800/graphics/obj/${TARGET}/scrollup_4px
target/g800/graphics/obj/${TARGET}/scrollup_6px
@classic/gfx/narrow/gfx_narrow.lst
