math/float/am9511/asm/8085/am32_am9511
math/float/am9511/asm/8085/am32_compare

math/float/am9511/asm/8085/am32_discardfraction
math/float/am9511/asm/8085/am32_f2long
math/float/am9511/asm/8085/am32_fdiv2
math/float/am9511/asm/8085/am32_fmul10u
math/float/am9511/asm/8085/am32_fmul2
math/float/am9511/asm/8085/am32_fpclassify
math/float/am9511/asm/8085/am32_frexp
math/float/am9511/asm/8085/am32_ldexp
math/float/am9511/asm/8085/am32_read
math/float/am9511/asm/8085/am32_switch_arg

math/float/am9511/asm/8085/am32_popf
math/float/am9511/asm/8085/am32_popi
math/float/am9511/asm/8085/am32_popl
math/float/am9511/asm/8085/am32_pushf
math/float/am9511/asm/8085/am32_pushi
math/float/am9511/asm/8085/am32_pushl

math/float/am9511/c/8085/am9511_acosh
math/float/am9511/c/8085/am9511_asinh
math/float/am9511/c/8085/am9511_atan2
math/float/am9511/c/8085/am9511_atanh
math/float/am9511/c/8085/am9511_cosh
math/float/am9511/c/8085/am9511_exp10
math/float/am9511/c/8085/am9511_exp2
math/float/am9511/c/8085/am9511_fmax
math/float/am9511/c/8085/am9511_fmin
math/float/am9511/c/8085/am9511_fmod
math/float/am9511/c/8085/am9511_log2
math/float/am9511/c/8085/am9511_modf
math/float/am9511/c/8085/am9511_round
math/float/am9511/c/8085/am9511_sinh
math/float/am9511/c/8085/am9511_tanh
