../../../math/float/am9511/asm/z80/am32_am9511.asm
../../../math/float/am9511/asm/z80/am32_compare.asm

../../../math/float/am9511/asm/z80/am32__dtoa_base10.asm
../../../math/float/am9511/asm/z80/am32__dtoa_base16.asm
../../../math/float/am9511/asm/z80/am32__dtoa_digits.asm
../../../math/float/am9511/asm/z80/am32__dtoa_sgnabs.asm
../../../math/float/am9511/asm/z80/am32_error.asm
../../../math/float/am9511/asm/z80/am32_hexpop.asm
../../../math/float/am9511/asm/z80/am32_nan_b.asm

../../../math/float/am9511/asm/z80/am32_discardfraction.asm
../../../math/float/am9511/asm/z80/am32_f2long.asm
../../../math/float/am9511/asm/z80/am32_fdiv2.asm
../../../math/float/am9511/asm/z80/am32_fmul10u.asm
../../../math/float/am9511/asm/z80/am32_fmul2.asm
../../../math/float/am9511/asm/z80/am32_fpclassify.asm
../../../math/float/am9511/asm/z80/am32_frexp.asm
../../../math/float/am9511/asm/z80/am32_ldexp.asm
../../../math/float/am9511/asm/z80/am32_read.asm
../../../math/float/am9511/asm/z80/am32_read_callee.asm
../../../math/float/am9511/asm/z80/am32_switch_arg.asm

../../../math/float/am9511/asm/z80/am32_popf.asm
../../../math/float/am9511/asm/z80/am32_popi.asm
../../../math/float/am9511/asm/z80/am32_popl.asm
../../../math/float/am9511/asm/z80/am32_pushf.asm
../../../math/float/am9511/asm/z80/am32_pushi.asm
../../../math/float/am9511/asm/z80/am32_pushl.asm
