../../../math/float/am9511/asm/am32_acos.asm
../../../math/float/am9511/asm/am32_asin.asm
../../../math/float/am9511/asm/am32_atan.asm
../../../math/float/am9511/asm/am32_cos.asm
../../../math/float/am9511/asm/am32_sin.asm
../../../math/float/am9511/asm/am32_tan.asm

../../../math/float/am9511/asm/am32_exp.asm
../../../math/float/am9511/asm/am32_log.asm
../../../math/float/am9511/asm/am32_log10.asm
../../../math/float/am9511/asm/am32_pow.asm

../../../math/float/am9511/asm/am32_fadd.asm
../../../math/float/am9511/asm/am32_fdiv.asm
../../../math/float/am9511/asm/am32_finv.asm
../../../math/float/am9511/asm/am32_fmul.asm
../../../math/float/am9511/asm/am32_fspecial.asm
../../../math/float/am9511/asm/am32_fsub.asm

../../../math/float/am9511/asm/am32_ceil.asm
../../../math/float/am9511/asm/am32_const.asm
../../../math/float/am9511/asm/am32_conv.asm
../../../math/float/am9511/asm/am32_fabs.asm
../../../math/float/am9511/asm/am32_floor.asm
../../../math/float/am9511/asm/am32_hypot.asm
../../../math/float/am9511/asm/am32_sigdig.asm
../../../math/float/am9511/asm/am32_sqr.asm
../../../math/float/am9511/asm/am32_sqrt.asm
../../../math/float/am9511/asm/am32_util.asm

../../../math/float/am9511/asm/am32_ladd.asm
../../../math/float/am9511/asm/am32_ldiv.asm
../../../math/float/am9511/asm/am32_lmod.asm
../../../math/float/am9511/asm/am32_lmul.asm
../../../math/float/am9511/asm/am32_lsub.asm

../../../math/float/am9511/asm/am32_load.asm
