../../../math/float/am9511/lam32/z80/asm_acosf.asm
../../../math/float/am9511/lam32/z80/asm_asinf.asm
../../../math/float/am9511/lam32/z80/asm_atanf.asm
../../../math/float/am9511/lam32/z80/asm_ceilf.asm
../../../math/float/am9511/lam32/z80/asm_cosf.asm
../../../math/float/am9511/lam32/z80/asm_fabsf.asm
../../../math/float/am9511/lam32/z80/asm_fadd.asm
../../../math/float/am9511/lam32/z80/asm_fdiv.asm
../../../math/float/am9511/lam32/z80/asm_fdiv2.asm
../../../math/float/am9511/lam32/z80/asm_floorf.asm
../../../math/float/am9511/lam32/z80/asm_fmul.asm
../../../math/float/am9511/lam32/z80/asm_fmul10u.asm
../../../math/float/am9511/lam32/z80/asm_fmul2.asm
../../../math/float/am9511/lam32/z80/asm_fsub.asm
../../../math/float/am9511/lam32/z80/asm_hypotf.asm
../../../math/float/am9511/lam32/z80/asm_negf.asm
../../../math/float/am9511/lam32/z80/asm_sinf.asm
../../../math/float/am9511/lam32/z80/asm_sqrf.asm
../../../math/float/am9511/lam32/z80/asm_sqrtf.asm
../../../math/float/am9511/lam32/z80/asm_tanf.asm
../../../math/float/am9511/lam32/z80/asm_zerof.asm
