@newlibfiles_common_asm.lst

@newlibfiles_8085_asm.lst

../../../math/float/am9511/c/8085/am9511_acosh.asm
../../../math/float/am9511/c/8085/am9511_asinh.asm
../../../math/float/am9511/c/8085/am9511_atan2.asm
../../../math/float/am9511/c/8085/am9511_atanh.asm
../../../math/float/am9511/c/8085/am9511_cosh.asm
../../../math/float/am9511/c/8085/am9511_exp10.asm
../../../math/float/am9511/c/8085/am9511_exp2.asm
../../../math/float/am9511/c/8085/am9511_fmax.asm
../../../math/float/am9511/c/8085/am9511_fmin.asm
../../../math/float/am9511/c/8085/am9511_fmod.asm
../../../math/float/am9511/c/8085/am9511_log2.asm
../../../math/float/am9511/c/8085/am9511_modf.asm
../../../math/float/am9511/c/8085/am9511_round.asm
../../../math/float/am9511/c/8085/am9511_sinh.asm
../../../math/float/am9511/c/8085/am9511_tanh.asm

@newlibfiles_sccz80.lst

@newlibfiles_lam32_sccz80.lst

../../../math/float/am9511/lam32/c/sccz80/l_long_div.asm
../../../math/float/am9511/lam32/c/sccz80/l_long_div_u.asm
../../../math/float/am9511/lam32/c/sccz80/l_long_mod.asm
../../../math/float/am9511/lam32/c/sccz80/l_long_mod_u.asm
../../../math/float/am9511/lam32/c/sccz80/l_long_mult.asm

@newlibfiles_lam32_z80.lst
