../../../math/float/am9511/c/sdcc/cam32_sdcc_acos.asm
../../../math/float/am9511/c/sdcc/cam32_sdcc_acosh.asm
../../../math/float/am9511/c/sdcc/cam32_sdcc_asin.asm
../../../math/float/am9511/c/sdcc/cam32_sdcc_asinh.asm
../../../math/float/am9511/c/sdcc/cam32_sdcc_atan.asm
../../../math/float/am9511/c/sdcc/cam32_sdcc_atanh.asm
../../../math/float/am9511/c/sdcc/cam32_sdcc_ceil.asm
../../../math/float/am9511/c/sdcc/cam32_sdcc_cos.asm
../../../math/float/am9511/c/sdcc/cam32_sdcc_cosh.asm
../../../math/float/am9511/c/sdcc/cam32_sdcc_exp.asm
../../../math/float/am9511/c/sdcc/cam32_sdcc_exp10.asm
../../../math/float/am9511/c/sdcc/cam32_sdcc_exp2.asm
../../../math/float/am9511/c/sdcc/cam32_sdcc_fabs.asm
../../../math/float/am9511/c/sdcc/cam32_sdcc_fadd.asm
../../../math/float/am9511/c/sdcc/cam32_sdcc_fadd_callee.asm
../../../math/float/am9511/c/sdcc/cam32_sdcc_fam9511.asm
../../../math/float/am9511/c/sdcc/cam32_sdcc_fdiv.asm
../../../math/float/am9511/c/sdcc/cam32_sdcc_fdiv2.asm
../../../math/float/am9511/c/sdcc/cam32_sdcc_fdiv_callee.asm
../../../math/float/am9511/c/sdcc/cam32_sdcc_floor.asm
../../../math/float/am9511/c/sdcc/cam32_sdcc_fmax.asm
../../../math/float/am9511/c/sdcc/cam32_sdcc_fmax_callee.asm
../../../math/float/am9511/c/sdcc/cam32_sdcc_fmin.asm
../../../math/float/am9511/c/sdcc/cam32_sdcc_fmin_callee.asm
../../../math/float/am9511/c/sdcc/cam32_sdcc_fmul.asm
../../../math/float/am9511/c/sdcc/cam32_sdcc_fmul10u.asm
../../../math/float/am9511/c/sdcc/cam32_sdcc_fmul2.asm
../../../math/float/am9511/c/sdcc/cam32_sdcc_fmul_callee.asm
../../../math/float/am9511/c/sdcc/cam32_sdcc_fpclassify.asm
../../../math/float/am9511/c/sdcc/cam32_sdcc_frexp.asm
../../../math/float/am9511/c/sdcc/cam32_sdcc_frexp_callee.asm
../../../math/float/am9511/c/sdcc/cam32_sdcc_fsub.asm
../../../math/float/am9511/c/sdcc/cam32_sdcc_fsub_callee.asm
../../../math/float/am9511/c/sdcc/cam32_sdcc_hypot.asm
../../../math/float/am9511/c/sdcc/cam32_sdcc_hypot_callee.asm
../../../math/float/am9511/c/sdcc/cam32_sdcc_ldexp.asm
../../../math/float/am9511/c/sdcc/cam32_sdcc_ldexp_callee.asm
../../../math/float/am9511/c/sdcc/cam32_sdcc_log.asm
../../../math/float/am9511/c/sdcc/cam32_sdcc_log10.asm
../../../math/float/am9511/c/sdcc/cam32_sdcc_log2.asm
../../../math/float/am9511/c/sdcc/cam32_sdcc_neg.asm
../../../math/float/am9511/c/sdcc/cam32_sdcc_pow.asm
../../../math/float/am9511/c/sdcc/cam32_sdcc_pow_callee.asm
../../../math/float/am9511/c/sdcc/cam32_sdcc_round.asm
../../../math/float/am9511/c/sdcc/cam32_sdcc_sin.asm
../../../math/float/am9511/c/sdcc/cam32_sdcc_sinh.asm
../../../math/float/am9511/c/sdcc/cam32_sdcc_sqr.asm
../../../math/float/am9511/c/sdcc/cam32_sdcc_sqrt.asm
../../../math/float/am9511/c/sdcc/cam32_sdcc_tan.asm
../../../math/float/am9511/c/sdcc/cam32_sdcc_tanh.asm
../../../math/float/am9511/c/sdcc/cam32_sdcc_zero.asm
