../../../math/float/am9511/lam32/c/sccz80/l_f32_add.asm
../../../math/float/am9511/lam32/c/sccz80/l_f32_conv.asm
../../../math/float/am9511/lam32/c/sccz80/l_f32_div.asm
../../../math/float/am9511/lam32/c/sccz80/l_f32_eq.asm
../../../math/float/am9511/lam32/c/sccz80/l_f32_f2int.asm
../../../math/float/am9511/lam32/c/sccz80/l_f32_f2long.asm
../../../math/float/am9511/lam32/c/sccz80/l_f32_ge.asm
../../../math/float/am9511/lam32/c/sccz80/l_f32_gt.asm
../../../math/float/am9511/lam32/c/sccz80/l_f32_invf.asm
../../../math/float/am9511/lam32/c/sccz80/l_f32_ldexp.asm
../../../math/float/am9511/lam32/c/sccz80/l_f32_le.asm
../../../math/float/am9511/lam32/c/sccz80/l_f32_lt.asm
../../../math/float/am9511/lam32/c/sccz80/l_f32_mul.asm
../../../math/float/am9511/lam32/c/sccz80/l_f32_ne.asm
../../../math/float/am9511/lam32/c/sccz80/l_f32_sub.asm
../../../math/float/am9511/lam32/c/sccz80/l_f32_swap.asm
../../../math/float/am9511/lam32/c/sccz80/l_f32_zero.asm

../../../math/float/am9511/lam32/c/sccz80/div2.asm
../../../math/float/am9511/lam32/c/sccz80/div2_fastcall.asm
../../../math/float/am9511/lam32/c/sccz80/mul10u.asm
../../../math/float/am9511/lam32/c/sccz80/mul10u_fastcall.asm
../../../math/float/am9511/lam32/c/sccz80/mul2.asm
../../../math/float/am9511/lam32/c/sccz80/mul2_fastcall.asm
../../../math/float/am9511/lam32/c/sccz80/sqr.asm
../../../math/float/am9511/lam32/c/sccz80/sqr_fastcall.asm

../../../math/float/am9511/lam32/c/sccz80/frexp.asm
../../../math/float/am9511/lam32/c/sccz80/frexp_callee.asm
../../../math/float/am9511/lam32/c/sccz80/hypot.asm
../../../math/float/am9511/lam32/c/sccz80/hypot_callee.asm
../../../math/float/am9511/lam32/c/sccz80/ldexp.asm
../../../math/float/am9511/lam32/c/sccz80/ldexp_callee.asm
../../../math/float/am9511/lam32/c/sccz80/sqrt.asm
../../../math/float/am9511/lam32/c/sccz80/sqrt_fastcall.asm

../../../math/float/am9511/lam32/c/sccz80/ceil.asm
../../../math/float/am9511/lam32/c/sccz80/ceil_fastcall.asm
../../../math/float/am9511/lam32/c/sccz80/fabs.asm
../../../math/float/am9511/lam32/c/sccz80/fabs_fastcall.asm
../../../math/float/am9511/lam32/c/sccz80/floor.asm
../../../math/float/am9511/lam32/c/sccz80/floor_fastcall.asm
../../../math/float/am9511/lam32/c/sccz80/fpclassify.asm
../../../math/float/am9511/lam32/c/sccz80/modf.asm
../../../math/float/am9511/lam32/c/sccz80/neg.asm
../../../math/float/am9511/lam32/c/sccz80/neg_fastcall.asm
../../../math/float/am9511/lam32/c/sccz80/round.asm
../../../math/float/am9511/lam32/c/sccz80/round_fastcall.asm

../../../math/float/am9511/lam32/c/sccz80/fmax.asm
../../../math/float/am9511/lam32/c/sccz80/fmax_callee.asm
../../../math/float/am9511/lam32/c/sccz80/fmin.asm
../../../math/float/am9511/lam32/c/sccz80/fmin_callee.asm
../../../math/float/am9511/lam32/c/sccz80/fmod.asm

../../../math/float/am9511/lam32/c/sccz80/exp.asm
../../../math/float/am9511/lam32/c/sccz80/exp10.asm
../../../math/float/am9511/lam32/c/sccz80/exp10_fastcall.asm
../../../math/float/am9511/lam32/c/sccz80/exp2.asm
../../../math/float/am9511/lam32/c/sccz80/exp2_fastcall.asm
../../../math/float/am9511/lam32/c/sccz80/exp_fastcall.asm
../../../math/float/am9511/lam32/c/sccz80/log.asm
../../../math/float/am9511/lam32/c/sccz80/log10.asm
../../../math/float/am9511/lam32/c/sccz80/log10_fastcall.asm
../../../math/float/am9511/lam32/c/sccz80/log2.asm
../../../math/float/am9511/lam32/c/sccz80/log2_fastcall.asm
../../../math/float/am9511/lam32/c/sccz80/log_fastcall.asm

../../../math/float/am9511/lam32/c/sccz80/acos.asm
../../../math/float/am9511/lam32/c/sccz80/acos_fastcall.asm
../../../math/float/am9511/lam32/c/sccz80/acosh.asm
../../../math/float/am9511/lam32/c/sccz80/acosh_fastcall.asm
../../../math/float/am9511/lam32/c/sccz80/asin.asm
../../../math/float/am9511/lam32/c/sccz80/asin_fastcall.asm
../../../math/float/am9511/lam32/c/sccz80/asinh.asm
../../../math/float/am9511/lam32/c/sccz80/asinh_fastcall.asm
../../../math/float/am9511/lam32/c/sccz80/atan.asm
../../../math/float/am9511/lam32/c/sccz80/atan2.asm
../../../math/float/am9511/lam32/c/sccz80/atan_fastcall.asm
../../../math/float/am9511/lam32/c/sccz80/atanh.asm
../../../math/float/am9511/lam32/c/sccz80/atanh_fastcall.asm
../../../math/float/am9511/lam32/c/sccz80/cos.asm
../../../math/float/am9511/lam32/c/sccz80/cos_fastcall.asm
../../../math/float/am9511/lam32/c/sccz80/cosh.asm
../../../math/float/am9511/lam32/c/sccz80/cosh_fastcall.asm
../../../math/float/am9511/lam32/c/sccz80/sin.asm
../../../math/float/am9511/lam32/c/sccz80/sin_fastcall.asm
../../../math/float/am9511/lam32/c/sccz80/sinh.asm
../../../math/float/am9511/lam32/c/sccz80/sinh_fastcall.asm
../../../math/float/am9511/lam32/c/sccz80/tan.asm
../../../math/float/am9511/lam32/c/sccz80/tan_fastcall.asm
../../../math/float/am9511/lam32/c/sccz80/tanh.asm
../../../math/float/am9511/lam32/c/sccz80/tanh_fastcall.asm

../../../math/float/am9511/lam32/c/sccz80/pow.asm
../../../math/float/am9511/lam32/c/sccz80/pow_callee.asm

../../../math/float/am9511/lam32/c/sccz80/f32_fam9511.asm
