../../../math/float/am9511/c/sccz80/cam32_sccz80_acos.asm
../../../math/float/am9511/c/sccz80/cam32_sccz80_acosh.asm
../../../math/float/am9511/c/sccz80/cam32_sccz80_asin.asm
../../../math/float/am9511/c/sccz80/cam32_sccz80_asinh.asm
../../../math/float/am9511/c/sccz80/cam32_sccz80_atan.asm
../../../math/float/am9511/c/sccz80/cam32_sccz80_atan2.asm
../../../math/float/am9511/c/sccz80/cam32_sccz80_atanh.asm
../../../math/float/am9511/c/sccz80/cam32_sccz80_ceil.asm
../../../math/float/am9511/c/sccz80/cam32_sccz80_cos.asm
../../../math/float/am9511/c/sccz80/cam32_sccz80_cosh.asm
../../../math/float/am9511/c/sccz80/cam32_sccz80_exp.asm
../../../math/float/am9511/c/sccz80/cam32_sccz80_exp10.asm
../../../math/float/am9511/c/sccz80/cam32_sccz80_exp2.asm
../../../math/float/am9511/c/sccz80/cam32_sccz80_fabs.asm
../../../math/float/am9511/c/sccz80/cam32_sccz80_fadd.asm
../../../math/float/am9511/c/sccz80/cam32_sccz80_fadd_callee.asm
../../../math/float/am9511/c/sccz80/cam32_sccz80_fam9511.asm
../../../math/float/am9511/c/sccz80/cam32_sccz80_fdiv.asm
../../../math/float/am9511/c/sccz80/cam32_sccz80_fdiv2.asm
../../../math/float/am9511/c/sccz80/cam32_sccz80_fdiv_callee.asm
../../../math/float/am9511/c/sccz80/cam32_sccz80_floor.asm
../../../math/float/am9511/c/sccz80/cam32_sccz80_fmax.asm
../../../math/float/am9511/c/sccz80/cam32_sccz80_fmax_callee.asm
../../../math/float/am9511/c/sccz80/cam32_sccz80_fmin.asm
../../../math/float/am9511/c/sccz80/cam32_sccz80_fmin_callee.asm
../../../math/float/am9511/c/sccz80/cam32_sccz80_fmod.asm
../../../math/float/am9511/c/sccz80/cam32_sccz80_fmul.asm
../../../math/float/am9511/c/sccz80/cam32_sccz80_fmul10u.asm
../../../math/float/am9511/c/sccz80/cam32_sccz80_fmul2.asm
../../../math/float/am9511/c/sccz80/cam32_sccz80_fmul_callee.asm
../../../math/float/am9511/c/sccz80/cam32_sccz80_fpclassify.asm
../../../math/float/am9511/c/sccz80/cam32_sccz80_frexp.asm
../../../math/float/am9511/c/sccz80/cam32_sccz80_frexp_callee.asm
../../../math/float/am9511/c/sccz80/cam32_sccz80_fsub.asm
../../../math/float/am9511/c/sccz80/cam32_sccz80_fsub_callee.asm
../../../math/float/am9511/c/sccz80/cam32_sccz80_hypot.asm
../../../math/float/am9511/c/sccz80/cam32_sccz80_hypot_callee.asm
../../../math/float/am9511/c/sccz80/cam32_sccz80_ldexp.asm
../../../math/float/am9511/c/sccz80/cam32_sccz80_ldexp_callee.asm
../../../math/float/am9511/c/sccz80/cam32_sccz80_ldiv_callee.asm
../../../math/float/am9511/c/sccz80/cam32_sccz80_ldiv_u_callee.asm
../../../math/float/am9511/c/sccz80/cam32_sccz80_lmod_callee.asm
../../../math/float/am9511/c/sccz80/cam32_sccz80_lmod_u_callee.asm
../../../math/float/am9511/c/sccz80/cam32_sccz80_lmul_callee.asm
../../../math/float/am9511/c/sccz80/cam32_sccz80_log.asm
../../../math/float/am9511/c/sccz80/cam32_sccz80_log10.asm
../../../math/float/am9511/c/sccz80/cam32_sccz80_log2.asm
../../../math/float/am9511/c/sccz80/cam32_sccz80_modf.asm
../../../math/float/am9511/c/sccz80/cam32_sccz80_neg.asm
../../../math/float/am9511/c/sccz80/cam32_sccz80_pow.asm
../../../math/float/am9511/c/sccz80/cam32_sccz80_pow_callee.asm
../../../math/float/am9511/c/sccz80/cam32_sccz80_round.asm
../../../math/float/am9511/c/sccz80/cam32_sccz80_sin.asm
../../../math/float/am9511/c/sccz80/cam32_sccz80_sinh.asm
../../../math/float/am9511/c/sccz80/cam32_sccz80_sqr.asm
../../../math/float/am9511/c/sccz80/cam32_sccz80_sqrt.asm
../../../math/float/am9511/c/sccz80/cam32_sccz80_tan.asm
../../../math/float/am9511/c/sccz80/cam32_sccz80_tanh.asm
../../../math/float/am9511/c/sccz80/cam32_sccz80_zero.asm
