@newlibfiles_common_asm.lst

@newlibfiles_z80_asm.lst

../../../math/float/am9511/c/z80/am9511_acosh.asm
../../../math/float/am9511/c/z80/am9511_asinh.asm
../../../math/float/am9511/c/z80/am9511_atan2.asm
../../../math/float/am9511/c/z80/am9511_atanh.asm
../../../math/float/am9511/c/z80/am9511_cosh.asm
../../../math/float/am9511/c/z80/am9511_exp10.asm
../../../math/float/am9511/c/z80/am9511_exp2.asm
../../../math/float/am9511/c/z80/am9511_fmax.asm
../../../math/float/am9511/c/z80/am9511_fmin.asm
../../../math/float/am9511/c/z80/am9511_fmod.asm
../../../math/float/am9511/c/z80/am9511_log2.asm
../../../math/float/am9511/c/z80/am9511_modf.asm
../../../math/float/am9511/c/z80/am9511_round.asm
../../../math/float/am9511/c/z80/am9511_sinh.asm
../../../math/float/am9511/c/z80/am9511_tanh.asm

@newlibfiles_sccz80.lst

../../../math/float/am9511/c/sccz80/cam32_sccz80_dload.asm
../../../math/float/am9511/c/sccz80/cam32_sccz80_dloadb.asm

@newlibfiles_sdcc.lst

../../../math/float/am9511/c/sdcc/cam32_sdcc___fs2sint.asm
../../../math/float/am9511/c/sdcc/cam32_sdcc___fs2sint_callee.asm
../../../math/float/am9511/c/sdcc/cam32_sdcc___fs2slong.asm
../../../math/float/am9511/c/sdcc/cam32_sdcc___fs2slong_callee.asm
../../../math/float/am9511/c/sdcc/cam32_sdcc___fs2uint.asm
../../../math/float/am9511/c/sdcc/cam32_sdcc___fs2uint_callee.asm
../../../math/float/am9511/c/sdcc/cam32_sdcc___fs2ulong.asm
../../../math/float/am9511/c/sdcc/cam32_sdcc___fs2ulong_callee.asm
../../../math/float/am9511/c/sdcc/cam32_sdcc___fseq.asm
../../../math/float/am9511/c/sdcc/cam32_sdcc___fseq_callee.asm
../../../math/float/am9511/c/sdcc/cam32_sdcc___fsgt.asm
../../../math/float/am9511/c/sdcc/cam32_sdcc___fsgt_callee.asm
../../../math/float/am9511/c/sdcc/cam32_sdcc___fslt.asm
../../../math/float/am9511/c/sdcc/cam32_sdcc___fslt_callee.asm
../../../math/float/am9511/c/sdcc/cam32_sdcc___fsneq.asm
../../../math/float/am9511/c/sdcc/cam32_sdcc___fsneq_callee.asm
../../../math/float/am9511/c/sdcc/cam32_sdcc___schar2fs.asm
../../../math/float/am9511/c/sdcc/cam32_sdcc___schar2fs_callee.asm
../../../math/float/am9511/c/sdcc/cam32_sdcc___sint2fs.asm
../../../math/float/am9511/c/sdcc/cam32_sdcc___sint2fs_callee.asm
../../../math/float/am9511/c/sdcc/cam32_sdcc___slong2fs.asm
../../../math/float/am9511/c/sdcc/cam32_sdcc___slong2fs_callee.asm
../../../math/float/am9511/c/sdcc/cam32_sdcc___uchar2fs.asm
../../../math/float/am9511/c/sdcc/cam32_sdcc___uchar2fs_callee.asm
../../../math/float/am9511/c/sdcc/cam32_sdcc___uint2fs.asm
../../../math/float/am9511/c/sdcc/cam32_sdcc___uint2fs_callee.asm
../../../math/float/am9511/c/sdcc/cam32_sdcc___ulong2fs.asm
../../../math/float/am9511/c/sdcc/cam32_sdcc___ulong2fs_callee.asm
../../../math/float/am9511/c/sdcc/cam32_sdcc_dload.asm
../../../math/float/am9511/c/sdcc/cam32_sdcc_ladd.asm
../../../math/float/am9511/c/sdcc/cam32_sdcc_ladd_callee.asm
../../../math/float/am9511/c/sdcc/cam32_sdcc_ldiv.asm
../../../math/float/am9511/c/sdcc/cam32_sdcc_ldiv_callee.asm
../../../math/float/am9511/c/sdcc/cam32_sdcc_lmod.asm
../../../math/float/am9511/c/sdcc/cam32_sdcc_lmod_callee.asm
../../../math/float/am9511/c/sdcc/cam32_sdcc_lmul.asm
../../../math/float/am9511/c/sdcc/cam32_sdcc_lmul_callee.asm
../../../math/float/am9511/c/sdcc/cam32_sdcc_lsub.asm
../../../math/float/am9511/c/sdcc/cam32_sdcc_lsub_callee.asm

@newlibfiles_lam32_sccz80.lst

../../../math/float/am9511/lam32/c/sccz80/dload.asm
../../../math/float/am9511/lam32/c/sccz80/dloadb.asm
../../../math/float/am9511/lam32/c/sccz80/mlib2d.asm

@newlibfiles_lam32_sdcc.lst

@newlibfiles_lam32_z80.lst

../../../math/float/am9511/lam32/z80/asm__dtoa_base10.asm
../../../math/float/am9511/lam32/z80/asm__dtoa_base16.asm
../../../math/float/am9511/lam32/z80/asm__dtoa_digits.asm
../../../math/float/am9511/lam32/z80/asm__dtoa_sgnabs.asm

../../../math/float/am9511/lam32/z80/asm_derror_edom_infc.asm
../../../math/float/am9511/lam32/z80/asm_derror_edom_zc.asm
../../../math/float/am9511/lam32/z80/asm_derror_einval_zc.asm
../../../math/float/am9511/lam32/z80/asm_derror_erange_infc.asm
../../../math/float/am9511/lam32/z80/asm_derror_nanc.asm
../../../math/float/am9511/lam32/z80/asm_derror_nannc.asm
../../../math/float/am9511/lam32/z80/asm_derror_onc.asm
../../../math/float/am9511/lam32/z80/asm_derror_pinfnc.asm
../../../math/float/am9511/lam32/z80/asm_derror_zc.asm
../../../math/float/am9511/lam32/z80/asm_derror_znc.asm

../../../math/float/am9511/lam32/z80/asm_dhexpop.asm
../../../math/float/am9511/lam32/z80/asm_nan_b.asm

../../../math/float/am9511/lam32/z80/asm_dadd.asm
../../../math/float/am9511/lam32/z80/asm_dconst_1.asm
../../../math/float/am9511/lam32/z80/asm_dmul.asm
../../../math/float/am9511/lam32/z80/asm_dmul10u.asm
../../../math/float/am9511/lam32/z80/asm_dmulpow10.asm
../../../math/float/am9511/lam32/z80/asm_dmulpow2.asm
../../../math/float/am9511/lam32/z80/asm_dneg.asm
../../../math/float/am9511/lam32/z80/asm_double16u.asm
../../../math/float/am9511/lam32/z80/asm_double32u.asm
../../../math/float/am9511/lam32/z80/asm_double8u.asm

../../../math/float/am9511/lam32/z80/asm_fpclassifyf.asm
../../../math/float/am9511/lam32/z80/asm_sigdigf.asm
