../../../math/float/am9511/lam32/c/sdcc/___fs2schar.asm
../../../math/float/am9511/lam32/c/sdcc/___fs2schar_callee.asm
../../../math/float/am9511/lam32/c/sdcc/___fs2sint.asm
../../../math/float/am9511/lam32/c/sdcc/___fs2sint_callee.asm
../../../math/float/am9511/lam32/c/sdcc/___fs2slong.asm
../../../math/float/am9511/lam32/c/sdcc/___fs2slong_callee.asm
../../../math/float/am9511/lam32/c/sdcc/___fs2uchar.asm
../../../math/float/am9511/lam32/c/sdcc/___fs2uchar_callee.asm
../../../math/float/am9511/lam32/c/sdcc/___fs2uint.asm
../../../math/float/am9511/lam32/c/sdcc/___fs2uint_callee.asm
../../../math/float/am9511/lam32/c/sdcc/___fs2ulong.asm
../../../math/float/am9511/lam32/c/sdcc/___fs2ulong_callee.asm
../../../math/float/am9511/lam32/c/sdcc/___fsadd.asm
../../../math/float/am9511/lam32/c/sdcc/___fsadd_callee.asm
../../../math/float/am9511/lam32/c/sdcc/___fsdiv.asm
../../../math/float/am9511/lam32/c/sdcc/___fsdiv_callee.asm
../../../math/float/am9511/lam32/c/sdcc/___fseq.asm
../../../math/float/am9511/lam32/c/sdcc/___fseq_callee.asm
../../../math/float/am9511/lam32/c/sdcc/___fsgt.asm
../../../math/float/am9511/lam32/c/sdcc/___fsgt_callee.asm
../../../math/float/am9511/lam32/c/sdcc/___fslt.asm
../../../math/float/am9511/lam32/c/sdcc/___fslt_callee.asm
../../../math/float/am9511/lam32/c/sdcc/___fsmul.asm
../../../math/float/am9511/lam32/c/sdcc/___fsmul_callee.asm
../../../math/float/am9511/lam32/c/sdcc/___fsneq.asm
../../../math/float/am9511/lam32/c/sdcc/___fsneq_callee.asm
../../../math/float/am9511/lam32/c/sdcc/___fssub.asm
../../../math/float/am9511/lam32/c/sdcc/___fssub_callee.asm

../../../math/float/am9511/lam32/c/sdcc/___schar2fs.asm
../../../math/float/am9511/lam32/c/sdcc/___schar2fs_callee.asm
../../../math/float/am9511/lam32/c/sdcc/___sint2fs.asm
../../../math/float/am9511/lam32/c/sdcc/___sint2fs_callee.asm
../../../math/float/am9511/lam32/c/sdcc/___slong2fs.asm
../../../math/float/am9511/lam32/c/sdcc/___slong2fs_callee.asm
../../../math/float/am9511/lam32/c/sdcc/___uchar2fs.asm
../../../math/float/am9511/lam32/c/sdcc/___uchar2fs_callee.asm
../../../math/float/am9511/lam32/c/sdcc/___uint2fs.asm
../../../math/float/am9511/lam32/c/sdcc/___uint2fs_callee.asm
../../../math/float/am9511/lam32/c/sdcc/___ulong2fs.asm
../../../math/float/am9511/lam32/c/sdcc/___ulong2fs_callee.asm

../../../math/float/am9511/lam32/c/sdcc/__divslong.asm
../../../math/float/am9511/lam32/c/sdcc/__divslong_callee.asm
../../../math/float/am9511/lam32/c/sdcc/__divulong.asm
../../../math/float/am9511/lam32/c/sdcc/__divulong_callee.asm
../../../math/float/am9511/lam32/c/sdcc/__modslong.asm
../../../math/float/am9511/lam32/c/sdcc/__modslong_callee.asm
../../../math/float/am9511/lam32/c/sdcc/__modulong.asm
../../../math/float/am9511/lam32/c/sdcc/__modulong_callee.asm
../../../math/float/am9511/lam32/c/sdcc/__mullong.asm
../../../math/float/am9511/lam32/c/sdcc/__mullong_callee.asm
