newlib/alloc/malloc/z80/asm_aligned_alloc
newlib/alloc/malloc/z80/asm_aligned_alloc_unlocked
newlib/alloc/malloc/z80/asm_calloc
newlib/alloc/malloc/z80/asm_calloc_unlocked
newlib/alloc/malloc/z80/asm_free
newlib/alloc/malloc/z80/asm_free_unlocked
newlib/alloc/malloc/z80/asm_heap_alloc
newlib/alloc/malloc/z80/asm_heap_alloc_aligned
newlib/alloc/malloc/z80/asm_heap_alloc_aligned_unlocked
newlib/alloc/malloc/z80/asm_heap_alloc_fixed
newlib/alloc/malloc/z80/asm_heap_alloc_fixed_unlocked
newlib/alloc/malloc/z80/asm_heap_alloc_unlocked
newlib/alloc/malloc/z80/asm_heap_calloc
newlib/alloc/malloc/z80/asm_heap_calloc_unlocked
newlib/alloc/malloc/z80/asm_heap_destroy
newlib/alloc/malloc/z80/asm_heap_free
newlib/alloc/malloc/z80/asm_heap_free_unlocked
newlib/alloc/malloc/z80/asm_heap_info
newlib/alloc/malloc/z80/asm_heap_info_unlocked
newlib/alloc/malloc/z80/asm_heap_init
newlib/alloc/malloc/z80/asm_heap_realloc
newlib/alloc/malloc/z80/asm_heap_realloc_unlocked
newlib/alloc/malloc/z80/asm_malloc
newlib/alloc/malloc/z80/asm_malloc_unlocked
newlib/alloc/malloc/z80/asm_memalign
newlib/alloc/malloc/z80/asm_memalign_unlocked
newlib/alloc/malloc/z80/asm_posix_memalign
newlib/alloc/malloc/z80/asm_posix_memalign_unlocked
newlib/alloc/malloc/z80/asm_realloc
newlib/alloc/malloc/z80/asm_realloc_unlocked
newlib/alloc/malloc/z80/asm__falloc
newlib/alloc/malloc/z80/asm__falloc_unlocked
newlib/alloc/malloc/z80/__heap_allocate_block
newlib/alloc/malloc/z80/__heap_lock_acquire
newlib/alloc/malloc/z80/__heap_lock_release
newlib/alloc/malloc/z80/__heap_place_block
