newlib/alloc/malloc/c/sccz80/aligned_alloc
newlib/alloc/malloc/c/sccz80/aligned_alloc_callee
newlib/alloc/malloc/c/sccz80/aligned_alloc_unlocked
newlib/alloc/malloc/c/sccz80/aligned_alloc_unlocked_callee
newlib/alloc/malloc/c/sccz80/calloc
newlib/alloc/malloc/c/sccz80/calloc_callee
newlib/alloc/malloc/c/sccz80/calloc_unlocked
newlib/alloc/malloc/c/sccz80/calloc_unlocked_callee
newlib/alloc/malloc/c/sccz80/free
newlib/alloc/malloc/c/sccz80/free_unlocked
newlib/alloc/malloc/c/sccz80/heap_alloc
newlib/alloc/malloc/c/sccz80/heap_alloc_aligned
newlib/alloc/malloc/c/sccz80/heap_alloc_aligned_callee
newlib/alloc/malloc/c/sccz80/heap_alloc_aligned_unlocked
newlib/alloc/malloc/c/sccz80/heap_alloc_aligned_unlocked_callee
newlib/alloc/malloc/c/sccz80/heap_alloc_callee
newlib/alloc/malloc/c/sccz80/heap_alloc_fixed
newlib/alloc/malloc/c/sccz80/heap_alloc_fixed_callee
newlib/alloc/malloc/c/sccz80/heap_alloc_fixed_unlocked
newlib/alloc/malloc/c/sccz80/heap_alloc_fixed_unlocked_callee
newlib/alloc/malloc/c/sccz80/heap_alloc_unlocked
newlib/alloc/malloc/c/sccz80/heap_alloc_unlocked_callee
newlib/alloc/malloc/c/sccz80/heap_calloc
newlib/alloc/malloc/c/sccz80/heap_calloc_callee
newlib/alloc/malloc/c/sccz80/heap_calloc_unlocked
newlib/alloc/malloc/c/sccz80/heap_calloc_unlocked_callee
newlib/alloc/malloc/c/sccz80/heap_destroy
newlib/alloc/malloc/c/sccz80/heap_free
newlib/alloc/malloc/c/sccz80/heap_free_callee
newlib/alloc/malloc/c/sccz80/heap_free_unlocked
newlib/alloc/malloc/c/sccz80/heap_free_unlocked_callee
newlib/alloc/malloc/c/sccz80/heap_info
newlib/alloc/malloc/c/sccz80/heap_info_callee
newlib/alloc/malloc/c/sccz80/heap_info_unlocked
newlib/alloc/malloc/c/sccz80/heap_info_unlocked_callee
newlib/alloc/malloc/c/sccz80/heap_init
newlib/alloc/malloc/c/sccz80/heap_init_callee
newlib/alloc/malloc/c/sccz80/heap_realloc
newlib/alloc/malloc/c/sccz80/heap_realloc_callee
newlib/alloc/malloc/c/sccz80/heap_realloc_unlocked
newlib/alloc/malloc/c/sccz80/heap_realloc_unlocked_callee
newlib/alloc/malloc/c/sccz80/malloc
newlib/alloc/malloc/c/sccz80/malloc_unlocked
newlib/alloc/malloc/c/sccz80/memalign
newlib/alloc/malloc/c/sccz80/memalign_callee
newlib/alloc/malloc/c/sccz80/memalign_unlocked
newlib/alloc/malloc/c/sccz80/memalign_unlocked_callee
newlib/alloc/malloc/c/sccz80/posix_memalign
newlib/alloc/malloc/c/sccz80/posix_memalign_callee
newlib/alloc/malloc/c/sccz80/posix_memalign_unlocked
newlib/alloc/malloc/c/sccz80/posix_memalign_unlocked_callee
newlib/alloc/malloc/c/sccz80/realloc
newlib/alloc/malloc/c/sccz80/realloc_callee
newlib/alloc/malloc/c/sccz80/realloc_unlocked
newlib/alloc/malloc/c/sccz80/realloc_unlocked_callee
newlib/alloc/malloc/c/sccz80/_falloc_
newlib/alloc/malloc/c/sccz80/_falloc__callee
newlib/alloc/malloc/c/sccz80/_falloc__unlocked
newlib/alloc/malloc/c/sccz80/_falloc__unlocked_callee
@newlib/alloc/malloc/malloc_asm.lst
