target/special/obj/special/x/target/special/stdio/generic_console
target/special/obj/special/x/target/special/stdio/generic_console_ioctl
target/special/obj/special/x/target/special/stdio/generic_console_vpeek
target/special/obj/special/x/target/special/stdio/CRT_FONT
target/special/obj/special/x/target/special/stdio/conio_vars
target/special/obj/special/x/target/special/stdio/conio_map_colour
target/special/obj/special/x/target/special/stdio/fputc_cons_native
target/special/obj/special/x/target/special/stdio/fputc_cons_native
target/special/obj/special/x/target/special/stdio/fgetc_cons
@classic/stdio/stdio.lst
classic/stdio/obj/${TYPE}/inkey/getk
classic/stdio/obj/${TYPE}/inkey/fgetc_cons


target/special/obj/special/x/target/special/graphics/clg
target/special/obj/special/x/target/special/graphics/w_pixladdr
target/special/obj/special/x/target/special/graphics/w_plotpixl
target/special/obj/special/x/target/special/graphics/w_respixl
target/special/obj/special/x/target/special/graphics/w_xorpixl
target/special/obj/special/x/target/special/graphics/w_pointxy
@classic/gfx/portable/gfx_portable_w.lst
@classic/gfx/wide/gfx_wide.lst
;@classic/input/input_keyboard.lst
;target/special/games/joystick
;target/special/games/keys_joystick
;@classic/games/games.lst
