@classic/gfx/common/gfx_common.lst
classic/gfx/portable/obj/${TYPE}/__gfx_coords
classic/gfx/portable/obj/${TYPE}/boxdraw
classic/gfx/portable/obj/${TYPE}/circle
classic/gfx/portable/obj/${TYPE}/circledraw
classic/gfx/portable/obj/${TYPE}/commonbox
classic/gfx/portable/obj/${TYPE}/commoncircle
classic/gfx/portable/obj/${TYPE}/commondraw
classic/gfx/portable/obj/${TYPE}/commondrawr
classic/gfx/portable/obj/${TYPE}/commondrawto
classic/gfx/portable/obj/${TYPE}/draw
classic/gfx/portable/obj/${TYPE}/drawb
classic/gfx/portable/obj/${TYPE}/drawr
classic/gfx/portable/obj/${TYPE}/drawto
classic/gfx/portable/obj/${TYPE}/linedraw
classic/gfx/portable/obj/${TYPE}/plot
classic/gfx/portable/obj/${TYPE}/point
classic/gfx/portable/obj/${TYPE}/setpos
classic/gfx/portable/obj/${TYPE}/uncircle
classic/gfx/portable/obj/${TYPE}/undraw
classic/gfx/portable/obj/${TYPE}/undrawb
classic/gfx/portable/obj/${TYPE}/undrawr
classic/gfx/portable/obj/${TYPE}/undrawto
classic/gfx/portable/obj/${TYPE}/unplot
classic/gfx/portable/obj/${TYPE}/xorcircle
classic/gfx/portable/obj/${TYPE}/xordraw
classic/gfx/portable/obj/${TYPE}/xordrawb
classic/gfx/portable/obj/${TYPE}/xordrawr
classic/gfx/portable/obj/${TYPE}/xordrawto
classic/gfx/portable/obj/${TYPE}/xorplot
