target/smc777/obj/${TARGET}/x/target/smc777/stdio/bordercolour.o
target/smc777/obj/${TARGET}/x/target/smc777/stdio/generic_console.o
target/smc777/obj/${TARGET}/x/target/smc777/stdio/generic_console_ioctl.o
target/smc777/obj/${TARGET}/x/target/smc777/stdio/conio_vars.o
target/smc777/obj/${TARGET}/x/target/smc777/stdio/CRT_FONT.o
target/smc777/obj/${TARGET}/x/target/smc777/stdio/copy_font.o
target/smc777/obj/${TARGET}/x/target/smc777/stdio/conio_map_colour.o
target/smc777/obj/${TARGET}/x/target/smc777/stdio/getk.o
target/smc777/obj/${TARGET}/x/target/smc777/stdio/fgetc_cons.o
target/smc777/obj/${TARGET}/x/target/smc777/graphics/clg.o
target/smc777/obj/${TARGET}/x/target/smc777/graphics/getmaxx.o
target/smc777/obj/${TARGET}/x/target/smc777/graphics/getmaxy.o
target/smc777/obj/${TARGET}/x/target/smc777/graphics/textpixl.o
target/smc777/obj/${TARGET}/x/target/smc777/graphics/w_pixladdr.o
target/smc777/obj/${TARGET}/x/target/smc777/graphics/w_plotpixl.o
target/smc777/obj/${TARGET}/x/target/smc777/graphics/w_plotpixl_MODE4.o
target/smc777/obj/${TARGET}/x/target/smc777/graphics/w_plotpixl_MODE8.o
target/smc777/obj/${TARGET}/x/target/smc777/graphics/w_pointxy.o
target/smc777/obj/${TARGET}/x/target/smc777/graphics/w_pointxy_MODE4.o
target/smc777/obj/${TARGET}/x/target/smc777/graphics/w_pointxy_MODE8.o
target/smc777/obj/${TARGET}/x/target/smc777/graphics/w_respixl.o
target/smc777/obj/${TARGET}/x/target/smc777/graphics/w_respixl_MODE4.o
target/smc777/obj/${TARGET}/x/target/smc777/graphics/w_respixl_MODE8.o
target/smc777/obj/${TARGET}/x/target/smc777/graphics/w_xorpixl.o
target/smc777/obj/${TARGET}/x/target/smc777/graphics/w_xorpixl_MODE4.o
target/smc777/obj/${TARGET}/x/target/smc777/graphics/w_xorpixl_MODE8.o
@classic/gfx/wide/gfx_wide.lst
target/smc777/obj/${TARGET}/x/target/smc777/games/joystick.o

sound/sn76489/obj/${TYPE}_16bit/**/*.o
@classic/games/games.lst
@classic/video/mc6845/mc6845.lst
@classic/stdio/stdio.lst
