target/fp1100/obj/${TARGET}/x/target/fp1100/stdio/generic_console.o
target/fp1100/obj/${TARGET}/x/target/fp1100/stdio/generic_console_ioctl.o
target/fp1100/obj/${TARGET}/x/target/fp1100/stdio/conio_vars.o
target/fp1100/obj/${TARGET}/x/target/fp1100/stdio/CRT_FONT.o
target/fp1100/obj/${TARGET}/x/target/fp1100/stdio/conio_map_colour.o
target/fp1100/obj/${TARGET}/x/target/fp1100/stdio/fputc_cons_native.o
target/fp1100/obj/${TARGET}/x/target/fp1100/stdio/fgetc_cons.o
target/fp1100/obj/${TARGET}/x/target/fp1100/stdio/getk.o
@classic/stdio/stdio.lst
target/fp1100/obj/${TARGET}/x/target/fp1100/graphics/clg.o
target/fp1100/obj/${TARGET}/x/target/fp1100/graphics/textpixl.o
target/fp1100/obj/${TARGET}/x/target/fp1100/graphics/getmaxx.o
target/fp1100/obj/${TARGET}/x/target/fp1100/graphics/getmaxy.o
target/fp1100/obj/${TARGET}/x/target/fp1100/graphics/w_pixladdr.o
target/fp1100/obj/${TARGET}/x/target/fp1100/graphics/w_plotpixl.o
target/fp1100/obj/${TARGET}/x/target/fp1100/graphics/w_respixl.o
target/fp1100/obj/${TARGET}/x/target/fp1100/graphics/w_xorpixl.o
target/fp1100/obj/${TARGET}/x/target/fp1100/graphics/w_pointxy.o
@classic/gfx/wide/gfx_wide.lst
@classic/games/games.lst
