newlib/input/zx/c/sdcc_ix/in_inkey
newlib/input/zx/c/sdcc_ix/in_key_pressed
newlib/input/zx/c/sdcc_ix/in_key_pressed_fastcall
newlib/input/zx/c/sdcc_ix/in_key_scancode
newlib/input/zx/c/sdcc_ix/in_key_scancode_fastcall
newlib/input/zx/c/sdcc_ix/in_mouse_amx
newlib/input/zx/c/sdcc_ix/in_mouse_amx_callee
newlib/input/zx/c/sdcc_ix/in_mouse_amx_init
newlib/input/zx/c/sdcc_ix/in_mouse_amx_init_callee
newlib/input/zx/c/sdcc_ix/in_mouse_amx_reset
newlib/input/zx/c/sdcc_ix/in_mouse_amx_setpos
newlib/input/zx/c/sdcc_ix/in_mouse_amx_setpos_callee
newlib/input/zx/c/sdcc_ix/in_mouse_amx_wheel
newlib/input/zx/c/sdcc_ix/in_mouse_amx_wheel_delta
newlib/input/zx/c/sdcc_ix/in_mouse_kempston
newlib/input/zx/c/sdcc_ix/in_mouse_kempston_callee
newlib/input/zx/c/sdcc_ix/in_mouse_kempston_init
newlib/input/zx/c/sdcc_ix/in_mouse_kempston_reset
newlib/input/zx/c/sdcc_ix/in_mouse_kempston_setpos
newlib/input/zx/c/sdcc_ix/in_mouse_kempston_setpos_callee
newlib/input/zx/c/sdcc_ix/in_mouse_kempston_wheel
newlib/input/zx/c/sdcc_ix/in_mouse_kempston_wheel_delta
newlib/input/zx/c/sdcc_ix/in_pause
newlib/input/zx/c/sdcc_ix/in_pause_fastcall
newlib/input/zx/c/sdcc_ix/in_stick_cursor
newlib/input/zx/c/sdcc_ix/in_stick_fuller
newlib/input/zx/c/sdcc_ix/in_stick_kempston
newlib/input/zx/c/sdcc_ix/in_stick_keyboard
newlib/input/zx/c/sdcc_ix/in_stick_keyboard_fastcall
newlib/input/zx/c/sdcc_ix/in_stick_sinclair1
newlib/input/zx/c/sdcc_ix/in_stick_sinclair2
newlib/input/zx/c/sdcc_ix/in_test_key
newlib/input/zx/c/sdcc_ix/in_wait_key
newlib/input/zx/c/sdcc_ix/in_wait_nokey
@newlib/input/zx/input_asm.lst
