newlib/threads/mutex/c/sdcc_iy/call_once
newlib/threads/mutex/c/sdcc_iy/call_once_callee
newlib/threads/mutex/c/sdcc_iy/mtx_destroy
newlib/threads/mutex/c/sdcc_iy/mtx_destroy_fastcall
newlib/threads/mutex/c/sdcc_iy/mtx_init
newlib/threads/mutex/c/sdcc_iy/mtx_init_callee
newlib/threads/mutex/c/sdcc_iy/mtx_lock
newlib/threads/mutex/c/sdcc_iy/mtx_lock_fastcall
newlib/threads/mutex/c/sdcc_iy/mtx_timedlock
newlib/threads/mutex/c/sdcc_iy/mtx_timedlock_callee
newlib/threads/mutex/c/sdcc_iy/mtx_trylock
newlib/threads/mutex/c/sdcc_iy/mtx_trylock_fastcall
newlib/threads/mutex/c/sdcc_iy/mtx_unlock
newlib/threads/mutex/c/sdcc_iy/mtx_unlock_fastcall
newlib/threads/mutex/c/sdcc_iy/spinlock_acquire
newlib/threads/mutex/c/sdcc_iy/spinlock_acquire_fastcall
newlib/threads/mutex/c/sdcc_iy/spinlock_release
newlib/threads/mutex/c/sdcc_iy/spinlock_release_fastcall
newlib/threads/mutex/c/sdcc_iy/spinlock_tryacquire
newlib/threads/mutex/c/sdcc_iy/spinlock_tryacquire_fastcall
@newlib/threads/mutex/mutex_asm.lst
