target/ticalc/obj/${TARGET}/x/target/ticalc/stdio/fputc_cons.o
target/ticalc/obj/${TARGET}/x/target/ticalc/stdio/fgetc_cons.o
target/ticalc/obj/${TARGET}/x/target/ticalc/stdio/getk.o
target/ticalc/obj/${TARGET}/x/target/ticalc/stdio/getk_decode.o
@classic/stdio/ansicore.lst
target/ticalc/obj/${TARGET}/x/target/ticalc/stdio/ansi/f_ansi_attr.o
target/ticalc/obj/${TARGET}/x/target/ticalc/stdio/ansi/f_ansi_bel.o
target/ticalc/obj/${TARGET}/x/target/ticalc/stdio/ansi/f_ansi_char.o
target/ticalc/obj/${TARGET}/x/target/ticalc/stdio/ansi/f_ansi_cls.o
target/ticalc/obj/${TARGET}/x/target/ticalc/stdio/ansi/f_ansi_dline.o
target/ticalc/obj/${TARGET}/x/target/ticalc/stdio/ansi/f_ansi_scrollup.o
@classic/stdio/stdio.lst
@target/ticalc/tigray.lst
target/ticalc/obj/${TARGET}/x/target/ticalc/graphics/clg.o
target/ticalc/obj/${TARGET}/x/target/ticalc/graphics/pixladdr.o
target/ticalc/obj/${TARGET}/x/target/ticalc/graphics/putsprite.o
target/ticalc/obj/${TARGET}/x/target/ticalc/graphics/bksave.o
target/ticalc/obj/${TARGET}/x/target/ticalc/graphics/bkrestore.o
target/ticalc/obj/${TARGET}/x/target/ticalc/graphics/swapgfxbk.o
@classic/gfx/narrow/gfx_narrow.lst
target/ticalc/obj/${TARGET}/x/target/ticalc/games/joystick.o
target/ticalc/obj/${TARGET}/x/target/ticalc/games/bit_open.o
target/ticalc/obj/${TARGET}/x/target/ticalc/games/bit_open_di.o
target/ticalc/obj/${TARGET}/x/target/ticalc/games/bit_close.o
target/ticalc/obj/${TARGET}/x/target/ticalc/games/bit_close_ei.o
@classic/games/games.lst
