target/svi/obj/msx/x/target/msx/stdio/fgetc_cons.o
target/svi/obj/msx/x/target/msx/stdio/getk.o
target/svi/obj/msx/x/target/msx/stdio/fputc_cons.o
target/svi/obj/${TARGET}/x/target/svi/stdio/generic_console.o

@classic/stdio/ansicore.lst
@classic/input/input_keyboard.lst
target/svi/obj/msx/x/target/msx/time/clock.o
@classic/video/tms9918/video_tms9918.lst
@classic/stdio/stdio.lst
@classic/gfx/narrow/gfx_narrow.lst
target/svi/obj/${TARGET}/x/target/svi/games/joystick.o
target/svi/obj/${TARGET}/x/target/svi/games/keys_joystick.o
target/svi/obj/msx/x/target/msx/games/bit_open.o
target/svi/obj/msx/x/target/msx/games/bit_open_di.o
target/svi/obj/msx/x/target/msx/games/bit_close.o
target/svi/obj/msx/x/target/msx/games/bit_close_ei.o
@classic/games/games.lst
target/svi/obj/msx/x/target/msx/psg/playzb4.o
target/svi/obj/msx/x/target/msx/psg/psg_init.o
target/svi/obj/msx/x/target/msx/psg/get_psg.o
target/svi/obj/msx/x/target/msx/psg/set_psg.o
target/svi/obj/msx/x/target/msx/psg/set_psg_callee.o
sound/ay/obj/${TYPE}/**/*.o
@classic/video/mc6845/mc6845.lst
target/svi/obj/${TARGET}/rs232/rs232_close.o
target/svi/obj/${TARGET}/rs232/rs232_get.o
target/svi/obj/${TARGET}/rs232/rs232_init.o
target/svi/obj/${TARGET}/rs232/rs232_params.o
target/svi/obj/${TARGET}/rs232/rs232_put.o
@target/svi/arch_svi.lst
