target/nc/obj/${TARGET}/x/target/nc/stdio/generic_console.o
target/nc/obj/${TARGET}/x/target/nc/stdio/generic_console_ioctl.o
target/nc/obj/${TARGET}/x/target/nc/stdio/generic_console_vpeek.o
target/nc/obj/${TARGET}/x/target/nc/graphics/clg.o
target/nc/obj/${TARGET}/x/target/nc/graphics/w_pixladdr.o
target/nc/obj/${TARGET}/x/target/nc/graphics/swapgfxbk.o
target/nc/obj/${TARGET}/x/target/nc/graphics/fill.o
target/nc/obj/${TARGET}/x/target/nc/vram_vars.o
@classic/gfx/wide/gfx_wide.lst
classic/input/obj/${TYPE}/in_WaitForKey
target/nc/obj/${TARGET}/x/target/nc/input/in_Inkey.o
classic/input/obj/${TYPE}/in_GetKey
target/nc/obj/${TARGET}/x/target/nc/input/in_keytranstbl.o
target/nc/obj/${TARGET}/x/target/nc/input/in_KeyPressed.o
classic/input/obj/${TYPE}/in_WaitForNoKey
target/nc/obj/${TARGET}/x/target/nc/input/in_LookupKey.o
classic/input/obj/${TYPE}/in_GetKeyReset
classic/input/obj/${TYPE}/in_GetKeyVariables
classic/input/obj/${TYPE}/fgetc_cons_inkey
target/nc/obj/${TARGET}/x/target/nc/games/joystick.o
target/nc/obj/${TARGET}/x/target/nc/games/keys_joystick.o
@classic/games/games_joystick.lst
