target/nc/obj/${TARGET}/x/target/nc/stdio/fgetc_cons.o
target/nc/obj/${TARGET}/x/target/nc/stdio/fputc_cons.o
target/nc/obj/${TARGET}/x/target/nc/stdio/CRT_FONT.o
@classic/stdio/stdio.lst
target/nc/obj/${TARGET}/x/target/nc/fcntl/open.o
target/nc/obj/${TARGET}/target/nc/fcntl/opendir.o
target/nc/obj/${TARGET}/x/target/nc/fcntl/creat.o
target/nc/obj/${TARGET}/x/target/nc/fcntl/close.o
target/nc/obj/${TARGET}/x/target/nc/fcntl/fsync.o
target/nc/obj/${TARGET}/x/target/nc/fcntl/read.o
target/nc/obj/${TARGET}/x/target/nc/fcntl/write.o
target/nc/obj/${TARGET}/target/nc/fcntl/lseek.o
target/nc/obj/${TARGET}/x/target/nc/fcntl/readbyte.o
target/nc/obj/${TARGET}/x/target/nc/fcntl/_fsize.o
target/nc/obj/${TARGET}/x/target/nc/fcntl/_fsizehandle.o
target/nc/obj/${TARGET}/x/target/nc/fcntl/_lseek.o
target/nc/obj/${TARGET}/x/target/nc/fcntl/_tell.o
target/nc/obj/${TARGET}/x/target/nc/fcntl/fabandon.o
target/nc/obj/${TARGET}/x/target/nc/fcntl/remove.o
target/nc/obj/${TARGET}/x/target/nc/fcntl/rename.o
target/nc/obj/${TARGET}/x/target/nc/fcntl/_fdatestamp.o
target/nc/obj/${TARGET}/x/target/nc/fcntl/_fgetattr.o
target/nc/obj/${TARGET}/x/target/nc/fcntl/_fsetattr.o
target/nc/obj/${TARGET}/x/target/nc/fcntl/_findfirst.o
target/nc/obj/${TARGET}/x/target/nc/fcntl/_findnext.o
target/nc/obj/${TARGET}/x/target/nc/fcntl/_ftesteof.o
target/nc/obj/${TARGET}/x/target/nc/fcntl/_fdatestamp.o
target/nc/obj/${TARGET}/x/target/nc/fcntl/_setdta.o
target/nc/obj/${TARGET}/x/target/nc/fcntl/writebyte.o
target/nc/obj/${TARGET}/x/target/nc/col1.o
target/nc/obj/${TARGET}/x/target/nc/col1text.o
target/nc/obj/${TARGET}/x/target/nc/editbuf.o
target/nc/obj/${TARGET}/x/target/nc/heapaddress.o
target/nc/obj/${TARGET}/x/target/nc/heapalloc.o
target/nc/obj/${TARGET}/x/target/nc/heapfree.o
target/nc/obj/${TARGET}/x/target/nc/heaplock.o
target/nc/obj/${TARGET}/x/target/nc/heapmaxfree.o
target/nc/obj/${TARGET}/x/target/nc/heaprealloc.o
target/nc/obj/${TARGET}/x/target/nc/kmcharreturn.o
target/nc/obj/${TARGET}/x/target/nc/kmgetyellow.o
target/nc/obj/${TARGET}/x/target/nc/kmreadchar.o
target/nc/obj/${TARGET}/x/target/nc/kmreadkbd.o
target/nc/obj/${TARGET}/x/target/nc/kmsetexpand.o
target/nc/obj/${TARGET}/x/target/nc/kmsettickcount.o
target/nc/obj/${TARGET}/x/target/nc/kmsetyellow.o
target/nc/obj/${TARGET}/x/target/nc/kmwaitkbd.o
target/nc/obj/${TARGET}/x/target/nc/lapcat_receive.o
target/nc/obj/${TARGET}/x/target/nc/lapcat_send.o
target/nc/obj/${TARGET}/x/target/nc/mcprintchar.o
target/nc/obj/${TARGET}/x/target/nc/mcreadyprinter.o
target/nc/obj/${TARGET}/x/target/nc/mcsetprinter.o
target/nc/obj/${TARGET}/x/target/nc/padgetticker.o
target/nc/obj/${TARGET}/x/target/nc/padgettime.o
target/nc/obj/${TARGET}/x/target/nc/padgetversion.o
target/nc/obj/${TARGET}/x/target/nc/padinitserial.o
target/nc/obj/${TARGET}/x/target/nc/padinserial.o
target/nc/obj/${TARGET}/x/target/nc/padoutparallel.o
target/nc/obj/${TARGET}/x/target/nc/padoutserial.o
target/nc/obj/${TARGET}/x/target/nc/padreadyparallel.o
target/nc/obj/${TARGET}/x/target/nc/padreadyserial.o
target/nc/obj/${TARGET}/x/target/nc/padresetserial.o
target/nc/obj/${TARGET}/x/target/nc/padserialwaiting.o
target/nc/obj/${TARGET}/x/target/nc/padsetalarm.o
target/nc/obj/${TARGET}/x/target/nc/padsettime.o
target/nc/obj/${TARGET}/x/target/nc/pagemodeoff.o
target/nc/obj/${TARGET}/x/target/nc/pagemodeon.o
target/nc/obj/${TARGET}/x/target/nc/readbuf.o
target/nc/obj/${TARGET}/x/target/nc/selectfile.o
target/nc/obj/${TARGET}/x/target/nc/testescape.o
target/nc/obj/${TARGET}/x/target/nc/textout.o
target/nc/obj/${TARGET}/x/target/nc/textoutcount.o
target/nc/obj/${TARGET}/x/target/nc/txtboldoff.o
target/nc/obj/${TARGET}/x/target/nc/txtboldon.o
target/nc/obj/${TARGET}/x/target/nc/txtcuroff.o
target/nc/obj/${TARGET}/x/target/nc/txtcuron.o
target/nc/obj/${TARGET}/x/target/nc/txtgetcursor.o
target/nc/obj/${TARGET}/x/target/nc/txtgetwindow.o
target/nc/obj/${TARGET}/x/target/nc/txtinverseoff.o
target/nc/obj/${TARGET}/x/target/nc/txtinverseon.o
target/nc/obj/${TARGET}/x/target/nc/txtoutput.o
target/nc/obj/${TARGET}/x/target/nc/txtsetcursor.o
target/nc/obj/${TARGET}/x/target/nc/txtsetwindow.o
target/nc/obj/${TARGET}/x/target/nc/txtunderlineoff.o
target/nc/obj/${TARGET}/x/target/nc/txtunderlineon.o
target/nc/obj/${TARGET}/x/target/nc/txtwrchar.o

