target/tiki100/obj/${TARGET}/x/target/tiki100/psg/set_psg.o
target/tiki100/obj/${TARGET}/x/target/tiki100/psg/set_psg_callee.o
target/tiki100/obj/${TARGET}/x/target/tiki100/psg/get_psg.o
target/tiki100/obj/${TARGET}/x/target/tiki100/psg/psg_init.o
target/tiki100/obj/${TARGET}/x/target/tiki100/psg/playzb4.o
sound/ay/obj/${TYPE}/**/*.o
target/tiki100/obj/${TARGET}/x/target/tiki100/graphics/clg.o
target/tiki100/obj/${TARGET}/x/target/tiki100/graphics/w_pixladdr.o
target/tiki100/obj/${TARGET}/x/target/tiki100/graphics/swapgfxbk.o
target/tiki100/obj/${TARGET}/x/target/tiki100/graphics/w_plotpixl.o
target/tiki100/obj/${TARGET}/x/target/tiki100/graphics/w_respixl.o
target/tiki100/obj/${TARGET}/x/target/tiki100/graphics/w_xorpixl.o
target/tiki100/obj/${TARGET}/x/target/tiki100/graphics/w_pointxy.o
target/tiki100/obj/${TARGET}/x/target/tiki100/graphics/getmaxx.o
target/tiki100/obj/${TARGET}/x/target/tiki100/graphics/getmaxy.o
target/tiki100/obj/${TARGET}/x/target/tiki100/graphics/fill.o
target/tiki100/obj/${TARGET}/x/target/tiki100/graphics/w_putsprite.o
target/tiki100/obj/${TARGET}/x/target/tiki100/graphics/w_stencil_render.o
@classic/gfx/wide/gfx_wide.lst
target/tiki100/obj/${TARGET}/x/target/tiki100/gr_setpalette.o
target/tiki100/obj/${TARGET}/x/target/tiki100/gr_defmod.o
target/tiki100/obj/${TARGET}/x/target/tiki100/gr_scroll.o
target/tiki100/obj/${TARGET}/x/target/tiki100/gr_getmode.o
target/tiki100/obj/${TARGET}/x/target/tiki100/stdio/CRT_FONT.o
target/tiki100/obj/${TARGET}/x/target/tiki100/stdio/generic_console.o
target/tiki100/obj/${TARGET}/x/target/tiki100/stdio/generic_console_cls.o
target/tiki100/obj/${TARGET}/x/target/tiki100/stdio/generic_console_ioctl.o
target/tiki100/obj/${TARGET}/x/target/tiki100/stdio/generic_console_vpeek.o
target/tiki100/obj/${TARGET}/x/target/tiki100/stdio/generic_console_set_ink.o
target/tiki100/obj/${TARGET}/x/target/tiki100/stdio/generic_console_set_paper.o
target/tiki100/obj/${TARGET}/x/target/tiki100/stdio/generic_console_get_mode.o
target/tiki100/obj/${TARGET}/x/target/tiki100/stdio/conio_vars.o
@classic/games/games.lst
