arch/timex/display/z80/asm_tshc_aaddr2cx
arch/timex/display/z80/asm_tshc_aaddr2cy
arch/timex/display/z80/asm_tshc_aaddr2px
arch/timex/display/z80/asm_tshc_aaddr2py
arch/timex/display/z80/asm_tshc_aaddr2saddr
arch/timex/display/z80/asm_tshc_aaddrcdown
arch/timex/display/z80/asm_tshc_aaddrcleft
arch/timex/display/z80/asm_tshc_aaddrcright
arch/timex/display/z80/asm_tshc_aaddrcup
arch/timex/display/z80/asm_tshc_aaddrpdown
arch/timex/display/z80/asm_tshc_aaddrpleft
arch/timex/display/z80/asm_tshc_aaddrpright
arch/timex/display/z80/asm_tshc_aaddrpup
arch/timex/display/z80/asm_tshc_bitmask2px
arch/timex/display/z80/asm_tshc_cxy2aaddr
arch/timex/display/z80/asm_tshc_cxy2saddr
arch/timex/display/z80/asm_tshc_cy2aaddr
arch/timex/display/z80/asm_tshc_cy2saddr
arch/timex/display/z80/asm_tshc_px2bitmask
arch/timex/display/z80/asm_tshc_pxy2aaddr
arch/timex/display/z80/asm_tshc_pxy2saddr
arch/timex/display/z80/asm_tshc_py2aaddr
arch/timex/display/z80/asm_tshc_py2saddr
arch/timex/display/z80/asm_tshc_saddr2aaddr
arch/timex/display/z80/asm_tshc_saddr2cx
arch/timex/display/z80/asm_tshc_saddr2cy
arch/timex/display/z80/asm_tshc_saddr2px
arch/timex/display/z80/asm_tshc_saddr2py
arch/timex/display/z80/asm_tshc_saddrcdown
arch/timex/display/z80/asm_tshc_saddrcleft
arch/timex/display/z80/asm_tshc_saddrcright
arch/timex/display/z80/asm_tshc_saddrcup
arch/timex/display/z80/asm_tshc_saddrpdown
arch/timex/display/z80/asm_tshc_saddrpleft
arch/timex/display/z80/asm_tshc_saddrpright
arch/timex/display/z80/asm_tshc_saddrpup
arch/timex/display/z80/asm_tshr_bitmask2px
arch/timex/display/z80/asm_tshr_cxy2saddr
arch/timex/display/z80/asm_tshr_cy2saddr
arch/timex/display/z80/asm_tshr_px2bitmask
arch/timex/display/z80/asm_tshr_pxy2saddr
arch/timex/display/z80/asm_tshr_py2saddr
arch/timex/display/z80/asm_tshr_saddr2cx
arch/timex/display/z80/asm_tshr_saddr2cy
arch/timex/display/z80/asm_tshr_saddr2px
arch/timex/display/z80/asm_tshr_saddr2py
arch/timex/display/z80/asm_tshr_saddrcdown
arch/timex/display/z80/asm_tshr_saddrcleft
arch/timex/display/z80/asm_tshr_saddrcright
arch/timex/display/z80/asm_tshr_saddrcup
arch/timex/display/z80/asm_tshr_saddrpdown
arch/timex/display/z80/asm_tshr_saddrpleft
arch/timex/display/z80/asm_tshr_saddrpright
arch/timex/display/z80/asm_tshr_saddrpup
