target/cpc/obj/${TARGET}/x/target/cpc/stdio/fgetc_cons.o
target/cpc/obj/${TARGET}/x/target/cpc/stdio/fputc_cons.o
target/cpc/obj/${TARGET}/x/target/cpc/stdio/getk.o
target/cpc/obj/${TARGET}/x/target/cpc/stdio/generic_console.o
target/cpc/obj/${TARGET}/x/target/cpc/stdio/generic_console_ioctl.o
target/cpc/obj/${TARGET}/x/target/cpc/stdio/generic_console_vpeek.o
target/cpc/obj/${TARGET}/x/target/cpc/stdio/bordercolour.o
target/cpc/obj/${TARGET}/x/target/cpc/stdio/conio_map_colour.o
target/cpc/obj/${TARGET}/x/target/cpc/stdio/conio_vars.o
target/cpc/obj/${TARGET}/x/target/cpc/stdio/CRT_FONT.o

@classic/stdio/ansicore.lst
target/cpc/obj/${TARGET}/x/target/cpc/stdio/ansi/f_ansi_attr.o
target/cpc/obj/${TARGET}/x/target/cpc/stdio/ansi/f_ansi_bel.o
target/cpc/obj/${TARGET}/x/target/cpc/stdio/ansi/f_ansi_char.o
target/cpc/obj/${TARGET}/x/target/cpc/stdio/ansi/f_ansi_cls.o
target/cpc/obj/${TARGET}/x/target/cpc/stdio/ansi/f_ansi_dline.o
target/cpc/obj/${TARGET}/x/target/cpc/stdio/ansi/f_ansi_scrollup.o
@classic/stdio/stdio.lst
target/cpc/obj/${TARGET}/x/target/cpc/graphics/cleargraphics.o
target/cpc/obj/${TARGET}/x/target/cpc/graphics/getmaxx.o
target/cpc/obj/${TARGET}/x/target/cpc/graphics/getmaxy.o
target/cpc/obj/${TARGET}/x/target/cpc/graphics/plot_MODE0.o
target/cpc/obj/${TARGET}/x/target/cpc/graphics/plot_MODE1.o
target/cpc/obj/${TARGET}/x/target/cpc/graphics/plot_MODE2.o
target/cpc/obj/${TARGET}/x/target/cpc/graphics/pixeladdress.o
target/cpc/obj/${TARGET}/x/target/cpc/graphics/res_MODE0.o
target/cpc/obj/${TARGET}/x/target/cpc/graphics/res_MODE1.o
target/cpc/obj/${TARGET}/x/target/cpc/graphics/res_MODE2.o
target/cpc/obj/${TARGET}/x/target/cpc/graphics/pointxy_MODE0.o
target/cpc/obj/${TARGET}/x/target/cpc/graphics/pointxy_MODE1.o
target/cpc/obj/${TARGET}/x/target/cpc/graphics/pointxy_MODE2.o
target/cpc/obj/${TARGET}/x/target/cpc/graphics/xor_MODE0.o
target/cpc/obj/${TARGET}/x/target/cpc/graphics/xor_MODE1.o
target/cpc/obj/${TARGET}/x/target/cpc/graphics/xor_MODE2.o
target/cpc/obj/${TARGET}/x/target/cpc/graphics/w_plotpixl.o
target/cpc/obj/${TARGET}/x/target/cpc/graphics/w_respixl.o
target/cpc/obj/${TARGET}/x/target/cpc/graphics/w_xorpixl.o
target/cpc/obj/${TARGET}/x/target/cpc/graphics/w_pointxy.o
@classic/gfx/wide/gfx_wide.lst
target/cpc/obj/${TARGET}/x/target/cpc/time/clock.o
target/cpc/obj/${TARGET}/x/target/cpc/games/joystick.o
classic/games/obj/${TARGET}/joystick_type
target/cpc/obj/${TARGET}/x/target/cpc/cpcrslib/firmware.o
target/cpc/obj/${TARGET}/x/target/cpc/cpcrslib/bios_msg.o
target/cpc/obj/${TARGET}/x/target/cpc/cpcrslib/cpc_fdc.o
target/cpc/obj/${TARGET}/x/target/cpc/cpcrslib/cpc_model.o
target/cpc/obj/${TARGET}/x/target/cpc/cpcrslib/cpc_rsx.o
target/cpc/obj/${TARGET}/x/target/cpc/cpcrslib/cpc_rsx_str.o
target/cpc/obj/${TARGET}/x/target/cpc/cpcrslib/cpc_rsx_strcpy.o
target/cpc/obj/${TARGET}/x/target/cpc/cpcrslib/cpc_rsx_strcpy_callee.o
target/cpc/obj/${TARGET}/x/target/cpc/cpcrslib/fdc_address.o
target/cpc/obj/${TARGET}/x/target/cpc/cpcrslib/cpc_setmode.o
target/cpc/obj/${TARGET}/x/target/cpc/cpcrslib/cpc_SetMode_srlib.o
target/cpc/obj/${TARGET}/x/target/cpc/cpcrslib/cpc_set_palette.o
target/cpc/obj/${TARGET}/x/target/cpc/cpcrslib/cpc_set_palette_callee.o
target/cpc/obj/${TARGET}/x/target/cpc/cpcrslib/cpc_SetBorder.o
target/cpc/obj/${TARGET}/x/target/cpc/cpcrslib/cpc_SetColour.o
target/cpc/obj/${TARGET}/x/target/cpc/cpcrslib/cpc_SetColour_callee.o
target/cpc/obj/${TARGET}/x/target/cpc/cpcrslib/cpc_SetInkGphStr.o
target/cpc/obj/${TARGET}/x/target/cpc/cpcrslib/cpc_SetInkGphStr_callee.o
target/cpc/obj/${TARGET}/x/target/cpc/cpcrslib/cpc_ScanKeyboard.o
target/cpc/obj/${TARGET}/x/target/cpc/cpcrslib/cpc_TestKeyboard.o
target/cpc/obj/${TARGET}/x/target/cpc/cpcrslib/cpc_AnyKeyPressed.o
target/cpc/obj/${TARGET}/x/target/cpc/cpcrslib/cpc_AssignKey.o
target/cpc/obj/${TARGET}/x/target/cpc/cpcrslib/cpc_AssignKey_callee.o
target/cpc/obj/${TARGET}/x/target/cpc/cpcrslib/cpc_TestKey.o
target/cpc/obj/${TARGET}/x/target/cpc/cpcrslib/cpc_TestKeyF.o
target/cpc/obj/${TARGET}/x/target/cpc/cpcrslib/cpc_TestKeyboard.o
target/cpc/obj/${TARGET}/x/target/cpc/cpcrslib/cpc_DeleteKeys.o
target/cpc/obj/${TARGET}/x/target/cpc/cpcrslib/cpc_KeysData.o
target/cpc/obj/${TARGET}/x/target/cpc/cpcrslib/cpc_RedefineKey.o
target/cpc/obj/${TARGET}/x/target/cpc/cpcrslib/cpc_EnableFirmware.o
target/cpc/obj/${TARGET}/x/target/cpc/cpcrslib/cpc_DisableFirmware.o
target/cpc/obj/${TARGET}/x/target/cpc/cpcrslib/cpc_ClrScr.o
target/cpc/obj/${TARGET}/x/target/cpc/cpcrslib/cpc_Chars.o
target/cpc/obj/${TARGET}/x/target/cpc/cpcrslib/cpc_Chars8.o
target/cpc/obj/${TARGET}/x/target/cpc/cpcrslib/cpc_GetScrAddress.o
target/cpc/obj/${TARGET}/x/target/cpc/cpcrslib/cpc_GetScrAddress_callee.o
target/cpc/obj/${TARGET}/x/target/cpc/cpcrslib/cpc_GetScrAddress0.o
target/cpc/obj/${TARGET}/x/target/cpc/cpcrslib/cpc_PrintStr.o
target/cpc/obj/${TARGET}/x/target/cpc/cpcrslib/cpc_PrintGphStr0.o
target/cpc/obj/${TARGET}/x/target/cpc/cpcrslib/cpc_PrintGphStrStd0.o
target/cpc/obj/${TARGET}/x/target/cpc/cpcrslib/cpc_PrintGphStr0M1.o
target/cpc/obj/${TARGET}/x/target/cpc/cpcrslib/cpc_PrintGphStr.o
target/cpc/obj/${TARGET}/x/target/cpc/cpcrslib/cpc_PrintGphStr_callee.o
target/cpc/obj/${TARGET}/x/target/cpc/cpcrslib/cpc_PrintGphStrStd.o
target/cpc/obj/${TARGET}/x/target/cpc/cpcrslib/cpc_PrintGphStrStd_callee.o
target/cpc/obj/${TARGET}/x/target/cpc/cpcrslib/cpc_PrintGphStrM1.o
target/cpc/obj/${TARGET}/x/target/cpc/cpcrslib/cpc_PrintGphStrM1_callee.o
target/cpc/obj/${TARGET}/x/target/cpc/cpcrslib/cpc_PrintGphStr2X.o
target/cpc/obj/${TARGET}/x/target/cpc/cpcrslib/cpc_PrintGphStr2X_callee.o
target/cpc/obj/${TARGET}/x/target/cpc/cpcrslib/cpc_PrintGphStrXYM12X.o
target/cpc/obj/${TARGET}/x/target/cpc/cpcrslib/cpc_PrintGphStrXYM12X_callee.o
target/cpc/obj/${TARGET}/x/target/cpc/cpcrslib/cpc_PrintGphStrXY.o
target/cpc/obj/${TARGET}/x/target/cpc/cpcrslib/cpc_PrintGphStrXY_callee.o
target/cpc/obj/${TARGET}/x/target/cpc/cpcrslib/cpc_PrintGphStrXY2X.o
target/cpc/obj/${TARGET}/x/target/cpc/cpcrslib/cpc_PrintGphStrXY2X_callee.o
target/cpc/obj/${TARGET}/x/target/cpc/cpcrslib/cpc_PrintGphStrStdXY.o
target/cpc/obj/${TARGET}/x/target/cpc/cpcrslib/cpc_PrintGphStrStdXY_callee.o
target/cpc/obj/${TARGET}/x/target/cpc/cpcrslib/cpc_PrintGphStrXYM1.o
target/cpc/obj/${TARGET}/x/target/cpc/cpcrslib/cpc_PrintGphStrXYM1_callee.o
target/cpc/obj/${TARGET}/x/target/cpc/cpcrslib/cpc_PrintGphStrM12X.o
target/cpc/obj/${TARGET}/x/target/cpc/cpcrslib/cpc_PrintGphStrM12X_callee.o
target/cpc/obj/${TARGET}/x/target/cpc/cpcrslib/cpc_RLI.o
target/cpc/obj/${TARGET}/x/target/cpc/cpcrslib/cpc_RLI_callee.o
target/cpc/obj/${TARGET}/x/target/cpc/cpcrslib/cpc_RRI.o
target/cpc/obj/${TARGET}/x/target/cpc/cpcrslib/cpc_RRI_callee.o
target/cpc/obj/${TARGET}/x/target/cpc/cpcrslib/cpc_Uncrunch.o
target/cpc/obj/${TARGET}/x/target/cpc/cpcrslib/cpc_Uncrunch_callee.o
target/cpc/obj/${TARGET}/x/target/cpc/cpcrslib/cpc_UnExo.o
target/cpc/obj/${TARGET}/x/target/cpc/cpcrslib/cpc_UnExo_callee.o
target/cpc/obj/${TARGET}/x/target/cpc/cpcrslib/sprites/cpc_PutMaskSp0.o
target/cpc/obj/${TARGET}/x/target/cpc/cpcrslib/sprites/cpc_PutMaskSp.o
target/cpc/obj/${TARGET}/x/target/cpc/cpcrslib/sprites/cpc_PutMaskSp_callee.o
target/cpc/obj/${TARGET}/x/target/cpc/cpcrslib/sprites/cpc_PutSp0.o
target/cpc/obj/${TARGET}/x/target/cpc/cpcrslib/sprites/cpc_PutSp.o
target/cpc/obj/${TARGET}/x/target/cpc/cpcrslib/sprites/cpc_PutSp_callee.o
target/cpc/obj/${TARGET}/x/target/cpc/cpcrslib/sprites/cpc_PutSpXOR.o
target/cpc/obj/${TARGET}/x/target/cpc/cpcrslib/sprites/cpc_PutSpXOR_callee.o
target/cpc/obj/${TARGET}/x/target/cpc/cpcrslib/sprites/cpc_PutSpTr0.o
target/cpc/obj/${TARGET}/x/target/cpc/cpcrslib/sprites/cpc_PutSpTr.o
target/cpc/obj/${TARGET}/x/target/cpc/cpcrslib/sprites/cpc_PutSpTr_callee.o
target/cpc/obj/${TARGET}/x/target/cpc/cpcrslib/sprites/cpc_GetSp0.o
target/cpc/obj/${TARGET}/x/target/cpc/cpcrslib/sprites/cpc_GetSp.o
target/cpc/obj/${TARGET}/x/target/cpc/cpcrslib/sprites/cpc_GetSp_callee.o
target/cpc/obj/${TARGET}/x/target/cpc/psg/set_psg.o
target/cpc/obj/${TARGET}/x/target/cpc/psg/set_psg_callee.o
target/cpc/obj/${TARGET}/x/target/cpc/psg/get_psg.o
target/cpc/obj/${TARGET}/x/target/cpc/psg/psg_init.o
target/cpc/obj/${TARGET}/x/target/cpc/psg/asm_wyz_hardware_out.o
target/cpc/obj/${TARGET}/x/target/cpc/psg/asm_vt2_hardware_out.o
target/cpc/obj/${TARGET}/x/target/cpc/psg/asm_arkos_cpc_rom.o
target/cpc/obj/${TARGET}/x/target/cpc/psg/asm_arkos_cpc_smc.o
target/cpc/obj/${TARGET}/x/target/cpc/banked_call.o
target/cpc/obj/${TARGET}/x/target/cpc/interrupts/fast_vectors.o
target/cpc/obj/${TARGET}/x/target/cpc/interrupts/__fast_isr.o
target/cpc/obj/${TARGET}/x/target/cpc/interrupts/firmware_isr.o
target/cpc/obj/${TARGET}/x/target/cpc/interrupts/add_raster_int.o
sound/ay/obj/${TYPE}/**/*.o
@classic/input/input_keyboard.lst
target/cpc/obj/${TARGET}/x/target/cpc/input/__cpc_scan_allrows.o
