@classic/gfx/common/gfx_common.lst
classic/gfx/wide/obj/${TARGET}/__gfx_coords4
classic/gfx/wide/obj/${TARGET}/w_area
classic/gfx/wide/obj/${TARGET}/w_bkrestore
classic/gfx/wide/obj/${TARGET}/w_bksave
classic/gfx/wide/obj/${TARGET}/w_circle
classic/gfx/wide/obj/${TARGET}/w_circle_callee
classic/gfx/wide/obj/${TARGET}/w_clga
classic/gfx/wide/obj/${TARGET}/w_clga_callee
classic/gfx/wide/obj/${TARGET}/w_cplot_callee
classic/gfx/wide/obj/${TARGET}/w_dcircle
classic/gfx/wide/obj/${TARGET}/w_draw
classic/gfx/wide/obj/${TARGET}/w_draw_callee
classic/gfx/wide/obj/${TARGET}/w_drawb
classic/gfx/wide/obj/${TARGET}/w_drawb_callee
classic/gfx/wide/obj/${TARGET}/w_drawbox
classic/gfx/wide/obj/${TARGET}/w_drawr
classic/gfx/wide/obj/${TARGET}/w_drawr_callee
classic/gfx/wide/obj/${TARGET}/w_drawto
classic/gfx/wide/obj/${TARGET}/w_drawto_callee
classic/gfx/wide/obj/${TARGET}/w_fill
classic/gfx/wide/obj/${TARGET}/w_fillb
classic/gfx/wide/obj/${TARGET}/w_fillb_callee
classic/gfx/wide/obj/${TARGET}/w_getsprite
classic/gfx/wide/obj/${TARGET}/w_getx
classic/gfx/wide/obj/${TARGET}/w_gety
classic/gfx/wide/obj/${TARGET}/w_line
classic/gfx/wide/obj/${TARGET}/w_liner
classic/gfx/wide/obj/${TARGET}/w_move
classic/gfx/wide/obj/${TARGET}/w_multipoint
classic/gfx/wide/obj/${TARGET}/w_multipoint_callee
classic/gfx/wide/obj/${TARGET}/w_plot
classic/gfx/wide/obj/${TARGET}/w_plot_callee
classic/gfx/wide/obj/${TARGET}/w_plotpixl
classic/gfx/wide/obj/${TARGET}/w_point
classic/gfx/wide/obj/${TARGET}/w_point_callee
classic/gfx/wide/obj/${TARGET}/w_pointxy
classic/gfx/wide/obj/${TARGET}/w_putc4x6
classic/gfx/wide/obj/${TARGET}/__generic_w_incx
classic/gfx/wide/obj/${TARGET}/__generic_w_putsprite
classic/gfx/wide/obj/${TARGET}/w_putsprite2
classic/gfx/wide/obj/${TARGET}/w_respixl
classic/gfx/wide/obj/${TARGET}/w_setpos
classic/gfx/wide/obj/${TARGET}/w_setpos_callee
classic/gfx/wide/obj/${TARGET}/w_setxy
classic/gfx/wide/obj/${TARGET}/w_stencil_add_circle
classic/gfx/wide/obj/${TARGET}/w_stencil_add_liner
classic/gfx/wide/obj/${TARGET}/w_stencil_add_lineto
classic/gfx/wide/obj/${TARGET}/w_stencil_add_pixel
classic/gfx/wide/obj/${TARGET}/w_stencil_add_point
classic/gfx/wide/obj/${TARGET}/w_stencil_add_side
classic/gfx/wide/obj/${TARGET}/w_stencil_init
classic/gfx/wide/obj/${TARGET}/__generic_w_stencil_render
classic/gfx/wide/obj/${TARGET}/w_stencil_render2
classic/gfx/wide/obj/${TARGET}/w_uncircle
classic/gfx/wide/obj/${TARGET}/w_uncircle_callee
classic/gfx/wide/obj/${TARGET}/w_undraw
classic/gfx/wide/obj/${TARGET}/w_undraw_callee
classic/gfx/wide/obj/${TARGET}/w_undrawb
classic/gfx/wide/obj/${TARGET}/w_undrawb_callee
classic/gfx/wide/obj/${TARGET}/w_undrawr
classic/gfx/wide/obj/${TARGET}/w_undrawr_callee
classic/gfx/wide/obj/${TARGET}/w_undrawto
classic/gfx/wide/obj/${TARGET}/w_undrawto_callee
classic/gfx/wide/obj/${TARGET}/w_unplot
classic/gfx/wide/obj/${TARGET}/w_unplot_callee
classic/gfx/wide/obj/${TARGET}/w_xorborder
classic/gfx/wide/obj/${TARGET}/w_xorborder_callee
classic/gfx/wide/obj/${TARGET}/w_xorcircle
classic/gfx/wide/obj/${TARGET}/w_xorcircle_callee
classic/gfx/wide/obj/${TARGET}/w_xorclga
classic/gfx/wide/obj/${TARGET}/w_xorclga_callee
classic/gfx/wide/obj/${TARGET}/w_xordraw
classic/gfx/wide/obj/${TARGET}/w_xordraw_callee
classic/gfx/wide/obj/${TARGET}/w_xordrawb
classic/gfx/wide/obj/${TARGET}/w_xordrawb_callee
classic/gfx/wide/obj/${TARGET}/w_xordrawr
classic/gfx/wide/obj/${TARGET}/w_xordrawr_callee
classic/gfx/wide/obj/${TARGET}/w_xordrawto
classic/gfx/wide/obj/${TARGET}/w_xordrawto_callee
classic/gfx/wide/obj/${TARGET}/w_xorpixl
classic/gfx/wide/obj/${TARGET}/w_xorplot
classic/gfx/wide/obj/${TARGET}/w_xorplot_callee
classic/gfx/wide/obj/${TARGET}//w_c_plotpixel
classic/gfx/wide/obj/${TARGET}//w_c_respixel
classic/gfx/wide/obj/${TARGET}//w_c_xorpixel
classic/gfx/wide/obj/${TARGET}//w_c_pointxy
