target/aquarius/obj/aquarius/x/target/aquarius/graphicsp/__aquarius_set_attribute.o
target/aquarius/obj/aquarius/x/target/aquarius/graphics/textpixl.o
target/aquarius/obj/aquarius/x/target/aquarius/graphicsp/clg.o
target/aquarius/obj/aquarius/x/target/aquarius/graphicsp/getmaxx.o
target/aquarius/obj/aquarius/x/target/aquarius/graphicsp/getmaxy.o
target/aquarius/obj/aquarius/x/target/aquarius/graphicsp/w_pixladdr.o
target/aquarius/obj/aquarius/x/target/aquarius/graphicsp/w_plotpixl.o
target/aquarius/obj/aquarius/x/target/aquarius/graphicsp/w_plotpixl_BITMAP.o
target/aquarius/obj/aquarius/x/target/aquarius/graphicsp/w_pointxy.o
target/aquarius/obj/aquarius/x/target/aquarius/graphicsp/w_pointxy_BITMAP.o
target/aquarius/obj/aquarius/x/target/aquarius/graphicsp/w_respixl.o
target/aquarius/obj/aquarius/x/target/aquarius/graphicsp/w_respixl_BITMAP.o
target/aquarius/obj/aquarius/x/target/aquarius/graphicsp/w_xorpixl.o
target/aquarius/obj/aquarius/x/target/aquarius/graphicsp/w_xorpixl_BITMAP.o
@classic/gfx/wide/gfx_wide.lst
target/aquarius/obj/aquarius/x/target/aquarius/far/__far_misc.o
target/aquarius/obj/aquarius/x/target/aquarius/far/__far_page.o
target/aquarius/obj/aquarius/x/target/aquarius/far/l_far_mapaddr.o
target/aquarius/obj/aquarius/fcntl/chdir.o
target/aquarius/obj/aquarius/fcntl/close.o
target/aquarius/obj/aquarius/x/target/aquarius/fcntl/esp.o
target/aquarius/obj/aquarius/fcntl/fdgetpos.o
target/aquarius/obj/aquarius/fcntl/fdtell.o
target/aquarius/obj/aquarius/fcntl/lseek.o
target/aquarius/obj/aquarius/fcntl/mkdir.o
target/aquarius/obj/aquarius/fcntl/open.o
target/aquarius/obj/aquarius/x/target/aquarius/fcntl/fsync.o
target/aquarius/obj/aquarius/fcntl/read.o
target/aquarius/obj/aquarius/fcntl/readbyte.o
target/aquarius/obj/aquarius/fcntl/remove.o
target/aquarius/obj/aquarius/fcntl/rename.o
target/aquarius/obj/aquarius/fcntl/write.o
target/aquarius/obj/aquarius/fcntl/writebyte.o
target/aquarius/obj/aquarius/x/target/aquarius/stdio/bordercolour_aqplus.o
target/aquarius/obj/aquarius/x/target/aquarius/stdio/cls_TEXT_aqplus.o
target/aquarius/obj/aquarius/x/target/aquarius/stdio/printc_TEXT_aqplus.o
target/aquarius/obj/aquarius/x/target/aquarius/stdio/scrollup_TEXT_aqplus.o
target/aquarius/obj/aquarius/x/target/aquarius/stdio/xypos_TEXT_aqplus.o
target/aquarius/obj/aquarius/x/target/aquarius/stdio/fputc_cons_aqplus.o
target/aquarius/obj/aquarius/x/target/aquarius/stdio/fgetc_cons_aqplus.o
target/aquarius/obj/aquarius/x/target/aquarius/interrupt/im1_init.o
target/aquarius/obj/aquarius/x/target/aquarius/interrupt/add_raster_int.o
