target/aquarius/obj/aquarius/x/target/aquarius/stdio/bordercolour.o
target/aquarius/obj/aquarius/x/target/aquarius/stdio/set_default_palette.o
target/aquarius/obj/aquarius/x/target/aquarius/stdio/CRT_FONT.o
target/aquarius/obj/aquarius/x/target/aquarius/stdio/cls_BITMAP.o
target/aquarius/obj/aquarius/x/target/aquarius/stdio/cls_TEXT.o
target/aquarius/obj/aquarius/x/target/aquarius/stdio/conio_map_colour.o
target/aquarius/obj/aquarius/x/target/aquarius/stdio/conio_vars.o
target/aquarius/obj/aquarius/x/target/aquarius/stdio/fgetc_cons.o
target/aquarius/obj/aquarius/x/target/aquarius/stdio/fputc_cons.o
target/aquarius/obj/aquarius/x/target/aquarius/stdio/generic_console.o
target/aquarius/obj/aquarius/x/target/aquarius/stdio/generic_console_attr.o
target/aquarius/obj/aquarius/x/target/aquarius/stdio/generic_console_ioctl.o
target/aquarius/obj/aquarius/x/target/aquarius/stdio/generic_console_vpeek.o
target/aquarius/obj/aquarius/x/target/aquarius/stdio/get_video_base.o
target/aquarius/obj/aquarius/x/target/aquarius/stdio/getk.o
target/aquarius/obj/aquarius/x/target/aquarius/stdio/printc_BITMAP.o
target/aquarius/obj/aquarius/x/target/aquarius/stdio/printc_TEXT.o
target/aquarius/obj/aquarius/x/target/aquarius/stdio/scrollup_BITMAP.o
target/aquarius/obj/aquarius/x/target/aquarius/stdio/scrollup_TEXT.o
target/aquarius/obj/aquarius/x/target/aquarius/stdio/vpeek_BITMAP.o
target/aquarius/obj/aquarius/x/target/aquarius/stdio/vpeek_TEXT.o
target/aquarius/obj/aquarius/x/target/aquarius/stdio/xypos_BITMAP.o
target/aquarius/obj/aquarius/x/target/aquarius/stdio/xypos_TEXT.o
@classic/stdio/ansicore.lst
target/aquarius/obj/aquarius/x/target/aquarius/stdio/ansi/f_ansi_attr.o
target/aquarius/obj/aquarius/x/target/aquarius/stdio/ansi/f_ansi_bel.o
target/aquarius/obj/aquarius/x/target/aquarius/stdio/ansi/f_ansi_char.o
target/aquarius/obj/aquarius/x/target/aquarius/stdio/ansi/f_ansi_cls.o
target/aquarius/obj/aquarius/x/target/aquarius/stdio/ansi/f_ansi_dline.o
target/aquarius/obj/aquarius/x/target/aquarius/stdio/ansi/f_ansi_scrollup.o
@classic/stdio/stdio.lst
target/aquarius/obj/aquarius/x/target/aquarius/input/in_Inkey.o
target/aquarius/obj/aquarius/x/target/aquarius/input/in_KeyPressed.o
target/aquarius/obj/aquarius/x/target/aquarius/input/in_LookupKey.o
target/aquarius/obj/aquarius/x/target/aquarius/input/in_keytranstbl.o
@classic/input/input_keyboard.lst
target/aquarius/obj/aquarius/x/target/aquarius/graphics/textpixl6.o
@classic/gfx/text6/gfx_text6.lst
target/aquarius/obj/aquarius/x/target/aquarius/games/bit_open.o
target/aquarius/obj/aquarius/x/target/aquarius/games/bit_open_di.o
target/aquarius/obj/aquarius/x/target/aquarius/games/bit_close.o
target/aquarius/obj/aquarius/x/target/aquarius/games/bit_close_ei.o
target/aquarius/obj/aquarius/x/target/aquarius/games/joystick.o
target/aquarius/obj/aquarius/x/target/aquarius/games/keys_joystick.o
@classic/games/games.lst
target/aquarius/obj/aquarius/x/target/aquarius/psg/asm_arkos_aq_smc.o
target/aquarius/obj/aquarius/x/target/aquarius/psg/asm_wyz_hardware_out.o
target/aquarius/obj/aquarius/x/target/aquarius/psg/asm_vt2_hardware_out.o
target/aquarius/obj/aquarius/x/target/aquarius/psg/set_psg.o
target/aquarius/obj/aquarius/x/target/aquarius/psg/set_psg_callee.o
target/aquarius/obj/aquarius/x/target/aquarius/psg/get_psg.o
target/aquarius/obj/aquarius/x/target/aquarius/psg/psg_init.o
target/aquarius/obj/aquarius/x/target/aquarius/tape/tape_load_block.o
target/aquarius/obj/aquarius/x/target/aquarius/tape/tape_load_block_callee.o
sound/ay/obj/${TYPE}/**/*.o

