stdlib/c/lr_sccz80/abs
stdlib/c/lr_sccz80/atexit
stdlib/c/lr_sccz80/atoi
stdlib/c/lr_sccz80/atol
stdlib/c/lr_sccz80/at_quick_exit
stdlib/c/lr_sccz80/bsearch
stdlib/c/lr_sccz80/bsearch_callee
stdlib/c/lr_sccz80/exit
stdlib/c/lr_sccz80/itoa
stdlib/c/lr_sccz80/itoa_callee
stdlib/c/lr_sccz80/labs
stdlib/c/lr_sccz80/ltoa
stdlib/c/lr_sccz80/ltoa_callee
stdlib/c/lr_sccz80/qsort
stdlib/c/lr_sccz80/qsort_callee
stdlib/c/lr_sccz80/quick_exit
stdlib/c/lr_sccz80/rand
stdlib/c/lr_sccz80/srand
stdlib/c/lr_sccz80/strtol
stdlib/c/lr_sccz80/strtol_callee
stdlib/c/lr_sccz80/strtoul
stdlib/c/lr_sccz80/strtoul_callee
stdlib/c/lr_sccz80/system
stdlib/c/lr_sccz80/ultoa
stdlib/c/lr_sccz80/ultoa_callee
stdlib/c/lr_sccz80/utoa
stdlib/c/lr_sccz80/utoa_callee
stdlib/c/lr_sccz80/_div_
stdlib/c/lr_sccz80/_div__callee
stdlib/c/lr_sccz80/_ldiv_
stdlib/c/lr_sccz80/_ldiv__callee
stdlib/c/lr_sccz80/_strtoi_
stdlib/c/lr_sccz80/_strtoi__callee
stdlib/c/lr_sccz80/_strtou_
stdlib/c/lr_sccz80/_strtou__callee
stdlib/z80/__strtou__
stdlib/z80/__strtoul__
