stdlib/c/sdcc_iy/abort
stdlib/c/sdcc_iy/abs
stdlib/c/sdcc_iy/abs_fastcall
stdlib/c/sdcc_iy/atexit
stdlib/c/sdcc_iy/atexit_fastcall
stdlib/c/sdcc_iy/atoi
stdlib/c/sdcc_iy/atoi_fastcall
stdlib/c/sdcc_iy/atol
stdlib/c/sdcc_iy/atol_fastcall
stdlib/c/sdcc_iy/at_quick_exit
stdlib/c/sdcc_iy/at_quick_exit_fastcall
stdlib/c/sdcc_iy/bsearch
stdlib/c/sdcc_iy/bsearch_callee
stdlib/c/sdcc_iy/exit
stdlib/c/sdcc_iy/exit_fastcall
stdlib/c/sdcc_iy/itoa
stdlib/c/sdcc_iy/itoa_callee
stdlib/c/sdcc_iy/labs
stdlib/c/sdcc_iy/labs_fastcall
stdlib/c/sdcc_iy/ltoa
stdlib/c/sdcc_iy/ltoa_callee
stdlib/c/sdcc_iy/qsort
stdlib/c/sdcc_iy/qsort_callee
stdlib/c/sdcc_iy/quick_exit
stdlib/c/sdcc_iy/quick_exit_fastcall
stdlib/c/sdcc_iy/rand
stdlib/c/sdcc_iy/srand
stdlib/c/sdcc_iy/srand_fastcall
stdlib/c/sdcc_iy/strtol
stdlib/c/sdcc_iy/strtol_callee
stdlib/c/sdcc_iy/strtoul
stdlib/c/sdcc_iy/strtoul_callee
stdlib/c/sdcc_iy/system
stdlib/c/sdcc_iy/system_fastcall
stdlib/c/sdcc_iy/ultoa
stdlib/c/sdcc_iy/ultoa_callee
stdlib/c/sdcc_iy/utoa
stdlib/c/sdcc_iy/utoa_callee
stdlib/c/sdcc_iy/_div_
stdlib/c/sdcc_iy/_div__callee
stdlib/c/sdcc_iy/_insertion_sort_
stdlib/c/sdcc_iy/_insertion_sort__callee
stdlib/c/sdcc_iy/_ldiv_
stdlib/c/sdcc_iy/_ldiv__callee
stdlib/c/sdcc_iy/_quicksort_
stdlib/c/sdcc_iy/_quicksort__callee
stdlib/c/sdcc_iy/_random_uniform_cmwc_8_
stdlib/c/sdcc_iy/_random_uniform_cmwc_8__fastcall
stdlib/c/sdcc_iy/_random_uniform_xor_8_
stdlib/c/sdcc_iy/_random_uniform_xor_8__fastcall
stdlib/c/sdcc_iy/_random_uniform_xor_32_
stdlib/c/sdcc_iy/_random_uniform_xor_32__fastcall
stdlib/c/sdcc_iy/_shellsort_
stdlib/c/sdcc_iy/_shellsort__callee
stdlib/c/sdcc_iy/_strtoi_
stdlib/c/sdcc_iy/_strtoi__callee
stdlib/c/sdcc_iy/_strtou_
stdlib/c/sdcc_iy/_strtou__callee
stdlib/z80/__dtoa__
stdlib/z80/__dtoa_asm_exit
stdlib/z80/__dtoa_count
stdlib/z80/__dtoa_exp_digit
stdlib/z80/__dtoa_inf_s
stdlib/z80/__dtoa_infinity_s
stdlib/z80/__dtoa_nan_s
stdlib/z80/__dtoa_postamble
stdlib/z80/__dtoa_preamble
stdlib/z80/__dtoa_print
stdlib/z80/__dtoa_print_zeroes
stdlib/z80/__dtoa_remove_zeroes
stdlib/z80/__dtoa_round
stdlib/z80/__dtoa_special_form
stdlib/z80/__dtoe__
stdlib/z80/__dtog__
stdlib/z80/__dtoh__
stdlib/z80/__stdlib_seed
stdlib/z80/__strtod_dec
stdlib/z80/__strtod_exponent
stdlib/z80/__strtod_hex
stdlib/z80/__strtod_special_form
stdlib/z80/__strtod_suffix
stdlib/z80/__strtou__
stdlib/z80/__strtoul__
stdlib/z80/sort/__sort_parameters
