classic/gfx/common/obj/${TARGET}/__graphics_end
classic/gfx/common/obj/${TARGET}/__graphics_cmphlde
classic/gfx/common/obj/${TARGET}/cclg
classic/gfx/common/obj/${TARGET}/clg
classic/gfx/common/obj/${TARGET}/cplot
classic/gfx/common/obj/${TARGET}/dither_pattern
classic/gfx/common/obj/${TARGET}/div3
classic/gfx/common/obj/${TARGET}/div3_0
classic/gfx/common/obj/${TARGET}/div3_192
classic/gfx/common/obj/${TARGET}/draw_profile
classic/gfx/common/obj/${TARGET}/getmaxx
classic/gfx/common/obj/${TARGET}/getmaxy
classic/gfx/common/obj/${TARGET}/l_graphics_cmp
classic/gfx/common/obj/${TARGET}/lbitmask
classic/gfx/common/obj/${TARGET}/lftscrol
classic/gfx/common/obj/${TARGET}/lscroll
classic/gfx/common/obj/${TARGET}/pen_down
classic/gfx/common/obj/${TARGET}/pen_up
classic/gfx/common/obj/${TARGET}/rbitmask
classic/gfx/common/obj/${TARGET}/rscroll
classic/gfx/common/obj/${TARGET}/swapgfxbk_noop
classic/gfx/common/obj/${TARGET}/__graphics_retaddr
classic/gfx/common/obj/${TARGET}/putsprite_callee
classic/gfx/common/obj/${TARGET}/flipsprite_v
classic/gfx/common/obj/${TARGET}/flipsprite_h
classic/gfx/common/obj/${TARGET}/shiftsprite_r
classic/gfx/common/obj/${TARGET}/shiftsprite_l
classic/gfx/common/obj/${TARGET}/invsprite
classic/gfx/common/obj/${TARGET}/c_plot
classic/gfx/common/obj/${TARGET}/c_unplot
classic/gfx/common/obj/${TARGET}/c_xorplot
classic/gfx/common/obj/${TARGET}/c_point
classic/gfx/common/obj/${TARGET}/__gfx_fatpix
classic/gfx/common/obj/${TARGET}/gfx_set_fatpix
classic/gfx/common/obj/${TARGET}/gfx_refresh
@classic/gfx/x11/x11.lst

