classic/games/obj/${TARGET}/joystick
classic/games/obj/${TARGET}/bit_click
classic/games/obj/${TARGET}/bit_play
classic/games/obj/${TARGET}/buzzer_play
classic/games/obj/${TARGET}/synth_play
classic/games/obj/${TARGET}/synth_phase
classic/games/obj/${TARGET}/psg_play
classic/games/obj/${TARGET}/bit_fx
classic/games/obj/${TARGET}/bit_fx2
classic/games/obj/${TARGET}/bit_fx3
classic/games/obj/${TARGET}/bit_fx4
classic/games/obj/${TARGET}/bit_fx5
classic/games/obj/${TARGET}/bit_fx6
classic/games/obj/${TARGET}/bit_fx7
classic/games/obj/${TARGET}/bit_synth
classic/games/obj/${TARGET}/bit_frequency
classic/games/obj/${TARGET}/beeper
classic/games/obj/${TARGET}/bit_beep
classic/games/obj/${TARGET}/bit_beep_callee
classic/games/obj/${TARGET}/patch_beeper
classic/games/obj/${TARGET}/patch_beep
classic/games/obj/${TARGET}/patch_beep_callee
classic/games/obj/${TARGET}/noise
classic/games/obj/${TARGET}/bit_noise
classic/games/obj/${TARGET}/bit_noise_callee
classic/games/obj/${TARGET}/playzb4_big
classic/games/obj/${TARGET}/__bit_irqstatus
classic/games/obj/${TARGET}/__snd_tick
classic/games/obj/${TARGET}/bit_save_zx
classic/games/obj/${TARGET}/bit_save_block_zx
classic/games/obj/${TARGET}/bit_save_block_zx_callee
classic/games/obj/${TARGET}/bit_load_block_zx
classic/games/obj/${TARGET}/bit_load_block_zx_callee
classic/games/obj/${TARGET}/bit_save_nassys
classic/games/obj/${TARGET}/bit_save_nassys_callee
classic/games/obj/${TARGET}/bit_save_msx
classic/games/obj/${TARGET}/bit_save_msx_callee
classic/games/obj/${TARGET}/bit_load_msx
classic/games/obj/${TARGET}/bit_load_vg5000
classic/games/obj/${TARGET}/bit_tapin_vars
classic/games/obj/${TARGET}/bit_tapion
classic/games/obj/${TARGET}/bit_tapion_motor
classic/games/obj/${TARGET}/bit_tapiof
classic/games/obj/${TARGET}/bit_tapin
classic/games/obj/${TARGET}/bit_open
classic/games/obj/${TARGET}/bit_open_di
classic/games/obj/${TARGET}/bit_close
classic/games/obj/${TARGET}/bit_close_ei
classic/games/obj/${TARGET}/joystick_type
classic/games/obj/${TARGET}/joystick_sc
classic/games/obj/${TARGET}/kjoystick
classic/games/obj/${TARGET}/joystick_inkey
classic/games/obj/${TARGET}/asm_bit_beepfx
classic/games/obj/${TARGET}/bit_beepfx
classic/games/obj/${TYPE}/**/*.o
