fcntl/z80/drivers/terminal/console_01/input/console_01_input_terminal
fcntl/z80/drivers/terminal/console_01/input/console_01_input_terminal_fdriver
fcntl/z80/drivers/terminal/console_01/input/console_01_input_terminal/console_01_input_proc_echo
fcntl/z80/drivers/terminal/console_01/input/console_01_input_terminal/console_01_input_proc_getc
fcntl/z80/drivers/terminal/console_01/input/console_01_input_terminal/console_01_input_stdio_msg_eatc
fcntl/z80/drivers/terminal/console_01/input/console_01_input_terminal/console_01_input_stdio_msg_flsh
fcntl/z80/drivers/terminal/console_01/input/console_01_input_terminal/console_01_input_stdio_msg_getc
fcntl/z80/drivers/terminal/console_01/input/console_01_input_terminal/console_01_input_stdio_msg_ictl
fcntl/z80/drivers/terminal/console_01/input/console_01_input_terminal/console_01_input_stdio_msg_read
fcntl/z80/drivers/terminal/console_01/input/console_01_input_terminal/console_01_input_stdio_msg_seek
fcntl/z80/drivers/terminal/console_01/output/console_01_output_terminal
fcntl/z80/drivers/terminal/console_01/output/console_01_output_terminal_char
fcntl/z80/drivers/terminal/console_01/output/console_01_output_terminal_fdriver
fcntl/z80/drivers/terminal/console_01/output/console_01_output_terminal/console_01_output_stdio_msg_putc
fcntl/z80/drivers/terminal/console_01/output/console_01_output_terminal/console_01_output_stdio_msg_writ
fcntl/z80/drivers/terminal/console_01/output/console_01_output_terminal_char/console_01_output_char_iterm_msg_bs
fcntl/z80/drivers/terminal/console_01/output/console_01_output_terminal_char/console_01_output_char_iterm_msg_putc
fcntl/z80/drivers/terminal/console_01/output/console_01_output_terminal_char/console_01_output_char_iterm_msg_readline_begin
fcntl/z80/drivers/terminal/console_01/output/console_01_output_terminal_char/console_01_output_char_iterm_msg_readline_end
fcntl/z80/drivers/terminal/console_01/output/console_01_output_terminal_char/console_01_output_char_oterm_msg_putc
fcntl/z80/drivers/terminal/console_01/output/console_01_output_terminal_char/console_01_output_char_proc_get_coord
fcntl/z80/drivers/terminal/console_01/output/console_01_output_terminal_char/console_01_output_char_proc_reset_scroll_limit
fcntl/z80/drivers/terminal/console_01/output/console_01_output_terminal_char/console_01_output_char_proc_set_coord
fcntl/z80/drivers/terminal/console_01/output/console_01_output_terminal_char/console_01_output_char_proc_snap
