fcntl/z80/drivers/terminal/tty/asm_tty_execute_action
fcntl/z80/drivers/terminal/tty/asm_tty_output_char
fcntl/z80/drivers/terminal/tty/asm_tty_param_b_absorb
fcntl/z80/drivers/terminal/tty/asm_tty_param_b_action
fcntl/z80/drivers/terminal/tty/asm_tty_param_bb_absorb
fcntl/z80/drivers/terminal/tty/asm_tty_param_bb_action
fcntl/z80/drivers/terminal/tty/asm_tty_param_bbb_absorb
fcntl/z80/drivers/terminal/tty/asm_tty_param_bbb_action
fcntl/z80/drivers/terminal/tty/asm_tty_param_bbbb_absorb
fcntl/z80/drivers/terminal/tty/asm_tty_param_bbbb_action
fcntl/z80/drivers/terminal/tty/asm_tty_reset
fcntl/z80/drivers/terminal/tty/asm_tty_state_0
fcntl/z80/drivers/terminal/tty/asm_tty_state_get_1
fcntl/z80/drivers/terminal/tty/asm_tty_state_get_2
fcntl/z80/drivers/terminal/tty/asm_tty_state_get_3
fcntl/z80/drivers/terminal/tty/asm_tty_state_get_4
fcntl/z80/drivers/terminal/tty/asm_tty_state_param_none_absorb
fcntl/z80/drivers/terminal/tty/asm_tty_state_param_none_action
fcntl/z80/drivers/terminal/tty/asm_tty_state_param_store
fcntl/z80/drivers/terminal/tty/tty_z88dk_state_table
