../../../math/float/math16/lm16/c/sdcc/abs.asm
../../../math/float/math16/lm16/c/sdcc/abs_fastcall.asm
../../../math/float/math16/lm16/c/sdcc/acos.asm
../../../math/float/math16/lm16/c/sdcc/acos_fastcall.asm
../../../math/float/math16/lm16/c/sdcc/asin.asm
../../../math/float/math16/lm16/c/sdcc/asin_fastcall.asm
../../../math/float/math16/lm16/c/sdcc/atan.asm
../../../math/float/math16/lm16/c/sdcc/atan_fastcall.asm
../../../math/float/math16/lm16/c/sdcc/ceil.asm
../../../math/float/math16/lm16/c/sdcc/ceil_fastcall.asm
../../../math/float/math16/lm16/c/sdcc/convert.asm
../../../math/float/math16/lm16/c/sdcc/convert_fastcall.asm
../../../math/float/math16/lm16/c/sdcc/cos.asm
../../../math/float/math16/lm16/c/sdcc/cos_fastcall.asm
../../../math/float/math16/lm16/c/sdcc/div2.asm
../../../math/float/math16/lm16/c/sdcc/div2_fastcall.asm
../../../math/float/math16/lm16/c/sdcc/exp.asm
../../../math/float/math16/lm16/c/sdcc/exp10.asm
../../../math/float/math16/lm16/c/sdcc/exp10_fastcall.asm
../../../math/float/math16/lm16/c/sdcc/exp2.asm
../../../math/float/math16/lm16/c/sdcc/exp2_fastcall.asm
../../../math/float/math16/lm16/c/sdcc/exp_fastcall.asm
../../../math/float/math16/lm16/c/sdcc/floor.asm
../../../math/float/math16/lm16/c/sdcc/floor_fastcall.asm
../../../math/float/math16/lm16/c/sdcc/fma.asm
../../../math/float/math16/lm16/c/sdcc/fma_callee.asm
../../../math/float/math16/lm16/c/sdcc/frexp.asm
../../../math/float/math16/lm16/c/sdcc/frexp_callee.asm
../../../math/float/math16/lm16/c/sdcc/hypot.asm
../../../math/float/math16/lm16/c/sdcc/hypot_callee.asm
../../../math/float/math16/lm16/c/sdcc/inv.asm
../../../math/float/math16/lm16/c/sdcc/inv_fastcall.asm
../../../math/float/math16/lm16/c/sdcc/invsqrt.asm
../../../math/float/math16/lm16/c/sdcc/invsqrt_fastcall.asm
../../../math/float/math16/lm16/c/sdcc/ldexp.asm
../../../math/float/math16/lm16/c/sdcc/ldexp_callee.asm
../../../math/float/math16/lm16/c/sdcc/log.asm
../../../math/float/math16/lm16/c/sdcc/log10.asm
../../../math/float/math16/lm16/c/sdcc/log10_fastcall.asm
../../../math/float/math16/lm16/c/sdcc/log2.asm
../../../math/float/math16/lm16/c/sdcc/log2_fastcall.asm
../../../math/float/math16/lm16/c/sdcc/log_fastcall.asm
../../../math/float/math16/lm16/c/sdcc/mul10.asm
../../../math/float/math16/lm16/c/sdcc/mul10_fastcall.asm
../../../math/float/math16/lm16/c/sdcc/mul2.asm
../../../math/float/math16/lm16/c/sdcc/mul2_fastcall.asm
../../../math/float/math16/lm16/c/sdcc/neg.asm
../../../math/float/math16/lm16/c/sdcc/neg_fastcall.asm
../../../math/float/math16/lm16/c/sdcc/poly.asm
../../../math/float/math16/lm16/c/sdcc/poly_callee.asm
../../../math/float/math16/lm16/c/sdcc/pow.asm
../../../math/float/math16/lm16/c/sdcc/pow_callee.asm
../../../math/float/math16/lm16/c/sdcc/sin.asm
../../../math/float/math16/lm16/c/sdcc/sin_fastcall.asm
../../../math/float/math16/lm16/c/sdcc/sqr.asm
../../../math/float/math16/lm16/c/sdcc/sqr_fastcall.asm
../../../math/float/math16/lm16/c/sdcc/sqrt.asm
../../../math/float/math16/lm16/c/sdcc/sqrt_fastcall.asm
../../../math/float/math16/lm16/c/sdcc/tan.asm
../../../math/float/math16/lm16/c/sdcc/tan_fastcall.asm

../../../math/float/math16/lm16/c/sdcc/___h2schar.asm
../../../math/float/math16/lm16/c/sdcc/___h2schar_callee.asm
../../../math/float/math16/lm16/c/sdcc/___h2sint.asm
../../../math/float/math16/lm16/c/sdcc/___h2sint_callee.asm
../../../math/float/math16/lm16/c/sdcc/___h2slong.asm
../../../math/float/math16/lm16/c/sdcc/___h2slong_callee.asm
../../../math/float/math16/lm16/c/sdcc/___h2uchar.asm
../../../math/float/math16/lm16/c/sdcc/___h2uchar_callee.asm
../../../math/float/math16/lm16/c/sdcc/___h2uint.asm
../../../math/float/math16/lm16/c/sdcc/___h2uint_callee.asm
../../../math/float/math16/lm16/c/sdcc/___h2ulong.asm
../../../math/float/math16/lm16/c/sdcc/___h2ulong_callee.asm
../../../math/float/math16/lm16/c/sdcc/___hadd.asm
../../../math/float/math16/lm16/c/sdcc/___hadd_callee.asm
../../../math/float/math16/lm16/c/sdcc/___hdiv.asm
../../../math/float/math16/lm16/c/sdcc/___hdiv_callee.asm
../../../math/float/math16/lm16/c/sdcc/___heq.asm
../../../math/float/math16/lm16/c/sdcc/___heq_callee.asm
../../../math/float/math16/lm16/c/sdcc/___hgt.asm
../../../math/float/math16/lm16/c/sdcc/___hgt_callee.asm
../../../math/float/math16/lm16/c/sdcc/___hlt.asm
../../../math/float/math16/lm16/c/sdcc/___hlt_callee.asm
../../../math/float/math16/lm16/c/sdcc/___hmul.asm
../../../math/float/math16/lm16/c/sdcc/___hmul_callee.asm
../../../math/float/math16/lm16/c/sdcc/___hneq.asm
../../../math/float/math16/lm16/c/sdcc/___hneq_callee.asm
../../../math/float/math16/lm16/c/sdcc/___hsub.asm
../../../math/float/math16/lm16/c/sdcc/___hsub_callee.asm
../../../math/float/math16/lm16/c/sdcc/___schar2h.asm
../../../math/float/math16/lm16/c/sdcc/___schar2h_callee.asm
../../../math/float/math16/lm16/c/sdcc/___sint2h.asm
../../../math/float/math16/lm16/c/sdcc/___sint2h_callee.asm
../../../math/float/math16/lm16/c/sdcc/___slong2h.asm
../../../math/float/math16/lm16/c/sdcc/___slong2h_callee.asm
../../../math/float/math16/lm16/c/sdcc/___uchar2h.asm
../../../math/float/math16/lm16/c/sdcc/___uchar2h_callee.asm
../../../math/float/math16/lm16/c/sdcc/___uint2h.asm
../../../math/float/math16/lm16/c/sdcc/___uint2h_callee.asm
../../../math/float/math16/lm16/c/sdcc/___ulong2h.asm
../../../math/float/math16/lm16/c/sdcc/___ulong2h_callee.asm
