# math16 8085 — cores + sccz80/sdcc bridges (pure defc or 8085-safe)

# --- cores ---
../../../math/float/math16/asm/asm_f16_zero.asm
../../../math/float/math16/asm/asm_f16_inf.asm
../../../math/float/math16/asm/asm_f16_nan.asm
../../../math/float/math16/asm/asm_f16_neg.asm
../../../math/float/math16/asm/8085/asm_f16_abs.asm
../../../math/float/math16/asm/asm_f16_classify.asm
../../../math/float/math16/asm/asm_f16_sigdig.asm
../../../math/float/math16/asm/8085/asm_f16_f32.asm
../../../math/float/math16/asm/8085/asm_f16_normalize.asm
../../../math/float/math16/asm/8085/asm_f16_compare.asm
../../../math/float/math16/asm/8085/asm_f16_mul2.asm
../../../math/float/math16/asm/8085/asm_f16_div2.asm
../../../math/float/math16/asm/8085/asm_f16_mul10.asm
../../../math/float/math16/asm/8085/asm_f16_int_f24.asm
../../../math/float/math16/asm/8085/asm_f16_f24_int.asm
../../../math/float/math16/asm/8085/asm_f16_long_f24.asm
../../../math/float/math16/asm/8085/asm_f16_f24_long.asm
../../../math/float/math16/asm/8085/asm_f16_frexp.asm
../../../math/float/math16/asm/8085/asm_f16_ldexp.asm
../../../math/float/math16/asm/8085/asm_f16_discardfraction.asm
../../../math/float/math16/asm/8085/asm_f16_add.asm
../../../math/float/math16/asm/8085/asm_f16_mul.asm
../../../math/float/math16/asm/8085/asm_f16_div.asm
../../../math/float/math16/asm/8085/asm_f16_inv.asm
../../../math/float/math16/asm/8085/asm_f16_floor.asm
../../../math/float/math16/asm/8085/asm_f16_ceil.asm
../../../math/float/math16/asm/8085/asm_f16_poly.asm
../../../math/float/math16/asm/8085/asm_f16_sqrt.asm

# --- shared portable (asm/): specials + coeff tables ---
../../../math/float/math16/asm/coeff_f16_atan.asm
../../../math/float/math16/asm/coeff_f16_exp.asm
../../../math/float/math16/asm/coeff_f16_exp10.asm
../../../math/float/math16/asm/coeff_f16_exp2.asm
../../../math/float/math16/asm/coeff_f16_log.asm
../../../math/float/math16/asm/coeff_f16_sin.asm

# --- sccz80 pure defc bridges for available cores ---
../../../math/float/math16/lm16/c/sccz80/l_f16_fabs.asm
../../../math/float/math16/lm16/c/sccz80/l_f16_neg.asm
../../../math/float/math16/lm16/c/sccz80/l_f16_add.asm
../../../math/float/math16/lm16/c/sccz80/l_f16_sub.asm
../../../math/float/math16/lm16/c/sccz80/l_f16_mul.asm
../../../math/float/math16/lm16/c/sccz80/l_f16_div.asm
../../../math/float/math16/lm16/c/sccz80/l_f16_inv.asm

# --- 8085 sccz80 C bridges for binary ops ---
../../../math/float/math16/c/8085/cm16_sccz80_add.asm
../../../math/float/math16/c/8085/cm16_sccz80_add_callee.asm
../../../math/float/math16/c/8085/cm16_sccz80_sub.asm
../../../math/float/math16/c/8085/cm16_sccz80_sub_callee.asm
../../../math/float/math16/c/8085/cm16_sccz80_mul.asm
../../../math/float/math16/c/8085/cm16_sccz80_mul_callee.asm
../../../math/float/math16/c/8085/cm16_sccz80_div.asm
../../../math/float/math16/c/8085/cm16_sccz80_div_callee.asm

# --- sccz80 compares + converts (8085-safe) ---
../../../math/float/math16/lm16/c/sccz80/l_f16_eq.asm
../../../math/float/math16/lm16/c/sccz80/l_f16_ne.asm
../../../math/float/math16/lm16/c/sccz80/l_f16_lt.asm
../../../math/float/math16/lm16/c/sccz80/l_f16_le.asm
../../../math/float/math16/lm16/c/sccz80/l_f16_gt.asm
../../../math/float/math16/lm16/c/sccz80/l_f16_ge.asm
../../../math/float/math16/lm16/c/sccz80/l_f16_conv_int.asm
../../../math/float/math16/lm16/c/sccz80/l_f16_conv_long.asm
../../../math/float/math16/lm16/c/sccz80/l_f16_zero.asm
../../../math/float/math16/lm16/c/sccz80/l_f16_swap.asm
../../../math/float/math16/lm16/c/sccz80/l_f16_ldexp.asm
../../../math/float/math16/lm16/c/sccz80/l_f16_conv_float.asm

# --- WP4: higher C (sccz80 8085) ---
../../../math/float/math16/c/8085/sinf16.asm
../../../math/float/math16/c/8085/cosf16.asm
../../../math/float/math16/c/8085/tanf16.asm
../../../math/float/math16/c/8085/asinf16.asm
../../../math/float/math16/c/8085/acosf16.asm
../../../math/float/math16/c/8085/atanf16.asm
../../../math/float/math16/c/8085/atan2f16.asm
../../../math/float/math16/c/8085/expf16.asm
../../../math/float/math16/c/8085/exp2f16.asm
../../../math/float/math16/c/8085/exp10f16.asm
../../../math/float/math16/c/8085/logf16.asm
../../../math/float/math16/c/8085/log2f16.asm
../../../math/float/math16/c/8085/log10f16.asm
../../../math/float/math16/c/8085/powf16.asm

# --- sccz80 higher bridges (8085-safe) ---
../../../math/float/math16/c/sccz80/cm16_sccz80_read.asm
../../../math/float/math16/c/sccz80/cm16_sccz80_sin.asm
../../../math/float/math16/c/sccz80/cm16_sccz80_cos.asm
../../../math/float/math16/c/sccz80/cm16_sccz80_tan.asm
../../../math/float/math16/c/sccz80/cm16_sccz80_asin.asm
../../../math/float/math16/c/sccz80/cm16_sccz80_acos.asm
../../../math/float/math16/c/sccz80/cm16_sccz80_atan.asm
../../../math/float/math16/c/sccz80/cm16_sccz80_atan2.asm
../../../math/float/math16/c/sccz80/cm16_sccz80_atan2_callee.asm
../../../math/float/math16/c/sccz80/cm16_sccz80_exp.asm
../../../math/float/math16/c/sccz80/cm16_sccz80_exp2.asm
../../../math/float/math16/c/sccz80/cm16_sccz80_exp10.asm
../../../math/float/math16/c/sccz80/cm16_sccz80_log.asm
../../../math/float/math16/c/sccz80/cm16_sccz80_log2.asm
../../../math/float/math16/c/sccz80/cm16_sccz80_log10.asm
../../../math/float/math16/c/sccz80/cm16_sccz80_pow.asm
../../../math/float/math16/c/sccz80/cm16_sccz80_pow_callee.asm
../../../math/float/math16/c/sccz80/cm16_sccz80_sqrt.asm
../../../math/float/math16/c/8085/cm16_sccz80_hypot.asm
../../../math/float/math16/c/8085/cm16_sccz80_hypot_callee.asm
../../../math/float/math16/c/8085/cm16_sccz80_poly.asm
../../../math/float/math16/c/8085/cm16_sccz80_poly_callee.asm

# binary op bridges already listed above in c/8085/

# --- lm16 sccz80 API wrappers (no C-symbol redefines) ---
../../../math/float/math16/lm16/c/sccz80/poly.asm
../../../math/float/math16/lm16/c/sccz80/poly_callee.asm
../../../math/float/math16/lm16/c/sccz80/floor.asm
../../../math/float/math16/lm16/c/sccz80/ceil.asm
../../../math/float/math16/lm16/c/sccz80/frexp.asm
../../../math/float/math16/lm16/c/sccz80/frexp_callee.asm
../../../math/float/math16/lm16/c/sccz80/ldexp.asm
../../../math/float/math16/lm16/c/sccz80/ldexp_callee.asm
../../../math/float/math16/lm16/c/sccz80/mul2.asm
../../../math/float/math16/lm16/c/sccz80/div2.asm
../../../math/float/math16/lm16/c/sccz80/mul10.asm
../../../math/float/math16/lm16/c/sccz80/sqrt.asm
../../../math/float/math16/lm16/c/sccz80/sqrt_fastcall.asm
../../../math/float/math16/lm16/c/sccz80/invsqrt.asm
../../../math/float/math16/lm16/c/sccz80/invsqrt_fastcall.asm
../../../math/float/math16/lm16/c/sccz80/hypot.asm
../../../math/float/math16/lm16/c/sccz80/hypot_callee.asm
../../../math/float/math16/lm16/c/sccz80/fma.asm
../../../math/float/math16/lm16/c/sccz80/fma_callee.asm
../../../math/float/math16/lm16/c/sccz80/pow.asm
../../../math/float/math16/lm16/c/sccz80/pow_callee.asm
../../../math/float/math16/c/sccz80/cm16_sccz80_frexp.asm
../../../math/float/math16/c/sccz80/cm16_sccz80_frexp_callee.asm
../../../math/float/math16/c/sccz80/cm16_sccz80_ldexp.asm
../../../math/float/math16/c/sccz80/cm16_sccz80_ldexp_callee.asm
../../../math/float/math16/c/sccz80/cm16_sccz80_classify.asm
