
../../../math/float/math16/z80/asm_f16_abs.asm
../../../math/float/math16/z80/asm_f16_add.asm
../../../math/float/math16/z80/asm_f16_ceil.asm
../../../math/float/math16/z80/asm_f16_classify.asm
../../../math/float/math16/z80/asm_f16_compare.asm
../../../math/float/math16/z80/asm_f16_discardfraction.asm
../../../math/float/math16/z80/asm_f16_div.asm
../../../math/float/math16/z80/asm_f16_div2.asm
../../../math/float/math16/z80/asm_f16_f24_int.asm
../../../math/float/math16/z80/asm_f16_f24_long.asm
../../../math/float/math16/z80/asm_f16_f32.asm
../../../math/float/math16/z80/asm_f16_f48.asm
../../../math/float/math16/z80/asm_f16_floor.asm
../../../math/float/math16/z80/asm_f16_frexp.asm
../../../math/float/math16/z80/asm_f16_inf.asm
../../../math/float/math16/z80/asm_f16_int_f24.asm
../../../math/float/math16/z80/asm_f16_ldexp.asm
../../../math/float/math16/z80/asm_f16_long_f24.asm
../../../math/float/math16/z80/asm_f16_mul.asm
../../../math/float/math16/z80/asm_f16_mul2.asm
../../../math/float/math16/z80/asm_f16_mul10.asm
../../../math/float/math16/z80/asm_f16_nan.asm
../../../math/float/math16/z80/asm_f16_neg.asm
../../../math/float/math16/z80/asm_f16_normalize.asm
../../../math/float/math16/z80/asm_f16_poly.asm
../../../math/float/math16/z80/asm_f16_sigdig.asm
../../../math/float/math16/z80/asm_f16_sqrt.asm
../../../math/float/math16/z80/asm_f16_zero.asm

../../../math/float/math16/z80/coeff_f16_atan.asm
../../../math/float/math16/z80/coeff_f16_exp2.asm
../../../math/float/math16/z80/coeff_f16_exp10.asm
../../../math/float/math16/z80/coeff_f16_exp.asm
../../../math/float/math16/z80/coeff_f16_log.asm
../../../math/float/math16/z80/coeff_f16_sin.asm

../../../math/float/math16/c/asm/acosf16.asm
../../../math/float/math16/c/asm/asinf16.asm
../../../math/float/math16/c/asm/atanf16.asm
../../../math/float/math16/c/asm/cosf16.asm
../../../math/float/math16/c/asm/sinf16.asm
../../../math/float/math16/c/asm/tanf16.asm
../../../math/float/math16/c/asm/exp2f16.asm
../../../math/float/math16/c/asm/exp10f16.asm
../../../math/float/math16/c/asm/expf16.asm
../../../math/float/math16/c/asm/log2f16.asm
../../../math/float/math16/c/asm/log10f16.asm
../../../math/float/math16/c/asm/logf16.asm
../../../math/float/math16/c/asm/powf16.asm


../../../math/float/math16/lm16/c/sdcc/___hlt_callee.asm
../../../math/float/math16/lm16/c/sdcc/___hneq_callee.asm
../../../math/float/math16/lm16/c/sdcc/___schar2h_callee.asm
../../../math/float/math16/lm16/c/sdcc/___h2slong_callee.asm
../../../math/float/math16/lm16/c/sdcc/___h2schar_callee.asm
../../../math/float/math16/lm16/c/sdcc/___hlt.asm
../../../math/float/math16/lm16/c/sdcc/___uint2h.asm
../../../math/float/math16/lm16/c/sdcc/___h2ulong_callee.asm
../../../math/float/math16/lm16/c/sdcc/___heq_callee.asm
../../../math/float/math16/lm16/c/sdcc/___h2uchar_callee.asm
../../../math/float/math16/lm16/c/sdcc/___hdiv_callee.asm
../../../math/float/math16/lm16/c/sdcc/___uint2h_callee.asm
../../../math/float/math16/lm16/c/sdcc/___h2schar.asm
../../../math/float/math16/lm16/c/sdcc/___hmul.asm
../../../math/float/math16/lm16/c/sdcc/___ulong2h_callee.asm
../../../math/float/math16/lm16/c/sdcc/___h2slong.asm
../../../math/float/math16/lm16/c/sdcc/___hgt.asm
../../../math/float/math16/lm16/c/sdcc/___sint2h_callee.asm
../../../math/float/math16/lm16/c/sdcc/___hneq.asm
../../../math/float/math16/lm16/c/sdcc/___hmul_callee.asm
../../../math/float/math16/lm16/c/sdcc/___sint2h.asm
../../../math/float/math16/lm16/c/sdcc/___h2sint_callee.asm
../../../math/float/math16/lm16/c/sdcc/___h2sint.asm
../../../math/float/math16/lm16/c/sdcc/___hdiv.asm
../../../math/float/math16/lm16/c/sdcc/___heq.asm
../../../math/float/math16/lm16/c/sdcc/___h2uint_callee.asm
../../../math/float/math16/lm16/c/sdcc/___uchar2h_callee.asm
../../../math/float/math16/lm16/c/sdcc/convert.asm
../../../math/float/math16/lm16/c/sdcc/___hsub_callee.asm
../../../math/float/math16/lm16/c/sdcc/convert_fastcall.asm
../../../math/float/math16/lm16/c/sdcc/___hsub.asm
../../../math/float/math16/lm16/c/sdcc/___slong2h.asm
../../../math/float/math16/lm16/c/sdcc/___h2ulong.asm
../../../math/float/math16/lm16/c/sdcc/___schar2h.asm
../../../math/float/math16/lm16/c/sdcc/___hgt_callee.asm
../../../math/float/math16/lm16/c/sdcc/___h2uint.asm
../../../math/float/math16/lm16/c/sdcc/___hadd.asm
../../../math/float/math16/lm16/c/sdcc/___hadd_callee.asm
../../../math/float/math16/lm16/c/sdcc/___ulong2h.asm
../../../math/float/math16/lm16/c/sdcc/___h2uchar.asm
../../../math/float/math16/lm16/c/sdcc/___slong2h_callee.asm
../../../math/float/math16/lm16/c/sdcc/___uchar2h.asm

../../../math/float/math16/lm16/c/sccz80/atan.asm
../../../math/float/math16/lm16/c/sccz80/poly_callee.asm
../../../math/float/math16/lm16/c/sccz80/l_f16_zero.asm
../../../math/float/math16/lm16/c/sccz80/log2_fastcall.asm
../../../math/float/math16/lm16/c/sccz80/log2.asm
../../../math/float/math16/lm16/c/sccz80/l_f16_ne.asm
../../../math/float/math16/lm16/c/sccz80/log10_fastcall.asm
../../../math/float/math16/lm16/c/sccz80/exp2_fastcall.asm
../../../math/float/math16/lm16/c/sccz80/sin.asm
../../../math/float/math16/lm16/c/sccz80/exp10.asm
../../../math/float/math16/lm16/c/sccz80/l_f16_fabs.asm
../../../math/float/math16/lm16/c/sccz80/cos.asm
../../../math/float/math16/lm16/c/sccz80/l_f16_conv_float.asm
../../../math/float/math16/lm16/c/sccz80/l_f16_eq.asm
../../../math/float/math16/lm16/c/sccz80/l_f16_mul.asm
../../../math/float/math16/lm16/c/sccz80/invsqrt.asm
../../../math/float/math16/lm16/c/sccz80/l_f16_inv.asm
../../../math/float/math16/lm16/c/sccz80/hypot_callee.asm
../../../math/float/math16/lm16/c/sccz80/sin_fastcall.asm
../../../math/float/math16/lm16/c/sccz80/asin_fastcall.asm
../../../math/float/math16/lm16/c/sccz80/l_f16_neg.asm
../../../math/float/math16/lm16/c/sccz80/l_f16_conv_int.asm
../../../math/float/math16/lm16/c/sccz80/ceil.asm
../../../math/float/math16/lm16/c/sccz80/log10.asm
../../../math/float/math16/lm16/c/sccz80/invsqrt_fastcall.asm
../../../math/float/math16/lm16/c/sccz80/frexp_callee.asm
../../../math/float/math16/lm16/c/sccz80/l_f16_ge.asm
../../../math/float/math16/lm16/c/sccz80/log.asm
../../../math/float/math16/lm16/c/sccz80/l_f16_div.asm
../../../math/float/math16/lm16/c/sccz80/l_f16_ldexp.asm
../../../math/float/math16/lm16/c/sccz80/sqrt.asm
../../../math/float/math16/lm16/c/sccz80/fma.asm
../../../math/float/math16/lm16/c/sccz80/fma_callee.asm
../../../math/float/math16/lm16/c/sccz80/mul2.asm
../../../math/float/math16/lm16/c/sccz80/log_fastcall.asm
../../../math/float/math16/lm16/c/sccz80/frexp.asm
../../../math/float/math16/lm16/c/sccz80/l_f16_gt.asm
../../../math/float/math16/lm16/c/sccz80/sqrt_fastcall.asm
../../../math/float/math16/lm16/c/sccz80/div2.asm
../../../math/float/math16/lm16/c/sccz80/pow.asm
../../../math/float/math16/lm16/c/sccz80/l_f16_lt.asm
../../../math/float/math16/lm16/c/sccz80/exp_fastcall.asm
../../../math/float/math16/lm16/c/sccz80/l_f16_sub.asm
../../../math/float/math16/lm16/c/sccz80/ldexp.asm
../../../math/float/math16/lm16/c/sccz80/exp.asm
../../../math/float/math16/lm16/c/sccz80/tan.asm
../../../math/float/math16/lm16/c/sccz80/poly.asm
../../../math/float/math16/lm16/c/sccz80/l_f16_conv_long.asm
../../../math/float/math16/lm16/c/sccz80/exp2.asm
../../../math/float/math16/lm16/c/sccz80/tan_fastcall.asm
../../../math/float/math16/lm16/c/sccz80/atan_fastcall.asm
../../../math/float/math16/lm16/c/sccz80/ldexp_callee.asm
../../../math/float/math16/lm16/c/sccz80/exp10_fastcall.asm
../../../math/float/math16/lm16/c/sccz80/pow_callee.asm
../../../math/float/math16/lm16/c/sccz80/l_f16_le.asm
../../../math/float/math16/lm16/c/sccz80/hypot.asm
../../../math/float/math16/lm16/c/sccz80/l_f16_swap.asm
../../../math/float/math16/lm16/c/sccz80/floor.asm
../../../math/float/math16/lm16/c/sccz80/cos_fastcall.asm
../../../math/float/math16/lm16/c/sccz80/l_f16_add.asm
../../../math/float/math16/lm16/c/sccz80/acos_fastcall.asm
../../../math/float/math16/lm16/c/sccz80/acos.asm
../../../math/float/math16/lm16/c/sccz80/mul10.asm
../../../math/float/math16/lm16/c/sccz80/asin.asm

../../../math/float/math16/c/sdcc/cm16_sdcc_abs.asm
../../../math/float/math16/c/sdcc/cm16_sdcc_add.asm
../../../math/float/math16/c/sdcc/cm16_sdcc_add_callee.asm
../../../math/float/math16/c/sdcc/cm16_sdcc_ceil.asm
../../../math/float/math16/c/sdcc/cm16_sdcc_classify.asm
../../../math/float/math16/c/sdcc/cm16_sdcc_div.asm
../../../math/float/math16/c/sdcc/cm16_sdcc_div2.asm
../../../math/float/math16/c/sdcc/cm16_sdcc_div_callee.asm
../../../math/float/math16/c/sdcc/cm16_sdcc___eq.asm
../../../math/float/math16/c/sdcc/cm16_sdcc___eq_callee.asm
../../../math/float/math16/c/sdcc/cm16_sdcc_floor.asm
../../../math/float/math16/c/sdcc/cm16_sdcc_fma.asm
../../../math/float/math16/c/sdcc/cm16_sdcc_fma_callee.asm
../../../math/float/math16/c/sdcc/cm16_sdcc_frexp.asm
../../../math/float/math16/c/sdcc/cm16_sdcc_frexp_callee.asm
../../../math/float/math16/c/sdcc/cm16_sdcc___gt.asm
../../../math/float/math16/c/sdcc/cm16_sdcc___gt_callee.asm
../../../math/float/math16/c/sdcc/cm16_sdcc___h2sint.asm
../../../math/float/math16/c/sdcc/cm16_sdcc___h2sint_callee.asm
../../../math/float/math16/c/sdcc/cm16_sdcc___h2slong.asm
../../../math/float/math16/c/sdcc/cm16_sdcc___h2slong_callee.asm
../../../math/float/math16/c/sdcc/cm16_sdcc___h2uint.asm
../../../math/float/math16/c/sdcc/cm16_sdcc___h2uint_callee.asm
../../../math/float/math16/c/sdcc/cm16_sdcc___h2ulong.asm
../../../math/float/math16/c/sdcc/cm16_sdcc___h2ulong_callee.asm
../../../math/float/math16/c/sdcc/cm16_sdcc_hypot.asm
../../../math/float/math16/c/sdcc/cm16_sdcc_hypot_callee.asm
../../../math/float/math16/c/sdcc/cm16_sdcc_inv.asm
../../../math/float/math16/c/sdcc/cm16_sdcc_invsqrt.asm
../../../math/float/math16/c/sdcc/cm16_sdcc_ldexp.asm
../../../math/float/math16/c/sdcc/cm16_sdcc_ldexp_callee.asm
../../../math/float/math16/c/sdcc/cm16_sdcc___lt.asm
../../../math/float/math16/c/sdcc/cm16_sdcc___lt_callee.asm
../../../math/float/math16/c/sdcc/cm16_sdcc_mul.asm
../../../math/float/math16/c/sdcc/cm16_sdcc_mul2.asm
../../../math/float/math16/c/sdcc/cm16_sdcc_mul10.asm
../../../math/float/math16/c/sdcc/cm16_sdcc_mul_callee.asm
../../../math/float/math16/c/sdcc/cm16_sdcc___neq.asm
../../../math/float/math16/c/sdcc/cm16_sdcc___neq_callee.asm
../../../math/float/math16/c/sdcc/cm16_sdcc_poly.asm
../../../math/float/math16/c/sdcc/cm16_sdcc_poly_callee.asm
../../../math/float/math16/c/sdcc/cm16_sdcc_read.asm
../../../math/float/math16/c/sdcc/cm16_sdcc_read_callee.asm
../../../math/float/math16/c/sdcc/cm16_sdcc___schar2h.asm
../../../math/float/math16/c/sdcc/cm16_sdcc___schar2h_callee.asm
../../../math/float/math16/c/sdcc/cm16_sdcc___sint2h.asm
../../../math/float/math16/c/sdcc/cm16_sdcc___sint2h_callee.asm
../../../math/float/math16/c/sdcc/cm16_sdcc___slong2h.asm
../../../math/float/math16/c/sdcc/cm16_sdcc___slong2h_callee.asm
../../../math/float/math16/c/sdcc/cm16_sdcc_sqrt.asm
../../../math/float/math16/c/sdcc/cm16_sdcc_sub.asm
../../../math/float/math16/c/sdcc/cm16_sdcc_sub_callee.asm
../../../math/float/math16/c/sdcc/cm16_sdcc___uchar2h.asm
../../../math/float/math16/c/sdcc/cm16_sdcc___uchar2h_callee.asm
../../../math/float/math16/c/sdcc/cm16_sdcc___uint2h.asm
../../../math/float/math16/c/sdcc/cm16_sdcc___uint2h_callee.asm
../../../math/float/math16/c/sdcc/cm16_sdcc___ulong2h.asm
../../../math/float/math16/c/sdcc/cm16_sdcc___ulong2h_callee.asm

../../../math/float/math16/c/sccz80/cm16_sccz80_add.asm
../../../math/float/math16/c/sccz80/cm16_sccz80_add_callee.asm
../../../math/float/math16/c/sccz80/cm16_sccz80_classify.asm
../../../math/float/math16/c/sccz80/cm16_sccz80_div.asm
../../../math/float/math16/c/sccz80/cm16_sccz80_div_callee.asm
../../../math/float/math16/c/sccz80/cm16_sccz80_fma.asm
../../../math/float/math16/c/sccz80/cm16_sccz80_fma_callee.asm
../../../math/float/math16/c/sccz80/cm16_sccz80_frexp.asm
../../../math/float/math16/c/sccz80/cm16_sccz80_frexp_callee.asm
../../../math/float/math16/c/sccz80/cm16_sccz80_hypot.asm
../../../math/float/math16/c/sccz80/cm16_sccz80_hypot_callee.asm
../../../math/float/math16/c/sccz80/cm16_sccz80_invsqrt.asm
../../../math/float/math16/c/sccz80/cm16_sccz80_ldexp.asm
../../../math/float/math16/c/sccz80/cm16_sccz80_ldexp_callee.asm
../../../math/float/math16/c/sccz80/cm16_sccz80_mul.asm
../../../math/float/math16/c/sccz80/cm16_sccz80_mul_callee.asm
../../../math/float/math16/c/sccz80/cm16_sccz80_poly.asm
../../../math/float/math16/c/sccz80/cm16_sccz80_poly_callee.asm
../../../math/float/math16/c/sccz80/cm16_sccz80_pow.asm
../../../math/float/math16/c/sccz80/cm16_sccz80_pow_callee.asm
../../../math/float/math16/c/sccz80/cm16_sccz80_read.asm
../../../math/float/math16/c/sccz80/cm16_sccz80_read_callee.asm
../../../math/float/math16/c/sccz80/cm16_sccz80_sub.asm
../../../math/float/math16/c/sccz80/cm16_sccz80_sub_callee.asm
../../../math/float/math16/c/sccz80/cm16_sccz80_sqrt.asm

../../../math/float/math16/c/sccz80/cm16_sccz80_acos.asm
../../../math/float/math16/c/sccz80/cm16_sccz80_asin.asm
../../../math/float/math16/c/sccz80/cm16_sccz80_atan.asm
../../../math/float/math16/c/sccz80/cm16_sccz80_cos.asm
../../../math/float/math16/c/sccz80/cm16_sccz80_sin.asm
../../../math/float/math16/c/sccz80/cm16_sccz80_tan.asm
../../../math/float/math16/c/sccz80/cm16_sccz80_exp.asm
../../../math/float/math16/c/sccz80/cm16_sccz80_exp2.asm
../../../math/float/math16/c/sccz80/cm16_sccz80_exp10.asm
../../../math/float/math16/c/sccz80/cm16_sccz80_log.asm
../../../math/float/math16/c/sccz80/cm16_sccz80_log2.asm
../../../math/float/math16/c/sccz80/cm16_sccz80_log10.asm
