../../../math/float/math16/lm16/c/sccz80/l_f16_add.asm
../../../math/float/math16/lm16/c/sccz80/l_f16_conv_float.asm
../../../math/float/math16/lm16/c/sccz80/l_f16_conv_int.asm
../../../math/float/math16/lm16/c/sccz80/l_f16_conv_long.asm
../../../math/float/math16/lm16/c/sccz80/l_f16_div.asm
../../../math/float/math16/lm16/c/sccz80/l_f16_eq.asm
../../../math/float/math16/lm16/c/sccz80/l_f16_fabs.asm
../../../math/float/math16/lm16/c/sccz80/l_f16_ge.asm
../../../math/float/math16/lm16/c/sccz80/l_f16_gt.asm
../../../math/float/math16/lm16/c/sccz80/l_f16_inv.asm
../../../math/float/math16/lm16/c/sccz80/l_f16_ldexp.asm
../../../math/float/math16/lm16/c/sccz80/l_f16_le.asm
../../../math/float/math16/lm16/c/sccz80/l_f16_lt.asm
../../../math/float/math16/lm16/c/sccz80/l_f16_mul.asm
../../../math/float/math16/lm16/c/sccz80/l_f16_ne.asm
../../../math/float/math16/lm16/c/sccz80/l_f16_neg.asm
../../../math/float/math16/lm16/c/sccz80/l_f16_sub.asm
../../../math/float/math16/lm16/c/sccz80/l_f16_swap.asm
../../../math/float/math16/lm16/c/sccz80/l_f16_zero.asm

../../../math/float/math16/lm16/c/sccz80/acos.asm
../../../math/float/math16/lm16/c/sccz80/acos_fastcall.asm
../../../math/float/math16/lm16/c/sccz80/asin.asm
../../../math/float/math16/lm16/c/sccz80/asin_fastcall.asm
../../../math/float/math16/lm16/c/sccz80/atan.asm
../../../math/float/math16/lm16/c/sccz80/atan_fastcall.asm
../../../math/float/math16/lm16/c/sccz80/ceil.asm
../../../math/float/math16/lm16/c/sccz80/cos.asm
../../../math/float/math16/lm16/c/sccz80/cos_fastcall.asm
../../../math/float/math16/lm16/c/sccz80/div2.asm
../../../math/float/math16/lm16/c/sccz80/exp.asm
../../../math/float/math16/lm16/c/sccz80/exp10.asm
../../../math/float/math16/lm16/c/sccz80/exp10_fastcall.asm
../../../math/float/math16/lm16/c/sccz80/exp2.asm
../../../math/float/math16/lm16/c/sccz80/exp2_fastcall.asm
../../../math/float/math16/lm16/c/sccz80/exp_fastcall.asm
../../../math/float/math16/lm16/c/sccz80/floor.asm
../../../math/float/math16/lm16/c/sccz80/fma.asm
../../../math/float/math16/lm16/c/sccz80/fma_callee.asm
../../../math/float/math16/lm16/c/sccz80/frexp.asm
../../../math/float/math16/lm16/c/sccz80/frexp_callee.asm
../../../math/float/math16/lm16/c/sccz80/hypot.asm
../../../math/float/math16/lm16/c/sccz80/hypot_callee.asm
../../../math/float/math16/lm16/c/sccz80/invsqrt.asm
../../../math/float/math16/lm16/c/sccz80/invsqrt_fastcall.asm
../../../math/float/math16/lm16/c/sccz80/ldexp.asm
../../../math/float/math16/lm16/c/sccz80/ldexp_callee.asm
../../../math/float/math16/lm16/c/sccz80/log.asm
../../../math/float/math16/lm16/c/sccz80/log10.asm
../../../math/float/math16/lm16/c/sccz80/log10_fastcall.asm
../../../math/float/math16/lm16/c/sccz80/log2.asm
../../../math/float/math16/lm16/c/sccz80/log2_fastcall.asm
../../../math/float/math16/lm16/c/sccz80/log_fastcall.asm
../../../math/float/math16/lm16/c/sccz80/mul10.asm
../../../math/float/math16/lm16/c/sccz80/mul2.asm
../../../math/float/math16/lm16/c/sccz80/poly.asm
../../../math/float/math16/lm16/c/sccz80/poly_callee.asm
../../../math/float/math16/lm16/c/sccz80/pow.asm
../../../math/float/math16/lm16/c/sccz80/pow_callee.asm
../../../math/float/math16/lm16/c/sccz80/sin.asm
../../../math/float/math16/lm16/c/sccz80/sin_fastcall.asm
../../../math/float/math16/lm16/c/sccz80/sqr.asm
../../../math/float/math16/lm16/c/sccz80/sqr_fastcall.asm
../../../math/float/math16/lm16/c/sccz80/sqrt.asm
../../../math/float/math16/lm16/c/sccz80/sqrt_fastcall.asm
../../../math/float/math16/lm16/c/sccz80/tan.asm
../../../math/float/math16/lm16/c/sccz80/tan_fastcall.asm
