../../../math/float/math16/asm/z80/asm_f16_abs.asm
../../../math/float/math16/asm/z80/asm_f16_add.asm
../../../math/float/math16/asm/z80/asm_f16_ceil.asm
../../../math/float/math16/asm/z80/asm_f16_compare.asm
../../../math/float/math16/asm/z80/asm_f16_discardfraction.asm
../../../math/float/math16/asm/z80/asm_f16_div.asm
../../../math/float/math16/asm/z80/asm_f16_div2.asm
../../../math/float/math16/asm/z80/asm_f16_f24_int.asm
../../../math/float/math16/asm/z80/asm_f16_f24_long.asm
../../../math/float/math16/asm/z80/asm_f16_f32.asm
../../../math/float/math16/asm/z80/asm_f16_f48.asm
../../../math/float/math16/asm/z80/asm_f16_floor.asm
../../../math/float/math16/asm/z80/asm_f16_frexp.asm
../../../math/float/math16/asm/z80/asm_f16_int_f24.asm
../../../math/float/math16/asm/z80/asm_f16_inv.asm
../../../math/float/math16/asm/z80/asm_f16_ldexp.asm
../../../math/float/math16/asm/z80/asm_f16_long_f24.asm
../../../math/float/math16/asm/z80/asm_f16_mul.asm
../../../math/float/math16/asm/z80/asm_f16_mul10.asm
../../../math/float/math16/asm/z80/asm_f16_mul2.asm
../../../math/float/math16/asm/z80/asm_f16_normalize.asm
../../../math/float/math16/asm/z80/asm_f16_poly.asm
../../../math/float/math16/asm/z80/asm_f16_sqr.asm
../../../math/float/math16/asm/z80/asm_f16_sqrt.asm

@newlibfiles_common_asm.lst

../../../math/float/math16/c/z80/acosf16.asm
../../../math/float/math16/c/z80/asinf16.asm
../../../math/float/math16/c/z80/atan2f16.asm
../../../math/float/math16/c/z80/atanf16.asm
../../../math/float/math16/c/z80/cosf16.asm
../../../math/float/math16/c/z80/exp10f16.asm
../../../math/float/math16/c/z80/exp2f16.asm
../../../math/float/math16/c/z80/expf16.asm
../../../math/float/math16/c/z80/log10f16.asm
../../../math/float/math16/c/z80/log2f16.asm
../../../math/float/math16/c/z80/logf16.asm
../../../math/float/math16/c/z80/powf16.asm
../../../math/float/math16/c/z80/sinf16.asm
../../../math/float/math16/c/z80/tanf16.asm

@newlibfiles_sccz80.lst

../../../math/float/math16/c/sccz80/cm16_sccz80_add.asm
../../../math/float/math16/c/sccz80/cm16_sccz80_add_callee.asm
../../../math/float/math16/c/sccz80/cm16_sccz80_div.asm
../../../math/float/math16/c/sccz80/cm16_sccz80_div_callee.asm
../../../math/float/math16/c/sccz80/cm16_sccz80_mul.asm
../../../math/float/math16/c/sccz80/cm16_sccz80_mul_callee.asm
../../../math/float/math16/c/sccz80/cm16_sccz80_sub.asm
../../../math/float/math16/c/sccz80/cm16_sccz80_sub_callee.asm

../../../math/float/math16/c/sccz80/cm16_sccz80_fma.asm
../../../math/float/math16/c/sccz80/cm16_sccz80_fma_callee.asm
../../../math/float/math16/c/sccz80/cm16_sccz80_hypot.asm
../../../math/float/math16/c/sccz80/cm16_sccz80_hypot_callee.asm
../../../math/float/math16/c/sccz80/cm16_sccz80_poly.asm
../../../math/float/math16/c/sccz80/cm16_sccz80_poly_callee.asm

@newlibfiles_sdcc.lst

@newlibfiles_lm16_sccz80.lst

@newlibfiles_lm16_sdcc.lst
