../../../math/float/math16/c/sccz80/cm16_sccz80_read.asm
../../../math/float/math16/c/sccz80/cm16_sccz80_read_callee.asm

../../../math/float/math16/c/sccz80/cm16_sccz80_classify.asm
../../../math/float/math16/c/sccz80/cm16_sccz80_frexp.asm
../../../math/float/math16/c/sccz80/cm16_sccz80_frexp_callee.asm
../../../math/float/math16/c/sccz80/cm16_sccz80_invsqrt.asm
../../../math/float/math16/c/sccz80/cm16_sccz80_ldexp.asm
../../../math/float/math16/c/sccz80/cm16_sccz80_ldexp_callee.asm
../../../math/float/math16/c/sccz80/cm16_sccz80_sqr.asm
../../../math/float/math16/c/sccz80/cm16_sccz80_sqrt.asm

../../../math/float/math16/c/sccz80/cm16_sccz80_exp.asm
../../../math/float/math16/c/sccz80/cm16_sccz80_exp10.asm
../../../math/float/math16/c/sccz80/cm16_sccz80_exp2.asm
../../../math/float/math16/c/sccz80/cm16_sccz80_log.asm
../../../math/float/math16/c/sccz80/cm16_sccz80_log10.asm
../../../math/float/math16/c/sccz80/cm16_sccz80_log2.asm
../../../math/float/math16/c/sccz80/cm16_sccz80_pow.asm
../../../math/float/math16/c/sccz80/cm16_sccz80_pow_callee.asm

../../../math/float/math16/c/sccz80/cm16_sccz80_acos.asm
../../../math/float/math16/c/sccz80/cm16_sccz80_asin.asm
../../../math/float/math16/c/sccz80/cm16_sccz80_atan.asm
../../../math/float/math16/c/sccz80/cm16_sccz80_atan2.asm
../../../math/float/math16/c/sccz80/cm16_sccz80_atan2_callee.asm
../../../math/float/math16/c/sccz80/cm16_sccz80_cos.asm
../../../math/float/math16/c/sccz80/cm16_sccz80_sin.asm
../../../math/float/math16/c/sccz80/cm16_sccz80_tan.asm
