../../../math/float/math16/c/sdcc/cm16_sdcc_read.asm
../../../math/float/math16/c/sdcc/cm16_sdcc_read_callee.asm

../../../math/float/math16/c/sdcc/cm16_sdcc_add.asm
../../../math/float/math16/c/sdcc/cm16_sdcc_add_callee.asm
../../../math/float/math16/c/sdcc/cm16_sdcc_div.asm
../../../math/float/math16/c/sdcc/cm16_sdcc_div2.asm
../../../math/float/math16/c/sdcc/cm16_sdcc_div_callee.asm
../../../math/float/math16/c/sdcc/cm16_sdcc_mul.asm
../../../math/float/math16/c/sdcc/cm16_sdcc_mul10.asm
../../../math/float/math16/c/sdcc/cm16_sdcc_mul2.asm
../../../math/float/math16/c/sdcc/cm16_sdcc_mul_callee.asm
../../../math/float/math16/c/sdcc/cm16_sdcc_neg.asm
../../../math/float/math16/c/sdcc/cm16_sdcc_sqr.asm
../../../math/float/math16/c/sdcc/cm16_sdcc_sub.asm
../../../math/float/math16/c/sdcc/cm16_sdcc_sub_callee.asm

../../../math/float/math16/c/sdcc/cm16_sdcc_abs.asm
../../../math/float/math16/c/sdcc/cm16_sdcc_ceil.asm
../../../math/float/math16/c/sdcc/cm16_sdcc_classify.asm
../../../math/float/math16/c/sdcc/cm16_sdcc_floor.asm
../../../math/float/math16/c/sdcc/cm16_sdcc_fma.asm
../../../math/float/math16/c/sdcc/cm16_sdcc_fma_callee.asm
../../../math/float/math16/c/sdcc/cm16_sdcc_frexp.asm
../../../math/float/math16/c/sdcc/cm16_sdcc_frexp_callee.asm
../../../math/float/math16/c/sdcc/cm16_sdcc_hypot.asm
../../../math/float/math16/c/sdcc/cm16_sdcc_hypot_callee.asm
../../../math/float/math16/c/sdcc/cm16_sdcc_inv.asm
../../../math/float/math16/c/sdcc/cm16_sdcc_invsqrt.asm
../../../math/float/math16/c/sdcc/cm16_sdcc_ldexp.asm
../../../math/float/math16/c/sdcc/cm16_sdcc_ldexp_callee.asm
../../../math/float/math16/c/sdcc/cm16_sdcc_poly.asm
../../../math/float/math16/c/sdcc/cm16_sdcc_poly_callee.asm
../../../math/float/math16/c/sdcc/cm16_sdcc_sqrt.asm

../../../math/float/math16/c/sdcc/cm16_sdcc___eq.asm
../../../math/float/math16/c/sdcc/cm16_sdcc___eq_callee.asm
../../../math/float/math16/c/sdcc/cm16_sdcc___gt.asm
../../../math/float/math16/c/sdcc/cm16_sdcc___gt_callee.asm
../../../math/float/math16/c/sdcc/cm16_sdcc___h2sint.asm
../../../math/float/math16/c/sdcc/cm16_sdcc___h2sint_callee.asm
../../../math/float/math16/c/sdcc/cm16_sdcc___h2slong.asm
../../../math/float/math16/c/sdcc/cm16_sdcc___h2slong_callee.asm
../../../math/float/math16/c/sdcc/cm16_sdcc___h2uint.asm
../../../math/float/math16/c/sdcc/cm16_sdcc___h2uint_callee.asm
../../../math/float/math16/c/sdcc/cm16_sdcc___h2ulong.asm
../../../math/float/math16/c/sdcc/cm16_sdcc___h2ulong_callee.asm
../../../math/float/math16/c/sdcc/cm16_sdcc___lt.asm
../../../math/float/math16/c/sdcc/cm16_sdcc___lt_callee.asm
../../../math/float/math16/c/sdcc/cm16_sdcc___neq.asm
../../../math/float/math16/c/sdcc/cm16_sdcc___neq_callee.asm
../../../math/float/math16/c/sdcc/cm16_sdcc___schar2h.asm
../../../math/float/math16/c/sdcc/cm16_sdcc___schar2h_callee.asm
../../../math/float/math16/c/sdcc/cm16_sdcc___sint2h.asm
../../../math/float/math16/c/sdcc/cm16_sdcc___sint2h_callee.asm
../../../math/float/math16/c/sdcc/cm16_sdcc___slong2h.asm
../../../math/float/math16/c/sdcc/cm16_sdcc___slong2h_callee.asm
../../../math/float/math16/c/sdcc/cm16_sdcc___uchar2h.asm
../../../math/float/math16/c/sdcc/cm16_sdcc___uchar2h_callee.asm
../../../math/float/math16/c/sdcc/cm16_sdcc___uint2h.asm
../../../math/float/math16/c/sdcc/cm16_sdcc___uint2h_callee.asm
../../../math/float/math16/c/sdcc/cm16_sdcc___ulong2h.asm
../../../math/float/math16/c/sdcc/cm16_sdcc___ulong2h_callee.asm

../../../math/float/math16/c/sdcc/cm16_sdcc_acos.asm
../../../math/float/math16/c/sdcc/cm16_sdcc_asin.asm
../../../math/float/math16/c/sdcc/cm16_sdcc_atan.asm
../../../math/float/math16/c/sdcc/cm16_sdcc_atan2.asm
../../../math/float/math16/c/sdcc/cm16_sdcc_atan2_callee.asm
../../../math/float/math16/c/sdcc/cm16_sdcc_cos.asm
../../../math/float/math16/c/sdcc/cm16_sdcc_exp.asm
../../../math/float/math16/c/sdcc/cm16_sdcc_exp10.asm
../../../math/float/math16/c/sdcc/cm16_sdcc_exp2.asm
../../../math/float/math16/c/sdcc/cm16_sdcc_log.asm
../../../math/float/math16/c/sdcc/cm16_sdcc_log10.asm
../../../math/float/math16/c/sdcc/cm16_sdcc_log2.asm
../../../math/float/math16/c/sdcc/cm16_sdcc_pow.asm
../../../math/float/math16/c/sdcc/cm16_sdcc_pow_callee.asm
../../../math/float/math16/c/sdcc/cm16_sdcc_sin.asm
../../../math/float/math16/c/sdcc/cm16_sdcc_tan.asm
