target/cpm/obj/${TYPE}/${DEVICE}/fcntl/bios.o
target/cpm/obj/${TYPE}/${DEVICE}/fcntl/bdos.o
target/cpm/obj/${TYPE}/${DEVICE}/fcntl/bdos_callee.o
target/cpm/obj/${TYPE}/${DEVICE}/fcntl/bdosh.o
target/cpm/obj/${TYPE}/${DEVICE}/fcntl/bdosh_callee.o
target/cpm/obj/${TYPE}/${DEVICE}/fcntl/cache.o
target/cpm/obj/${TYPE}/${DEVICE}/fcntl/close.o
target/cpm/obj/${TYPE}/${DEVICE}/fcntl/creat.o
target/cpm/obj/${TYPE}/${DEVICE}/fcntl/change_volume.o
target/cpm/obj/${TYPE}/${DEVICE}/fcntl/dir_move_first.o
target/cpm/obj/${TYPE}/${DEVICE}/fcntl/dir_move_next.o
target/cpm/obj/${TYPE}/${DEVICE}/fcntl/dir_get_entry_type.o
target/cpm/obj/${TYPE}/${DEVICE}/fcntl/dir_get_entry_name.o
target/cpm/obj/${TYPE}/${DEVICE}/fcntl/dir_get_entry_size.o
target/cpm/obj/${TYPE}/${DEVICE}/fcntl/execv.o
target/cpm/obj/${TYPE}/${DEVICE}/fcntl/get_current_volume.o
target/cpm/obj/${TYPE}/${DEVICE}/fcntl/get_dir_name.o
target/cpm/obj/${TYPE}/${DEVICE}/fcntl/get_dpb.o
target/cpm/obj/${TYPE}/${DEVICE}/fcntl/fdgetpos.o
target/cpm/obj/${TYPE}/${DEVICE}/fcntl/fdtell.o
target/cpm/obj/${TYPE}/${DEVICE}/fcntl/getfcb.o
target/cpm/obj/${TYPE}/${DEVICE}/fcntl/lseek.o
target/cpm/obj/${TYPE}/${DEVICE}/fcntl/open.o
target/cpm/obj/${TYPE}/${DEVICE}/fcntl/fsync.o
target/cpm/obj/${TYPE}/${DEVICE}/fcntl/parsefcb.o
target/cpm/obj/${TYPE}/${DEVICE}/fcntl/_putoffset.o
target/cpm/obj/${TYPE}/${DEVICE}/fcntl/read.o
target/cpm/obj/${TYPE}/${DEVICE}/fcntl/readbyte.o
target/cpm/obj/${TYPE}/${DEVICE}/fcntl/remove.o
target/cpm/obj/${TYPE}/${DEVICE}/fcntl/rename.o
target/cpm/obj/${TYPE}/${DEVICE}/fcntl/setfcb.o
target/cpm/obj/${TYPE}/${DEVICE}/fcntl/stat.o
target/cpm/obj/${TYPE}/${DEVICE}/fcntl/swapuid.o
target/cpm/obj/${TYPE}/${DEVICE}/fcntl/write.o
target/cpm/obj/${TYPE}/${DEVICE}/fcntl/writebyte.o
