arch/tms9918/obj/${TARGET}/msx_set_char_attr
arch/tms9918/obj/${TARGET}/msx_calculate_side
arch/tms9918/obj/${TARGET}/msx_blit_fill_vram
arch/tms9918/obj/${TARGET}/msx_set_sprite_8
arch/tms9918/obj/${TARGET}/msx_vpeek
arch/tms9918/obj/${TARGET}/gen_filvrm
arch/tms9918/obj/${TARGET}/msx_set_char_form
arch/tms9918/obj/${TARGET}/msx_set_sprite_mode
arch/tms9918/obj/${TARGET}/gen_msxbios
arch/tms9918/obj/${TARGET}/msx_put_sprite_16
arch/tms9918/obj/${TARGET}/gen_get_trigger
arch/tms9918/obj/${TARGET}/dithpat
arch/tms9918/obj/${TARGET}/gen_color
arch/tms9918/obj/${TARGET}/gen_vram
arch/tms9918/obj/${TARGET}/gen_ldirvm
arch/tms9918/obj/${TARGET}/msx_map_m2_block
arch/tms9918/obj/${TARGET}/gen_vwrite_direct
arch/tms9918/obj/${TARGET}/gen_setrd
arch/tms9918/obj/${TARGET}/add_raster_im1
arch/tms9918/obj/${TARGET}/msx_set_char_color
arch/tms9918/obj/${TARGET}/gen_vfill
arch/tms9918/obj/${TARGET}/l_tms9918_disable_interrupts_im1
arch/tms9918/obj/${TARGET}/gen_set_vdp_reg
arch/tms9918/obj/${TARGET}/msx_map_m2_subpixel
arch/tms9918/obj/${TARGET}/msx_put_sprite_8
arch/tms9918/obj/${TARGET}/gen_setwrt
arch/tms9918/obj/${TARGET}/gen_vread
arch/tms9918/obj/${TARGET}/msx_blit_ram_vram
arch/tms9918/obj/${TARGET}/msx_vfill_v
arch/tms9918/obj/${TARGET}/gen_get_vdp_reg
arch/tms9918/obj/${TARGET}/gen_set_border
arch/tms9918/obj/${TARGET}/msx_blit
arch/tms9918/obj/${TARGET}/msx_set_char
arch/tms9918/obj/${TARGET}/msx_vpoke_callee
arch/tms9918/obj/${TARGET}/msx_vpoke
arch/tms9918/obj/${TARGET}/gen_ldirmv
arch/tms9918/obj/${TARGET}/gen_set_mode
arch/tms9918/obj/${TARGET}/gen_vwrite
arch/tms9918/obj/${TARGET}/vdp_variables
arch/tms9918/obj/${TARGET}/msx_vmerge
arch/tms9918/obj/${TARGET}/msx_map_m2_pixel
arch/tms9918/obj/${TARGET}/vdpport
arch/tms9918/obj/${TARGET}/msx_set_sprite_16
arch/tms9918/obj/${TARGET}/msx_set_mangled_mode
