math/float/math48/lm/c/sdcc_iy/acos
math/float/math48/lm/c/sdcc_iy/acosh
math/float/math48/lm/c/sdcc_iy/asin
math/float/math48/lm/c/sdcc_iy/asinh
math/float/math48/lm/c/sdcc_iy/atan
math/float/math48/lm/c/sdcc_iy/atan2
math/float/math48/lm/c/sdcc_iy/atanh
math/float/math48/lm/c/sdcc_iy/cbrt
math/float/math48/lm/c/sdcc_iy/ceil
math/float/math48/lm/c/sdcc_iy/copysign
math/float/math48/lm/c/sdcc_iy/cos
math/float/math48/lm/c/sdcc_iy/cosh
math/float/math48/lm/c/sdcc_iy/d2mlib
math/float/math48/lm/c/sdcc_iy/dcallee1
math/float/math48/lm/c/sdcc_iy/dcallee2
math/float/math48/lm/c/sdcc_iy/dload
math/float/math48/lm/c/sdcc_iy/dread
math/float/math48/lm/c/sdcc_iy/dstore
math/float/math48/lm/c/sdcc_iy/erf
math/float/math48/lm/c/sdcc_iy/erfc
math/float/math48/lm/c/sdcc_iy/exp
math/float/math48/lm/c/sdcc_iy/exp2
math/float/math48/lm/c/sdcc_iy/expm1
math/float/math48/lm/c/sdcc_iy/fabs
math/float/math48/lm/c/sdcc_iy/fdim
math/float/math48/lm/c/sdcc_iy/floor
math/float/math48/lm/c/sdcc_iy/fma
math/float/math48/lm/c/sdcc_iy/fmax
math/float/math48/lm/c/sdcc_iy/fmin
math/float/math48/lm/c/sdcc_iy/fmod
math/float/math48/lm/c/sdcc_iy/frexp
math/float/math48/lm/c/sdcc_iy/hypot
math/float/math48/lm/c/sdcc_iy/ilogb
math/float/math48/lm/c/sdcc_iy/isgreater
math/float/math48/lm/c/sdcc_iy/isgreaterequal
math/float/math48/lm/c/sdcc_iy/isless
math/float/math48/lm/c/sdcc_iy/islessequal
math/float/math48/lm/c/sdcc_iy/islessgreater
math/float/math48/lm/c/sdcc_iy/isunordered
math/float/math48/lm/c/sdcc_iy/ldexp
math/float/math48/lm/c/sdcc_iy/lgamma
math/float/math48/lm/c/sdcc_iy/log
math/float/math48/lm/c/sdcc_iy/log10
math/float/math48/lm/c/sdcc_iy/log1p
math/float/math48/lm/c/sdcc_iy/log2
math/float/math48/lm/c/sdcc_iy/logb
math/float/math48/lm/c/sdcc_iy/lrint
math/float/math48/lm/c/sdcc_iy/lround
math/float/math48/lm/c/sdcc_iy/mlib2d
math/float/math48/lm/c/sdcc_iy/modf
math/float/math48/lm/c/sdcc_iy/nan
math/float/math48/lm/c/sdcc_iy/nearbyint
math/float/math48/lm/c/sdcc_iy/pow
math/float/math48/lm/c/sdcc_iy/rint
math/float/math48/lm/c/sdcc_iy/round
math/float/math48/lm/c/sdcc_iy/scalbn
math/float/math48/lm/c/sdcc_iy/sin
math/float/math48/lm/c/sdcc_iy/sinh
math/float/math48/lm/c/sdcc_iy/sqrt
math/float/math48/lm/c/sdcc_iy/tan
math/float/math48/lm/c/sdcc_iy/tanh
math/float/math48/lm/c/sdcc_iy/tgamma
math/float/math48/lm/c/sdcc_iy/trunc
math/float/math48/lm/c/sdcc_iy/___fs2schar
math/float/math48/lm/c/sdcc_iy/___fs2sint
math/float/math48/lm/c/sdcc_iy/___fs2slong
math/float/math48/lm/c/sdcc_iy/___fs2uchar
math/float/math48/lm/c/sdcc_iy/___fs2uint
math/float/math48/lm/c/sdcc_iy/___fs2ulong
math/float/math48/lm/c/sdcc_iy/___fsadd
math/float/math48/lm/c/sdcc_iy/___fsdiv
math/float/math48/lm/c/sdcc_iy/___fseq
math/float/math48/lm/c/sdcc_iy/___fsgt
math/float/math48/lm/c/sdcc_iy/___fslt
math/float/math48/lm/c/sdcc_iy/___fsmul
math/float/math48/lm/c/sdcc_iy/___fsneq
math/float/math48/lm/c/sdcc_iy/___fssub
math/float/math48/lm/c/sdcc_iy/___schar2fs
math/float/math48/lm/c/sdcc_iy/___sint2fs
math/float/math48/lm/c/sdcc_iy/___slong2fs
math/float/math48/lm/c/sdcc_iy/___uchar2fs
math/float/math48/lm/c/sdcc_iy/___uint2fs
math/float/math48/lm/c/sdcc_iy/___ulong2fs
@math/float/math48/m_asm.lst
