math/float/math48/c_interface/sccz80/cm48_sccz80p_collect_1
math/float/math48/c_interface/sccz80/cm48_sccz80p_collect_2
math/float/math48/c_interface/sccz80/cm48_sccz80p_dadd
math/float/math48/c_interface/sccz80/cm48_sccz80p_ddiv
math/float/math48/c_interface/sccz80/cm48_sccz80p_deq
math/float/math48/c_interface/sccz80/cm48_sccz80p_dge
math/float/math48/c_interface/sccz80/cm48_sccz80p_dgt
math/float/math48/c_interface/sccz80/cm48_sccz80p_dldpsh
math/float/math48/c_interface/sccz80/cm48_sccz80p_dleq
math/float/math48/c_interface/sccz80/cm48_sccz80p_dload
math/float/math48/c_interface/sccz80/cm48_sccz80p_dlt
math/float/math48/c_interface/sccz80/cm48_sccz80p_dmul
math/float/math48/c_interface/sccz80/cm48_sccz80p_dne
math/float/math48/c_interface/sccz80/cm48_sccz80p_dpush
math/float/math48/c_interface/sccz80/cm48_sccz80p_dpush2
math/float/math48/c_interface/sccz80/cm48_sccz80p_dread_1
math/float/math48/c_interface/sccz80/cm48_sccz80p_dstore
math/float/math48/c_interface/sccz80/cm48_sccz80p_dsub
math/float/math48/c_interface/sccz80/cm48_sccz80p_dswap
math/float/math48/c_interface/sccz80/cm48_sccz80p_float
math/float/math48/c_interface/sccz80/cm48_sccz80p_ifix
math/float/math48/c_interface/sccz80/cm48_sccz80p_minusfa
math/float/math48/c_interface/sccz80/cm48_sccz80p_ufloat
math/float/math48/c_interface/sccz80/cm48_sccz80_acos
math/float/math48/c_interface/sccz80/cm48_sccz80_acosh
math/float/math48/c_interface/sccz80/cm48_sccz80_asin
math/float/math48/c_interface/sccz80/cm48_sccz80_asinh
math/float/math48/c_interface/sccz80/cm48_sccz80_atan
math/float/math48/c_interface/sccz80/cm48_sccz80_atan2
math/float/math48/c_interface/sccz80/cm48_sccz80_atanh
math/float/math48/c_interface/sccz80/cm48_sccz80_cbrt
math/float/math48/c_interface/sccz80/cm48_sccz80_ceil
math/float/math48/c_interface/sccz80/cm48_sccz80_copysign
math/float/math48/c_interface/sccz80/cm48_sccz80_cos
math/float/math48/c_interface/sccz80/cm48_sccz80_cosh
math/float/math48/c_interface/sccz80/cm48_sccz80_erf
math/float/math48/c_interface/sccz80/cm48_sccz80_erfc
math/float/math48/c_interface/sccz80/cm48_sccz80_exp
math/float/math48/c_interface/sccz80/cm48_sccz80_exp2
math/float/math48/c_interface/sccz80/cm48_sccz80_expm1
math/float/math48/c_interface/sccz80/cm48_sccz80_fabs
math/float/math48/c_interface/sccz80/cm48_sccz80_fdim
math/float/math48/c_interface/sccz80/cm48_sccz80_floor
math/float/math48/c_interface/sccz80/cm48_sccz80_fma
math/float/math48/c_interface/sccz80/cm48_sccz80_fmax
math/float/math48/c_interface/sccz80/cm48_sccz80_fmin
math/float/math48/c_interface/sccz80/cm48_sccz80_fmod
math/float/math48/c_interface/sccz80/cm48_sccz80_frexp
math/float/math48/c_interface/sccz80/cm48_sccz80_hypot
math/float/math48/c_interface/sccz80/cm48_sccz80_ilogb
math/float/math48/c_interface/sccz80/cm48_sccz80_isgreater
math/float/math48/c_interface/sccz80/cm48_sccz80_isgreaterequal
math/float/math48/c_interface/sccz80/cm48_sccz80_isless
math/float/math48/c_interface/sccz80/cm48_sccz80_islessequal
math/float/math48/c_interface/sccz80/cm48_sccz80_islessgreater
math/float/math48/c_interface/sccz80/cm48_sccz80_isunordered
math/float/math48/c_interface/sccz80/cm48_sccz80_ldexp
math/float/math48/c_interface/sccz80/cm48_sccz80_lgamma
math/float/math48/c_interface/sccz80/cm48_sccz80_log
math/float/math48/c_interface/sccz80/cm48_sccz80_log10
math/float/math48/c_interface/sccz80/cm48_sccz80_log1p
math/float/math48/c_interface/sccz80/cm48_sccz80_log2
math/float/math48/c_interface/sccz80/cm48_sccz80_logb
math/float/math48/c_interface/sccz80/cm48_sccz80_lrint
math/float/math48/c_interface/sccz80/cm48_sccz80_lround
math/float/math48/c_interface/sccz80/cm48_sccz80_modf
math/float/math48/c_interface/sccz80/cm48_sccz80_nearbyint
math/float/math48/c_interface/sccz80/cm48_sccz80_pow
math/float/math48/c_interface/sccz80/cm48_sccz80_rint
math/float/math48/c_interface/sccz80/cm48_sccz80_round
math/float/math48/c_interface/sccz80/cm48_sccz80_scalbn
math/float/math48/c_interface/sccz80/cm48_sccz80_sin
math/float/math48/c_interface/sccz80/cm48_sccz80_sinh
math/float/math48/c_interface/sccz80/cm48_sccz80_sqrt
math/float/math48/c_interface/sccz80/cm48_sccz80_tan
math/float/math48/c_interface/sccz80/cm48_sccz80_tanh
math/float/math48/c_interface/sccz80/cm48_sccz80_tgamma
math/float/math48/c_interface/sccz80/cm48_sccz80_trunc
math/float/math48/c_standard/lm48__float_error_einval_zc
math/float/math48/c_standard/lm48__float_error_nannc
math/float/math48/c_standard/lm48__float_error_pinfnc
math/float/math48/c_standard/lm48__ftoa_base10
math/float/math48/c_standard/lm48__ftoa_base16
math/float/math48/c_standard/lm48__ftoa_digits
math/float/math48/c_standard/lm48__ftoa_sgnabs
math/float/math48/c_standard/lm48__mul10
math/float/math48/c_standard/lm48__sigdig
math/float/math48/c_standard/lm48__tenf
math/float/math48/c_standard/lm48_acos
math/float/math48/c_standard/lm48_add
math/float/math48/c_standard/lm48_asin
math/float/math48/c_standard/lm48_atan
math/float/math48/c_standard/lm48_atan2
math/float/math48/c_standard/lm48_cbrt
math/float/math48/c_standard/lm48_compare
math/float/math48/c_standard/lm48_copysign
math/float/math48/c_standard/lm48_cos
math/float/math48/c_standard/lm48_div
math/float/math48/c_standard/lm48_exp
math/float/math48/c_standard/lm48_exp2
math/float/math48/c_standard/lm48_expm1
math/float/math48/c_standard/lm48_fabs
math/float/math48/c_standard/lm48_fdim
math/float/math48/c_standard/lm48_fma
math/float/math48/c_standard/lm48_fmax
math/float/math48/c_standard/lm48_fmin
math/float/math48/c_standard/lm48_fmod
math/float/math48/c_standard/lm48_fpclassify
math/float/math48/c_standard/lm48_frexp
math/float/math48/c_standard/lm48_hypot
math/float/math48/c_standard/lm48_ilogb
math/float/math48/c_standard/lm48_isgreater
math/float/math48/c_standard/lm48_isgreaterequal
math/float/math48/c_standard/lm48_isless
math/float/math48/c_standard/lm48_islessequal
math/float/math48/c_standard/lm48_islessgreater
math/float/math48/c_standard/lm48_isunordered
math/float/math48/c_standard/lm48_ldexp
math/float/math48/c_standard/lm48_log
math/float/math48/c_standard/lm48_log10
math/float/math48/c_standard/lm48_log1p
math/float/math48/c_standard/lm48_log2
math/float/math48/c_standard/lm48_logb
math/float/math48/c_standard/lm48_modf
math/float/math48/c_standard/lm48_mul
math/float/math48/c_standard/lm48_pow
math/float/math48/c_standard/lm48_scalbn
math/float/math48/c_standard/lm48_sin
math/float/math48/c_standard/lm48_sqrt
math/float/math48/c_standard/lm48_sub
math/float/math48/c_standard/lm48_tan
math/float/math48/c_standard/lm48_trunc
math/float/math48/primitives/mm48_atn
math/float/math48/primitives/mm48_cmp
math/float/math48/primitives/mm48_cos
math/float/math48/primitives/mm48_equal
math/float/math48/primitives/mm48_error_edom_infc
math/float/math48/primitives/mm48_error_edom_zc
math/float/math48/primitives/mm48_error_erange_infc
math/float/math48/primitives/mm48_error_erange_infxc
math/float/math48/primitives/mm48_error_erange_intc
math/float/math48/primitives/mm48_error_erange_longc
math/float/math48/primitives/mm48_exp
math/float/math48/primitives/mm48_fix
math/float/math48/primitives/mm48_fix_long
math/float/math48/primitives/mm48_float
math/float/math48/primitives/mm48_float_long
math/float/math48/primitives/mm48_fpadd
math/float/math48/primitives/mm48_fpdiv
math/float/math48/primitives/mm48_fpmul
math/float/math48/primitives/mm48_fpsub
math/float/math48/primitives/mm48_frac
math/float/math48/primitives/mm48_int
math/float/math48/primitives/mm48_ln
math/float/math48/primitives/mm48_log
math/float/math48/primitives/mm48_mod
math/float/math48/primitives/mm48_mul10
math/float/math48/primitives/mm48_negate
math/float/math48/primitives/mm48_pwr
math/float/math48/primitives/mm48_sin
math/float/math48/primitives/mm48_sqr
math/float/math48/primitives/mm48_tan
math/float/math48/primitives/mm48_tenf
math/float/math48/primitives/mm48_ufloat
math/float/math48/primitives/mm48_ufloat_long
math/float/math48/primitives/mm48__ac1
math/float/math48/primitives/mm48__ac1_3
math/float/math48/primitives/mm48__acinfc
math/float/math48/primitives/mm48__acln2
math/float/math48/primitives/mm48__acpi
math/float/math48/primitives/mm48__addac
math/float/math48/primitives/mm48__calcs
math/float/math48/primitives/mm48__cmpac
math/float/math48/primitives/mm48__comser
math/float/math48/primitives/mm48__expsgn
math/float/math48/primitives/mm48__getncix
math/float/math48/primitives/mm48__sleft
math/float/math48/primitives/mm48__sright
math/float/math48/primitives/mm48__subac
math/float/math48/primitives/mm48__zero
