math/float/math32/asm/gbz80/f32_gbz80_mulu_32h_24x24
math/float/math32/asm/gbz80/f32_gbz80_mulu_32h_32x32
math/float/math32/asm/gbz80/f32_gbz80_sqr_32h_24x24

math/float/math32/asm/gbz80/f32_fscompare
math/float/math32/asm/gbz80/f32_fsconv
math/float/math32/asm/gbz80/f32_fsnormalize
math/float/math32/asm/gbz80/f32_fsnormalize32

math/float/math32/asm/gbz80/f32_fsadd
math/float/math32/asm/gbz80/f32_fsadd32
math/float/math32/asm/gbz80/f32_fsdiv
math/float/math32/asm/gbz80/f32_fsinv
math/float/math32/asm/gbz80/f32_fsmul
math/float/math32/asm/gbz80/f32_fsmul32

math/float/math32/asm/gbz80/f32_fsdiv2
math/float/math32/asm/gbz80/f32_fsfrexp
math/float/math32/asm/gbz80/f32_fsldexp
math/float/math32/asm/gbz80/f32_fsmul10u
math/float/math32/asm/gbz80/f32_fsmul2

math/float/math32/asm/gbz80/f32_fshypot
math/float/math32/asm/gbz80/f32_fspoly
math/float/math32/asm/gbz80/f32_fssqr
math/float/math32/asm/gbz80/f32_fssqrt

math/float/math32/asm/gbz80/f32_discardfraction
math/float/math32/asm/gbz80/f32_fsread_callee
math/float/math32/asm/gbz80/f32_l_swap

math/float/math32/asm/gbz80/f32_f2long
math/float/math32/asm/gbz80/f32_l_ldexp
