../../../math/float/math32/lm32/z80/asm__dtoa_base10.asm
../../../math/float/math32/lm32/z80/asm__dtoa_base16.asm
../../../math/float/math32/lm32/z80/asm__dtoa_digits.asm
../../../math/float/math32/lm32/z80/asm__dtoa_sgnabs.asm
../../../math/float/math32/lm32/z80/asm_dhexpop.asm
../../../math/float/math32/lm32/z80/asm_nan_b.asm

../../../math/float/math32/lm32/z80/asm_derror_edom_infc.asm
../../../math/float/math32/lm32/z80/asm_derror_edom_zc.asm
../../../math/float/math32/lm32/z80/asm_derror_einval_zc.asm
../../../math/float/math32/lm32/z80/asm_derror_erange_infc.asm
../../../math/float/math32/lm32/z80/asm_derror_nanc.asm
../../../math/float/math32/lm32/z80/asm_derror_nannc.asm
../../../math/float/math32/lm32/z80/asm_derror_onc.asm
../../../math/float/math32/lm32/z80/asm_derror_pinfnc.asm
../../../math/float/math32/lm32/z80/asm_derror_zc.asm
../../../math/float/math32/lm32/z80/asm_derror_znc.asm

../../../math/float/math32/lm32/z80/asm_addf.asm
../../../math/float/math32/lm32/z80/asm_div2f.asm
../../../math/float/math32/lm32/z80/asm_divf.asm
../../../math/float/math32/lm32/z80/asm_mul10uf.asm
../../../math/float/math32/lm32/z80/asm_mul2f.asm
../../../math/float/math32/lm32/z80/asm_mulf.asm
../../../math/float/math32/lm32/z80/asm_negf.asm
../../../math/float/math32/lm32/z80/asm_sqrf.asm
../../../math/float/math32/lm32/z80/asm_subf.asm

../../../math/float/math32/lm32/z80/asm_hypotf.asm
../../../math/float/math32/lm32/z80/asm_invf.asm
../../../math/float/math32/lm32/z80/asm_invsqrtf.asm
../../../math/float/math32/lm32/z80/asm_sqrtf.asm

../../../math/float/math32/lm32/z80/asm_ceilf.asm
../../../math/float/math32/lm32/z80/asm_fabsf.asm
../../../math/float/math32/lm32/z80/asm_floorf.asm
../../../math/float/math32/lm32/z80/asm_sigdigf.asm
../../../math/float/math32/lm32/z80/asm_zerof.asm

../../../math/float/math32/lm32/z80/asm_dmulpow2.asm
