../../../math/float/math32/c/sccz80/cm32_sccz80_fsread.asm
../../../math/float/math32/c/sccz80/cm32_sccz80_fszero.asm
../../../math/float/math32/c/sccz80/cm32_sccz80_switch_arg.asm

../../../math/float/math32/c/sccz80/cm32_sccz80_fsadd.asm
../../../math/float/math32/c/sccz80/cm32_sccz80_fsadd_callee.asm
../../../math/float/math32/c/sccz80/cm32_sccz80_fsdiv.asm
../../../math/float/math32/c/sccz80/cm32_sccz80_fsdiv2.asm
../../../math/float/math32/c/sccz80/cm32_sccz80_fsdiv_callee.asm
../../../math/float/math32/c/sccz80/cm32_sccz80_fsmul.asm
../../../math/float/math32/c/sccz80/cm32_sccz80_fsmul10u.asm
../../../math/float/math32/c/sccz80/cm32_sccz80_fsmul2.asm
../../../math/float/math32/c/sccz80/cm32_sccz80_fsmul_callee.asm
../../../math/float/math32/c/sccz80/cm32_sccz80_fsneg.asm
../../../math/float/math32/c/sccz80/cm32_sccz80_fssqr.asm
../../../math/float/math32/c/sccz80/cm32_sccz80_fssub.asm
../../../math/float/math32/c/sccz80/cm32_sccz80_fssub_callee.asm

../../../math/float/math32/c/sccz80/cm32_sccz80_fsfrexp.asm
../../../math/float/math32/c/sccz80/cm32_sccz80_fsfrexp_callee.asm
../../../math/float/math32/c/sccz80/cm32_sccz80_fshypot.asm
../../../math/float/math32/c/sccz80/cm32_sccz80_fshypot_callee.asm
../../../math/float/math32/c/sccz80/cm32_sccz80_fsinv.asm
../../../math/float/math32/c/sccz80/cm32_sccz80_fsinvsqrt.asm
../../../math/float/math32/c/sccz80/cm32_sccz80_fsldexp.asm
../../../math/float/math32/c/sccz80/cm32_sccz80_fsldexp_callee.asm
../../../math/float/math32/c/sccz80/cm32_sccz80_fspoly.asm
../../../math/float/math32/c/sccz80/cm32_sccz80_fspoly_callee.asm
../../../math/float/math32/c/sccz80/cm32_sccz80_fssqrt.asm

../../../math/float/math32/c/sccz80/cm32_sccz80_ceil.asm
../../../math/float/math32/c/sccz80/cm32_sccz80_fabs.asm
../../../math/float/math32/c/sccz80/cm32_sccz80_floor.asm
../../../math/float/math32/c/sccz80/cm32_sccz80_fpclassify.asm
../../../math/float/math32/c/sccz80/cm32_sccz80_modf.asm
../../../math/float/math32/c/sccz80/cm32_sccz80_modf_callee.asm
../../../math/float/math32/c/sccz80/cm32_sccz80_round.asm

../../../math/float/math32/c/sccz80/cm32_sccz80_fmax.asm
../../../math/float/math32/c/sccz80/cm32_sccz80_fmax_callee.asm
../../../math/float/math32/c/sccz80/cm32_sccz80_fmin.asm
../../../math/float/math32/c/sccz80/cm32_sccz80_fmin_callee.asm
../../../math/float/math32/c/sccz80/cm32_sccz80_fmod.asm
../../../math/float/math32/c/sccz80/cm32_sccz80_fmod_callee.asm

../../../math/float/math32/c/sccz80/cm32_sccz80_exp.asm
../../../math/float/math32/c/sccz80/cm32_sccz80_exp10.asm
../../../math/float/math32/c/sccz80/cm32_sccz80_exp2.asm
../../../math/float/math32/c/sccz80/cm32_sccz80_log.asm
../../../math/float/math32/c/sccz80/cm32_sccz80_log10.asm
../../../math/float/math32/c/sccz80/cm32_sccz80_log2.asm

../../../math/float/math32/c/sccz80/cm32_sccz80_acos.asm
../../../math/float/math32/c/sccz80/cm32_sccz80_acosh.asm
../../../math/float/math32/c/sccz80/cm32_sccz80_asin.asm
../../../math/float/math32/c/sccz80/cm32_sccz80_asinh.asm
../../../math/float/math32/c/sccz80/cm32_sccz80_atan.asm
../../../math/float/math32/c/sccz80/cm32_sccz80_atan2.asm
../../../math/float/math32/c/sccz80/cm32_sccz80_atan2_callee.asm
../../../math/float/math32/c/sccz80/cm32_sccz80_atanh.asm
../../../math/float/math32/c/sccz80/cm32_sccz80_cos.asm
../../../math/float/math32/c/sccz80/cm32_sccz80_cosh.asm
../../../math/float/math32/c/sccz80/cm32_sccz80_sin.asm
../../../math/float/math32/c/sccz80/cm32_sccz80_sinh.asm
../../../math/float/math32/c/sccz80/cm32_sccz80_tan.asm
../../../math/float/math32/c/sccz80/cm32_sccz80_tanh.asm

../../../math/float/math32/c/sccz80/cm32_sccz80_pow.asm
../../../math/float/math32/c/sccz80/cm32_sccz80_pow_callee.asm
