../../../math/float/math32/asm/z80/f32_z80_mulu_32h_24x24.asm
../../../math/float/math32/asm/z80/f32_z80_mulu_32h_32x32.asm
../../../math/float/math32/asm/z80/f32_z80_sqr_32h_24x24.asm

../../../math/float/math32/asm/z80/f32__dtoa_base10.asm
../../../math/float/math32/asm/z80/f32__dtoa_base16.asm
../../../math/float/math32/asm/z80/f32__dtoa_digits.asm
../../../math/float/math32/asm/z80/f32__dtoa_sgnabs.asm
../../../math/float/math32/asm/z80/f32_fshexpop.asm
../../../math/float/math32/asm/z80/f32_nan_b.asm

../../../math/float/math32/asm/z80/d32_fsadd.asm
../../../math/float/math32/asm/z80/d32_fsconv.asm
../../../math/float/math32/asm/z80/d32_fsutil.asm
../../../math/float/math32/asm/z80/f32_fsnormalize.asm
../../../math/float/math32/asm/z80/f32_fsnormalize32.asm

../../../math/float/math32/asm/z80/f32_f2long.asm
../../../math/float/math32/asm/z80/f32_fscompare.asm

../../../math/float/math32/asm/z80/f32_fsadd32.asm
../../../math/float/math32/asm/z80/f32_fsdiv.asm
../../../math/float/math32/asm/z80/f32_fsinv.asm
../../../math/float/math32/asm/z80/f32_fsmul.asm
../../../math/float/math32/asm/z80/f32_fsmul32.asm

../../../math/float/math32/asm/z80/f32_fsdiv2.asm
../../../math/float/math32/asm/z80/f32_fsfrexp.asm
../../../math/float/math32/asm/z80/f32_fsldexp.asm
../../../math/float/math32/asm/z80/f32_fsmul10u.asm
../../../math/float/math32/asm/z80/f32_fsmul2.asm

../../../math/float/math32/asm/z80/f32_fshypot.asm
../../../math/float/math32/asm/z80/f32_fspoly.asm
../../../math/float/math32/asm/z80/f32_fssqr.asm
../../../math/float/math32/asm/z80/f32_fssqrt.asm

../../../math/float/math32/asm/z80/f32_discardfraction.asm
../../../math/float/math32/asm/z80/f32_fabs.asm
../../../math/float/math32/asm/z80/f32_floor.asm
../../../math/float/math32/asm/z80/f32_fsceil.asm
../../../math/float/math32/asm/z80/f32_fserror.asm

../../../math/float/math32/asm/f32_fsconst.asm
../../../math/float/math32/asm/f32_fssigdig.asm
../../../math/float/math32/asm/h32_coeff_atanf.asm
../../../math/float/math32/asm/h32_coeff_exp10f.asm
../../../math/float/math32/asm/h32_coeff_exp2f.asm
../../../math/float/math32/asm/h32_coeff_expf.asm
../../../math/float/math32/asm/h32_coeff_logf.asm
../../../math/float/math32/asm/h32_coeff_sinf.asm

../../../math/float/math32/asm/f32_fsload.asm

../../../math/float/math32/asm/f32_fpclassify.asm

../../../math/float/math32/c/z80/ftoe.asm

../../../math/float/math32/c/z80/m32_acosf.asm
../../../math/float/math32/c/z80/m32_acoshf.asm
../../../math/float/math32/c/z80/m32_asinf.asm
../../../math/float/math32/c/z80/m32_asinhf.asm
../../../math/float/math32/c/z80/m32_atan2f.asm
../../../math/float/math32/c/z80/m32_atanf.asm
../../../math/float/math32/c/z80/m32_atanhf.asm
../../../math/float/math32/c/z80/m32_cosf.asm
../../../math/float/math32/c/z80/m32_coshf.asm
../../../math/float/math32/c/z80/m32_exp10f.asm
../../../math/float/math32/c/z80/m32_exp2f.asm
../../../math/float/math32/c/z80/m32_expf.asm
../../../math/float/math32/c/z80/m32_fmodf.asm
../../../math/float/math32/c/z80/m32_log10f.asm
../../../math/float/math32/c/z80/m32_log2f.asm
../../../math/float/math32/c/z80/m32_logf.asm
../../../math/float/math32/c/z80/m32_modff.asm
../../../math/float/math32/c/z80/m32_powf.asm
../../../math/float/math32/c/z80/m32_roundf.asm
../../../math/float/math32/c/z80/m32_sinf.asm
../../../math/float/math32/c/z80/m32_sinhf.asm
../../../math/float/math32/c/z80/m32_tanf.asm
../../../math/float/math32/c/z80/m32_tanhf.asm

@newlibfiles_sccz80.lst

../../../math/float/math32/c/sccz80/cm32_sccz80_dload.asm
../../../math/float/math32/c/sccz80/cm32_sccz80_dloadb.asm
../../../math/float/math32/c/sccz80/cm32_sccz80_fsread_callee.asm

../../../math/float/math32/c/sdcc/cm32_sdcc_dload.asm
../../../math/float/math32/c/sdcc/cm32_sdcc_fsread.asm
../../../math/float/math32/c/sdcc/cm32_sdcc_fsread_callee.asm
../../../math/float/math32/c/sdcc/cm32_sdcc_fszero.asm

../../../math/float/math32/c/sdcc/cm32_sdcc_fsadd.asm
../../../math/float/math32/c/sdcc/cm32_sdcc_fsadd_callee.asm
../../../math/float/math32/c/sdcc/cm32_sdcc_fsdiv.asm
../../../math/float/math32/c/sdcc/cm32_sdcc_fsdiv2.asm
../../../math/float/math32/c/sdcc/cm32_sdcc_fsdiv_callee.asm
../../../math/float/math32/c/sdcc/cm32_sdcc_fsmul.asm
../../../math/float/math32/c/sdcc/cm32_sdcc_fsmul10u.asm
../../../math/float/math32/c/sdcc/cm32_sdcc_fsmul2.asm
../../../math/float/math32/c/sdcc/cm32_sdcc_fsmul_callee.asm
../../../math/float/math32/c/sdcc/cm32_sdcc_fsneg.asm
../../../math/float/math32/c/sdcc/cm32_sdcc_fssqr.asm
../../../math/float/math32/c/sdcc/cm32_sdcc_fssub.asm
../../../math/float/math32/c/sdcc/cm32_sdcc_fssub_callee.asm

../../../math/float/math32/c/sdcc/cm32_sdcc_fsfrexp.asm
../../../math/float/math32/c/sdcc/cm32_sdcc_fsfrexp_callee.asm
../../../math/float/math32/c/sdcc/cm32_sdcc_fshypot.asm
../../../math/float/math32/c/sdcc/cm32_sdcc_fshypot_callee.asm
../../../math/float/math32/c/sdcc/cm32_sdcc_fsinv.asm
../../../math/float/math32/c/sdcc/cm32_sdcc_fsinvsqrt.asm
../../../math/float/math32/c/sdcc/cm32_sdcc_fsldexp.asm
../../../math/float/math32/c/sdcc/cm32_sdcc_fsldexp_callee.asm
../../../math/float/math32/c/sdcc/cm32_sdcc_fspoly.asm
../../../math/float/math32/c/sdcc/cm32_sdcc_fspoly_callee.asm
../../../math/float/math32/c/sdcc/cm32_sdcc_fssqrt.asm

../../../math/float/math32/c/sdcc/cm32_sdcc_ceil.asm
../../../math/float/math32/c/sdcc/cm32_sdcc_fabs.asm
../../../math/float/math32/c/sdcc/cm32_sdcc_floor.asm
../../../math/float/math32/c/sdcc/cm32_sdcc_fpclassify.asm
../../../math/float/math32/c/sdcc/cm32_sdcc_round.asm

../../../math/float/math32/c/sdcc/cm32_sdcc_fmax.asm
../../../math/float/math32/c/sdcc/cm32_sdcc_fmax_callee.asm
../../../math/float/math32/c/sdcc/cm32_sdcc_fmin.asm
../../../math/float/math32/c/sdcc/cm32_sdcc_fmin_callee.asm

../../../math/float/math32/c/sdcc/cm32_sdcc_exp.asm
../../../math/float/math32/c/sdcc/cm32_sdcc_exp10.asm
../../../math/float/math32/c/sdcc/cm32_sdcc_exp2.asm
../../../math/float/math32/c/sdcc/cm32_sdcc_log.asm
../../../math/float/math32/c/sdcc/cm32_sdcc_log10.asm
../../../math/float/math32/c/sdcc/cm32_sdcc_log2.asm

../../../math/float/math32/c/sdcc/cm32_sdcc_acos.asm
../../../math/float/math32/c/sdcc/cm32_sdcc_acosh.asm
../../../math/float/math32/c/sdcc/cm32_sdcc_asin.asm
../../../math/float/math32/c/sdcc/cm32_sdcc_asinh.asm
../../../math/float/math32/c/sdcc/cm32_sdcc_atan.asm
../../../math/float/math32/c/sdcc/cm32_sdcc_atanh.asm
../../../math/float/math32/c/sdcc/cm32_sdcc_cos.asm
../../../math/float/math32/c/sdcc/cm32_sdcc_cosh.asm
../../../math/float/math32/c/sdcc/cm32_sdcc_sin.asm
../../../math/float/math32/c/sdcc/cm32_sdcc_sinh.asm
../../../math/float/math32/c/sdcc/cm32_sdcc_tan.asm
../../../math/float/math32/c/sdcc/cm32_sdcc_tanh.asm

../../../math/float/math32/c/sdcc/cm32_sdcc_pow_callee.asm

../../../math/float/math32/c/sdcc/cm32_sdcc___fs2sint.asm
../../../math/float/math32/c/sdcc/cm32_sdcc___fs2sint_callee.asm
../../../math/float/math32/c/sdcc/cm32_sdcc___fs2slong.asm
../../../math/float/math32/c/sdcc/cm32_sdcc___fs2slong_callee.asm
../../../math/float/math32/c/sdcc/cm32_sdcc___fs2uint.asm
../../../math/float/math32/c/sdcc/cm32_sdcc___fs2uint_callee.asm
../../../math/float/math32/c/sdcc/cm32_sdcc___fs2ulong.asm
../../../math/float/math32/c/sdcc/cm32_sdcc___fs2ulong_callee.asm
../../../math/float/math32/c/sdcc/cm32_sdcc___fseq.asm
../../../math/float/math32/c/sdcc/cm32_sdcc___fseq_callee.asm
../../../math/float/math32/c/sdcc/cm32_sdcc___fsgt.asm
../../../math/float/math32/c/sdcc/cm32_sdcc___fsgt_callee.asm
../../../math/float/math32/c/sdcc/cm32_sdcc___fslt.asm
../../../math/float/math32/c/sdcc/cm32_sdcc___fslt_callee.asm
../../../math/float/math32/c/sdcc/cm32_sdcc___fsneq.asm
../../../math/float/math32/c/sdcc/cm32_sdcc___fsneq_callee.asm
../../../math/float/math32/c/sdcc/cm32_sdcc___schar2fs.asm
../../../math/float/math32/c/sdcc/cm32_sdcc___schar2fs_callee.asm
../../../math/float/math32/c/sdcc/cm32_sdcc___sint2fs.asm
../../../math/float/math32/c/sdcc/cm32_sdcc___sint2fs_callee.asm
../../../math/float/math32/c/sdcc/cm32_sdcc___slong2fs.asm
../../../math/float/math32/c/sdcc/cm32_sdcc___slong2fs_callee.asm
../../../math/float/math32/c/sdcc/cm32_sdcc___uchar2fs.asm
../../../math/float/math32/c/sdcc/cm32_sdcc___uchar2fs_callee.asm
../../../math/float/math32/c/sdcc/cm32_sdcc___uint2fs.asm
../../../math/float/math32/c/sdcc/cm32_sdcc___uint2fs_callee.asm
../../../math/float/math32/c/sdcc/cm32_sdcc___ulong2fs.asm
../../../math/float/math32/c/sdcc/cm32_sdcc___ulong2fs_callee.asm

@newlibfiles_lm32_sccz80.lst

../../../math/float/math32/lm32/c/sccz80/dload.asm
../../../math/float/math32/lm32/c/sccz80/dloadb.asm
../../../math/float/math32/lm32/c/sccz80/l_f32_f2long.asm
../../../math/float/math32/lm32/c/sccz80/l_f32_ldexp.asm
../../../math/float/math32/lm32/c/sccz80/l_f32_swap.asm

../../../math/float/math32/lm32/c/sccz80/ftoa.asm
../../../math/float/math32/lm32/c/sccz80/ftoe.asm
../../../math/float/math32/lm32/c/sccz80/ftog.asm

../../../math/float/math32/lm32/c/sccz80/mlib2d.asm

../../../math/float/math32/lm32/c/sdcc/___fs2schar.asm
../../../math/float/math32/lm32/c/sdcc/___fs2schar_callee.asm
../../../math/float/math32/lm32/c/sdcc/___fs2sint.asm
../../../math/float/math32/lm32/c/sdcc/___fs2sint_callee.asm
../../../math/float/math32/lm32/c/sdcc/___fs2slong.asm
../../../math/float/math32/lm32/c/sdcc/___fs2slong_callee.asm
../../../math/float/math32/lm32/c/sdcc/___fs2uchar.asm
../../../math/float/math32/lm32/c/sdcc/___fs2uchar_callee.asm
../../../math/float/math32/lm32/c/sdcc/___fs2uint.asm
../../../math/float/math32/lm32/c/sdcc/___fs2uint_callee.asm
../../../math/float/math32/lm32/c/sdcc/___fs2ulong.asm
../../../math/float/math32/lm32/c/sdcc/___fs2ulong_callee.asm
../../../math/float/math32/lm32/c/sdcc/___fsadd.asm
../../../math/float/math32/lm32/c/sdcc/___fsadd_callee.asm
../../../math/float/math32/lm32/c/sdcc/___fsdiv.asm
../../../math/float/math32/lm32/c/sdcc/___fsdiv_callee.asm
../../../math/float/math32/lm32/c/sdcc/___fseq.asm
../../../math/float/math32/lm32/c/sdcc/___fseq_callee.asm
../../../math/float/math32/lm32/c/sdcc/___fsgt.asm
../../../math/float/math32/lm32/c/sdcc/___fsgt_callee.asm
../../../math/float/math32/lm32/c/sdcc/___fslt.asm
../../../math/float/math32/lm32/c/sdcc/___fslt_callee.asm
../../../math/float/math32/lm32/c/sdcc/___fsmul.asm
../../../math/float/math32/lm32/c/sdcc/___fsmul_callee.asm
../../../math/float/math32/lm32/c/sdcc/___fsneq.asm
../../../math/float/math32/lm32/c/sdcc/___fsneq_callee.asm
../../../math/float/math32/lm32/c/sdcc/___fssub.asm
../../../math/float/math32/lm32/c/sdcc/___fssub_callee.asm
../../../math/float/math32/lm32/c/sdcc/___schar2fs.asm
../../../math/float/math32/lm32/c/sdcc/___schar2fs_callee.asm
../../../math/float/math32/lm32/c/sdcc/___sint2fs.asm
../../../math/float/math32/lm32/c/sdcc/___sint2fs_callee.asm
../../../math/float/math32/lm32/c/sdcc/___slong2fs.asm
../../../math/float/math32/lm32/c/sdcc/___slong2fs_callee.asm
../../../math/float/math32/lm32/c/sdcc/___uchar2fs.asm
../../../math/float/math32/lm32/c/sdcc/___uchar2fs_callee.asm
../../../math/float/math32/lm32/c/sdcc/___uint2fs.asm
../../../math/float/math32/lm32/c/sdcc/___uint2fs_callee.asm
../../../math/float/math32/lm32/c/sdcc/___ulong2fs.asm
../../../math/float/math32/lm32/c/sdcc/___ulong2fs_callee.asm

../../../math/float/math32/lm32/c/clang/__fadd.asm
../../../math/float/math32/lm32/c/clang/__fcmp.asm
../../../math/float/math32/lm32/c/clang/__fdiv.asm
../../../math/float/math32/lm32/c/clang/__fmul.asm
../../../math/float/math32/lm32/c/clang/__fneg.asm
../../../math/float/math32/lm32/c/clang/__fsub.asm
../../../math/float/math32/lm32/c/clang/__ftol.asm
../../../math/float/math32/lm32/c/clang/__ltof.asm
../../../math/float/math32/lm32/c/clang/__ultof.asm

@newlibfiles_lm32_z80.lst

../../../math/float/math32/lm32/z80/asm_polyf.asm

../../../math/float/math32/lm32/z80/asm_fpclassifyf.asm

../../../math/float/math32/lm32/z80/asm_dadd.asm
../../../math/float/math32/lm32/z80/asm_dconst_1.asm
../../../math/float/math32/lm32/z80/asm_dmul.asm
../../../math/float/math32/lm32/z80/asm_dmul10u.asm
../../../math/float/math32/lm32/z80/asm_dmulpow10.asm
../../../math/float/math32/lm32/z80/asm_dneg.asm
../../../math/float/math32/lm32/z80/asm_double16u.asm
../../../math/float/math32/lm32/z80/asm_double32u.asm
../../../math/float/math32/lm32/z80/asm_double8u.asm
