../../../math/float/math32/asm/f32_fsconst.asm
../../../math/float/math32/asm/f32_fssigdig.asm
../../../math/float/math32/asm/h32_coeff_atanf.asm
../../../math/float/math32/asm/h32_coeff_exp10f.asm
../../../math/float/math32/asm/h32_coeff_exp2f.asm
../../../math/float/math32/asm/h32_coeff_expf.asm
../../../math/float/math32/asm/h32_coeff_logf.asm
../../../math/float/math32/asm/h32_coeff_sinf.asm
../../../math/float/math32/asm/8085/f32_fsutil.asm
../../../math/float/math32/asm/8085/f32_discardfraction.asm
../../../math/float/math32/asm/8085/f32_fabs.asm
../../../math/float/math32/asm/8085/f32_floor.asm
../../../math/float/math32/asm/8085/f32_fpclassify.asm
../../../math/float/math32/asm/8085/f32_fsceil.asm
../../../math/float/math32/asm/8085/f32_fsdiv2.asm
../../../math/float/math32/asm/8085/f32_fsfrexp.asm
../../../math/float/math32/asm/8085/f32_fsload.asm
../../../math/float/math32/asm/8085/f32_fsmul10u.asm
../../../math/float/math32/asm/8085/f32_fsmul2.asm
../../../math/float/math32/asm/8085/f32_fsmul.asm
../../../math/float/math32/asm/8085/f32_fsadd.asm
../../../math/float/math32/asm/8085/f32_fsdiv.asm
../../../math/float/math32/asm/8085/f32_fsconv.asm
../../../math/float/math32/asm/8085/f32_fscompare.asm
../../../math/float/math32/asm/8085/f32_fsnormalize.asm
../../../math/float/math32/asm/8085/f32_8085_mulu_32h_24x24.asm
../../../math/float/math32/asm/8085/f32_8085_mulu_32h_32x32.asm
../../../math/float/math32/c/sccz80/cm32_sccz80_acos.asm
../../../math/float/math32/c/sccz80/cm32_sccz80_acosh.asm
../../../math/float/math32/c/sccz80/cm32_sccz80_asin.asm
../../../math/float/math32/c/sccz80/cm32_sccz80_asinh.asm
../../../math/float/math32/c/sccz80/cm32_sccz80_atan.asm
../../../math/float/math32/c/sccz80/cm32_sccz80_atan2.asm
../../../math/float/math32/c/sccz80/cm32_sccz80_atan2_callee.asm
../../../math/float/math32/c/sccz80/cm32_sccz80_atanh.asm
../../../math/float/math32/c/sccz80/cm32_sccz80_ceil.asm
../../../math/float/math32/c/sccz80/cm32_sccz80_cos.asm
../../../math/float/math32/c/sccz80/cm32_sccz80_cosh.asm
../../../math/float/math32/c/sccz80/cm32_sccz80_exp.asm
../../../math/float/math32/c/sccz80/cm32_sccz80_exp10.asm
../../../math/float/math32/c/sccz80/cm32_sccz80_exp2.asm
../../../math/float/math32/c/sccz80/cm32_sccz80_fabs.asm
../../../math/float/math32/c/sccz80/cm32_sccz80_floor.asm
../../../math/float/math32/c/sccz80/cm32_sccz80_fmax.asm
../../../math/float/math32/c/sccz80/cm32_sccz80_fmax_callee.asm
../../../math/float/math32/c/sccz80/cm32_sccz80_fmin.asm
../../../math/float/math32/c/sccz80/cm32_sccz80_fmin_callee.asm
../../../math/float/math32/c/sccz80/cm32_sccz80_fmod.asm
../../../math/float/math32/c/sccz80/cm32_sccz80_fmod_callee.asm
../../../math/float/math32/c/sccz80/cm32_sccz80_fpclassify.asm
../../../math/float/math32/c/sccz80/cm32_sccz80_fsadd.asm
../../../math/float/math32/c/sccz80/cm32_sccz80_fsadd_callee.asm
../../../math/float/math32/c/sccz80/cm32_sccz80_fsdiv.asm
../../../math/float/math32/c/sccz80/cm32_sccz80_fsdiv2.asm
../../../math/float/math32/c/sccz80/cm32_sccz80_fsdiv_callee.asm
../../../math/float/math32/c/sccz80/cm32_sccz80_fsfrexp.asm
../../../math/float/math32/c/sccz80/cm32_sccz80_fsfrexp_callee.asm
../../../math/float/math32/c/sccz80/cm32_sccz80_fshypot.asm
../../../math/float/math32/c/sccz80/cm32_sccz80_fshypot_callee.asm
../../../math/float/math32/c/sccz80/cm32_sccz80_fsinv.asm
../../../math/float/math32/c/sccz80/cm32_sccz80_fsinvsqrt.asm
../../../math/float/math32/c/sccz80/cm32_sccz80_fsldexp.asm
../../../math/float/math32/c/sccz80/cm32_sccz80_fsldexp_callee.asm
../../../math/float/math32/c/sccz80/cm32_sccz80_fsmul.asm
../../../math/float/math32/c/sccz80/cm32_sccz80_fsmul10u.asm
../../../math/float/math32/c/sccz80/cm32_sccz80_fsmul2.asm
../../../math/float/math32/c/sccz80/cm32_sccz80_fsmul_callee.asm
../../../math/float/math32/c/sccz80/cm32_sccz80_fsneg.asm
../../../math/float/math32/c/sccz80/cm32_sccz80_fsread.asm
../../../math/float/math32/c/sccz80/cm32_sccz80_fssqr.asm
../../../math/float/math32/c/sccz80/cm32_sccz80_fssqrt.asm
../../../math/float/math32/c/sccz80/cm32_sccz80_fssub.asm
../../../math/float/math32/c/sccz80/cm32_sccz80_fssub_callee.asm
../../../math/float/math32/c/sccz80/cm32_sccz80_fszero.asm
../../../math/float/math32/c/sccz80/cm32_sccz80_log.asm
../../../math/float/math32/c/sccz80/cm32_sccz80_log10.asm
../../../math/float/math32/c/sccz80/cm32_sccz80_log2.asm
../../../math/float/math32/c/sccz80/cm32_sccz80_modf.asm
../../../math/float/math32/c/sccz80/cm32_sccz80_modf_callee.asm
../../../math/float/math32/c/sccz80/cm32_sccz80_pow.asm
../../../math/float/math32/c/sccz80/cm32_sccz80_pow_callee.asm
../../../math/float/math32/c/sccz80/cm32_sccz80_round.asm
../../../math/float/math32/c/sccz80/cm32_sccz80_sin.asm
../../../math/float/math32/c/sccz80/cm32_sccz80_sinh.asm
../../../math/float/math32/c/sccz80/cm32_sccz80_switch_arg.asm
../../../math/float/math32/c/sccz80/cm32_sccz80_tan.asm
../../../math/float/math32/c/sccz80/cm32_sccz80_tanh.asm
../../../math/float/math32/lm32/c/sccz80/acos.asm
../../../math/float/math32/lm32/c/sccz80/acos_fastcall.asm
../../../math/float/math32/lm32/c/sccz80/acosh.asm
../../../math/float/math32/lm32/c/sccz80/acosh_fastcall.asm
../../../math/float/math32/lm32/c/sccz80/asin.asm
../../../math/float/math32/lm32/c/sccz80/asin_fastcall.asm
../../../math/float/math32/lm32/c/sccz80/asinh.asm
../../../math/float/math32/lm32/c/sccz80/asinh_fastcall.asm
../../../math/float/math32/lm32/c/sccz80/atan.asm
../../../math/float/math32/lm32/c/sccz80/atan2.asm
../../../math/float/math32/lm32/c/sccz80/atan2_callee.asm
../../../math/float/math32/lm32/c/sccz80/atan_fastcall.asm
../../../math/float/math32/lm32/c/sccz80/atanh.asm
../../../math/float/math32/lm32/c/sccz80/atanh_fastcall.asm
../../../math/float/math32/lm32/c/sccz80/ceil.asm
../../../math/float/math32/lm32/c/sccz80/ceil_fastcall.asm
../../../math/float/math32/lm32/c/sccz80/cos.asm
../../../math/float/math32/lm32/c/sccz80/cos_fastcall.asm
../../../math/float/math32/lm32/c/sccz80/cosh.asm
../../../math/float/math32/lm32/c/sccz80/cosh_fastcall.asm
../../../math/float/math32/lm32/c/sccz80/div2.asm
../../../math/float/math32/lm32/c/sccz80/div2_fastcall.asm
../../../math/float/math32/lm32/c/sccz80/dload.asm
../../../math/float/math32/lm32/c/sccz80/dloadb.asm
../../../math/float/math32/lm32/c/sccz80/exp.asm
../../../math/float/math32/lm32/c/sccz80/exp10.asm
../../../math/float/math32/lm32/c/sccz80/exp10_fastcall.asm
../../../math/float/math32/lm32/c/sccz80/exp2.asm
../../../math/float/math32/lm32/c/sccz80/exp2_fastcall.asm
../../../math/float/math32/lm32/c/sccz80/exp_fastcall.asm
../../../math/float/math32/lm32/c/sccz80/fabs.asm
../../../math/float/math32/lm32/c/sccz80/fabs_fastcall.asm
../../../math/float/math32/lm32/c/sccz80/floor.asm
../../../math/float/math32/lm32/c/sccz80/floor_fastcall.asm
../../../math/float/math32/lm32/c/sccz80/fmax.asm
../../../math/float/math32/lm32/c/sccz80/fmax_callee.asm
../../../math/float/math32/lm32/c/sccz80/fmin.asm
../../../math/float/math32/lm32/c/sccz80/fmin_callee.asm
../../../math/float/math32/lm32/c/sccz80/fmod.asm
../../../math/float/math32/lm32/c/sccz80/fmod_callee.asm
../../../math/float/math32/lm32/c/sccz80/fpclassify.asm
../../../math/float/math32/lm32/c/sccz80/frexp.asm
../../../math/float/math32/lm32/c/sccz80/frexp_callee.asm
../../../math/float/math32/lm32/c/sccz80/hypot.asm
../../../math/float/math32/lm32/c/sccz80/hypot_callee.asm
../../../math/float/math32/lm32/c/sccz80/inv.asm
../../../math/float/math32/lm32/c/sccz80/inv_fastcall.asm
../../../math/float/math32/lm32/c/sccz80/invsqrt.asm
../../../math/float/math32/lm32/c/sccz80/invsqrt_fastcall.asm
../../../math/float/math32/lm32/c/sccz80/l_f32_add.asm
../../../math/float/math32/lm32/c/sccz80/l_f32_conv.asm
../../../math/float/math32/lm32/c/sccz80/l_f32_conv_float.asm
../../../math/float/math32/lm32/c/sccz80/l_f32_div.asm
../../../math/float/math32/lm32/c/sccz80/l_f32_eq.asm
../../../math/float/math32/lm32/c/sccz80/l_f32_ge.asm
../../../math/float/math32/lm32/c/sccz80/l_f32_gt.asm
../../../math/float/math32/lm32/c/sccz80/l_f32_invf.asm
../../../math/float/math32/lm32/c/sccz80/l_f32_le.asm
../../../math/float/math32/lm32/c/sccz80/l_f32_lt.asm
../../../math/float/math32/lm32/c/sccz80/l_f32_mul.asm
../../../math/float/math32/lm32/c/sccz80/l_f32_ne.asm
../../../math/float/math32/lm32/c/sccz80/l_f32_sub.asm
../../../math/float/math32/lm32/c/sccz80/l_f32_swap.asm
../../../math/float/math32/lm32/c/sccz80/l_f32_zero.asm
../../../math/float/math32/lm32/c/sccz80/ldexp.asm
../../../math/float/math32/lm32/c/sccz80/ldexp_callee.asm
../../../math/float/math32/lm32/c/sccz80/log.asm
../../../math/float/math32/lm32/c/sccz80/log10.asm
../../../math/float/math32/lm32/c/sccz80/log10_fastcall.asm
../../../math/float/math32/lm32/c/sccz80/log2.asm
../../../math/float/math32/lm32/c/sccz80/log2_fastcall.asm
../../../math/float/math32/lm32/c/sccz80/log_fastcall.asm
../../../math/float/math32/lm32/c/sccz80/modf.asm
../../../math/float/math32/lm32/c/sccz80/modf_callee.asm
../../../math/float/math32/lm32/c/sccz80/mul10u.asm
../../../math/float/math32/lm32/c/sccz80/mul10u_fastcall.asm
../../../math/float/math32/lm32/c/sccz80/mul2.asm
../../../math/float/math32/lm32/c/sccz80/mul2_fastcall.asm
../../../math/float/math32/lm32/c/sccz80/neg.asm
../../../math/float/math32/lm32/c/sccz80/neg_fastcall.asm
../../../math/float/math32/lm32/c/sccz80/poly.asm
../../../math/float/math32/lm32/c/sccz80/poly_callee.asm
../../../math/float/math32/lm32/c/sccz80/pow.asm
../../../math/float/math32/lm32/c/sccz80/pow_callee.asm
../../../math/float/math32/lm32/c/sccz80/round.asm
../../../math/float/math32/lm32/c/sccz80/round_fastcall.asm
../../../math/float/math32/lm32/c/sccz80/sin.asm
../../../math/float/math32/lm32/c/sccz80/sin_fastcall.asm
../../../math/float/math32/lm32/c/sccz80/sinh.asm
../../../math/float/math32/lm32/c/sccz80/sinh_fastcall.asm
../../../math/float/math32/lm32/c/sccz80/sqr.asm
../../../math/float/math32/lm32/c/sccz80/sqr_fastcall.asm
../../../math/float/math32/lm32/c/sccz80/sqrt.asm
../../../math/float/math32/lm32/c/sccz80/sqrt_fastcall.asm
../../../math/float/math32/lm32/c/sccz80/tan.asm
../../../math/float/math32/lm32/c/sccz80/tan_fastcall.asm
../../../math/float/math32/lm32/c/sccz80/tanh.asm
../../../math/float/math32/lm32/c/sccz80/tanh_fastcall.asm
../../../math/float/math32/lm32/z80/asm__dtoa_base10.asm
../../../math/float/math32/lm32/z80/asm__dtoa_base16.asm
../../../math/float/math32/lm32/z80/asm__dtoa_digits.asm
../../../math/float/math32/lm32/z80/asm__dtoa_sgnabs.asm
../../../math/float/math32/lm32/z80/asm_addf.asm
../../../math/float/math32/lm32/z80/asm_ceilf.asm
../../../math/float/math32/lm32/z80/asm_derror_edom_infc.asm
../../../math/float/math32/lm32/z80/asm_derror_edom_zc.asm
../../../math/float/math32/lm32/z80/asm_derror_einval_zc.asm
../../../math/float/math32/lm32/z80/asm_derror_erange_infc.asm
../../../math/float/math32/lm32/z80/asm_derror_nanc.asm
../../../math/float/math32/lm32/z80/asm_derror_nannc.asm
../../../math/float/math32/lm32/z80/asm_derror_onc.asm
../../../math/float/math32/lm32/z80/asm_derror_pinfnc.asm
../../../math/float/math32/lm32/z80/asm_derror_zc.asm
../../../math/float/math32/lm32/z80/asm_derror_znc.asm
../../../math/float/math32/lm32/z80/asm_dhexpop.asm
../../../math/float/math32/lm32/z80/asm_div2f.asm
../../../math/float/math32/lm32/z80/asm_divf.asm
../../../math/float/math32/lm32/z80/asm_dmulpow2.asm
../../../math/float/math32/lm32/z80/asm_fabsf.asm
../../../math/float/math32/lm32/z80/asm_floorf.asm
../../../math/float/math32/lm32/z80/asm_hypotf.asm
../../../math/float/math32/lm32/z80/asm_invf.asm
../../../math/float/math32/lm32/z80/asm_invsqrtf.asm
../../../math/float/math32/lm32/z80/asm_mul10uf.asm
../../../math/float/math32/lm32/z80/asm_mul2f.asm
../../../math/float/math32/lm32/z80/asm_mulf.asm
../../../math/float/math32/lm32/z80/asm_nan_b.asm
../../../math/float/math32/lm32/z80/asm_negf.asm
../../../math/float/math32/lm32/z80/asm_sigdigf.asm
../../../math/float/math32/lm32/z80/asm_sqrf.asm
../../../math/float/math32/lm32/z80/asm_sqrtf.asm
../../../math/float/math32/lm32/z80/asm_subf.asm
../../../math/float/math32/lm32/z80/asm_zerof.asm
