@newlibfiles_common_asm.lst

../../../math/float/math32/asm/8080/f32_8080_mulu_32h_24x24.asm
../../../math/float/math32/asm/8080/f32_8080_mulu_32h_32x32.asm
../../../math/float/math32/asm/8080/f32_8080_sqr_32h_24x24.asm

../../../math/float/math32/asm/8080/f32_fscompare.asm
../../../math/float/math32/asm/8080/f32_fsconv.asm
../../../math/float/math32/asm/8080/f32_fsnormalize.asm
../../../math/float/math32/asm/8080/f32_fsnormalize32.asm

../../../math/float/math32/asm/8080/f32_fsadd.asm
../../../math/float/math32/asm/8080/f32_fsadd32.asm
../../../math/float/math32/asm/8080/f32_fsdiv.asm
../../../math/float/math32/asm/8080/f32_fsinv.asm
../../../math/float/math32/asm/8080/f32_fsmul.asm
../../../math/float/math32/asm/8080/f32_fsmul32.asm

../../../math/float/math32/asm/8080/f32_fsdiv2.asm
../../../math/float/math32/asm/8080/f32_fsfrexp.asm
../../../math/float/math32/asm/8080/f32_fsldexp.asm
../../../math/float/math32/asm/8080/f32_fsmul10u.asm
../../../math/float/math32/asm/8080/f32_fsmul2.asm

../../../math/float/math32/asm/8080/f32_fshypot.asm
../../../math/float/math32/asm/8080/f32_fspoly.asm
../../../math/float/math32/asm/8080/f32_fssqr.asm
../../../math/float/math32/asm/8080/f32_fssqrt.asm

../../../math/float/math32/asm/8080/f32_discardfraction.asm
../../../math/float/math32/asm/8080/f32_fsread_callee.asm
../../../math/float/math32/asm/8080/f32_l_swap.asm

../../../math/float/math32/asm/8080/f32_f2long.asm
../../../math/float/math32/asm/8080/f32_l_ldexp.asm

../../../math/float/math32/c/8080/ftoe.asm
../../../math/float/math32/c/8080/ftog.asm

../../../math/float/math32/c/8080/m32_acosf.asm
../../../math/float/math32/c/8080/m32_acoshf.asm
../../../math/float/math32/c/8080/m32_asinf.asm
../../../math/float/math32/c/8080/m32_asinhf.asm
../../../math/float/math32/c/8080/m32_atan2f.asm
../../../math/float/math32/c/8080/m32_atanf.asm
../../../math/float/math32/c/8080/m32_atanhf.asm
../../../math/float/math32/c/8080/m32_cosf.asm
../../../math/float/math32/c/8080/m32_coshf.asm
../../../math/float/math32/c/8080/m32_exp10f.asm
../../../math/float/math32/c/8080/m32_exp2f.asm
../../../math/float/math32/c/8080/m32_expf.asm
../../../math/float/math32/c/8080/m32_fmaxf.asm
../../../math/float/math32/c/8080/m32_fminf.asm
../../../math/float/math32/c/8080/m32_fmodf.asm
../../../math/float/math32/c/8080/m32_log10f.asm
../../../math/float/math32/c/8080/m32_log2f.asm
../../../math/float/math32/c/8080/m32_logf.asm
../../../math/float/math32/c/8080/m32_modff.asm
../../../math/float/math32/c/8080/m32_powf.asm
../../../math/float/math32/c/8080/m32_roundf.asm
../../../math/float/math32/c/8080/m32_sinf.asm
../../../math/float/math32/c/8080/m32_sinhf.asm
../../../math/float/math32/c/8080/m32_tanf.asm
../../../math/float/math32/c/8080/m32_tanhf.asm

@newlibfiles_sccz80.lst

@newlibfiles_lm32_sccz80.lst

../../../math/float/math32/lm32/c/sccz80/neg.asm
../../../math/float/math32/lm32/c/sccz80/neg_fastcall.asm

@newlibfiles_lm32_z80.lst
