newlib/drivers/character/character_00/input/character_00_input
newlib/drivers/character/character_00/input/character_00_input/character_00_input_stdio_msg_eatc
newlib/drivers/character/character_00/input/character_00_input/character_00_input_stdio_msg_getc
newlib/drivers/character/character_00/input/character_00_input/character_00_input_stdio_msg_ictl
newlib/drivers/character/character_00/input/character_00_input/character_00_input_stdio_msg_read
newlib/drivers/character/character_00/input/character_00_input/character_00_input_stdio_msg_seek
newlib/drivers/character/character_00/input/character_00_input_bin
newlib/drivers/character/character_00/input/character_00_input_bin/character_00_input_bin_stdio_msg_getc
newlib/drivers/character/character_00/input/character_00_input_bin/character_00_input_bin_stdio_msg_ictl
newlib/drivers/character/character_00/input/character_00_input_bin/character_00_input_bin_stdio_msg_read
newlib/drivers/character/character_00/output/character_00_output
newlib/drivers/character/character_00/output/character_00_output/character_00_output_ochar_putc_bin
newlib/drivers/character/character_00/output/character_00_output/character_00_output_stdio_msg_ictl
newlib/drivers/character/character_00/output/character_00_output/character_00_output_stdio_msg_putc
newlib/drivers/character/character_00/output/character_00_output/character_00_output_stdio_msg_writ
