;math/float/math16/lm16/c/sdcc/acos
;math/float/math16/lm16/c/sdcc/acos_fastcall
;math/float/math16/lm16/c/sdcc/acosh
;math/float/math16/lm16/c/sdcc/acosh_fastcall
;math/float/math16/lm16/c/sdcc/asin
;math/float/math16/lm16/c/sdcc/asin_fastcall
;math/float/math16/lm16/c/sdcc/asinh
;math/float/math16/lm16/c/sdcc/asinh_fastcall
;math/float/math16/lm16/c/sdcc/atan
;math/float/math16/lm16/c/sdcc/atan_fastcall
;math/float/math16/lm16/c/sdcc/atan2
;math/float/math16/lm16/c/sdcc/atan2_callee
;math/float/math16/lm16/c/sdcc/atanh
;math/float/math16/lm16/c/sdcc/atanh_fastcall
;math/float/math16/lm16/c/sdcc/ceil
;math/float/math16/lm16/c/sdcc/ceil_fastcall
;math/float/math16/lm16/c/sdcc/cos
;math/float/math16/lm16/c/sdcc/cos_fastcall
;math/float/math16/lm16/c/sdcc/cosh
;math/float/math16/lm16/c/sdcc/cosh_fastcall
;math/float/math16/lm16/c/sdcc/dload
;math/float/math16/lm16/c/sdcc/exp
;math/float/math16/lm16/c/sdcc/exp_fastcall
;math/float/math16/lm16/c/sdcc/exp2
;math/float/math16/lm16/c/sdcc/exp2_fastcall
;math/float/math16/lm16/c/sdcc/exp10
;math/float/math16/lm16/c/sdcc/exp10_fastcall
;math/float/math16/lm16/c/sdcc/fabs
;math/float/math16/lm16/c/sdcc/fabs_fastcall
;math/float/math16/lm16/c/sdcc/floor
;math/float/math16/lm16/c/sdcc/floor_fastcall
;math/float/math16/lm16/c/sdcc/fmax
;math/float/math16/lm16/c/sdcc/fmax_callee
;math/float/math16/lm16/c/sdcc/fmin
;math/float/math16/lm16/c/sdcc/fmin_callee
;math/float/math16/lm16/c/sdcc/fmod
;math/float/math16/lm16/c/sdcc/fpclassify
;math/float/math16/lm16/c/sdcc/frexp
;math/float/math16/lm16/c/sdcc/frexp_callee
;math/float/math16/lm16/c/sdcc/___fh2schar
;math/float/math16/lm16/c/sdcc/___fh2schar_callee
;math/float/math16/lm16/c/sdcc/___fh2sint
;math/float/math16/lm16/c/sdcc/___fh2sint_callee
;math/float/math16/lm16/c/sdcc/___fh2slong
;math/float/math16/lm16/c/sdcc/___fh2slong_callee
;math/float/math16/lm16/c/sdcc/___fh2uchar
;math/float/math16/lm16/c/sdcc/___fh2uchar_callee
;math/float/math16/lm16/c/sdcc/___fh2uint
;math/float/math16/lm16/c/sdcc/___fh2uint_callee
;math/float/math16/lm16/c/sdcc/___fh2ulong
;math/float/math16/lm16/c/sdcc/___fh2ulong_callee
;math/float/math16/lm16/c/sdcc/___fhadd
;math/float/math16/lm16/c/sdcc/___fhadd_callee
;math/float/math16/lm16/c/sdcc/___fhdiv
;math/float/math16/lm16/c/sdcc/___fhdiv_callee
;math/float/math16/lm16/c/sdcc/___fheq_callee
;math/float/math16/lm16/c/sdcc/___fhgt_callee
;math/float/math16/lm16/c/sdcc/___fhlt_callee
;math/float/math16/lm16/c/sdcc/___fhmul
;math/float/math16/lm16/c/sdcc/___fhmul_callee
;math/float/math16/lm16/c/sdcc/___fhneq_callee
;math/float/math16/lm16/c/sdcc/___fhsub
;math/float/math16/lm16/c/sdcc/___fhsub_callee
;math/float/math16/lm16/c/sdcc/div2
;math/float/math16/lm16/c/sdcc/div2_fastcall
;math/float/math16/lm16/c/sdcc/inv
;math/float/math16/lm16/c/sdcc/inv_fastcall
;math/float/math16/lm16/c/sdcc/invsqrt
;math/float/math16/lm16/c/sdcc/invsqrt_fastcall
;math/float/math16/lm16/c/sdcc/hypot
;math/float/math16/lm16/c/sdcc/hypot_callee
;math/float/math16/lm16/c/sdcc/ldexp
;math/float/math16/lm16/c/sdcc/ldexp_callee
;math/float/math16/lm16/c/sdcc/log
;math/float/math16/lm16/c/sdcc/log_fastcall
;math/float/math16/lm16/c/sdcc/log2
;math/float/math16/lm16/c/sdcc/log2_fastcall
;math/float/math16/lm16/c/sdcc/log10
;math/float/math16/lm16/c/sdcc/log10_fastcall
;math/float/math16/lm16/c/sdcc/mul2
;math/float/math16/lm16/c/sdcc/mul2_fastcall
;math/float/math16/lm16/c/sdcc/mul10u
;math/float/math16/lm16/c/sdcc/mul10u_fastcall
;math/float/math16/lm16/c/sdcc/mlib2d
;math/float/math16/lm16/c/sdcc/modf
;math/float/math16/lm16/c/sdcc/poly
;math/float/math16/lm16/c/sdcc/poly_callee
;math/float/math16/lm16/c/sdcc/pow
;math/float/math16/lm16/c/sdcc/pow_callee
;math/float/math16/lm16/c/sdcc/round
;math/float/math16/lm16/c/sdcc/round_fastcall
;math/float/math16/lm16/c/sdcc/___schar2fh
;math/float/math16/lm16/c/sdcc/___schar2fh_callee
;math/float/math16/lm16/c/sdcc/sin
;math/float/math16/lm16/c/sdcc/sin_fastcall
;math/float/math16/lm16/c/sdcc/sinh
;math/float/math16/lm16/c/sdcc/sinh_fastcall
;math/float/math16/lm16/c/sdcc/___sint2fh
;math/float/math16/lm16/c/sdcc/___sint2fh_callee
;math/float/math16/lm16/c/sdcc/___slong2fh
;math/float/math16/lm16/c/sdcc/___slong2fh_callee
;math/float/math16/lm16/c/sdcc/sqr
;math/float/math16/lm16/c/sdcc/sqr_fastcall
;math/float/math16/lm16/c/sdcc/sqrt
;math/float/math16/lm16/c/sdcc/sqrt_fastcall
;math/float/math16/lm16/c/sdcc/tan
;math/float/math16/lm16/c/sdcc/tan_fastcall
;math/float/math16/lm16/c/sdcc/tanh
;math/float/math16/lm16/c/sdcc/tanh_fastcall
;math/float/math16/lm16/c/sdcc/___uchar2fh
;math/float/math16/lm16/c/sdcc/___uchar2fh_callee
;math/float/math16/lm16/c/sdcc/___uint2fh
;math/float/math16/lm16/c/sdcc/___uint2fh_callee
;math/float/math16/lm16/c/sdcc/___ulong2fh
;math/float/math16/lm16/c/sdcc/___ulong2fh_callee
