fd/fileno
stream-general/stdio_atou
stream-general/stdio_error
stream-general/stdio_isbdigit
stream-general/stdio_isdigit
stream-general/stdio_isodigit
stream-general/stdio_isspace
stream-general/stdio_isxdigit
stream-general/stdio_nextarg
stream-general/stdio_success
stream-general/stdio_ultoa_any
stream-general/stdio_utoa_any
stream-general/stdio_varg
stream-in/stdio_atou_any_stream
stream-in/stdio_atoul_any_stream
stream-in/stdio_consumesign
stream-in/stdio_consumews
stream-in/stdio_getchar
stream-in/stdio_in_b
stream-in/stdio_in_bkt
stream-in/stdio_in_c
stream-in/stdio_in_d
stream-in/stdio_in_i
stream-in/stdio_in_lb
stream-in/stdio_in_ld
stream-in/stdio_in_li
stream-in/stdio_in_lo
stream-in/stdio_in_lx
stream-in/stdio_in_n
stream-in/stdio_in_o
stream-in/stdio_in_s
stream-in/stdio_in_x
stream-in/stdio_incommon1
stream-in/stdio_incommon2
stream-in/stdio_incommon3
stream-in/stdio_inexit
stream-in/stdio_ungetchar
stream-in/stdio_zeroonstream
stream-in/stdio_longzeroonstream
stream-out/stdio_basechar
stream-out/stdio_buff2caps
stream-out/stdio_longnumprec
stream-out/stdio_numprec
stream-out/stdio_out_b
stream-out/stdio_out_c
stream-out/stdio_out_caplp
stream-out/stdio_out_caplx
stream-out/stdio_out_capp
stream-out/stdio_out_capx
stream-out/stdio_out_d
stream-out/stdio_out_lb
stream-out/stdio_out_ld
stream-out/stdio_out_lo
stream-out/stdio_out_lp
stream-out/stdio_out_lu
stream-out/stdio_out_lx
stream-out/stdio_out_n
stream-out/stdio_out_o
stream-out/stdio_out_p
stream-out/stdio_out_s
stream-out/stdio_out_u
stream-out/stdio_out_x
stream-out/stdio_outbuff
stream-out/stdio_outchar
stream-out/stdio_outcommon
stream-out/stdio_outpad
stream-out/stdio_outsign
asprintf
fgetc
fgets
fgets_callee
fprintf
fputc
fputc_callee
fputs
fputs_callee
fscanf
getchar
gets
jumptbl_printf
jumptbl_scanf
printf
putchar
puts
scanf
snprintf
sprintf
sscanf
ungetc
ungetc_callee
vasprintf
vasprintf_callee
vfprintf
vfprintf_callee
vfscanf
vfscanf_callee
vprintf
vprintf_callee
vscanf
vscanf_callee
vsnprintf
vsnprintf_callee
vsprintf
vsprintf_callee
vsscanf
vsscanf_callee
