stdio_new/fd/close
stdio_new/fd/closeall
stdio_new/fd/dup2
stdio_new/fd/dup2_callee
stdio_new/fd/dup
stdio_new/fd/fsync
stdio_new/fd/ioctl
stdio_new/fd/ioctl_callee
stdio_new/fd/lseek
stdio_new/fd/lseek_callee
stdio_new/fd/open
stdio_new/fd/open_callee
stdio_new/fd/poll
stdio_new/fd/poll_callee
stdio_new/fd/pollfd
stdio_new/fd/pollfd_callee
stdio_new/fd/read
stdio_new/fd/read_callee
stdio_new/fd/readbyte
stdio_new/fd/setdefdev
stdio_new/fd/write
stdio_new/fd/write_callee
stdio_new/fd/writebyte
stdio_new/fd/writebyte_callee
stdio_new/fd/fd-general/dup_common1
stdio_new/fd/fd-general/dup_common2
stdio_new/fd/fd-general/fd_common1
stdio_new/fd/fd-general/fd_fdtblindex
stdio_new/fd/fd-general/fd_findslot
stdio_new/stream-general/stdio_addfiletolist
stdio_new/stream-general/stdio_atou
stdio_new/stream-general/stdio_errno_mc
stdio_new/stream-general/stdio_errno_zc
stdio_new/stream-general/stdio_error_eacces_mc
stdio_new/stream-general/stdio_error_eacces_zc
stdio_new/stream-general/stdio_error_ebadf_mc
stdio_new/stream-general/stdio_error_ebadf_zc
stdio_new/stream-general/stdio_error_edevnf_mc
stdio_new/stream-general/stdio_error_edevnf_zc
stdio_new/stream-general/stdio_error_einval_mc
stdio_new/stream-general/stdio_error_einval_zc
stdio_new/stream-general/stdio_error_enfile_mc
stdio_new/stream-general/stdio_error_enfile_zc
stdio_new/stream-general/stdio_error_enomem_mc
stdio_new/stream-general/stdio_error_enomem_zc
stdio_new/stream-general/stdio_error_mc
stdio_new/stream-general/stdio_error_zc
stdio_new/stream-general/stdio_free
stdio_new/stream-general/stdio_malloc
stdio_new/stream-general/stdio_nextarg
stdio_new/stream-general/stdio_parseperm
stdio_new/stream-general/stdio_rmfilefromlist
stdio_new/stream-general/stdio_success_znc
stdio_new/stream-general/stdio_ultoa_any
stdio_new/stream-general/stdio_utoa_any
stdio_new/stream-general/stdio_varg
stdio_new/stream-in/stdio_atou_any_stream
stdio_new/stream-in/stdio_atoul_any_stream
stdio_new/stream-in/stdio_consumesign
stdio_new/stream-in/stdio_consumews
stdio_new/stream-in/stdio_getchar
stdio_new/stream-in/stdio_in_b
stdio_new/stream-in/stdio_in_bkt
stdio_new/stream-in/stdio_in_c
stdio_new/stream-in/stdio_in_d
stdio_new/stream-in/stdio_in_i
stdio_new/stream-in/stdio_in_lb
stdio_new/stream-in/stdio_in_ld
stdio_new/stream-in/stdio_in_li
stdio_new/stream-in/stdio_in_lo
stdio_new/stream-in/stdio_in_lx
stdio_new/stream-in/stdio_in_n
stdio_new/stream-in/stdio_in_o
stdio_new/stream-in/stdio_in_s
stdio_new/stream-in/stdio_in_x
stdio_new/stream-in/stdio_incommon1
stdio_new/stream-in/stdio_incommon2
stdio_new/stream-in/stdio_incommon3
stdio_new/stream-in/stdio_inexit
stdio_new/stream-in/stdio_longzeroonstream
stdio_new/stream-in/stdio_ungetchar
stdio_new/stream-in/stdio_zeroonstream
stdio_new/stream-out/stdio_basechar
stdio_new/stream-out/stdio_buff2caps
stdio_new/stream-out/stdio_longnumprec
stdio_new/stream-out/stdio_numprec
stdio_new/stream-out/stdio_out_b
stdio_new/stream-out/stdio_out_c
stdio_new/stream-out/stdio_out_caplp
stdio_new/stream-out/stdio_out_caplx
stdio_new/stream-out/stdio_out_capp
stdio_new/stream-out/stdio_out_capx
stdio_new/stream-out/stdio_out_d
stdio_new/stream-out/stdio_out_lb
stdio_new/stream-out/stdio_out_ld
stdio_new/stream-out/stdio_out_lo
stdio_new/stream-out/stdio_out_lp
stdio_new/stream-out/stdio_out_lu
stdio_new/stream-out/stdio_out_lx
stdio_new/stream-out/stdio_out_n
stdio_new/stream-out/stdio_out_o
stdio_new/stream-out/stdio_out_p
stdio_new/stream-out/stdio_out_s
stdio_new/stream-out/stdio_out_u
stdio_new/stream-out/stdio_out_x
stdio_new/stream-out/stdio_outbuff
stdio_new/stream-out/stdio_outchar
stdio_new/stream-out/stdio_outcommon
stdio_new/stream-out/stdio_outpad
stdio_new/stream-out/stdio_outsign
stdio_new/asprintf
stdio_new/fclose
stdio_new/fdopen
stdio_new/fdopen_callee
stdio_new/feof
stdio_new/ferror
stdio_new/fflush
stdio_new/fgetc
stdio_new/fgetpos
stdio_new/fgetpos_callee
stdio_new/fgets
stdio_new/fgets_callee
stdio_new/fileno
stdio_new/fopen
stdio_new/fopen_callee
stdio_new/fprintf
stdio_new/fputc
stdio_new/fputc_callee
stdio_new/fputs
stdio_new/fputs_callee
stdio_new/fread
stdio_new/fread_callee
stdio_new/freopen
stdio_new/freopen_callee
stdio_new/fscanf
stdio_new/fseek
stdio_new/fseek_callee
stdio_new/fsetpos
stdio_new/fsetpos_callee
stdio_new/ftell
stdio_new/fwrite
stdio_new/fwrite_callee
stdio_new/getchar
stdio_new/getdelim
stdio_new/getdelim_callee
stdio_new/getline
stdio_new/getline_callee
stdio_new/gets
stdio_new/printf
stdio_new/putchar
stdio_new/puts
stdio_new/rewind
stdio_new/scanf
stdio_new/snprintf
stdio_new/sprintf
stdio_new/sscanf
stdio_new/ungetc
stdio_new/ungetc_callee
stdio_new/vasprintf
stdio_new/vasprintf_callee
stdio_new/vfprintf
stdio_new/vfprintf_callee
stdio_new/vfscanf
stdio_new/vfscanf_callee
stdio_new/vprintf
stdio_new/vprintf_callee
stdio_new/vscanf
stdio_new/vscanf_callee
stdio_new/vsnprintf
stdio_new/vsnprintf_callee
stdio_new/vsprintf
stdio_new/vsprintf_callee
stdio_new/vsscanf
stdio_new/vsscanf_callee
