target/hdos/obj/${TARGET}/x/target/hdos/stdio/fgetc_cons.o
target/hdos/obj/${TARGET}/x/target/hdos/stdio/getk.o
target/hdos/obj/${TARGET}/x/target/hdos/stdio/fputc_cons.o
target/hdos/obj/${TARGET}/x/target/hdos/stdio/generic_console.o
target/hdos/obj/${TARGET}/x/target/hdos/stdio/joystick.o
target/hdos/obj/${TARGET}/x/target/hdos/hdos/hdos_ver.o
target/hdos/obj/${TARGET}/x/target/hdos/hdos/hdos_decode.o
target/hdos/obj/${TARGET}/x/target/hdos/hdos/hdos_decode_callee.o
target/hdos/obj/${TARGET}/x/target/hdos/hdos/hdos_default.o
target/hdos/obj/${TARGET}/x/target/hdos/hdos/hdos_delete.o
target/hdos/obj/${TARGET}/x/target/hdos/hdos/hdos_close.o
target/hdos/obj/${TARGET}/x/target/hdos/hdos/hdos_open_rd.o
target/hdos/obj/${TARGET}/x/target/hdos/hdos/hdos_open_rd_callee.o
target/hdos/obj/${TARGET}/x/target/hdos/hdos/hdos_open_wr.o
target/hdos/obj/${TARGET}/x/target/hdos/hdos/hdos_open_wr_callee.o
target/hdos/obj/${TARGET}/x/target/hdos/hdos/hdos_open_upd.o
target/hdos/obj/${TARGET}/x/target/hdos/hdos/hdos_open_upd_callee.o
target/hdos/obj/${TARGET}/x/target/hdos/hdos/hdos_posit.o
target/hdos/obj/${TARGET}/x/target/hdos/hdos/hdos_posit_callee.o
target/hdos/obj/${TARGET}/x/target/hdos/hdos/hdos_overlay.o
target/hdos/obj/${TARGET}/x/target/hdos/hdos/hdos_read.o
target/hdos/obj/${TARGET}/x/target/hdos/hdos/hdos_read_callee.o
target/hdos/obj/${TARGET}/x/target/hdos/hdos/hdos_write.o
target/hdos/obj/${TARGET}/x/target/hdos/hdos/hdos_write_callee.o
target/hdos/obj/${TARGET}/x/target/hdos/hdos/hdos_rename.o
target/hdos/obj/${TARGET}/x/target/hdos/hdos/hdos_rename_callee.o
target/hdos/obj/${TARGET}/x/target/hdos/hdos/hdos_chflg.o
target/hdos/obj/${TARGET}/x/target/hdos/hdos/hdos_chflg_callee.o
target/hdos/obj/${TARGET}/fcntl/creat.o
target/hdos/obj/${TARGET}/fcntl/cache.o
target/hdos/obj/${TARGET}/fcntl/open.o
target/hdos/obj/${TARGET}/fcntl/close.o
target/hdos/obj/${TARGET}/fcntl/read.o
target/hdos/obj/${TARGET}/fcntl/readbyte.o
target/hdos/obj/${TARGET}/fcntl/write.o
target/hdos/obj/${TARGET}/fcntl/writebyte.o
target/hdos/obj/${TARGET}/fcntl/remove.o
target/hdos/obj/${TARGET}/fcntl/rename.o
target/hdos/obj/${TARGET}/fcntl/fsync.o
target/hdos/obj/${TARGET}/fcntl/fdtell.o
target/hdos/obj/${TARGET}/fcntl/lseek.o
target/hdos/obj/${TARGET}/fcntl/getfcb.o
target/hdos/obj/${TARGET}/fcntl/setfcb.o
target/hdos/obj/${TARGET}/fcntl/parsefcb.o
target/hdos/obj/${TARGET}/fcntl/dir_move_first.o
target/hdos/obj/${TARGET}/fcntl/default_device.o
target/hdos/obj/${TARGET}/fcntl/dir_move_next.o
target/hdos/obj/${TARGET}/fcntl/dir_get_entry_size.o
target/hdos/obj/${TARGET}/fcntl/dir_get_entry_name.o
target/hdos/obj/${TARGET}/fcntl/is_empty_dirent.o
target/hdos/obj/${TARGET}/x/target/hdos/time/clock.o
target/hdos/obj/${TARGET}/time/time.o
@classic/stdio/stdio_binary.lst
