${NEWLIB_ROOT}l/sccz80/7-8085/l_asr
${NEWLIB_ROOT}l/sccz80/7-8085/l_asr_u
${NEWLIB_ROOT}l/sccz80/7-8085/l_div
${NEWLIB_ROOT}l/sccz80/7-8085/l_div_u
${NEWLIB_ROOT}l/sccz80/7-8085/l_mult
${NEWLIB_ROOT}l/sccz80/7-8085/l_mult_ulong
${NEWLIB_ROOT}l/sccz80/7-8085/l_pint_eq
${NEWLIB_ROOT}l/sccz80/7-8085/l_pint_pop
${NEWLIB_ROOT}l/sccz80/7-8085/l_rlde
${NEWLIB_ROOT}l/sccz80/7-8085/i32/l_long_add
${NEWLIB_ROOT}l/sccz80/7-8085/i32/l_long_and
${NEWLIB_ROOT}l/sccz80/7-8085/i32/l_long_asl
${NEWLIB_ROOT}l/sccz80/7-8085/i32/l_long_cmp
${NEWLIB_ROOT}l/sccz80/7-8085/i32/l_long_div
${NEWLIB_ROOT}l/sccz80/7-8085/i32/l_long_div_0
${NEWLIB_ROOT}l/sccz80/7-8085/i32/l_long_div_m
${NEWLIB_ROOT}l/sccz80/7-8085/i32/l_long_div_u
${NEWLIB_ROOT}l/sccz80/7-8085/i32/l_long_mod
${NEWLIB_ROOT}l/sccz80/7-8085/i32/l_long_mod_u
${NEWLIB_ROOT}l/sccz80/7-8085/i32/l_long_mult
${NEWLIB_ROOT}l/sccz80/7-8085/i32/l_long_or
${NEWLIB_ROOT}l/sccz80/7-8085/i32/l_long_sub
${NEWLIB_ROOT}l/sccz80/7-8085/i32/l_long_ucmp
${NEWLIB_ROOT}l/sccz80/7-8085/i32/l_long_xor
@${NEWLIB_ROOT}l/sccz80/8080.lst
