${NEWLIB_ROOT}l/sccz80/9-common/l_lneg
${NEWLIB_ROOT}l/sccz80/9-common/l_compare_result
${NEWLIB_ROOT}l/sccz80/9-common/l_or
${NEWLIB_ROOT}l/sccz80/9-common/l_gint_eq
${NEWLIB_ROOT}l/sccz80/9-common/l_neg
${NEWLIB_ROOT}l/sccz80/9-common/l_com
${NEWLIB_ROOT}l/sccz80/9-common/l_cmp
${NEWLIB_ROOT}l/sccz80/9-common/l_ne
${NEWLIB_ROOT}l/sccz80/9-common/l_pint_pop
${NEWLIB_ROOT}l/sccz80/9-common/l_gintsp
${NEWLIB_ROOT}l/sccz80/9-common/l_pint
${NEWLIB_ROOT}l/sccz80/9-common/l_eq
${NEWLIB_ROOT}l/sccz80/9-common/l_deneg
${NEWLIB_ROOT}l/sccz80/9-common/l_glongsp
${NEWLIB_ROOT}l/sccz80/9-common/l_gcharsp
${NEWLIB_ROOT}l/sccz80/9-common/l_ge
${NEWLIB_ROOT}l/sccz80/9-common/l_sxt
${NEWLIB_ROOT}l/sccz80/9-common/l_push_di
${NEWLIB_ROOT}l/sccz80/9-common/l_plong
${NEWLIB_ROOT}l/sccz80/9-common/l_gintspchar
${NEWLIB_ROOT}l/sccz80/9-common/l_pint_eq
${NEWLIB_ROOT}l/sccz80/9-common/l_ult
${NEWLIB_ROOT}l/sccz80/9-common/l_bcneg
${NEWLIB_ROOT}l/sccz80/9-common/l_gt
${NEWLIB_ROOT}l/sccz80/9-common/l_sub
${NEWLIB_ROOT}l/sccz80/9-common/l_ei_ret
${NEWLIB_ROOT}l/sccz80/9-common/l_ret
${NEWLIB_ROOT}l/sccz80/9-common/l_pop_ei
${NEWLIB_ROOT}l/sccz80/9-common/l_ucmp
${NEWLIB_ROOT}l/sccz80/9-common/l_jphl
${NEWLIB_ROOT}l/sccz80/9-common/l_jpix
${NEWLIB_ROOT}l/sccz80/9-common/l_jpiy
${NEWLIB_ROOT}l/sccz80/9-common/l_setix
${NEWLIB_ROOT}l/sccz80/9-common/l_setiy
${NEWLIB_ROOT}l/sccz80/9-common/l_ule
${NEWLIB_ROOT}l/sccz80/9-common/l_putptr
${NEWLIB_ROOT}l/sccz80/9-common/l_gchar
${NEWLIB_ROOT}l/sccz80/9-common/l_gchar4
${NEWLIB_ROOT}l/sccz80/9-common/l_gchar5
${NEWLIB_ROOT}l/sccz80/9-common/l_gchar6
${NEWLIB_ROOT}l/sccz80/9-common/l_gchar7
${NEWLIB_ROOT}l/sccz80/9-common/l_gchar8
${NEWLIB_ROOT}l/sccz80/9-common/l_and
${NEWLIB_ROOT}l/sccz80/9-common/l_uge
${NEWLIB_ROOT}l/sccz80/9-common/l_gint7de
${NEWLIB_ROOT}l/sccz80/9-common/l_lt
${NEWLIB_ROOT}l/sccz80/9-common/l_ugt
${NEWLIB_ROOT}l/sccz80/9-common/l_xor
${NEWLIB_ROOT}l/sccz80/9-common/l_gint
${NEWLIB_ROOT}l/sccz80/9-common/l_gint1sp
${NEWLIB_ROOT}l/sccz80/9-common/l_gint2sp
${NEWLIB_ROOT}l/sccz80/9-common/l_gint3sp
${NEWLIB_ROOT}l/sccz80/9-common/l_gint4
${NEWLIB_ROOT}l/sccz80/9-common/l_gint4sp
${NEWLIB_ROOT}l/sccz80/9-common/l_gint5
${NEWLIB_ROOT}l/sccz80/9-common/l_gint5sp
${NEWLIB_ROOT}l/sccz80/9-common/l_gint6
${NEWLIB_ROOT}l/sccz80/9-common/l_gint6sp
${NEWLIB_ROOT}l/sccz80/9-common/l_gint7
${NEWLIB_ROOT}l/sccz80/9-common/l_gint7sp
${NEWLIB_ROOT}l/sccz80/9-common/l_gint8
${NEWLIB_ROOT}l/sccz80/9-common/l_gint8sp
${NEWLIB_ROOT}l/sccz80/9-common/l_bool
${NEWLIB_ROOT}l/sccz80/9-common/l_le
${NEWLIB_ROOT}l/sccz80/9-common/l_case
${NEWLIB_ROOT}l/sccz80/9-common/i32/l_dec_dehl
${NEWLIB_ROOT}l/sccz80/9-common/i32/l_decs_dehl
${NEWLIB_ROOT}l/sccz80/9-common/i32/l_decu_dehl
${NEWLIB_ROOT}l/sccz80/9-common/i32/l_inc_dehl
${NEWLIB_ROOT}l/sccz80/9-common/i32/l_neg_dehl
${NEWLIB_ROOT}l/sccz80/9-common/i32/l_long_lt
${NEWLIB_ROOT}l/sccz80/9-common/i32/l_long_ule
${NEWLIB_ROOT}l/sccz80/9-common/i32/l_long_le
${NEWLIB_ROOT}l/sccz80/9-common/i32/l_long_ult
${NEWLIB_ROOT}l/sccz80/9-common/i32/l_long_ugt
${NEWLIB_ROOT}l/sccz80/9-common/i32/l_long_ge
${NEWLIB_ROOT}l/sccz80/9-common/i32/l_long_lneg
${NEWLIB_ROOT}l/sccz80/9-common/i32/l_long_uge
${NEWLIB_ROOT}l/sccz80/9-common/i32/l_long_gt
${NEWLIB_ROOT}l/sccz80/9-common/i32/l_long_bool
${NEWLIB_ROOT}l/sccz80/9-common/i32/l_long_case
${NEWLIB_ROOT}l/sccz80/9-common/i32/l_long_com
${NEWLIB_ROOT}l/sccz80/9-common/i32/l_declong
${NEWLIB_ROOT}l/sccz80/9-common/i32/htonl
${NEWLIB_ROOT}l/sccz80/9-common/i32/l_inclong
${NEWLIB_ROOT}l/sccz80/9-common/i32/l_long_neg
${NEWLIB_ROOT}l/sccz80/9-common/i32/l_long_add_mhl
${NEWLIB_ROOT}l/sccz80/9-common/i32/l_long_and_mhl
${NEWLIB_ROOT}l/sccz80/9-common/i32/l_long_cp_mhl
${NEWLIB_ROOT}l/sccz80/9-common/i32/l_long_cpl_mde
${NEWLIB_ROOT}l/sccz80/9-common/i32/l_long_cpl_mhl
${NEWLIB_ROOT}l/sccz80/9-common/i32/l_long_dec_mhl
${NEWLIB_ROOT}l/sccz80/9-common/i32/l_long_inc_mhl
${NEWLIB_ROOT}l/sccz80/9-common/i32/l_long_neg_mhl
${NEWLIB_ROOT}l/sccz80/9-common/i32/l_long_or_mhl
${NEWLIB_ROOT}l/sccz80/9-common/i32/l_long_rl_mde
${NEWLIB_ROOT}l/sccz80/9-common/i32/l_long_rl_mhl
${NEWLIB_ROOT}l/sccz80/9-common/i32/l_long_sub_mhl
${NEWLIB_ROOT}l/sccz80/9-common/i32/l_long_xor_mhl
${NEWLIB_ROOT}l/sccz80/9-common/f48/__convert_sdccf2reg
${NEWLIB_ROOT}l/sccz80/9-common/f48/extra
${NEWLIB_ROOT}l/sccz80/9-common/f48/fa
${NEWLIB_ROOT}l/sccz80/9-common/f48/__atof2
${NEWLIB_ROOT}l/sccz80/9-common/f48/fasign
${NEWLIB_ROOT}l/sccz80/9-common/f48/fp_seed
${NEWLIB_ROOT}l/sccz80/9-common/f48/int2long_u_float
${NEWLIB_ROOT}l/sccz80/9-common/f48/int2long_s_float
