${NEWLIB_ROOT}l/sccz80/9-common/l_lneg
${NEWLIB_ROOT}l/sccz80/9-common/l_or
${NEWLIB_ROOT}l/sccz80/9-common/l_gint_eq
${NEWLIB_ROOT}l/sccz80/9-common/l_neg
${NEWLIB_ROOT}l/sccz80/9-common/l_com
${NEWLIB_ROOT}l/sccz80/9-common/getarg
${NEWLIB_ROOT}l/sccz80/9-common/l_compare_result
${NEWLIB_ROOT}l/sccz80/9-common/l_ghtonsint
${NEWLIB_ROOT}l/sccz80/9-common/l_debug_push_frame
${NEWLIB_ROOT}l/sccz80/9-common/l_cmp
${NEWLIB_ROOT}l/sccz80/9-common/l_ne
${NEWLIB_ROOT}l/sccz80/9-common/l_pint_pop
${NEWLIB_ROOT}l/sccz80/9-common/l_debug_pop_frame
${NEWLIB_ROOT}l/sccz80/9-common/l_gintsp
${NEWLIB_ROOT}l/sccz80/9-common/l_pint
${NEWLIB_ROOT}l/sccz80/9-common/htons
${NEWLIB_ROOT}l/sccz80/9-common/l_eq
${NEWLIB_ROOT}l/sccz80/9-common/l_deneg
${NEWLIB_ROOT}l/sccz80/9-common/l_glongsp
${NEWLIB_ROOT}l/sccz80/9-common/l_gcharsp
${NEWLIB_ROOT}l/sccz80/9-common/l_ge
${NEWLIB_ROOT}l/sccz80/9-common/l_sxt
${NEWLIB_ROOT}l/sccz80/9-common/l_push_di
${NEWLIB_ROOT}l/sccz80/9-common/l_plong
${NEWLIB_ROOT}l/sccz80/9-common/l_gintspchar
${NEWLIB_ROOT}l/sccz80/9-common/l_pint_eq
${NEWLIB_ROOT}l/sccz80/9-common/l_ult
${NEWLIB_ROOT}l/sccz80/9-common/l_bcneg
${NEWLIB_ROOT}l/sccz80/9-common/l_gt
${NEWLIB_ROOT}l/sccz80/9-common/l_sub
${NEWLIB_ROOT}l/sccz80/9-common/l_ei_ret
${NEWLIB_ROOT}l/sccz80/9-common/l_ret
${NEWLIB_ROOT}l/sccz80/9-common/l_pop_ei
${NEWLIB_ROOT}l/sccz80/9-common/l_ucmp
${NEWLIB_ROOT}l/sccz80/9-common/l_inc_hl
${NEWLIB_ROOT}l/sccz80/9-common/l_inc_sp
${NEWLIB_ROOT}l/sccz80/9-common/l_dec_bc
${NEWLIB_ROOT}l/sccz80/9-common/l_dec_de
${NEWLIB_ROOT}l/sccz80/9-common/l_ex_bc_de
${NEWLIB_ROOT}l/sccz80/9-common/l_ex_bc_hl
${NEWLIB_ROOT}l/sccz80/9-common/l_jphl
${NEWLIB_ROOT}l/sccz80/9-common/l_jpix
${NEWLIB_ROOT}l/sccz80/9-common/l_jpiy
${NEWLIB_ROOT}l/sccz80/9-common/l_setix
${NEWLIB_ROOT}l/sccz80/9-common/l_setiy
${NEWLIB_ROOT}l/sccz80/9-common/l_jrbc
${NEWLIB_ROOT}l/sccz80/9-common/l_jrde
${NEWLIB_ROOT}l/sccz80/9-common/l_readword_hl
${NEWLIB_ROOT}l/sccz80/9-common/l_setmem_de
${NEWLIB_ROOT}l/sccz80/9-common/l_setmem_hl
${NEWLIB_ROOT}l/sccz80/9-common/l_ule
${NEWLIB_ROOT}l/sccz80/9-common/l_putptr
${NEWLIB_ROOT}l/sccz80/9-common/l_gchar
${NEWLIB_ROOT}l/sccz80/9-common/l_graphics_cmp
${NEWLIB_ROOT}l/sccz80/9-common/l_and
${NEWLIB_ROOT}l/sccz80/9-common/l_uge
${NEWLIB_ROOT}l/sccz80/9-common/l_gint7de
${NEWLIB_ROOT}l/sccz80/9-common/l_lt
${NEWLIB_ROOT}l/sccz80/9-common/__debug_framepointer
${NEWLIB_ROOT}l/sccz80/9-common/l_ugt
${NEWLIB_ROOT}l/sccz80/9-common/l_xor
${NEWLIB_ROOT}l/sccz80/9-common/l_gint
${NEWLIB_ROOT}l/sccz80/9-common/l_bool
${NEWLIB_ROOT}l/sccz80/9-common/l_le
${NEWLIB_ROOT}l/sccz80/9-common/l_case
${NEWLIB_ROOT}l/sccz80/9-common/l_testword_hl
${NEWLIB_ROOT}l/sccz80/9-common/l_zeroword_hl
${NEWLIB_ROOT}l/sccz80/9-common/ascii/num_to_txt/l_ultob
${NEWLIB_ROOT}l/sccz80/9-common/ascii/num_to_txt/l_ultoh
${NEWLIB_ROOT}l/sccz80/9-common/ascii/num_to_txt/l_ultoo
${NEWLIB_ROOT}l/sccz80/9-common/ascii/num_to_txt/l_utoa
${NEWLIB_ROOT}l/sccz80/9-common/ascii/num_to_txt/l_utob
${NEWLIB_ROOT}l/sccz80/9-common/ascii/num_to_txt/l_utoh
${NEWLIB_ROOT}l/sccz80/9-common/ascii/num_to_txt/l_utoo
${NEWLIB_ROOT}l/sccz80/9-common/ascii/num_to_txt/small/l_small_ultob
${NEWLIB_ROOT}l/sccz80/9-common/ascii/num_to_txt/small/l_small_ultoh
${NEWLIB_ROOT}l/sccz80/9-common/ascii/num_to_txt/small/l_small_ultoo
${NEWLIB_ROOT}l/sccz80/9-common/ascii/num_to_txt/small/l_small_utoa
${NEWLIB_ROOT}l/sccz80/9-common/ascii/num_to_txt/small/l_small_utob
${NEWLIB_ROOT}l/sccz80/9-common/ascii/num_to_txt/small/l_small_utoh
${NEWLIB_ROOT}l/sccz80/9-common/ascii/num_to_txt/small/l_small_utoo
${NEWLIB_ROOT}l/sccz80/9-common/ascii/txt_to_num/l_atou
${NEWLIB_ROOT}l/sccz80/9-common/ascii/txt_to_num/l_atoul
${NEWLIB_ROOT}l/sccz80/9-common/ascii/txt_to_num/l_btou
${NEWLIB_ROOT}l/sccz80/9-common/ascii/txt_to_num/l_btoul
${NEWLIB_ROOT}l/sccz80/9-common/ascii/txt_to_num/l_htou
${NEWLIB_ROOT}l/sccz80/9-common/ascii/txt_to_num/l_htoul
${NEWLIB_ROOT}l/sccz80/9-common/ascii/txt_to_num/l_otou
${NEWLIB_ROOT}l/sccz80/9-common/ascii/txt_to_num/l_otoul
${NEWLIB_ROOT}l/sccz80/9-common/ascii/txt_to_num/small/l_small_atou
${NEWLIB_ROOT}l/sccz80/9-common/ascii/txt_to_num/small/l_small_atoul
${NEWLIB_ROOT}l/sccz80/9-common/ascii/txt_to_num/small/l_small_btou
${NEWLIB_ROOT}l/sccz80/9-common/ascii/txt_to_num/small/l_small_btoul
${NEWLIB_ROOT}l/sccz80/9-common/ascii/txt_to_num/small/l_small_htou
${NEWLIB_ROOT}l/sccz80/9-common/ascii/txt_to_num/small/l_small_htoul
${NEWLIB_ROOT}l/sccz80/9-common/ascii/txt_to_num/small/l_small_otou
${NEWLIB_ROOT}l/sccz80/9-common/ascii/txt_to_num/small/l_small_otoul
${NEWLIB_ROOT}l/sccz80/9-common/logical/l_andc_hl_bc
${NEWLIB_ROOT}l/sccz80/9-common/logical/l_andc_hl_de
${NEWLIB_ROOT}l/sccz80/9-common/logical/l_cpl_dehl
${NEWLIB_ROOT}l/sccz80/9-common/logical/l_cpl_hl
${NEWLIB_ROOT}l/sccz80/9-common/integer/l_addu_hl_bc
${NEWLIB_ROOT}l/sccz80/9-common/integer/l_addu_hl_de
${NEWLIB_ROOT}l/sccz80/9-common/integer/l_incu_bc
${NEWLIB_ROOT}l/sccz80/9-common/integer/l_incu_de
${NEWLIB_ROOT}l/sccz80/9-common/integer/l_incu_hl
${NEWLIB_ROOT}l/sccz80/9-common/integer/l_lsl_hl
${NEWLIB_ROOT}l/sccz80/9-common/integer/small/l_small_lsl_hl
${NEWLIB_ROOT}l/sccz80/9-common/integer/l_ltu_bc_de
${NEWLIB_ROOT}l/sccz80/9-common/integer/l_ltu_bc_hl
${NEWLIB_ROOT}l/sccz80/9-common/integer/l_ltu_de_hl
${NEWLIB_ROOT}l/sccz80/9-common/integer/l_ltu_hl_bc
${NEWLIB_ROOT}l/sccz80/9-common/integer/l_ltu_hl_de
${NEWLIB_ROOT}l/sccz80/9-common/integer/l_maxu_bc_hl
${NEWLIB_ROOT}l/sccz80/9-common/integer/l_minu_bc_hl
${NEWLIB_ROOT}l/sccz80/9-common/integer/l_minu_de_hl
${NEWLIB_ROOT}l/sccz80/9-common/integer/l_neg_bc
${NEWLIB_ROOT}l/sccz80/9-common/integer/l_neg_de
${NEWLIB_ROOT}l/sccz80/9-common/integer/l_neg_hl
${NEWLIB_ROOT}l/sccz80/9-common/integer/l_utod_de
${NEWLIB_ROOT}l/sccz80/9-common/integer/l_utod_hl
${NEWLIB_ROOT}l/sccz80/9-common/i32/l_dec_dehl
${NEWLIB_ROOT}l/sccz80/9-common/i32/l_decs_dehl
${NEWLIB_ROOT}l/sccz80/9-common/i32/l_decu_dehl
${NEWLIB_ROOT}l/sccz80/9-common/i32/l_inc_dehl
${NEWLIB_ROOT}l/sccz80/9-common/i32/l_neg_dehl
${NEWLIB_ROOT}l/sccz80/9-common/i32/l_long_lt
${NEWLIB_ROOT}l/sccz80/9-common/i32/l_long_ule
${NEWLIB_ROOT}l/sccz80/9-common/i32/l_long_le
${NEWLIB_ROOT}l/sccz80/9-common/i32/l_long_ult
${NEWLIB_ROOT}l/sccz80/9-common/i32/l_long_ugt
${NEWLIB_ROOT}l/sccz80/9-common/i32/l_long_ge
${NEWLIB_ROOT}l/sccz80/9-common/i32/l_long_lneg
${NEWLIB_ROOT}l/sccz80/9-common/i32/l_long_uge
${NEWLIB_ROOT}l/sccz80/9-common/i32/l_long_gt
${NEWLIB_ROOT}l/sccz80/9-common/i32/l_long_bool
${NEWLIB_ROOT}l/sccz80/9-common/i32/l_long_case
${NEWLIB_ROOT}l/sccz80/9-common/i32/l_long_com
${NEWLIB_ROOT}l/sccz80/9-common/i32/l_declong
${NEWLIB_ROOT}l/sccz80/9-common/i32/htonl
${NEWLIB_ROOT}l/sccz80/9-common/i32/l_inclong
${NEWLIB_ROOT}l/sccz80/9-common/i32/l_long_neg
${NEWLIB_ROOT}l/sccz80/9-common/i32/l_long_add_mhl
${NEWLIB_ROOT}l/sccz80/9-common/i32/l_long_and_mhl
${NEWLIB_ROOT}l/sccz80/9-common/i32/l_long_cp_mhl
${NEWLIB_ROOT}l/sccz80/9-common/i32/l_long_cpl_mde
${NEWLIB_ROOT}l/sccz80/9-common/i32/l_long_cpl_mhl
${NEWLIB_ROOT}l/sccz80/9-common/i32/l_long_dec_mhl
${NEWLIB_ROOT}l/sccz80/9-common/i32/l_long_inc_mhl
${NEWLIB_ROOT}l/sccz80/9-common/i32/l_long_neg_mhl
${NEWLIB_ROOT}l/sccz80/9-common/i32/l_long_or_mhl
${NEWLIB_ROOT}l/sccz80/9-common/i32/l_long_rl_mde
${NEWLIB_ROOT}l/sccz80/9-common/i32/l_long_rl_mhl
${NEWLIB_ROOT}l/sccz80/9-common/i32/l_long_sub_mhl
${NEWLIB_ROOT}l/sccz80/9-common/i32/l_long_xor_mhl
${NEWLIB_ROOT}l/sccz80/9-common/f48/__convert_sdccf2reg
${NEWLIB_ROOT}l/sccz80/9-common/f48/extra
${NEWLIB_ROOT}l/sccz80/9-common/f48/fa
${NEWLIB_ROOT}l/sccz80/9-common/f48/__atof2
${NEWLIB_ROOT}l/sccz80/9-common/f48/fasign
${NEWLIB_ROOT}l/sccz80/9-common/f48/fp_seed
${NEWLIB_ROOT}l/sccz80/9-common/f48/int2long_u_float
${NEWLIB_ROOT}l/sccz80/9-common/f48/int2long_s_float
