l/sccz80/common
l/sccz80/common/l_lneg.asm
l/sccz80/common/l_or.asm
l/sccz80/common/l_gint_eq.asm
l/sccz80/common/l_com.asm
l/sccz80/common/getarg.asm
l/sccz80/common/l_compare_result.asm
l/sccz80/common/l_ghtonsint.asm
l/sccz80/common/l_debug_push_frame.asm
l/sccz80/common/l_cmp.asm
l/sccz80/common/l_pint_pop.asm
l/sccz80/common/l_debug_pop_frame.asm
l/sccz80/common/l_gintsp.asm
l/sccz80/common/htons.asm
l/sccz80/common/l_eq.asm
l/sccz80/common/l_glongsp.asm
l/sccz80/common/l_gcharsp.asm
l/sccz80/common/l_ge.asm
l/sccz80/common/l_sxt.asm
l/sccz80/common/l_push_di.asm
l/sccz80/common/l_plong.asm
l/sccz80/common/l_gintspchar.asm
l/sccz80/common/l_pint_eq.asm
l/sccz80/common/l_ult.asm
l/sccz80/common/l_gt.asm
l/sccz80/common/l_sub.asm
l/sccz80/common/l_pop_ei.asm
l/sccz80/common/l_ucmp.asm
l/sccz80/common/i32
l/sccz80/common/i32/l_long_lt.asm
l/sccz80/common/i32/l_long_ule.asm
l/sccz80/common/i32/l_long_le.asm
l/sccz80/common/i32/l_long_ult.asm
l/sccz80/common/i32/l_long_dec.asm
l/sccz80/common/i32/l_long_ugt.asm
l/sccz80/common/i32/l_long_ge.asm
l/sccz80/common/i32/l_long_lneg.asm
l/sccz80/common/i32/l_long_uge.asm
l/sccz80/common/i32/l_long_gt.asm
l/sccz80/common/i32/l_long_bool.asm
l/sccz80/common/i32/l_long_case.asm
l/sccz80/common/i32/l_declong.asm
l/sccz80/common/i32/htonl.asm
l/sccz80/common/i32/l_inclong.asm
l/sccz80/common/i32/l_long_inc.asm
l/sccz80/common/l_ule.asm
l/sccz80/common/l_putptr.asm
l/sccz80/common/l_gchar.asm
l/sccz80/common/l_graphics_cmp.asm
l/sccz80/common/l_and.asm
l/sccz80/common/l_uge.asm
l/sccz80/common/l_gint7de.asm
l/sccz80/common/l_lt.asm
l/sccz80/common/__debug_framepointer.asm
l/sccz80/common/l_ugt.asm
l/sccz80/common/l_xor.asm
l/sccz80/common/l_gint.asm
l/sccz80/common/l_bool.asm
l/sccz80/common/l_le.asm
l/sccz80/common/l_case.asm
