${NEWLIB_ROOT}/l/sccz80/4-ez80/l_getptr
${NEWLIB_ROOT}/l/sccz80/4-ez80/l_gint
${NEWLIB_ROOT}/l/sccz80/4-ez80/l_gint1sp
${NEWLIB_ROOT}/l/sccz80/4-ez80/l_gint2sp
${NEWLIB_ROOT}/l/sccz80/4-ez80/l_gint3sp
${NEWLIB_ROOT}/l/sccz80/4-ez80/l_gint4
${NEWLIB_ROOT}/l/sccz80/4-ez80/l_gint4sp
${NEWLIB_ROOT}/l/sccz80/4-ez80/l_gint5
${NEWLIB_ROOT}/l/sccz80/4-ez80/l_gint5sp
${NEWLIB_ROOT}/l/sccz80/4-ez80/l_gint6
${NEWLIB_ROOT}/l/sccz80/4-ez80/l_gint6sp
${NEWLIB_ROOT}/l/sccz80/4-ez80/l_gint7
${NEWLIB_ROOT}/l/sccz80/4-ez80/l_gint7de
${NEWLIB_ROOT}/l/sccz80/4-ez80/l_gint7sp
${NEWLIB_ROOT}/l/sccz80/4-ez80/l_gint8
${NEWLIB_ROOT}/l/sccz80/4-ez80/l_gint8sp
${NEWLIB_ROOT}/l/sccz80/4-ez80/l_gint_eq
${NEWLIB_ROOT}/l/sccz80/4-ez80/l_gintsp
${NEWLIB_ROOT}/l/sccz80/4-ez80/l_gintspchar
${NEWLIB_ROOT}/l/sccz80/4-ez80/l_glong
${NEWLIB_ROOT}/l/sccz80/4-ez80/l_glongsp
${NEWLIB_ROOT}/l/sccz80/4-ez80/l_pint_pop
${NEWLIB_ROOT}/l/sccz80/4-ez80/l_plong
${NEWLIB_ROOT}/l/sccz80/4-ez80/lp_gchar
${NEWLIB_ROOT}/l/sccz80/4-ez80/lp_gint
${NEWLIB_ROOT}/l/sccz80/4-ez80/lp_glong
${NEWLIB_ROOT}/l/sccz80/4-ez80/lp_gptr
${NEWLIB_ROOT}/l/sccz80/4-ez80/lp_pchar
${NEWLIB_ROOT}/l/sccz80/4-ez80/lp_pint
${NEWLIB_ROOT}/l/sccz80/4-ez80/lp_plong
${NEWLIB_ROOT}/l/sccz80/4-ez80/lp_pptr
@${NEWLIB_ROOT}/l/sccz80/z180.lst
