l/sccz80/z80
l/sccz80/z80/l_div_u.asm
l/sccz80/z80/l_mult.asm
l/sccz80/z80/i64
l/sccz80/z80/i64/l_i64_div.asm
l/sccz80/z80/i64/l_i64_asr_u.asm
l/sccz80/z80/i64/l_i64_dec.asm
l/sccz80/z80/i64/l_i64_xor.asm
l/sccz80/z80/i64/l_i64_ugt.asm
l/sccz80/z80/i64/l_i64_mod_u.asm
l/sccz80/z80/i64/l_i64_eq.asm
l/sccz80/z80/i64/l_i64_lneg.asm
l/sccz80/z80/i64/l_i64_and.asm
l/sccz80/z80/i64/l_i64_mult.asm
l/sccz80/z80/i64/l_i64_push_under_int.asm
l/sccz80/z80/i64/l_i64_uge.asm
l/sccz80/z80/i64/l_i64_ule.asm
l/sccz80/z80/i64/l_i64_ne.asm
l/sccz80/z80/i64/l_i64_push.asm
l/sccz80/z80/i64/l_i64_sub.asm
l/sccz80/z80/i64/l_i64_sint2i64.asm
l/sccz80/z80/i64/l_i64_eq0.asm
l/sccz80/z80/i64/l_i64_ult.asm
l/sccz80/z80/i64/l_i64_add.asm
l/sccz80/z80/i64/l_i64_or.asm
l/sccz80/z80/i64/l_i64_asl.asm
l/sccz80/z80/i64/l_i64_uint2i64.asm
l/sccz80/z80/i64/l_i64_le.asm
l/sccz80/z80/i64/l_i64_store.asm
l/sccz80/z80/i64/l_i64_ucmp.asm
l/sccz80/z80/i64/l_i64_lt.asm
l/sccz80/z80/i64/l_i64_asr.asm
l/sccz80/z80/i64/__i64_acc.asm
l/sccz80/z80/i64/l_i64_pop.asm
l/sccz80/z80/i64/l_i64_cmp.asm
l/sccz80/z80/i64/l_i64_com.asm
l/sccz80/z80/i64/l_i64_case.asm
l/sccz80/z80/i64/l_i64_gt.asm
l/sccz80/z80/i64/l_i64_inc.asm
l/sccz80/z80/i64/l_i64_neg.asm
l/sccz80/z80/i64/l_i64_load.asm
l/sccz80/z80/i64/l_i64_mod.asm
l/sccz80/z80/i64/l_i64_ge.asm
l/sccz80/z80/i64/l_i64_div_u.asm
l/sccz80/z80/l_ne.asm
l/sccz80/z80/l_asr.asm
l/sccz80/z80/l_eq.asm
l/sccz80/z80/l_asl.asm
l/sccz80/z80/l_sub.asm
l/sccz80/z80/i32
l/sccz80/z80/i32/l_long_div_u.asm
l/sccz80/z80/i32/l_long_div.asm
l/sccz80/z80/i32/l_long_mult.asm
l/sccz80/z80/l_asr_u.asm
l/sccz80/z80/l_div.asm
