obj/${TYPE}/acos
obj/${TYPE}/addhalf
obj/${TYPE}/amax
obj/${TYPE}/amin
obj/${TYPE}/asin
obj/${TYPE}/atan
obj/${TYPE}/atan2
obj/${TYPE}/atof
obj/${TYPE}/ceil
obj/${TYPE}/compare
obj/${TYPE}/cos
obj/${TYPE}/cosh.c
obj/${TYPE}/dadd
obj/${TYPE}/dcompar
obj/${TYPE}/ddiv
obj/${TYPE}/deq
obj/${TYPE}/dge
obj/${TYPE}/dgt
obj/${TYPE}/div1
obj/${TYPE}/div14
obj/${TYPE}/dleq
obj/${TYPE}/dlt
obj/${TYPE}/dmul
obj/${TYPE}/dne
obj/${TYPE}/dsub
obj/${TYPE}/dswap
obj/${TYPE}/evenpol
obj/${TYPE}/exp
obj/${TYPE}/f_no
obj/${TYPE}/f_yes
obj/${TYPE}/fabs
obj/${TYPE}/fadd
obj/${TYPE}/fdiv
obj/${TYPE}/float
obj/${TYPE}/floor
obj/${TYPE}/fmod
obj/${TYPE}/fmul
obj/${TYPE}/fprand
obj/${TYPE}/fradd
obj/${TYPE}/fsub
obj/${TYPE}/ftoa.c
obj/${TYPE}/ftoe.c
obj/${TYPE}/hladd
obj/${TYPE}/hlsub
obj/${TYPE}/ifix
obj/${TYPE}/incr
obj/${TYPE}/int2
obj/${TYPE}/ldbcfa
obj/${TYPE}/ldbchl
obj/${TYPE}/ldfabc
obj/${TYPE}/log
obj/${TYPE}/log10
obj/${TYPE}/minusbc
obj/${TYPE}/minusfa
obj/${TYPE}/norm
obj/${TYPE}/norm4
obj/${TYPE}/norma
obj/${TYPE}/odd
obj/${TYPE}/pack
obj/${TYPE}/pack2
obj/${TYPE}/poly
obj/${TYPE}/pow
obj/${TYPE}/pushfa
obj/${TYPE}/rshift
obj/${TYPE}/seed
obj/${TYPE}/sgn
obj/${TYPE}/sin
obj/${TYPE}/sinh
obj/${TYPE}/sqrt
obj/${TYPE}/tan
obj/${TYPE}/tanh
obj/${TYPE}/ufloat
obj/${TYPE}/unpack
obj/${TYPE}/init_floatpack2
obj/${TYPE}/pi
