target/nabu/obj/${TARGET}/x/target/nabu/interrupts/nabu_interrupts.o
target/nabu/obj/${TARGET}/x/target/nabu/interrupts/asm_interrupt_init.o
target/nabu/obj/${TARGET}/x/target/nabu/stdio/fgetc_cons.o
target/nabu/obj/${TARGET}/x/target/nabu/stdio/getk.o
target/nabu/obj/${TARGET}/x/target/nabu/stdio/vars.o
target/nabu/obj/${TARGET}/hcca/hcca.o
target/nabu/obj/${TARGET}/x/target/nabu/hcca/hcca_ints.o
target/nabu/obj/${TARGET}/x/target/nabu/hcca/vars.o
target/nabu/obj/${TARGET}/retronet/rn_fileDelete.o
target/nabu/obj/${TARGET}/retronet/rn_fileDetails.o
target/nabu/obj/${TARGET}/retronet/rn_fileHandleAppend.o
target/nabu/obj/${TARGET}/retronet/rn_fileHandleClose.o
target/nabu/obj/${TARGET}/retronet/rn_fileHandleCopy.o
target/nabu/obj/${TARGET}/retronet/rn_fileHandleDeleteRange.o
target/nabu/obj/${TARGET}/retronet/rn_fileHandleDetails.o
target/nabu/obj/${TARGET}/retronet/rn_fileHandleEmptyFile.o
target/nabu/obj/${TARGET}/retronet/rn_fileHandleInsert.o
target/nabu/obj/${TARGET}/retronet/rn_fileHandleMove.o
target/nabu/obj/${TARGET}/retronet/rn_fileHandleRead.o
target/nabu/obj/${TARGET}/retronet/rn_fileHandleReadSeq.o
target/nabu/obj/${TARGET}/retronet/rn_fileHandleReplace.o
target/nabu/obj/${TARGET}/retronet/rn_fileHandleSeek.o
target/nabu/obj/${TARGET}/retronet/rn_fileHandleSize.o
target/nabu/obj/${TARGET}/retronet/rn_fileList.o
target/nabu/obj/${TARGET}/retronet/rn_fileListItem.o
target/nabu/obj/${TARGET}/retronet/rn_fileOpen.o
target/nabu/obj/${TARGET}/retronet/rn_fileSize.o
