c/lr_sccz80/b_array_append
c/lr_sccz80/b_array_append_block
c/lr_sccz80/b_array_append_block_callee
c/lr_sccz80/b_array_append_callee
c/lr_sccz80/b_array_append_n
c/lr_sccz80/b_array_append_n_callee
c/lr_sccz80/b_array_at
c/lr_sccz80/b_array_at_callee
c/lr_sccz80/b_array_back
c/lr_sccz80/b_array_capacity
c/lr_sccz80/b_array_clear
c/lr_sccz80/b_array_data
c/lr_sccz80/b_array_destroy
c/lr_sccz80/b_array_empty
c/lr_sccz80/b_array_erase
c/lr_sccz80/b_array_erase_block
c/lr_sccz80/b_array_erase_block_callee
c/lr_sccz80/b_array_erase_callee
c/lr_sccz80/b_array_erase_range
c/lr_sccz80/b_array_erase_range_callee
c/lr_sccz80/b_array_front
c/lr_sccz80/b_array_init
c/lr_sccz80/b_array_init_callee
c/lr_sccz80/b_array_insert
c/lr_sccz80/b_array_insert_block
c/lr_sccz80/b_array_insert_block_callee
c/lr_sccz80/b_array_insert_callee
c/lr_sccz80/b_array_insert_n
c/lr_sccz80/b_array_insert_n_callee
c/lr_sccz80/b_array_pop_back
c/lr_sccz80/b_array_push_back
c/lr_sccz80/b_array_push_back_callee
c/lr_sccz80/b_array_read_block
c/lr_sccz80/b_array_read_block_callee
c/lr_sccz80/b_array_resize
c/lr_sccz80/b_array_resize_callee
c/lr_sccz80/b_array_size
c/lr_sccz80/b_array_write_block
c/lr_sccz80/b_array_write_block_callee
z80/__array_at
z80/__array_expand
z80/__array_info
z80/__array_make_room
z80/__array_make_room_best_effort
