math/float/am9511/z80/am32_add
math/float/am9511/z80/am32_am9511
math/float/am9511/z80/am32_ceil
math/float/am9511/z80/am32_compare
math/float/am9511/z80/am32_const
math/float/am9511/z80/am32_conv
math/float/am9511/z80/am32_discardfraction
math/float/am9511/z80/am32_div
math/float/am9511/z80/am32_div2
math/float/am9511/z80/am32__dtoa_base10
math/float/am9511/z80/am32__dtoa_base16
math/float/am9511/z80/am32__dtoa_digits
math/float/am9511/z80/am32__dtoa_sgnabs
math/float/am9511/z80/am32_error
math/float/am9511/z80/am32_f2long
math/float/am9511/z80/am32_fabs
math/float/am9511/z80/am32_floor
math/float/am9511/z80/am32_fpclassify
math/float/am9511/z80/am32_frexp
math/float/am9511/z80/am32_hexpop
math/float/am9511/z80/am32_hypot
math/float/am9511/z80/am32_ldexp
math/float/am9511/z80/am32_mul
math/float/am9511/z80/am32_mul2
math/float/am9511/z80/am32_mul10u
math/float/am9511/z80/am32_nan_b
math/float/am9511/z80/am32_popf
math/float/am9511/z80/am32_popi
math/float/am9511/z80/am32_popl
math/float/am9511/z80/am32_pushf
math/float/am9511/z80/am32_pushi
math/float/am9511/z80/am32_pushl
math/float/am9511/z80/am32_sigdig
math/float/am9511/z80/am32_sqr
math/float/am9511/z80/am32_sqrt
math/float/am9511/z80/am32_sub
math/float/am9511/z80/am32_util

