target/ace/obj/${TARGET}/x/target/ace/stdio/fputc_cons.o
target/ace/obj/${TARGET}/x/target/ace/stdio/fgetc_cons.o
target/ace/obj/${TARGET}/x/target/ace/stdio/getk.o
target/ace/obj/${TARGET}/x/target/ace/stdio/generic_console.o
target/ace/obj/${TARGET}/x/target/ace/stdio/generic_console_ioctl.o
target/ace/obj/${TARGET}/x/target/ace/stdio/CRT_FONT.o
@classic/stdio/ansicore.lst
classic/stdio/obj/${TYPE}/ansi/f_ansi_dsr6
target/ace/obj/${TARGET}/x/target/ace/stdio/ansi/f_ansi_attr.o
target/ace/obj/${TARGET}/x/target/ace/stdio/ansi/f_ansi_bel.o
target/ace/obj/${TARGET}/x/target/ace/stdio/ansi/f_ansi_char.o
target/ace/obj/${TARGET}/x/target/ace/stdio/ansi/f_ansi_cls.o
classic/stdio/obj/${TYPE}/ansi/generic/f_ansi_dline
target/ace/obj/${TARGET}/x/target/ace/stdio/ansi/f_ansi_scrollup.o
@classic/stdio/stdio.lst
target/ace/obj/${TARGET}/x/target/ace/time/clock.o

target/ace/obj/${TARGET}/x/target/ace/games/joystick.o
@classic/games/games.lst
@target/ace/ace/ace.lst
target/ace/obj/${TARGET}/x/target/ace/tape/tape_load_block.o
target/ace/obj/${TARGET}/x/target/ace/tape/tape_load_block_callee.o
target/ace/obj/${TARGET}/tape/tape_save.o
target/ace/obj/${TARGET}/x/target/ace/tape/tape_save_block.o
target/ace/obj/${TARGET}/x/target/ace/tape/tape_save_block_callee.o
@classic/input/input_keyboard.lst
