ctype/obj/${TYPE}/**/*.o
font/font_4x8/obj/${TYPE}/**/*.o
font/font_8x8/obj/${TYPE}/**/*.o
font/font_8x10/obj/${TYPE}/**/*.o
classic/input/obj/${TYPE}/in_WaitForKey
classic/input/obj/${TYPE}/in_GetKey
classic/input/obj/${TYPE}/in_WaitForNoKey
classic/input/obj/${TYPE}/in_GetKeyReset
classic/input/obj/${TYPE}/in_GetKeyVariables
classic/input/obj/${TYPE}/fgetc_cons_inkey
@classic/lib3d/lib3d.lst
error/obj/${TYPE}/**/*.o
inttypes/obj/${TYPE}/**/*.o
locale/obj/${TYPE}/**/*.o
libgen/obj/${TYPE}/**/*.o
setjmp/obj/${TYPE}/**/*.o
@classic/stdlib/stdlib.lst
@classic/alloc/alloc.lst
@classic/string/string.lst
string/obj/${TYPE}/**/*.o
regex/obj/${TYPE}/**/*.o
classic/stdio/obj/${TYPE}/ansi/ansifont_f3
classic/stdio/obj/${TYPE}/ansi/ansifont_f4
classic/stdio/obj/${TYPE}/ansi/ansifont_f4pack
classic/stdio/obj/${TYPE}/ansi/ansifont_f5
classic/stdio/obj/${TYPE}/ansi/ansifont_f6
classic/stdio/obj/${TYPE}/ansi/ansifont_f8
@classic/compress/zx7/zx7.lst
compress/zx0/obj/${TYPE}/**/*.o
compress/zx1/obj/${TYPE}/**/*.o
compress/zx2/obj/${TYPE}/**/*.o
@classic/adt/adt.lst
adt/obj/${TYPE}/**/*.o
@classic/debug/debug.lst
@classic/rect/rect.lst
@classic/algorithm/alg.lst
arch/z80/obj/${TYPE}/**/*.o
math/fix16/obj/${TYPE}/**/*.o
@classic/z80_crt0s/crt0.lst
