stdio/obj/__cons_state.o
stdio/obj/_fprintf.o
stdio/obj/_printf.o
stdio/obj/_printk.o
stdio/obj/_snprintf.o
stdio/obj/_sprintf.o
stdio/obj/_vfprintf.o
stdio/obj/_vsnprintf.o
stdio/obj/asm_vfprintf_level1.o
stdio/obj/asm_vfprintf_level2.o
stdio/obj/asm_vfprintf_level3.o
stdio/obj/asm_vfprintf_nolong_level1.o
stdio/obj/asm_vfprintf_nolong_level2.o
stdio/obj/asm_vfprintf_nolong_level3.o
stdio/obj/closeall.o
stdio/obj/fabandon.o
stdio/obj/fchkstd.o
stdio/obj/fclose.o
stdio/obj/fdopen.o
stdio/obj/feof.o
stdio/obj/fgetc.o
stdio/obj/fgetpos.o
stdio/obj/fgets.o
stdio/obj/fgets_cons.o
stdio/obj/fopen.o
stdio/obj/fopen_z88.o
stdio/obj/fprintf.o
stdio/obj/fputc.o
stdio/obj/fputc_callee.o
stdio/obj/fputs.o
stdio/obj/fputs_callee.o
stdio/obj/fread.o
stdio/obj/freopen.o
stdio/obj/freopen_z88.o
stdio/obj/fseek.o
stdio/obj/ftell.o
stdio/obj/fwrite.o
stdio/obj/gets.o
stdio/obj/printf.o
stdio/obj/printk.o
stdio/obj/printk_outc.o
stdio/obj/printn.o
stdio/obj/puts.o
stdio/obj/puts_cons.o
stdio/obj/snprintf.o
stdio/obj/sprintf.o
stdio/obj/sprintf_outc.o
stdio/obj/ungetc.o
stdio/obj/vfprintf.o
stdio/obj/vsnprintf.o
stdio/obj/asm_scanf
stdio/obj/sscanf
stdio/obj/vfscanf
stdio/obj/scanf
stdio/obj/vsscanf
stdio/obj/_sscanf
stdio/obj/_vfscanf
stdio/obj/_scanf
stdio/obj/_vsscanf
stdio/obj/fscanf
stdio/obj/_fscanf
