stdio/obj/net/__cons_state
stdio/obj/net/_fprintf
stdio/obj/net/_printf
stdio/obj/net/_printk
stdio/obj/net/_snprintf
stdio/obj/net/_sprintf
stdio/obj/net/_vfprintf
stdio/obj/net/_vsnprintf
stdio/obj/net/closeall
stdio/obj/net/fabandon
stdio/obj/net/fchkstd
stdio/obj/net/fclose
stdio/obj/net/fdopen
stdio/obj/net/feof
stdio/obj/net/fflush
stdio/obj/net/fgetc
stdio/obj/net/fgetpos
stdio/obj/net/fgets
stdio/obj/net/fgets_cons
stdio/obj/net/fmemopen
stdio/obj/net/fopen
stdio/obj/net/fprintf
stdio/obj/net/fputc
stdio/obj/net/fputc_callee
stdio/obj/net/fputs
stdio/obj/net/fputs_callee
stdio/obj/net/fread
stdio/obj/net/freopen
stdio/obj/net/fseek
stdio/obj/net/ftell
stdio/obj/net/fwrite
stdio/obj/net/gets
stdio/obj/net/printf
stdio/obj/net/printk
stdio/obj/net/printk_outc
stdio/obj/net/printn
stdio/obj/net/puts
stdio/obj/net/puts_cons
stdio/obj/net/snprintf
stdio/obj/net/sprintf
stdio/obj/net/sprintf_outc
stdio/obj/net/ungetc
stdio/obj/net/vfprintf
stdio/obj/net/vsnprintf
stdio/obj/net/zsock/closenet
stdio/obj/net/zsock/fflush_net
stdio/obj/net/zsock/fgetc_net
stdio/obj/net/zsock/fputc_net
stdio/obj/net/zsock/opennet
stdio/obj/net/__scanf_common_start
stdio/obj/net/__scanf_consume_whitespace
stdio/obj/net/__scanf_format_table
stdio/obj/net/__scanf_get_number
stdio/obj/net/__scanf_handle_B
stdio/obj/net/__scanf_handle_c
stdio/obj/net/__scanf_handle_d
stdio/obj/net/__scanf_handle_f
stdio/obj/net/__scanf_handle_i
stdio/obj/net/__scanf_handle_n
stdio/obj/net/__scanf_handle_o
stdio/obj/net/__scanf_handle_s
stdio/obj/net/__scanf_handle_x
stdio/obj/net/__scanf_parse_number
stdio/obj/net/_fscanf
stdio/obj/net/_scanf
stdio/obj/net/_sscanf
stdio/obj/net/_vfscanf
stdio/obj/net/_vsscanf
stdio/obj/net/asm_scanf
stdio/obj/net/fscanf
stdio/obj/net/scanf
stdio/obj/net/sscanf
stdio/obj/net/vfscanf
stdio/obj/net/vsscanf
stdio/obj/net/__printf_doprint
stdio/obj/net/__printf_format_table
stdio/obj/net/__printf_format_table64
stdio/obj/net/__printf_get_buffer_address
stdio/obj/net/__printf_get_flags_impl
stdio/obj/net/__printf_handle_XX
stdio/obj/net/__printf_handle_c
stdio/obj/net/__printf_handle_d
stdio/obj/net/__printf_handle_f
stdio/obj/net/__printf_handle_n
stdio/obj/net/__printf_handle_o
stdio/obj/net/__printf_handle_s
stdio/obj/net/__printf_handle_u
stdio/obj/net/__printf_handle_x
stdio/obj/net/__printf_handle_B
stdio/obj/net/__printf_number
stdio/obj/net/__printf_print_aligned
stdio/obj/net/__printf_print_the_buffer
stdio/obj/net/asm_printf
stdio/obj/net/get_16bit_ap_parameter
stdio/obj/net/__printf_print_to_buf
stdio/obj/net/__printf_number64
stdio/obj/net/__printf_handle_ll
stdio/obj/net/__printf_handle_llB
stdio/obj/net/__printf_handle_llXX
stdio/obj/net/__printf_handle_lld
stdio/obj/net/__printf_handle_llo
stdio/obj/net/__printf_handle_llu
stdio/obj/net/__printf_handle_llx
