stdio/obj/ixiy/__cons_state.o
stdio/obj/ixiy/_fprintf.o
stdio/obj/ixiy/_printf.o
stdio/obj/ixiy/_printk.o
stdio/obj/ixiy/_snprintf.o
stdio/obj/ixiy/_sprintf.o
stdio/obj/ixiy/_vfprintf.o
stdio/obj/ixiy/_vsnprintf.o
stdio/obj/ixiy/asm_printf_core.o
stdio/obj/ixiy/asm_vfprintf_level1.o
stdio/obj/ixiy/asm_vfprintf_level2.o
stdio/obj/ixiy/asm_vfprintf_level3.o
stdio/obj/ixiy/asm_vfprintf_nolong_level1.o
stdio/obj/ixiy/asm_vfprintf_nolong_level2.o
stdio/obj/ixiy/asm_vfprintf_nolong_level3.o
stdio/obj/ixiy/closeall.o
stdio/obj/ixiy/fabandon.o
stdio/obj/ixiy/fchkstd.o
stdio/obj/ixiy/fclose.o
stdio/obj/ixiy/fdopen.o
stdio/obj/ixiy/feof.o
stdio/obj/ixiy/fgetc.o
stdio/obj/ixiy/fgetpos.o
stdio/obj/ixiy/fgets.o
stdio/obj/ixiy/fgets_cons.o
stdio/obj/ixiy/fopen.o
stdio/obj/ixiy/fopen_z88.o
stdio/obj/ixiy/fprintf.o
stdio/obj/ixiy/fputc.o
stdio/obj/ixiy/fputc_callee.o
stdio/obj/ixiy/fputs.o
stdio/obj/ixiy/fputs_callee.o
stdio/obj/ixiy/fread.o
stdio/obj/ixiy/freopen.o
stdio/obj/ixiy/freopen_z88.o
stdio/obj/ixiy/fseek.o
stdio/obj/ixiy/ftell.o
stdio/obj/ixiy/fwrite.o
stdio/obj/ixiy/gets.o
stdio/obj/ixiy/printf.o
stdio/obj/ixiy/printk.o
stdio/obj/ixiy/printk_outc.o
stdio/obj/ixiy/printn.o
stdio/obj/ixiy/puts.o
stdio/obj/ixiy/puts_cons.o
stdio/obj/ixiy/snprintf.o
stdio/obj/ixiy/sprintf.o
stdio/obj/ixiy/sprintf_outc.o
stdio/obj/ixiy/ungetc.o
stdio/obj/ixiy/vfprintf.o
stdio/obj/ixiy/vsnprintf.o
