stdio/obj/__cons_state
stdio/obj/_fprintf
stdio/obj/_printf
stdio/obj/_printk
stdio/obj/_snprintf
stdio/obj/_sprintf
stdio/obj/_vfprintf
stdio/obj/_vsnprintf
stdio/obj/asm_vfprintf_level1
stdio/obj/asm_vfprintf_level2
stdio/obj/asm_vfprintf_level3
stdio/obj/asm_vfprintf_nolong_level1
stdio/obj/asm_vfprintf_nolong_level2
stdio/obj/asm_vfprintf_nolong_level3
stdio/obj/closeall
stdio/obj/fabandon
stdio/obj/fchkstd
stdio/obj/fclose
stdio/obj/fdopen
stdio/obj/feof
stdio/obj/fgetc
stdio/obj/fgetpos
stdio/obj/fgets
stdio/obj/fgets_cons
stdio/obj/fopen
stdio/obj/fopen_z88
stdio/obj/fprintf
stdio/obj/fputc
stdio/obj/fputc_callee
stdio/obj/fputs
stdio/obj/fputs_callee
stdio/obj/fread
stdio/obj/freopen
stdio/obj/freopen_z88
stdio/obj/fseek
stdio/obj/ftell
stdio/obj/fwrite
stdio/obj/gets
stdio/obj/printf
stdio/obj/printk
stdio/obj/printk_outc
stdio/obj/printn
stdio/obj/puts
stdio/obj/puts_cons
stdio/obj/snprintf
stdio/obj/sprintf
stdio/obj/sprintf_outc
stdio/obj/ungetc
stdio/obj/vfprintf
stdio/obj/vsnprintf
stdio/obj/asm_scanf_core
stdio/obj/sscanf
stdio/obj/vfscanf
stdio/obj/scanf
stdio/obj/vsscanf
stdio/obj/_sscanf
stdio/obj/_vfscanf
stdio/obj/_scanf
stdio/obj/_vsscanf
stdio/obj/fscanf
stdio/obj/_fscanf
stdio/obj/__scanf_handle_f
