stdio/obj/stdesc
stdio/obj/stdesc/__cons_state.o
stdio/obj/stdesc/_fprintf.o
stdio/obj/stdesc/_printf.o
stdio/obj/stdesc/_printk.o
stdio/obj/stdesc/_snprintf.o
stdio/obj/stdesc/_sprintf.o
stdio/obj/stdesc/_vfprintf.o
stdio/obj/stdesc/_vsnprintf.o
stdio/obj/stdesc/asm_vfprintf_level1.o
stdio/obj/stdesc/asm_vfprintf_level2.o
stdio/obj/stdesc/asm_vfprintf_level3.o
stdio/obj/stdesc/asm_vfprintf_nolong_level1.o
stdio/obj/stdesc/asm_vfprintf_nolong_level2.o
stdio/obj/stdesc/asm_vfprintf_nolong_level3.o
stdio/obj/stdesc/closeall.o
stdio/obj/stdesc/fabandon.o
stdio/obj/stdesc/fchkstd.o
stdio/obj/stdesc/fclose.o
stdio/obj/stdesc/fdopen.o
stdio/obj/stdesc/feof.o
stdio/obj/stdesc/fgetc.o
stdio/obj/stdesc/fgetpos.o
stdio/obj/stdesc/fgets.o
stdio/obj/stdesc/fgets_cons.o
stdio/obj/stdesc/fopen.o
stdio/obj/stdesc/fopen_z88.o
stdio/obj/stdesc/fprintf.o
stdio/obj/stdesc/fputc.o
stdio/obj/stdesc/fputc_callee.o
stdio/obj/stdesc/fputs.o
stdio/obj/stdesc/fputs_callee.o
stdio/obj/stdesc/fread.o
stdio/obj/stdesc/freopen.o
stdio/obj/stdesc/freopen_z88.o
stdio/obj/stdesc/fseek.o
stdio/obj/stdesc/ftell.o
stdio/obj/stdesc/fwrite.o
stdio/obj/stdesc/gets.o
stdio/obj/stdesc/printf.o
stdio/obj/stdesc/printk.o
stdio/obj/stdesc/printk_outc.o
stdio/obj/stdesc/printn.o
stdio/obj/stdesc/puts.o
stdio/obj/stdesc/puts_cons.o
stdio/obj/stdesc/snprintf.o
stdio/obj/stdesc/sprintf.o
stdio/obj/stdesc/sprintf_outc.o
stdio/obj/stdesc/ungetc.o
stdio/obj/stdesc/vfprintf.o
stdio/obj/stdesc/vsnprintf.o
stdio/obj/stdesc/scanf_ungetc
stdio/obj/stdesc/scanf_getc
stdio/obj/stdesc/asm_scanf
stdio/obj/stdesc/sscanf
stdio/obj/stdesc/vfscanf
stdio/obj/stdesc/scanf
stdio/obj/stdesc/vsscanf
stdio/obj/stdesc/_sscanf
stdio/obj/stdesc/_vfscanf
stdio/obj/stdesc/_scanf
stdio/obj/stdesc/_vsscanf
