stdio/obj/ixiy/__cons_state
stdio/obj/ixiy/_fprintf
stdio/obj/ixiy/_printf
stdio/obj/ixiy/_printk
stdio/obj/ixiy/_snprintf
stdio/obj/ixiy/_sprintf
stdio/obj/ixiy/_vfprintf
stdio/obj/ixiy/_vsnprintf
stdio/obj/ixiy/asm_vfprintf_level1
stdio/obj/ixiy/asm_vfprintf_level2
stdio/obj/ixiy/asm_vfprintf_level3
stdio/obj/ixiy/asm_vfprintf_nolong_level1
stdio/obj/ixiy/asm_vfprintf_nolong_level2
stdio/obj/ixiy/asm_vfprintf_nolong_level3
stdio/obj/ixiy/closeall
stdio/obj/ixiy/fabandon
stdio/obj/ixiy/fchkstd
stdio/obj/ixiy/fclose
stdio/obj/ixiy/fdopen
stdio/obj/ixiy/feof
stdio/obj/ixiy/fgetc
stdio/obj/ixiy/fgetpos
stdio/obj/ixiy/fgets
stdio/obj/ixiy/fgets_cons
stdio/obj/ixiy/fopen
stdio/obj/ixiy/fopen_z88
stdio/obj/ixiy/fprintf
stdio/obj/ixiy/fputc
stdio/obj/ixiy/fputc_callee
stdio/obj/ixiy/fputs
stdio/obj/ixiy/fputs_callee
stdio/obj/ixiy/fread
stdio/obj/ixiy/freopen
stdio/obj/ixiy/freopen_z88
stdio/obj/ixiy/fseek
stdio/obj/ixiy/ftell
stdio/obj/ixiy/fwrite
stdio/obj/ixiy/gets
stdio/obj/ixiy/printf
stdio/obj/ixiy/printk
stdio/obj/ixiy/printk_outc
stdio/obj/ixiy/printn
stdio/obj/ixiy/puts
stdio/obj/ixiy/puts_cons
stdio/obj/ixiy/snprintf
stdio/obj/ixiy/sprintf
stdio/obj/ixiy/sprintf_outc
stdio/obj/ixiy/ungetc
stdio/obj/ixiy/vfprintf
stdio/obj/ixiy/vsnprintf
stdio/obj/ixiy/asm_scanf_core
stdio/obj/ixiy/sscanf
stdio/obj/ixiy/vfscanf
stdio/obj/ixiy/scanf
stdio/obj/ixiy/vsscanf
stdio/obj/ixiy/_sscanf
stdio/obj/ixiy/_vfscanf
stdio/obj/ixiy/_scanf
stdio/obj/ixiy/_vsscanf
stdio/obj/ixiy/fscanf
stdio/obj/ixiy/_fscanf
stdio/obj/ixiy/__scanf_handle_f
