deprecated/ts2068hr/sprites/_sp1_struct_cs_prototype
deprecated/spectrum/sprites/_sp1_struct_ss_prototype
deprecated/spectrum/sprites/sp1_AddColSpr
deprecated/zx81hr/sprites/sp1_AddColSpr_callee
deprecated/spectrum/sprites/sp1_ChangeSprType
deprecated/ts2068hr/sprites/sp1_ChangeSprType_callee
deprecated/spectrum/sprites/sp1_CreateSpr
deprecated/zx81hr/sprites/sp1_CreateSpr_callee
deprecated/spectrum/sprites/sp1_DeleteSpr
deprecated/zx81hr/sprites/sp1_InitCharStruct
deprecated/zx81hr/sprites/sp1_InitCharStruct_callee
deprecated/spectrum/sprites/sp1_InsertCharStruct
deprecated/ts2068hr/sprites/sp1_InsertCharStruct_callee
deprecated/spectrum/sprites/sp1_IterateSprChar
deprecated/spectrum/sprites/sp1_IterateSprChar_callee
deprecated/spectrum/sprites/sp1_IterateUpdateSpr
deprecated/spectrum/sprites/sp1_IterateUpdateSpr_callee
deprecated/zx81hr/sprites/sp1_MoveSprAbs
deprecated/zx81hr/sprites/sp1_MoveSprAbs_callee
deprecated/zx81hr/sprites/sp1_MoveSprPix
deprecated/zx81hr/sprites/sp1_MoveSprPix_callee
deprecated/zx81hr/sprites/sp1_MoveSprRel
deprecated/zx81hr/sprites/sp1_MoveSprRel_callee
deprecated/zx81hr/sprites/sp1_PreShiftSpr
deprecated/zx81hr/sprites/sp1_PreShiftSpr_callee
deprecated/ts2068hr/sprites/sp1_RemoveCharStruct
deprecated/ts2068hr/sprites/SP1AddSprChar
deprecated/ts2068hr/sprites/SP1RemoveSprChar
deprecated/spectrum/sprites/draw/SP1_DRAW_LOAD1
deprecated/spectrum/sprites/draw/SP1_DRAW_LOAD1LB
deprecated/spectrum/sprites/draw/SP1_DRAW_LOAD1LBIM
deprecated/spectrum/sprites/draw/SP1_DRAW_LOAD1NR
deprecated/spectrum/sprites/draw/SP1_DRAW_LOAD1RB
deprecated/spectrum/sprites/draw/SP1_DRAW_LOAD1RBIM
deprecated/spectrum/sprites/draw/SP1_DRAW_LOAD2
deprecated/spectrum/sprites/draw/SP1_DRAW_LOAD2LB
deprecated/spectrum/sprites/draw/SP1_DRAW_LOAD2LBIM
deprecated/spectrum/sprites/draw/SP1_DRAW_LOAD2NR
deprecated/spectrum/sprites/draw/SP1_DRAW_LOAD2RB
deprecated/spectrum/sprites/draw/SP1_DRAW_LOAD2RBIM
deprecated/spectrum/sprites/draw/SP1_DRAW_MASK2
deprecated/spectrum/sprites/draw/SP1_DRAW_MASK2LB
deprecated/spectrum/sprites/draw/SP1_DRAW_MASK2NR
deprecated/spectrum/sprites/draw/SP1_DRAW_MASK2RB
deprecated/spectrum/sprites/draw/SP1_DRAW_OR1
deprecated/spectrum/sprites/draw/SP1_DRAW_OR1LB
deprecated/spectrum/sprites/draw/SP1_DRAW_OR1NR
deprecated/spectrum/sprites/draw/SP1_DRAW_OR1RB
deprecated/spectrum/sprites/draw/SP1_DRAW_OR2
deprecated/spectrum/sprites/draw/SP1_DRAW_OR2LB
deprecated/spectrum/sprites/draw/SP1_DRAW_OR2NR
deprecated/spectrum/sprites/draw/SP1_DRAW_OR2RB
deprecated/spectrum/sprites/draw/SP1_DRAW_XOR1
deprecated/spectrum/sprites/draw/SP1_DRAW_XOR1LB
deprecated/spectrum/sprites/draw/SP1_DRAW_XOR1NR
deprecated/spectrum/sprites/draw/SP1_DRAW_XOR1RB
deprecated/spectrum/sprites/draw/SP1_DRAW_XOR2
deprecated/spectrum/sprites/draw/SP1_DRAW_XOR2LB
deprecated/spectrum/sprites/draw/SP1_DRAW_XOR2NR
deprecated/spectrum/sprites/draw/SP1_DRAW_XOR2RB
deprecated/ts2068hr/tiles/sp1_ClearRect
deprecated/ts2068hr/tiles/sp1_ClearRect_callee
deprecated/ts2068hr/tiles/sp1_ClearRectInv
deprecated/zx81hr/tiles/sp1_ClearRectInv_callee
deprecated/spectrum/tiles/sp1_GetTiles
deprecated/ts2068hr/tiles/sp1_GetTiles_callee
deprecated/ts2068hr/tiles/sp1_PrintAt
deprecated/ts2068hr/tiles/sp1_PrintAt_callee
deprecated/ts2068hr/tiles/sp1_PrintAtInv
deprecated/ts2068hr/tiles/sp1_PrintAtInv_callee
deprecated/spectrum/tiles/sp1_PrintString
deprecated/spectrum/tiles/sp1_PrintString_callee
deprecated/spectrum/tiles/sp1_PutTiles
deprecated/ts2068hr/tiles/sp1_PutTiles_callee
deprecated/spectrum/tiles/sp1_PutTilesInv
deprecated/zx81hr/tiles/sp1_PutTilesInv_callee
deprecated/spectrum/tiles/sp1_ScreenStr
deprecated/ts2068hr/tiles/sp1_ScreenStr_callee
deprecated/spectrum/tiles/sp1_SetPrintPos
deprecated/ts2068hr/tiles/sp1_SetPrintPos_callee
deprecated/spectrum/tiles/sp1_TileEntry
deprecated/spectrum/tiles/sp1_TileEntry_callee
deprecated/zx81hr/tiles/SP1PrintString
deprecated/zx81hr/tiles/SP1PSPOP
deprecated/zx81hr/tiles/SP1PSPUSH
deprecated/spectrum/updater/sp1_DrawUpdateStructAlways
deprecated/spectrum/updater/sp1_DrawUpdateStructIfInv
deprecated/spectrum/updater/sp1_DrawUpdateStructIfNotRem
deprecated/spectrum/updater/sp1_DrawUpdateStructIfVal
deprecated/spectrum/updater/sp1_GetUpdateStruct
deprecated/zx81hr/updater/sp1_GetUpdateStruct_callee
deprecated/ts2068hr/updater/sp1_Initialize
deprecated/zx81hr/updater/sp1_Initialize_callee
deprecated/ts2068hr/updater/sp1_Invalidate
deprecated/ts2068hr/updater/sp1_InvUpdateStruct
deprecated/spectrum/updater/sp1_IterateUpdateArr
deprecated/spectrum/updater/sp1_IterateUpdateArr_callee
deprecated/spectrum/updater/sp1_IterateUpdateRect
deprecated/ts2068hr/updater/sp1_IterateUpdateRect_callee
deprecated/ts2068hr/updater/sp1_RemoveUpdateStruct
deprecated/spectrum/updater/sp1_RestoreUpdateStruct
deprecated/ts2068hr/updater/sp1_UpdateNow
deprecated/ts2068hr/updater/sp1_Validate
deprecated/spectrum/updater/sp1_ValUpdateStruct
deprecated/zx81hr/updater/SP1DrawUpdateStruct
