stdio_atou
stdio_atou_any_stream
stdio_basechar
stdio_buff2caps
stdio_consumesign
stdio_consumews
stdio_getchar
stdio_in_b
stdio_in_bkt
stdio_in_c
stdio_in_d
stdio_in_i
stdio_in_n
stdio_in_o
stdio_in_s
stdio_in_x
stdio_incommon1
stdio_incommon2
stdio_isbdigit
stdio_isdigit
stdio_isodigit
stdio_isspace
stdio_isxdigit
stdio_longnumprec
stdio_numprec
stdio_out_b
stdio_out_c
stdio_out_d
stdio_out_n
stdio_out_o
stdio_out_p
stdio_out_s
stdio_out_u
stdio_out_x
stdio_out_lb
stdio_out_ld
stdio_out_lo
stdio_out_lp
stdio_out_lu
stdio_out_lx
stdio_out_capp
stdio_out_capx
stdio_out_caplp
stdio_out_caplx
stdio_outbuff
stdio_outchar
stdio_outcommon
stdio_outpad
stdio_outsign
stdio_ultoa_any
stdio_ungetchar
stdio_utoa_any
stdio_zeroonstream
t_asprintf
t_printf
t_scanf
t_snprintf
t_sprintf
t_sscanf
t_vasprintf
t_vasprintf_callee
t_vfprintf
t_vfprintf_callee
t_vfscanf
t_vfscanf_callee
t_vsnprintf
t_vsnprintf_callee
t_vsprintf
t_vsprintf_callee
t_vsscanf
t_vsscanf_callee
vfprintf_jumptbl
vfscanf_jumptbl
