input/spectrum/c/sdcc_iy/in_inkey
input/spectrum/c/sdcc_iy/in_key_pressed
input/spectrum/c/sdcc_iy/in_key_scancode
input/spectrum/c/sdcc_iy/in_mouse_amx
input/spectrum/c/sdcc_iy/in_mouse_amx_init
input/spectrum/c/sdcc_iy/in_mouse_amx_reset
input/spectrum/c/sdcc_iy/in_mouse_amx_setpos
input/spectrum/c/sdcc_iy/in_mouse_amx_wheel
input/spectrum/c/sdcc_iy/in_mouse_kempston
input/spectrum/c/sdcc_iy/in_mouse_kempston_init
input/spectrum/c/sdcc_iy/in_mouse_kempston_reset
input/spectrum/c/sdcc_iy/in_mouse_kempston_setpos
input/spectrum/c/sdcc_iy/in_mouse_kempston_wheel
input/spectrum/c/sdcc_iy/in_pause
input/spectrum/c/sdcc_iy/in_stick_cursor
input/spectrum/c/sdcc_iy/in_stick_fuller
input/spectrum/c/sdcc_iy/in_stick_kempston
input/spectrum/c/sdcc_iy/in_stick_keyboard
input/spectrum/c/sdcc_iy/in_stick_sinclair1
input/spectrum/c/sdcc_iy/in_stick_sinclair2
input/spectrum/c/sdcc_iy/in_test_key
input/spectrum/c/sdcc_iy/in_wait_key
input/spectrum/c/sdcc_iy/in_wait_nokey
input/spectrum/z80/in_key_translation_table
input/spectrum/z80/asm_in_mouse_amx
input/spectrum/z80/asm_in_mouse_kempston
input/spectrum/z80/asm_in_test_key
