newlib/stdio/c/sccz80/asprintf
newlib/stdio/c/sccz80/clearerr
newlib/stdio/c/sccz80/clearerr_unlocked
newlib/stdio/c/sccz80/fclose
newlib/stdio/c/sccz80/fclose_unlocked
newlib/stdio/c/sccz80/fdopen
newlib/stdio/c/sccz80/fdopen_callee
newlib/stdio/c/sccz80/feof
newlib/stdio/c/sccz80/feof_unlocked
newlib/stdio/c/sccz80/ferror
newlib/stdio/c/sccz80/ferror_unlocked
newlib/stdio/c/sccz80/fflush
newlib/stdio/c/sccz80/fflush_unlocked
newlib/stdio/c/sccz80/fgetc
newlib/stdio/c/sccz80/fgetc_unlocked
newlib/stdio/c/sccz80/fgetpos
newlib/stdio/c/sccz80/fgetpos_callee
newlib/stdio/c/sccz80/fgetpos_unlocked
newlib/stdio/c/sccz80/fgetpos_unlocked_callee
newlib/stdio/c/sccz80/fgets
newlib/stdio/c/sccz80/fgets_callee
newlib/stdio/c/sccz80/fgets_unlocked
newlib/stdio/c/sccz80/fgets_unlocked_callee
newlib/stdio/c/sccz80/fileno
newlib/stdio/c/sccz80/fileno_unlocked
newlib/stdio/c/sccz80/flockfile
newlib/stdio/c/sccz80/fmemopen
newlib/stdio/c/sccz80/fmemopen_callee
newlib/stdio/c/sccz80/fopen
newlib/stdio/c/sccz80/fopen_callee
newlib/stdio/c/sccz80/fprintf
newlib/stdio/c/sccz80/fprintf_unlocked
newlib/stdio/c/sccz80/fputc
newlib/stdio/c/sccz80/fputc_callee
newlib/stdio/c/sccz80/fputc_unlocked
newlib/stdio/c/sccz80/fputc_unlocked_callee
newlib/stdio/c/sccz80/fputs
newlib/stdio/c/sccz80/fputs_callee
newlib/stdio/c/sccz80/fputs_unlocked
newlib/stdio/c/sccz80/fputs_unlocked_callee
newlib/stdio/c/sccz80/fread
newlib/stdio/c/sccz80/fread_callee
newlib/stdio/c/sccz80/fread_unlocked
newlib/stdio/c/sccz80/fread_unlocked_callee
newlib/stdio/c/sccz80/freopen
newlib/stdio/c/sccz80/freopen_callee
newlib/stdio/c/sccz80/freopen_unlocked
newlib/stdio/c/sccz80/freopen_unlocked_callee
newlib/stdio/c/sccz80/fscanf
newlib/stdio/c/sccz80/fscanf_unlocked
newlib/stdio/c/sccz80/fseek
newlib/stdio/c/sccz80/fseek_callee
newlib/stdio/c/sccz80/fseek_unlocked
newlib/stdio/c/sccz80/fseek_unlocked_callee
newlib/stdio/c/sccz80/fsetpos
newlib/stdio/c/sccz80/fsetpos_callee
newlib/stdio/c/sccz80/fsetpos_unlocked
newlib/stdio/c/sccz80/fsetpos_unlocked_callee
newlib/stdio/c/sccz80/ftell
newlib/stdio/c/sccz80/ftell_unlocked
newlib/stdio/c/sccz80/ftrylockfile
newlib/stdio/c/sccz80/funlockfile
newlib/stdio/c/sccz80/fwrite
newlib/stdio/c/sccz80/fwrite_callee
newlib/stdio/c/sccz80/fwrite_unlocked
newlib/stdio/c/sccz80/fwrite_unlocked_callee
newlib/stdio/c/sccz80/getc
newlib/stdio/c/sccz80/getchar
newlib/stdio/c/sccz80/getchar_unlocked
newlib/stdio/c/sccz80/getc_unlocked
newlib/stdio/c/sccz80/getdelim
newlib/stdio/c/sccz80/getdelim_callee
newlib/stdio/c/sccz80/getdelim_unlocked
newlib/stdio/c/sccz80/getdelim_unlocked_callee
newlib/stdio/c/sccz80/getline
newlib/stdio/c/sccz80/getline_callee
newlib/stdio/c/sccz80/getline_unlocked
newlib/stdio/c/sccz80/getline_unlocked_callee
newlib/stdio/c/sccz80/gets
newlib/stdio/c/sccz80/gets_unlocked
newlib/stdio/c/sccz80/obstack_printf
newlib/stdio/c/sccz80/obstack_vprintf
newlib/stdio/c/sccz80/obstack_vprintf_callee
newlib/stdio/c/sccz80/open_memstream
newlib/stdio/c/sccz80/open_memstream_callee
newlib/stdio/c/sccz80/perror
newlib/stdio/c/sccz80/printf
newlib/stdio/c/sccz80/printf_unlocked
newlib/stdio/c/sccz80/putc
newlib/stdio/c/sccz80/putchar
newlib/stdio/c/sccz80/putchar_unlocked
newlib/stdio/c/sccz80/putc_callee
newlib/stdio/c/sccz80/putc_unlocked
newlib/stdio/c/sccz80/putc_unlocked_callee
newlib/stdio/c/sccz80/puts
newlib/stdio/c/sccz80/puts_unlocked
newlib/stdio/c/sccz80/rewind
newlib/stdio/c/sccz80/rewind_unlocked
newlib/stdio/c/sccz80/scanf
newlib/stdio/c/sccz80/scanf_unlocked
newlib/stdio/c/sccz80/snprintf
newlib/stdio/c/sccz80/sprintf
newlib/stdio/c/sccz80/sscanf
newlib/stdio/c/sccz80/ungetc
newlib/stdio/c/sccz80/ungetc_callee
newlib/stdio/c/sccz80/ungetc_unlocked
newlib/stdio/c/sccz80/ungetc_unlocked_callee
newlib/stdio/c/sccz80/vasprintf
newlib/stdio/c/sccz80/vasprintf_callee
newlib/stdio/c/sccz80/vfprintf
newlib/stdio/c/sccz80/vfprintf_callee
newlib/stdio/c/sccz80/vfprintf_unlocked
newlib/stdio/c/sccz80/vfprintf_unlocked_callee
newlib/stdio/c/sccz80/vfscanf
newlib/stdio/c/sccz80/vfscanf_callee
newlib/stdio/c/sccz80/vfscanf_unlocked
newlib/stdio/c/sccz80/vfscanf_unlocked_callee
newlib/stdio/c/sccz80/vprintf
newlib/stdio/c/sccz80/vprintf_callee
newlib/stdio/c/sccz80/vprintf_unlocked
newlib/stdio/c/sccz80/vprintf_unlocked_callee
newlib/stdio/c/sccz80/vscanf
newlib/stdio/c/sccz80/vscanf_callee
newlib/stdio/c/sccz80/vscanf_unlocked
newlib/stdio/c/sccz80/vscanf_unlocked_callee
newlib/stdio/c/sccz80/vsnprintf
newlib/stdio/c/sccz80/vsnprintf_callee
newlib/stdio/c/sccz80/vsprintf
newlib/stdio/c/sccz80/vsprintf_callee
newlib/stdio/c/sccz80/vsscanf
newlib/stdio/c/sccz80/vsscanf_callee
newlib/stdio/c/sccz80/_fmemopen_
newlib/stdio/c/sccz80/_fmemopen__callee
@newlib/stdio/stdio_asm.lst
