newlib/stdio/c/sdcc_iy/asprintf
newlib/stdio/c/sdcc_iy/clearerr
newlib/stdio/c/sdcc_iy/clearerr_fastcall
newlib/stdio/c/sdcc_iy/clearerr_unlocked
newlib/stdio/c/sdcc_iy/clearerr_unlocked_fastcall
newlib/stdio/c/sdcc_iy/fclose
newlib/stdio/c/sdcc_iy/fclose_fastcall
newlib/stdio/c/sdcc_iy/fclose_unlocked
newlib/stdio/c/sdcc_iy/fclose_unlocked_fastcall
newlib/stdio/c/sdcc_iy/fdopen
newlib/stdio/c/sdcc_iy/fdopen_callee
newlib/stdio/c/sdcc_iy/feof
newlib/stdio/c/sdcc_iy/feof_fastcall
newlib/stdio/c/sdcc_iy/feof_unlocked
newlib/stdio/c/sdcc_iy/feof_unlocked_fastcall
newlib/stdio/c/sdcc_iy/ferror
newlib/stdio/c/sdcc_iy/ferror_fastcall
newlib/stdio/c/sdcc_iy/ferror_unlocked
newlib/stdio/c/sdcc_iy/ferror_unlocked_fastcall
newlib/stdio/c/sdcc_iy/fflush
newlib/stdio/c/sdcc_iy/fflush_fastcall
newlib/stdio/c/sdcc_iy/fflush_unlocked
newlib/stdio/c/sdcc_iy/fflush_unlocked_fastcall
newlib/stdio/c/sdcc_iy/fgetc
newlib/stdio/c/sdcc_iy/fgetc_fastcall
newlib/stdio/c/sdcc_iy/fgetc_unlocked
newlib/stdio/c/sdcc_iy/fgetc_unlocked_fastcall
newlib/stdio/c/sdcc_iy/fgetpos
newlib/stdio/c/sdcc_iy/fgetpos_callee
newlib/stdio/c/sdcc_iy/fgetpos_unlocked
newlib/stdio/c/sdcc_iy/fgetpos_unlocked_callee
newlib/stdio/c/sdcc_iy/fgets
newlib/stdio/c/sdcc_iy/fgets_callee
newlib/stdio/c/sdcc_iy/fgets_unlocked
newlib/stdio/c/sdcc_iy/fgets_unlocked_callee
newlib/stdio/c/sdcc_iy/fileno
newlib/stdio/c/sdcc_iy/fileno_fastcall
newlib/stdio/c/sdcc_iy/fileno_unlocked
newlib/stdio/c/sdcc_iy/fileno_unlocked_fastcall
newlib/stdio/c/sdcc_iy/flockfile
newlib/stdio/c/sdcc_iy/flockfile_fastcall
newlib/stdio/c/sdcc_iy/fmemopen
newlib/stdio/c/sdcc_iy/fmemopen_callee
newlib/stdio/c/sdcc_iy/fopen
newlib/stdio/c/sdcc_iy/fopen_callee
newlib/stdio/c/sdcc_iy/fprintf
newlib/stdio/c/sdcc_iy/fprintf_unlocked
newlib/stdio/c/sdcc_iy/fputc
newlib/stdio/c/sdcc_iy/fputc_callee
newlib/stdio/c/sdcc_iy/fputc_unlocked
newlib/stdio/c/sdcc_iy/fputc_unlocked_callee
newlib/stdio/c/sdcc_iy/fputs
newlib/stdio/c/sdcc_iy/fputs_callee
newlib/stdio/c/sdcc_iy/fputs_unlocked
newlib/stdio/c/sdcc_iy/fputs_unlocked_callee
newlib/stdio/c/sdcc_iy/fread
newlib/stdio/c/sdcc_iy/fread_callee
newlib/stdio/c/sdcc_iy/fread_unlocked
newlib/stdio/c/sdcc_iy/fread_unlocked_callee
newlib/stdio/c/sdcc_iy/freopen
newlib/stdio/c/sdcc_iy/freopen_callee
newlib/stdio/c/sdcc_iy/freopen_unlocked
newlib/stdio/c/sdcc_iy/freopen_unlocked_callee
newlib/stdio/c/sdcc_iy/fscanf
newlib/stdio/c/sdcc_iy/fscanf_unlocked
newlib/stdio/c/sdcc_iy/fseek
newlib/stdio/c/sdcc_iy/fseek_callee
newlib/stdio/c/sdcc_iy/fseek_unlocked
newlib/stdio/c/sdcc_iy/fseek_unlocked_callee
newlib/stdio/c/sdcc_iy/fsetpos
newlib/stdio/c/sdcc_iy/fsetpos_callee
newlib/stdio/c/sdcc_iy/fsetpos_unlocked
newlib/stdio/c/sdcc_iy/fsetpos_unlocked_callee
newlib/stdio/c/sdcc_iy/ftell
newlib/stdio/c/sdcc_iy/ftell_fastcall
newlib/stdio/c/sdcc_iy/ftell_unlocked
newlib/stdio/c/sdcc_iy/ftell_unlocked_fastcall
newlib/stdio/c/sdcc_iy/ftrylockfile
newlib/stdio/c/sdcc_iy/ftrylockfile_fastcall
newlib/stdio/c/sdcc_iy/funlockfile
newlib/stdio/c/sdcc_iy/funlockfile_fastcall
newlib/stdio/c/sdcc_iy/fwrite
newlib/stdio/c/sdcc_iy/fwrite_callee
newlib/stdio/c/sdcc_iy/fwrite_unlocked
newlib/stdio/c/sdcc_iy/fwrite_unlocked_callee
newlib/stdio/c/sdcc_iy/getc
newlib/stdio/c/sdcc_iy/getc_fastcall
newlib/stdio/c/sdcc_iy/getchar
newlib/stdio/c/sdcc_iy/getchar_unlocked
newlib/stdio/c/sdcc_iy/getc_unlocked
newlib/stdio/c/sdcc_iy/getc_unlocked_fastcall
newlib/stdio/c/sdcc_iy/getdelim
newlib/stdio/c/sdcc_iy/getdelim_callee
newlib/stdio/c/sdcc_iy/getdelim_unlocked
newlib/stdio/c/sdcc_iy/getdelim_unlocked_callee
newlib/stdio/c/sdcc_iy/getline
newlib/stdio/c/sdcc_iy/getline_callee
newlib/stdio/c/sdcc_iy/getline_unlocked
newlib/stdio/c/sdcc_iy/getline_unlocked_callee
newlib/stdio/c/sdcc_iy/gets
newlib/stdio/c/sdcc_iy/gets_fastcall
newlib/stdio/c/sdcc_iy/gets_unlocked
newlib/stdio/c/sdcc_iy/gets_unlocked_fastcall
newlib/stdio/c/sdcc_iy/obstack_printf
newlib/stdio/c/sdcc_iy/obstack_vprintf
newlib/stdio/c/sdcc_iy/obstack_vprintf_callee
newlib/stdio/c/sdcc_iy/open_memstream
newlib/stdio/c/sdcc_iy/open_memstream_callee
newlib/stdio/c/sdcc_iy/perror
newlib/stdio/c/sdcc_iy/perror_fastcall
newlib/stdio/c/sdcc_iy/printf
newlib/stdio/c/sdcc_iy/printf_unlocked
newlib/stdio/c/sdcc_iy/putc
newlib/stdio/c/sdcc_iy/putc_callee
newlib/stdio/c/sdcc_iy/putchar
newlib/stdio/c/sdcc_iy/putchar_fastcall
newlib/stdio/c/sdcc_iy/putchar_unlocked
newlib/stdio/c/sdcc_iy/putchar_unlocked_fastcall
newlib/stdio/c/sdcc_iy/putc_unlocked
newlib/stdio/c/sdcc_iy/putc_unlocked_callee
newlib/stdio/c/sdcc_iy/puts
newlib/stdio/c/sdcc_iy/puts_fastcall
newlib/stdio/c/sdcc_iy/puts_unlocked
newlib/stdio/c/sdcc_iy/puts_unlocked_fastcall
newlib/stdio/c/sdcc_iy/rewind
newlib/stdio/c/sdcc_iy/rewind_fastcall
newlib/stdio/c/sdcc_iy/rewind_unlocked
newlib/stdio/c/sdcc_iy/rewind_unlocked_fastcall
newlib/stdio/c/sdcc_iy/scanf
newlib/stdio/c/sdcc_iy/scanf_unlocked
newlib/stdio/c/sdcc_iy/snprintf
newlib/stdio/c/sdcc_iy/sprintf
newlib/stdio/c/sdcc_iy/sscanf
newlib/stdio/c/sdcc_iy/ungetc
newlib/stdio/c/sdcc_iy/ungetc_callee
newlib/stdio/c/sdcc_iy/ungetc_unlocked
newlib/stdio/c/sdcc_iy/ungetc_unlocked_callee
newlib/stdio/c/sdcc_iy/vasprintf
newlib/stdio/c/sdcc_iy/vasprintf_callee
newlib/stdio/c/sdcc_iy/vfprintf
newlib/stdio/c/sdcc_iy/vfprintf_callee
newlib/stdio/c/sdcc_iy/vfprintf_unlocked
newlib/stdio/c/sdcc_iy/vfprintf_unlocked_callee
newlib/stdio/c/sdcc_iy/vfscanf
newlib/stdio/c/sdcc_iy/vfscanf_callee
newlib/stdio/c/sdcc_iy/vfscanf_unlocked
newlib/stdio/c/sdcc_iy/vfscanf_unlocked_callee
newlib/stdio/c/sdcc_iy/vprintf
newlib/stdio/c/sdcc_iy/vprintf_callee
newlib/stdio/c/sdcc_iy/vprintf_unlocked
newlib/stdio/c/sdcc_iy/vprintf_unlocked_callee
newlib/stdio/c/sdcc_iy/vscanf
newlib/stdio/c/sdcc_iy/vscanf_callee
newlib/stdio/c/sdcc_iy/vscanf_unlocked
newlib/stdio/c/sdcc_iy/vscanf_unlocked_callee
newlib/stdio/c/sdcc_iy/vsnprintf
newlib/stdio/c/sdcc_iy/vsnprintf_callee
newlib/stdio/c/sdcc_iy/vsprintf
newlib/stdio/c/sdcc_iy/vsprintf_callee
newlib/stdio/c/sdcc_iy/vsscanf
newlib/stdio/c/sdcc_iy/vsscanf_callee
newlib/stdio/c/sdcc_iy/_fmemopen_
newlib/stdio/c/sdcc_iy/_fmemopen__callee
@newlib/stdio/stdio_asm.lst
