math/float/math32/lm32/z80/asm_addf
math/float/math32/lm32/z80/asm_ceilf
math/float/math32/lm32/z80/asm_divf
math/float/math32/lm32/z80/asm_div2f
math/float/math32/lm32/z80/asm_fabsf
math/float/math32/lm32/z80/asm_floorf
math/float/math32/lm32/z80/asm_fmaxf
math/float/math32/lm32/z80/asm_fminf
math/float/math32/lm32/z80/asm_fpclassifyf
math/float/math32/lm32/z80/asm_hypotf
math/float/math32/lm32/z80/asm_invf
math/float/math32/lm32/z80/asm_invsqrtf
math/float/math32/lm32/z80/asm_mulf
math/float/math32/lm32/z80/asm_mul2f
math/float/math32/lm32/z80/asm_negf
math/float/math32/lm32/z80/asm_polyf
math/float/math32/lm32/z80/asm_sqrf
math/float/math32/lm32/z80/asm_sqrtf
math/float/math32/lm32/z80/asm_subf
math/float/math32/lm32/z80/asm_zerof

math/float/math32/z80/d32_fsadd
math/float/math32/z80/d32_fsconv
math/float/math32/z80/d32_fsnormalize
math/float/math32/z80/d32_fsutil
math/float/math32/z80/f32_f2long
math/float/math32/z80/f32_fabs
math/float/math32/z80/f32_floor
math/float/math32/z80/f32_fpclassify
math/float/math32/z80/f32_fsceil
math/float/math32/z80/f32_fscompare_callee
math/float/math32/z80/f32_fsdiv
math/float/math32/z80/f32_fsdiv2
math/float/math32/z80/f32_fsfrexp
math/float/math32/z80/f32_fshypot
math/float/math32/z80/f32_fsldexp
math/float/math32/z80/f32_fsmul
math/float/math32/z80/f32_fsmul2
math/float/math32/z80/f32_fspoly
math/float/math32/z80/f32_fssqr
math/float/math32/z80/f32_fssqrt
math/float/math32/z80/f32_fsunity
