math/float/math32/c/sdcc/cm32_sdcc_fsadd
math/float/math32/c/sdcc/cm32_sdcc_fsadd_callee
math/float/math32/c/sdcc/cm32_sdcc_fsdiv
math/float/math32/c/sdcc/cm32_sdcc_fsdiv_callee
math/float/math32/c/sdcc/cm32_sdcc_fsinv
math/float/math32/c/sdcc/cm32_sdcc_fsinv_fastcall
math/float/math32/c/sdcc/cm32_sdcc_fsinvsqrt
math/float/math32/c/sdcc/cm32_sdcc_fsinvsqrt_fastcall
math/float/math32/c/sdcc/cm32_sdcc_fssqr
math/float/math32/c/sdcc/cm32_sdcc_fssqr_fastcall
math/float/math32/c/sdcc/cm32_sdcc_fsload
math/float/math32/c/sdcc/cm32_sdcc_fsmax
math/float/math32/c/sdcc/cm32_sdcc_fsmax_fastcall
math/float/math32/c/sdcc/cm32_sdcc_fsmin
math/float/math32/c/sdcc/cm32_sdcc_fsmin_fastcall
math/float/math32/c/sdcc/cm32_sdcc_fsmul
math/float/math32/c/sdcc/cm32_sdcc_fsmul_callee
math/float/math32/c/sdcc/cm32_sdcc_fsneg
math/float/math32/c/sdcc/cm32_sdcc_fsneg_fastcall
math/float/math32/c/sdcc/cm32_sdcc_fspoly
math/float/math32/c/sdcc/cm32_sdcc_fspoly_callee
math/float/math32/c/sdcc/cm32_sdcc_fsread
math/float/math32/c/sdcc/cm32_sdcc_fsread_callee
math/float/math32/c/sdcc/cm32_sdcc_fssqrt
math/float/math32/c/sdcc/cm32_sdcc_fssqrt_fastcall
math/float/math32/c/sdcc/cm32_sdcc_fssub
math/float/math32/c/sdcc/cm32_sdcc_fssub_callee
math/float/math32/c/sdcc/cm32_sdcc_fszero
math/float/math32/c/sdcc/cm32_sdcc_fszero_fastcall
