@target/zx81/input_zx81.lst
target/zx80/obj/zx80/x/target/zx80/stdio/fgetc_cons.o
target/zx80/obj/zx80/x/target/zx80/stdio/getk.o
target/zx80/obj/zx80/x/target/zx80/stdio/zx80_decode_keys.o
target/zx81/obj/zx80/x/target/zx81/stdio/fputc_cons.o
target/zx81/obj/zx80/x/target/zx81/stdio/generic_console.o
target/zx80/obj/zx80/target/zx80/stdlib/sleep.o
@classic/stdio/ansicore.lst
target/zx81/stdio/ansi_text/f_ansi_bel
target/zx81/stdio/ansi_text/f_ansi_attr
target/zx81/stdio/ansi_text/f_ansi_char
target/zx81/stdio/ansi_text/f_ansi_cls
target/zx81/stdio/ansi_text/f_ansi_dline
target/zx81/stdio/ansi_text/f_ansi_scrollup
@classic/stdio/stdio.lst
target/zx81/obj/zx80/x/target/zx81/time/clock.o
target/zx81/obj/zx80/x/target/zx81/graphics/clsgraph.o
target/zx81/obj/zx80/x/target/zx81/graphics/scrollup_4px.o
target/zx80/obj/zx80/x/target/zx80/graphics/zx_hardcopy.o
target/zx80/obj/zx80/x/target/zx80/graphics/textpixl.o
target/zx80/obj/zx80/x/target/zx80/graphics/plotpixl.o
target/zx80/obj/zx80/x/target/zx80/graphics/respixl.o
target/zx80/obj/zx80/x/target/zx80/graphics/xorpixl.o
target/zx80/obj/zx80/x/target/zx80/graphics/pointxy.o
@classic/gfx/narrow/gfx_narrow.lst
@target/zx81/arch_zx81.lst
target/zx81/obj/zx80/x/target/zx81/psg/set_psg.o
target/zx81/obj/zx80/x/target/zx81/psg/set_psg_callee.o
target/zx81/obj/zx80/x/target/zx81/psg/get_psg.o
target/zx81/obj/zx80/x/target/zx81/psg/psg_init.o
sound/ay/obj/${TYPE}/**/*.o
