newlib/alloc/malloc/c/sdcc_ix/aligned_alloc
newlib/alloc/malloc/c/sdcc_ix/aligned_alloc_callee
newlib/alloc/malloc/c/sdcc_ix/aligned_alloc_unlocked
newlib/alloc/malloc/c/sdcc_ix/aligned_alloc_unlocked_callee
newlib/alloc/malloc/c/sdcc_ix/calloc
newlib/alloc/malloc/c/sdcc_ix/calloc_callee
newlib/alloc/malloc/c/sdcc_ix/calloc_unlocked
newlib/alloc/malloc/c/sdcc_ix/calloc_unlocked_callee
newlib/alloc/malloc/c/sdcc_ix/free
newlib/alloc/malloc/c/sdcc_ix/free_fastcall
newlib/alloc/malloc/c/sdcc_ix/free_unlocked
newlib/alloc/malloc/c/sdcc_ix/free_unlocked_fastcall
newlib/alloc/malloc/c/sdcc_ix/heap_alloc
newlib/alloc/malloc/c/sdcc_ix/heap_alloc_callee
newlib/alloc/malloc/c/sdcc_ix/heap_alloc_aligned
newlib/alloc/malloc/c/sdcc_ix/heap_alloc_aligned_callee
newlib/alloc/malloc/c/sdcc_ix/heap_alloc_aligned_unlocked
newlib/alloc/malloc/c/sdcc_ix/heap_alloc_aligned_unlocked_callee
newlib/alloc/malloc/c/sdcc_ix/heap_alloc_fixed
newlib/alloc/malloc/c/sdcc_ix/heap_alloc_fixed_callee
newlib/alloc/malloc/c/sdcc_ix/heap_alloc_fixed_unlocked
newlib/alloc/malloc/c/sdcc_ix/heap_alloc_fixed_unlocked_callee
newlib/alloc/malloc/c/sdcc_ix/heap_alloc_unlocked
newlib/alloc/malloc/c/sdcc_ix/heap_alloc_unlocked_callee
newlib/alloc/malloc/c/sdcc_ix/heap_calloc
newlib/alloc/malloc/c/sdcc_ix/heap_calloc_callee
newlib/alloc/malloc/c/sdcc_ix/heap_calloc_unlocked
newlib/alloc/malloc/c/sdcc_ix/heap_calloc_unlocked_callee
newlib/alloc/malloc/c/sdcc_ix/heap_destroy
newlib/alloc/malloc/c/sdcc_ix/heap_destroy_fastcall
newlib/alloc/malloc/c/sdcc_ix/heap_free
newlib/alloc/malloc/c/sdcc_ix/heap_free_callee
newlib/alloc/malloc/c/sdcc_ix/heap_free_unlocked
newlib/alloc/malloc/c/sdcc_ix/heap_free_unlocked_callee
newlib/alloc/malloc/c/sdcc_ix/heap_info
newlib/alloc/malloc/c/sdcc_ix/heap_info_callee
newlib/alloc/malloc/c/sdcc_ix/heap_info_unlocked
newlib/alloc/malloc/c/sdcc_ix/heap_info_unlocked_callee
newlib/alloc/malloc/c/sdcc_ix/heap_init
newlib/alloc/malloc/c/sdcc_ix/heap_init_callee
newlib/alloc/malloc/c/sdcc_ix/heap_realloc
newlib/alloc/malloc/c/sdcc_ix/heap_realloc_callee
newlib/alloc/malloc/c/sdcc_ix/heap_realloc_unlocked
newlib/alloc/malloc/c/sdcc_ix/heap_realloc_unlocked_callee
newlib/alloc/malloc/c/sdcc_ix/malloc
newlib/alloc/malloc/c/sdcc_ix/malloc_fastcall
newlib/alloc/malloc/c/sdcc_ix/malloc_unlocked
newlib/alloc/malloc/c/sdcc_ix/malloc_unlocked_fastcall
newlib/alloc/malloc/c/sdcc_ix/memalign
newlib/alloc/malloc/c/sdcc_ix/memalign_callee
newlib/alloc/malloc/c/sdcc_ix/memalign_unlocked
newlib/alloc/malloc/c/sdcc_ix/memalign_unlocked_callee
newlib/alloc/malloc/c/sdcc_ix/posix_memalign
newlib/alloc/malloc/c/sdcc_ix/posix_memalign_callee
newlib/alloc/malloc/c/sdcc_ix/posix_memalign_unlocked
newlib/alloc/malloc/c/sdcc_ix/posix_memalign_unlocked_callee
newlib/alloc/malloc/c/sdcc_ix/realloc
newlib/alloc/malloc/c/sdcc_ix/realloc_callee
newlib/alloc/malloc/c/sdcc_ix/realloc_unlocked
newlib/alloc/malloc/c/sdcc_ix/realloc_unlocked_callee
newlib/alloc/malloc/c/sdcc_ix/_falloc_
newlib/alloc/malloc/c/sdcc_ix/_falloc__callee
newlib/alloc/malloc/c/sdcc_ix/_falloc__unlocked
newlib/alloc/malloc/c/sdcc_ix/_falloc__unlocked_callee
@newlib/alloc/malloc/malloc_asm.lst
