target/osca/obj/${TARGET}/x/target/osca/stdio/fputc_cons.o
target/osca/obj/${TARGET}/x/target/osca/stdio/fgetc_cons.o
target/osca/obj/${TARGET}/x/target/osca/stdio/getk.o
@classic/stdio/ansicore.lst
target/osca/obj/${TARGET}/x/target/osca/stdio/ansi/f_ansi_attr.o
target/osca/obj/${TARGET}/x/target/osca/stdio/ansi/f_ansi_bel.o
target/osca/obj/${TARGET}/x/target/osca/stdio/ansi/f_ansi_char.o
target/osca/obj/${TARGET}/x/target/osca/stdio/ansi/f_ansi_cls.o
classic/stdio/obj/${TYPE}/ansi/generic/f_ansi_dline
target/osca/obj/${TARGET}/x/target/osca/stdio/ansi/f_ansi_scrollup.o
@classic/stdio/stdio.lst
classic/gfx/wide/obj/osca/w_dcircle_square.asm
target/osca/obj/${TARGET}/x/target/osca/graphics/drawb.o
target/osca/obj/${TARGET}/x/target/osca/graphics/undrawb.o
target/osca/obj/${TARGET}/x/target/osca/graphics/xorborder.o
target/osca/obj/${TARGET}/x/target/osca/graphics/clg.o
target/osca/obj/${TARGET}/x/target/osca/graphics/w_clga.o
target/osca/obj/${TARGET}/x/target/osca/graphics/w_pixladdr.o
target/osca/obj/${TARGET}/x/target/osca/graphics/fill.o
target/osca/obj/${TARGET}/x/target/osca/graphics/swapgfxbk.o
target/osca/obj/${TARGET}/x/target/osca/graphics/w_putsprite.o
target/osca/obj/${TARGET}/x/target/osca/graphics/w_stencil_render.o
target/osca/obj/${TARGET}/x/target/osca/graphics/cclg.o
target/osca/obj/${TARGET}/x/target/osca/graphics/cplot.o
target/osca/obj/${TARGET}/x/target/osca/graphics/cplot_callee.o
target/osca/obj/${TARGET}/x/target/osca/graphics/cplotpixel.o
@classic/gfx/wide/gfx_wide.lst
target/osca/obj/${TARGET}/x/target/osca/games/joystick.o
@classic/games/games.lst
target/osca/obj/${TARGET}/x/target/osca/time/clock.o
target/osca/obj/${TARGET}/x/target/osca/osca/flos_paper.o
target/osca/obj/${TARGET}/x/target/osca/osca/get_pen.o
target/osca/obj/${TARGET}/x/target/osca/osca/set_pen.o
target/osca/obj/${TARGET}/x/target/osca/osca/flos_get_input_string.o
target/osca/obj/${TARGET}/x/target/osca/osca/osca_version.o
target/osca/obj/${TARGET}/x/target/osca/osca/flos_version.o
target/osca/obj/${TARGET}/x/target/osca/osca/flos_err.o
target/osca/obj/${TARGET}/x/target/osca/osca/page_in_video.o
target/osca/obj/${TARGET}/x/target/osca/osca/page_out_video.o
target/osca/obj/${TARGET}/x/target/osca/osca/osca_set_palette.o
target/osca/obj/${TARGET}/x/target/osca/osca/wait_vrt.o
target/osca/obj/${TARGET}/x/target/osca/osca/change_volume.o
target/osca/obj/${TARGET}/x/target/osca/osca/check_volume_format.o
target/osca/obj/${TARGET}/x/target/osca/osca/find_file.o
target/osca/obj/${TARGET}/x/target/osca/osca/find_file_callee.o
target/osca/obj/${TARGET}/x/target/osca/osca/file_sector_list.o
target/osca/obj/${TARGET}/x/target/osca/osca/write_bytes_to_file.o
target/osca/obj/${TARGET}/x/target/osca/osca/create_file.o
target/osca/obj/${TARGET}/x/target/osca/osca/erase_file.o
target/osca/obj/${TARGET}/x/target/osca/osca/rename_file.o
target/osca/obj/${TARGET}/x/target/osca/osca/rename_file_callee.o
target/osca/obj/${TARGET}/x/target/osca/osca/set_load_length.o
target/osca/obj/${TARGET}/x/target/osca/osca/set_file_pointer.o
target/osca/obj/${TARGET}/x/target/osca/osca/set_load_length.o
target/osca/obj/${TARGET}/x/target/osca/osca/force_load.o
target/osca/obj/${TARGET}/x/target/osca/osca/force_load_callee.o
target/osca/obj/${TARGET}/x/target/osca/osca/get_current_volume.o
target/osca/obj/${TARGET}/x/target/osca/osca/get_device_list.o
target/osca/obj/${TARGET}/x/target/osca/osca/get_device_count.o
target/osca/obj/${TARGET}/x/target/osca/osca/get_device_info.o
target/osca/obj/${TARGET}/x/target/osca/osca/get_driver_list.o
target/osca/obj/${TARGET}/x/target/osca/osca/get_file_size.o
target/osca/obj/${TARGET}/x/target/osca/osca/get_first_file_cluster.o
target/osca/obj/${TARGET}/x/target/osca/osca/get_total_sectors.o
target/osca/obj/${TARGET}/x/target/osca/osca/get_volume_count.o
target/osca/obj/${TARGET}/x/target/osca/osca/get_volume_list.o
target/osca/obj/${TARGET}/x/target/osca/osca/delete_dir.o
target/osca/obj/${TARGET}/x/target/osca/osca/make_dir.o
target/osca/obj/${TARGET}/x/target/osca/osca/parent_dir.o
target/osca/obj/${TARGET}/x/target/osca/osca/root_dir.o
target/osca/obj/${TARGET}/x/target/osca/osca/dir_move_first.o
target/osca/obj/${TARGET}/x/target/osca/osca/dir_move_next.o
target/osca/obj/${TARGET}/x/target/osca/osca/dir_get_entry_name.o
target/osca/obj/${TARGET}/x/target/osca/osca/dir_get_entry_size.o
target/osca/obj/${TARGET}/x/target/osca/osca/dir_get_entry_type.o
target/osca/obj/${TARGET}/x/target/osca/osca/get_dir_name.o
target/osca/obj/${TARGET}/x/target/osca/osca/store_dir_position.o
target/osca/obj/${TARGET}/x/target/osca/osca/restore_dir_position.o
target/osca/obj/${TARGET}/x/target/osca/osca/change_dir.o
target/osca/obj/${TARGET}/x/target/osca/osca/get_bank.o
target/osca/obj/${TARGET}/x/target/osca/osca/set_bank.o
target/osca/obj/${TARGET}/x/target/osca/osca/inc_bank.o
target/osca/obj/${TARGET}/x/target/osca/sdcard/sd_read_sector_main.o
target/osca/obj/${TARGET}/x/target/osca/sdcard/pause_4ms.o
target/osca/obj/${TARGET}/x/target/osca/sdcard/sd_select_card.o
target/osca/obj/${TARGET}/x/target/osca/sdcard/sd_deselect_card.o
target/osca/obj/${TARGET}/x/target/osca/sdcard/sd_get_byte.o
target/osca/obj/${TARGET}/x/target/osca/sdcard/sd_power_off.o
target/osca/obj/${TARGET}/x/target/osca/sdcard/sd_power_on.o
target/osca/obj/${TARGET}/x/target/osca/sdcard/sd_select_card.o
target/osca/obj/${TARGET}/x/target/osca/sdcard/sd_send_byte.o
target/osca/obj/${TARGET}/x/target/osca/sdcard/sd_spi_port_fast.o
@classic/sdcard/sdcard.lst

