target/zx81/obj/${TARGET}/x/target/zx81/zx81/cnvtab.o
target/zx81/obj/${TARGET}/x/target/zx81/zx81/filltxt.o
target/zx81/obj/${TARGET}/x/target/zx81/zx81/rollchr.o
target/zx81/obj/${TARGET}/x/target/zx81/zx81/gen_tv_field_init.o
target/zx81/obj/${TARGET}/x/target/zx81/zx81/gen_tv_field.o
target/zx81/obj/${TARGET}/x/target/zx81/zx81/invtxt.o
target/zx81/obj/${TARGET}/x/target/zx81/zx81/mirrortxt.o
target/zx81/obj/${TARGET}/x/target/zx81/zx81/scrolluptxt.o
target/zx81/obj/${TARGET}/x/target/zx81/zx81/scrolldowntxt.o
target/zx81/obj/${TARGET}/x/target/zx81/zx81/zx_cls.o
target/zx81/obj/${TARGET}/x/target/zx81/zx81/zx_topleft.o
target/zx81/obj/${TARGET}/x/target/zx81/zx81/zx81toasc.o
target/zx81/obj/${TARGET}/x/target/zx81/zx81/asctozx81.o
target/zx81/obj/${TARGET}/x/target/zx81/zx81/zx_ascii.o
target/zx81/obj/${TARGET}/x/target/zx81/zx81/ascii_zx.o
target/zx81/obj/${TARGET}/x/target/zx81/zx81/zx_asciimode.o
target/zx81/obj/${TARGET}/x/target/zx81/zx81/zx_break.o
target/zx81/obj/${TARGET}/x/target/zx81/zx81/zx_coord_adj.o
target/zx81/obj/${TARGET}/x/target/zx81/zx81/zx_dfile_addr.o
target/zx81/obj/${TARGET}/x/target/zx81/zx81/zx_setcursorpos.o
target/zx81/obj/${TARGET}/x/target/zx81/zx81/zx_setcursorpos_callee.o
target/zx81/obj/${TARGET}/x/target/zx81/zx81/zx_lprintc.o
target/zx81/obj/${TARGET}/x/target/zx81/zx81/zx_lprintc5.o
target/zx81/obj/${TARGET}/x/target/zx81/zx81/zx_print_buf.o
target/zx81/obj/${TARGET}/x/target/zx81/zx81/basic/zx_basemem.o
target/zx81/obj/${TARGET}/x/target/zx81/zx81/basic/zx_basic_length.o
target/zx81/obj/${TARGET}/x/target/zx81/zx81/basic/zx_getint.o
target/zx81/obj/${TARGET}/x/target/zx81/zx81/basic/zx_getstr.o
target/zx81/obj/${TARGET}/x/target/zx81/zx81/basic/zx_getstr_callee.o
target/zx81/obj/${TARGET}/x/target/zx81/zx81/basic/zx_goto.o
target/zx81/obj/${TARGET}/x/target/zx81/zx81/basic/zx_line.o
target/zx81/obj/${TARGET}/x/target/zx81/zx81/basic/zx_setint.o
target/zx81/obj/${TARGET}/x/target/zx81/zx81/basic/zx_locatenum.o
target/zx81/obj/${TARGET}/x/target/zx81/zx81/basic/zx_setint_callee.o
target/zx81/obj/${TARGET}/x/target/zx81/zx81/basic/zx_setstr.o
target/zx81/obj/${TARGET}/x/target/zx81/zx81/basic/zx_setstr_callee.o
target/zx81/obj/${TARGET}/x/target/zx81/zx81/basic/zx_var_length.o
target/zx81/obj/${TARGET}/x/target/zx81/zx81/basic/zx_getfloat.o
target/zx81/obj/${TARGET}/x/target/zx81/zx81/basic/zx_setfloat.o
target/zx81/obj/${TARGET}/x/target/zx81/zx81/basic/zx_setfloat_callee.o
target/zx81/obj/${TARGET}/x/target/zx81/zx81/chroma81/zx_attr.o
target/zx81/obj/${TARGET}/x/target/zx81/zx81/chroma81/zx_attr_callee.o
target/zx81/obj/${TARGET}/x/target/zx81/zx81/chroma81/zx_border.o
target/zx81/obj/${TARGET}/x/target/zx81/zx81/chroma81/zx_colour.o
target/zx81/obj/${TARGET}/x/target/zx81/zx81/chroma81/zx_aaddr2cx.o
target/zx81/obj/${TARGET}/x/target/zx81/zx81/chroma81/zx_aaddr2cy.o
target/zx81/obj/${TARGET}/x/target/zx81/zx81/chroma81/zx_aaddr2px.o
target/zx81/obj/${TARGET}/x/target/zx81/zx81/chroma81/zx_aaddr2py.o
target/zx81/obj/${TARGET}/x/target/zx81/zx81/chroma81/zx_aaddrcdown.o
target/zx81/obj/${TARGET}/x/target/zx81/zx81/chroma81/zx_aaddrcleft.o
target/zx81/obj/${TARGET}/x/target/zx81/zx81/chroma81/zx_aaddrcright.o
target/zx81/obj/${TARGET}/x/target/zx81/zx81/chroma81/zx_aaddrcup.o
target/zx81/obj/${TARGET}/x/target/zx81/zx81/chroma81/zx_cy2aaddr.o
target/zx81/obj/${TARGET}/x/target/zx81/zx81/chroma81/zx_cyx2aaddr.o
target/zx81/obj/${TARGET}/x/target/zx81/zx81/chroma81/zx_cyx2aaddr_callee.o
target/zx81/obj/${TARGET}/x/target/zx81/zx81/chroma81/zx_pxy2aaddr.o
target/zx81/obj/${TARGET}/x/target/zx81/zx81/chroma81/zx_pxy2aaddr_callee.o
target/zx81/obj/${TARGET}/x/target/zx81/zx81/chroma81/zx_py2aaddr.o
target/zx81/obj/${TARGET}/x/target/zx81/zx81/tape/musamy_save.o
target/zx81/obj/${TARGET}/x/target/zx81/zx81/tape/tape_save_block.o
target/zx81/obj/${TARGET}/x/target/zx81/zx81/tape/tape_save_block_callee.o
target/zx81/obj/${TARGET}/x/target/zx81/zx81/tape/set_tape_speed.o
target/zx81/obj/${TARGET}/x/target/zx81/zx81/tape/musamy_load.o
target/zx81/obj/${TARGET}/x/target/zx81/zx81/tape/tape_load_block.o
target/zx81/obj/${TARGET}/x/target/zx81/zx81/tape/tape_load_block_callee.o
target/zx81/obj/${TARGET}/x/target/zx81/games/joystick.o
target/zx81/obj/${TARGET}/x/target/zx81/games/bit_open.o
target/zx81/obj/${TARGET}/x/target/zx81/games/bit_open_di.o
target/zx81/obj/${TARGET}/x/target/zx81/games/bit_close.o
target/zx81/obj/${TARGET}/x/target/zx81/games/bit_close_ei.o
target/zx81/obj/${TARGET}/x/target/zx81/games/bit_synth.o
target/zx81/obj/${TARGET}/x/target/zx81/games/bit_save_msx_callee.o
target/zx81/obj/${TARGET}/x/target/zx81/games/playzb4.o
@classic/games/games.lst
