@target/zx81/gfx81_specific.lst
target/zx81/obj/${TARGET}/x/target/zx81/graphics_hr/clg.o
target/zx81/obj/${TARGET}/x/target/zx81/graphics_hr/_clg_hr.o
target/zx81/obj/${TARGET}/x/target/zx81/graphics_hr/zx_hardcopy.o
target/zx81/obj/${TARGET}/x/target/zx81/graphics/swapgfxbk.o
target/zx81/obj/${TARGET}/x/target/zx81/graphics_hr/pixladdr.o
target/zx81/obj/${TARGET}/x/target/zx81/graphics_hr/invhrg.o
target/zx81/obj/${TARGET}/x/target/zx81/graphics_hr/copytxt.o
target/zx81/obj/${TARGET}/x/target/zx81/graphics_hr/hrg_tune_left.o
target/zx81/obj/${TARGET}/x/target/zx81/graphics_hr/hrg_tune_right.o
target/zx81/obj/${TARGET}/x/target/zx81/stdio/ansi/f_ansi_attr.o
target/zx81/obj/${TARGET}/x/target/zx81/stdio/ansi/f_ansi_bel.o
target/zx81/obj/${TARGET}/x/target/zx81/stdio/ansi/f_ansi_char.o
target/zx81/obj/${TARGET}/x/target/zx81/stdio/ansi/f_ansi_cls.o
target/zx81/obj/${TARGET}/x/target/zx81/stdio/ansi/f_ansi_dline.o
target/zx81/obj/${TARGET}/x/target/zx81/stdio/ansi/f_ansi_scrollup.o
target/zx81/obj/${TARGET}/x/target/zx81/graphics_gray/g_clg.o
@classic/gfx/gray/gfx_gray.lst
classic/gfx/narrow/obj/${TARGET}/stencil_render
classic/gfx/narrow/obj/${TARGET}/putsprite
classic/gfx/narrow/obj/${TARGET}/bksave
classic/gfx/narrow/obj/${TARGET}/bkrestore
classic/gfx/narrow/obj/${TARGET}/clrarea2
classic/gfx/narrow/obj/${TARGET}/fillarea2
classic/gfx/narrow/obj/${TARGET}/xorclrarea2
@classic/gfx/narrow/gfx_narrow.lst
