@target/zx81/gfx81_specific.lst
target/zx81/obj/${TARGET}/x/target/zx81/graphics_hr/clg.o
target/zx81/obj/${TARGET}/x/target/zx81/graphics_hr/g007_clg_hr.o
target/zx81/obj/${TARGET}/x/target/zx81/graphics_hr/g007_hardcopy.o
target/zx81/obj/${TARGET}/x/target/zx81/stdio/ansi/f_ansi_attr.o
target/zx81/obj/${TARGET}/x/target/zx81/stdio/ansi/f_ansi_bel.o
target/zx81/obj/${TARGET}/x/target/zx81/stdio/ansi/f_ansi_char.o
target/zx81/obj/${TARGET}/x/target/zx81/stdio/ansi/f_ansi_cls.o
target/zx81/obj/${TARGET}/x/target/zx81/stdio/ansi/f_ansi_dline.o
target/zx81/obj/${TARGET}/x/target/zx81/stdio/ansi/f_ansi_scrollup.o
target/zx81/obj/${TARGET}/x/target/zx81/graphics/swapgfxbk.o
target/zx81/obj/${TARGET}/x/target/zx81/graphics_hr/g007_pixladdr.o
target/zx81/obj/${TARGET}/x/target/zx81/graphics_hr/g007_hrg_on.o
target/zx81/obj/${TARGET}/x/target/zx81/graphics_hr/g007_hrg_off.o
target/zx81/obj/${TARGET}/x/target/zx81/graphics_hr/g007_invhrg.o
classic/gfx/narrow/obj/${TARGET}/stencil_render
classic/gfx/narrow/obj/${TARGET}/putsprite
classic/gfx/narrow/obj/${TARGET}/bksave
classic/gfx/narrow/obj/${TARGET}/bkrestore
classic/gfx/narrow/obj/${TARGET}/clrarea2
classic/gfx/narrow/obj/${TARGET}/fillarea2
classic/gfx/narrow/obj/${TARGET}/xorclrarea2
@classic/gfx/narrow/gfx_narrow.lst
