@target/zx81/gfx81_specific.lst
target/zx81/obj/${TARGET}/x/target/zx81/graphics_hr/clg.o
target/zx81/obj/${TARGET}/x/target/zx81/graphics_hr/mt_clg_hr.o
target/zx81/obj/${TARGET}/x/target/zx81/graphics_hr/mt_hardcopy.o
target/zx81/obj/${TARGET}/x/target/zx81/stdio/ansi/f_ansi_attr.o
target/zx81/obj/${TARGET}/x/target/zx81/stdio/ansi/f_ansi_bel.o
target/zx81/obj/${TARGET}/x/target/zx81/stdio/ansi/f_ansi_char.o
target/zx81/obj/${TARGET}/x/target/zx81/stdio/ansi/f_ansi_cls.o
target/zx81/obj/${TARGET}/x/target/zx81/stdio/ansi/f_ansi_dline.o
target/zx81/obj/${TARGET}/x/target/zx81/stdio/ansi/f_ansi_scrollup.o
target/zx81/obj/${TARGET}/x/target/zx81/graphics/swapgfxbk.o
target/zx81/obj/${TARGET}/x/target/zx81/graphics_hr/mt_pixladdr.o
target/zx81/obj/${TARGET}/x/target/zx81/graphics_hr/mt_plotpixl.o
target/zx81/obj/${TARGET}/x/target/zx81/graphics_hr/mt_respixl.o
target/zx81/obj/${TARGET}/x/target/zx81/graphics_hr/mt_xorpixl.o
target/zx81/obj/${TARGET}/x/target/zx81/graphics_hr/mt_hrg_on.o
target/zx81/obj/${TARGET}/x/target/zx81/graphics_hr/mt_hrg_off.o
target/zx81/obj/${TARGET}/x/target/zx81/graphics_hr/mt_invhrg.o
target/zx81/obj/${TARGET}/x/target/zx81/graphics_hr/mt_stencil_render.o
target/zx81/obj/${TARGET}/x/target/zx81/graphics_hr/mt_putsprite.o
classic/gfx/narrow/obj/${TARGET}/bksave
classic/gfx/narrow/obj/${TARGET}/bkrestore
classic/gfx/narrow/obj/${TARGET}/clrarea2
classic/gfx/narrow/obj/${TARGET}/fillarea2
classic/gfx/narrow/obj/${TARGET}/xorclrarea2
@classic/gfx/narrow/gfx_narrow.lst
