target/zx81/obj/${TARGET}/x/target/zx81/graphics_hr/clg.o
target/zx81/obj/${TARGET}/x/target/zx81/graphics_hr/_clg_hr.o
target/zx81/obj/${TARGET}/x/target/zx81/graphics_hr/i_pixladdr.o
target/zx81/obj/${TARGET}/x/target/zx81/graphics_hr/invhrg.o
target/zx81/obj/${TARGET}/x/target/zx81/graphics_hr/copytxt.o
target/zx81/obj/${TARGET}/x/target/zx81/graphics_hr/hrg_tune_left.o
target/zx81/obj/${TARGET}/x/target/zx81/graphics_hr/hrg_tune_right.o
target/zx81/obj/${TARGET}/x/target/zx81/graphics_hr/i_putsprite.o
target/zx81/obj/${TARGET}/x/target/zx81/graphics_hr/i_clga_callee.o
target/zx81/obj/${TARGET}/x/target/zx81/graphics_hr/i_xorclga_callee.o
target/zx81/obj/${TARGET}/x/target/zx81/graphics_hr/i_fillb_callee.o
classic/gfx/wide/obj/${TARGET}/w_dcircle_square
classic/gfx/wide/obj/${TARGET}/w_stencil_render2
classic/gfx/wide/obj/${TARGET}/draw_profile_vy
target/zx81/obj/${TARGET}/x/target/zx81/stdio/ansi/f_ansi_attr.o
target/zx81/obj/${TARGET}/x/target/zx81/stdio/ansi/f_ansi_bel.o
target/zx81/obj/${TARGET}/x/target/zx81/stdio/ansi/f_ansi_char_wrxi.o
target/zx81/obj/${TARGET}/x/target/zx81/stdio/ansi/f_ansi_cls_wrxi.o
target/zx81/obj/${TARGET}/x/target/zx81/stdio/ansi/f_ansi_dline_wrxi.o
target/zx81/obj/${TARGET}/x/target/zx81/stdio/ansi/f_ansi_scrollup_wrxi.o
@classic/gfx/wide/gfx_wide.lst
