@target/zx81/gfx81_specific.lst
target/zx81/obj/${ARX_TARGET}/x/target/zx81/graphics_hr/clg.o
target/zx81/obj/${ARX_TARGET}/x/target/zx81/graphics_hr/_clg_hr.o
target/zx81/obj/${ARX_TARGET}/x/target/zx81/graphics_hr/clrarea_arx.o
target/zx81/obj/${ARX_TARGET}/x/target/zx81/graphics_hr/arx_hardcopy.o
target/zx81/obj/${ARX_TARGET}/x/target/zx81/graphics_hr/putsprite_arx.o
target/zx81/obj/${ARX_TARGET}/x/target/zx81/graphics_hr/bksave_arx.o
target/zx81/obj/${ARX_TARGET}/x/target/zx81/graphics_hr/bkrestore_arx.o
target/zx81/obj/${ARX_TARGET}/x/target/zx81/graphics_hr/stencil_render_arx.o
target/zx81/obj/${ARX_TARGET}/x/target/zx81/stdio/ansi/f_ansi_attr.o
target/zx81/obj/${ARX_TARGET}/x/target/zx81/stdio/ansi/f_ansi_bel.o
target/zx81/obj/${ARX_TARGET}/x/target/zx81/stdio/ansi/f_ansi_char.o
target/zx81/obj/${ARX_TARGET}/x/target/zx81/stdio/ansi/f_ansi_cls.o
target/zx81/obj/${ARX_TARGET}/x/target/zx81/stdio/ansi/f_ansi_dline.o
target/zx81/obj/${ARX_TARGET}/x/target/zx81/stdio/ansi/f_ansi_scrollup.o
target/zx81/obj/${ARX_TARGET}/x/target/zx81/graphics/swapgfxbk.o
target/zx81/obj/${ARX_TARGET}/x/target/zx81/graphics_hr/pixladdr_arx.o
target/zx81/obj/${ARX_TARGET}/x/target/zx81/graphics_hr/invhrg_arx.o
target/zx81/obj/${ARX_TARGET}/x/target/zx81/graphics_hr/copytxt_arx.o
target/zx81/obj/${ARX_TARGET}/x/target/zx81/graphics_hr/hrg_tune_left.o
target/zx81/obj/${ARX_TARGET}/x/target/zx81/graphics_hr/hrg_tune_right.o
target/zx81/obj/${ARX_TARGET}/x/target/zx81/graphics_gray/g_clg.o
@classic/gfx/gray/gfx_gray.lst
@classic/gfx/narrow/gfx_narrow.lst
