classic/input/obj/${TYPE}/in_WaitForKey
target/zx81/obj/${TARGET}/x/target/zx81/input/in_Inkey.o
classic/input/obj/${TYPE}/in_GetKey
target/zx81/obj/${TARGET}/x/target/zx81/input/in_keytranstbl.o
target/zx81/obj/${TARGET}/x/target/zx81/input/in_KeyPressed.o
classic/input/obj/${TYPE}/in_WaitForNoKey
target/zx81/obj/${TARGET}/x/target/zx81/input/in_LookupKey.o
classic/input/obj/${TYPE}/fgetc_cons_inkey
target/zx81/obj/${TARGET}/x/target/zx81/input/in_JoyKeyboard.o
target/zx81/obj/${TARGET}/x/target/zx81/input/in_MouseSim.o
target/zx81/obj/${TARGET}/x/target/zx81/input/in_MouseSim_callee.o
target/zx81/obj/${TARGET}/x/target/zx81/input/in_MouseSimInit.o
target/zx81/obj/${TARGET}/x/target/zx81/input/in_MouseSimInit_fastcall.o
target/zx81/obj/${TARGET}/x/target/zx81/input/in_MouseSimSetPos.o
target/zx81/obj/${TARGET}/x/target/zx81/input/in_MouseSimSetPos_callee.o
target/zx81/obj/${TARGET}/x/target/zx81/input/in_Pause.o
target/zx81/obj/${TARGET}/x/target/zx81/input/in_Wait.o
target/zx81/obj/${TARGET}/x/target/zx81/input/in_WaitForKey.o
target/zx81/obj/${TARGET}/x/target/zx81/input/in_WaitForNoKey.o
target/zx81/obj/${TARGET}/x/target/zx81/input/INMouseSim.o
