strings/obj/${TYPE}/__memlwr_
strings/obj/${TYPE}/__memlwr__callee
strings/obj/${TYPE}/__memstrcpy_
strings/obj/${TYPE}/__memstrcpy__callee
strings/obj/${TYPE}/__memupr_
strings/obj/${TYPE}/__memupr__callee
strings/obj/${TYPE}/__str_locate_nul
strings/obj/${TYPE}/__string_strtok_p
strings/obj/${TYPE}/__strrstrip_
strings/obj/${TYPE}/_bcmp
strings/obj/${TYPE}/_bcmp_callee
strings/obj/${TYPE}/_bcopy
strings/obj/${TYPE}/_bcopy_callee
strings/obj/${TYPE}/_bzero
strings/obj/${TYPE}/_bzero_callee
strings/obj/${TYPE}/_ffs
strings/obj/${TYPE}/_ffsl
strings/obj/${TYPE}/_index
strings/obj/${TYPE}/_index_callee
strings/obj/${TYPE}/_memccpy
strings/obj/${TYPE}/_memccpy_callee
strings/obj/${TYPE}/_memchr
strings/obj/${TYPE}/_memchr_callee
strings/obj/${TYPE}/_memcmp
strings/obj/${TYPE}/_memcmp_callee
strings/obj/${TYPE}/_memcpy
strings/obj/${TYPE}/_memcpy_callee
strings/obj/${TYPE}/_memlwr_
strings/obj/${TYPE}/_memlwr__callee
strings/obj/${TYPE}/_memmem
strings/obj/${TYPE}/_memmem_callee
strings/obj/${TYPE}/_memmove
strings/obj/${TYPE}/_memmove_callee
strings/obj/${TYPE}/_memrchr
strings/obj/${TYPE}/_memrchr_callee
strings/obj/${TYPE}/_memset
strings/obj/${TYPE}/_memset_callee
strings/obj/${TYPE}/_memstrcpy_
strings/obj/${TYPE}/_memstrcpy__callee
strings/obj/${TYPE}/_memswap
strings/obj/${TYPE}/_memswap_callee
strings/obj/${TYPE}/_memupr_
strings/obj/${TYPE}/_memupr__callee
strings/obj/${TYPE}/_rawmemchr
strings/obj/${TYPE}/_rawmemchr_callee
strings/obj/${TYPE}/_rindex
strings/obj/${TYPE}/_rindex_callee
strings/obj/${TYPE}/_stpcpy
strings/obj/${TYPE}/_stpcpy_callee
strings/obj/${TYPE}/_stpncpy
strings/obj/${TYPE}/_stpncpy_callee
strings/obj/${TYPE}/_strcasecmp
strings/obj/${TYPE}/_strcasecmp_callee
strings/obj/${TYPE}/_strcat
strings/obj/${TYPE}/_strcat_callee
strings/obj/${TYPE}/_strchr
strings/obj/${TYPE}/_strchr_callee
strings/obj/${TYPE}/_strchrnul
strings/obj/${TYPE}/_strchrnul_callee
strings/obj/${TYPE}/_strcmp
strings/obj/${TYPE}/_strcmp_callee
strings/obj/${TYPE}/_strcoll
strings/obj/${TYPE}/_strcoll_callee
strings/obj/${TYPE}/_strcpy
strings/obj/${TYPE}/_strcpy_callee
strings/obj/${TYPE}/_strcspn
strings/obj/${TYPE}/_strcspn_callee
strings/obj/${TYPE}/_strdup
strings/obj/${TYPE}/_strerror
strings/obj/${TYPE}/_stricmp
strings/obj/${TYPE}/_stricmp_callee
strings/obj/${TYPE}/_strlcat
strings/obj/${TYPE}/_strlcat_callee
strings/obj/${TYPE}/_strlcpy
strings/obj/${TYPE}/_strlcpy_callee
strings/obj/${TYPE}/_strlen
strings/obj/${TYPE}/_strlwr
strings/obj/${TYPE}/_strncasecmp
strings/obj/${TYPE}/_strncasecmp_callee
strings/obj/${TYPE}/_strncat
strings/obj/${TYPE}/_strncat_callee
strings/obj/${TYPE}/_strnchr
strings/obj/${TYPE}/_strnchr_callee
strings/obj/${TYPE}/_strncmp
strings/obj/${TYPE}/_strncmp_callee
strings/obj/${TYPE}/_strncpy
strings/obj/${TYPE}/_strncpy_callee
strings/obj/${TYPE}/_strndup
strings/obj/${TYPE}/_strndup_callee
strings/obj/${TYPE}/_strnicmp
strings/obj/${TYPE}/_strnicmp_callee
strings/obj/${TYPE}/_strnlen
strings/obj/${TYPE}/_strnlen_callee
strings/obj/${TYPE}/_strnset
strings/obj/${TYPE}/_strnset_callee
strings/obj/${TYPE}/_strpbrk
strings/obj/${TYPE}/_strpbrk_callee
strings/obj/${TYPE}/_strrchr
strings/obj/${TYPE}/_strrchr_callee
strings/obj/${TYPE}/_strrcspn
strings/obj/${TYPE}/_strrcspn_callee
strings/obj/${TYPE}/_strrev
strings/obj/${TYPE}/_strrspn
strings/obj/${TYPE}/_strrspn_callee
strings/obj/${TYPE}/_strrstrip
strings/obj/${TYPE}/_strrstrip_
strings/obj/${TYPE}/_strsep
strings/obj/${TYPE}/_strsep_callee
strings/obj/${TYPE}/_strset
strings/obj/${TYPE}/_strset_callee
strings/obj/${TYPE}/_strspn
strings/obj/${TYPE}/_strspn_callee
strings/obj/${TYPE}/_strstr
strings/obj/${TYPE}/_strstr_callee
strings/obj/${TYPE}/_strstrip
strings/obj/${TYPE}/_strtok
strings/obj/${TYPE}/_strtok_callee
strings/obj/${TYPE}/_strtok_r
strings/obj/${TYPE}/_strtok_r_callee
strings/obj/${TYPE}/_strupr
strings/obj/${TYPE}/_strxfrm
strings/obj/${TYPE}/_strxfrm_callee
strings/obj/${TYPE}/asm__memlwr
strings/obj/${TYPE}/asm__memstrcpy
strings/obj/${TYPE}/asm__memupr
strings/obj/${TYPE}/asm__strrstrip
strings/obj/${TYPE}/asm_bcmp
strings/obj/${TYPE}/asm_bcopy
strings/obj/${TYPE}/asm_bzero
strings/obj/${TYPE}/asm_ffs
strings/obj/${TYPE}/asm_ffsl
strings/obj/${TYPE}/asm_ffsll
strings/obj/${TYPE}/asm_index
strings/obj/${TYPE}/asm_memccpy
strings/obj/${TYPE}/asm_memchr
strings/obj/${TYPE}/asm_memcmp
strings/obj/${TYPE}/asm_memcpy
strings/obj/${TYPE}/asm_memmem
strings/obj/${TYPE}/asm_memmove
strings/obj/${TYPE}/asm_memrchr
strings/obj/${TYPE}/asm_memset
strings/obj/${TYPE}/asm_memswap
strings/obj/${TYPE}/asm_rawmemchr
strings/obj/${TYPE}/asm_rindex
strings/obj/${TYPE}/asm_stpcpy
strings/obj/${TYPE}/asm_stpncpy
strings/obj/${TYPE}/asm_strcasecmp
strings/obj/${TYPE}/asm_strcat
strings/obj/${TYPE}/asm_strchr
strings/obj/${TYPE}/asm_strchrnul
strings/obj/${TYPE}/asm_strcmp
strings/obj/${TYPE}/asm_strcoll
strings/obj/${TYPE}/asm_strcpy
strings/obj/${TYPE}/asm_strcspn
strings/obj/${TYPE}/asm_strdup
strings/obj/${TYPE}/asm_strerror
strings/obj/${TYPE}/asm_stricmp
strings/obj/${TYPE}/asm_strlcat
strings/obj/${TYPE}/asm_strlcpy
strings/obj/${TYPE}/asm_strlen
strings/obj/${TYPE}/asm_strlwr
strings/obj/${TYPE}/asm_strncasecmp
strings/obj/${TYPE}/asm_strncat
strings/obj/${TYPE}/asm_strnchr
strings/obj/${TYPE}/asm_strncmp
strings/obj/${TYPE}/asm_strncpy
strings/obj/${TYPE}/asm_strndup
strings/obj/${TYPE}/asm_strnicmp
strings/obj/${TYPE}/asm_strnlen
strings/obj/${TYPE}/asm_strnset
strings/obj/${TYPE}/asm_strpbrk
strings/obj/${TYPE}/asm_strrchr
strings/obj/${TYPE}/asm_strrcspn
strings/obj/${TYPE}/asm_strrev
strings/obj/${TYPE}/asm_strrspn
strings/obj/${TYPE}/asm_strrstrip
strings/obj/${TYPE}/asm_strsep
strings/obj/${TYPE}/asm_strset
strings/obj/${TYPE}/asm_strspn
strings/obj/${TYPE}/asm_strstr
strings/obj/${TYPE}/asm_strstrip
strings/obj/${TYPE}/asm_strtok
strings/obj/${TYPE}/asm_strtok_r
strings/obj/${TYPE}/asm_strupr
strings/obj/${TYPE}/asm_strxfrm
strings/obj/${TYPE}/bcmp
strings/obj/${TYPE}/bcmp_callee
strings/obj/${TYPE}/bcopy
strings/obj/${TYPE}/bcopy_callee
strings/obj/${TYPE}/bzero
strings/obj/${TYPE}/bzero_callee
strings/obj/${TYPE}/ffs
strings/obj/${TYPE}/ffsl
strings/obj/${TYPE}/index
strings/obj/${TYPE}/index_callee
strings/obj/${TYPE}/memccpy
strings/obj/${TYPE}/memccpy_callee
strings/obj/${TYPE}/memchr
strings/obj/${TYPE}/memchr_callee
strings/obj/${TYPE}/memcmp
strings/obj/${TYPE}/memcmp_callee
strings/obj/${TYPE}/memcpy
strings/obj/${TYPE}/memcpy_callee
strings/obj/${TYPE}/memmem
strings/obj/${TYPE}/memmem_callee
strings/obj/${TYPE}/memmove
strings/obj/${TYPE}/memmove_callee
strings/obj/${TYPE}/memopd
strings/obj/${TYPE}/memopd_callee
strings/obj/${TYPE}/memopi
strings/obj/${TYPE}/memopi_callee
strings/obj/${TYPE}/memops
strings/obj/${TYPE}/memrchr
strings/obj/${TYPE}/memrchr_callee
strings/obj/${TYPE}/memset
strings/obj/${TYPE}/memset_callee
strings/obj/${TYPE}/memswap
strings/obj/${TYPE}/memswap_callee
strings/obj/${TYPE}/rawmemchr
strings/obj/${TYPE}/rawmemchr_callee
strings/obj/${TYPE}/rindex
strings/obj/${TYPE}/rindex_callee
strings/obj/${TYPE}/stpcpy
strings/obj/${TYPE}/stpcpy_callee
strings/obj/${TYPE}/stpncpy
strings/obj/${TYPE}/stpncpy_callee
strings/obj/${TYPE}/strcasecmp
strings/obj/${TYPE}/strcasecmp_callee
strings/obj/${TYPE}/strcat
strings/obj/${TYPE}/strcat_callee
strings/obj/${TYPE}/strchr
strings/obj/${TYPE}/strchr_callee
strings/obj/${TYPE}/strchrnul
strings/obj/${TYPE}/strchrnul_callee
strings/obj/${TYPE}/strcmp
strings/obj/${TYPE}/strcmp_callee
strings/obj/${TYPE}/strcoll
strings/obj/${TYPE}/strcoll_callee
strings/obj/${TYPE}/strcpy
strings/obj/${TYPE}/strcpy_callee
strings/obj/${TYPE}/strcspn
strings/obj/${TYPE}/strcspn_callee
strings/obj/${TYPE}/strdup
strings/obj/${TYPE}/strerror
strings/obj/${TYPE}/stricmp
strings/obj/${TYPE}/stricmp_callee
strings/obj/${TYPE}/strlcat
strings/obj/${TYPE}/strlcat_callee
strings/obj/${TYPE}/strlcpy
strings/obj/${TYPE}/strlcpy_callee
strings/obj/${TYPE}/strlen
strings/obj/${TYPE}/strlwr
strings/obj/${TYPE}/strncasecmp
strings/obj/${TYPE}/strncasecmp_callee
strings/obj/${TYPE}/strncat
strings/obj/${TYPE}/strncat_callee
strings/obj/${TYPE}/strnchr
strings/obj/${TYPE}/strnchr_callee
strings/obj/${TYPE}/strncmp
strings/obj/${TYPE}/strncmp_callee
strings/obj/${TYPE}/strncpy
strings/obj/${TYPE}/strncpy_callee
strings/obj/${TYPE}/strndup
strings/obj/${TYPE}/strndup_callee
strings/obj/${TYPE}/strnicmp
strings/obj/${TYPE}/strnicmp_callee
strings/obj/${TYPE}/strnlen
strings/obj/${TYPE}/strnlen_callee
strings/obj/${TYPE}/strnset
strings/obj/${TYPE}/strnset_callee
strings/obj/${TYPE}/strpbrk
strings/obj/${TYPE}/strpbrk_callee
strings/obj/${TYPE}/strrchr
strings/obj/${TYPE}/strrchr_callee
strings/obj/${TYPE}/strrcspn
strings/obj/${TYPE}/strrcspn_callee
strings/obj/${TYPE}/strrev
strings/obj/${TYPE}/strrspn
strings/obj/${TYPE}/strrspn_callee
strings/obj/${TYPE}/strrstr
strings/obj/${TYPE}/strrstr_callee
strings/obj/${TYPE}/strrstrip
strings/obj/${TYPE}/strsep
strings/obj/${TYPE}/strsep_callee
strings/obj/${TYPE}/strset
strings/obj/${TYPE}/strset_callee
strings/obj/${TYPE}/strspn
strings/obj/${TYPE}/strspn_callee
strings/obj/${TYPE}/strstr
strings/obj/${TYPE}/strstr_callee
strings/obj/${TYPE}/strstrip
strings/obj/${TYPE}/strtok
strings/obj/${TYPE}/strtok_callee
strings/obj/${TYPE}/strtok_r
strings/obj/${TYPE}/strtok_r_callee
strings/obj/${TYPE}/strupr
strings/obj/${TYPE}/strxfrm
strings/obj/${TYPE}/strxfrm_callee
