strings/obj/${TYPE}/__memlwr_
strings/obj/${TYPE}/__memlwr__callee
strings/obj/${TYPE}/__memstrcpy_
strings/obj/${TYPE}/__memstrcpy__callee
strings/obj/${TYPE}/__memupr_
strings/obj/${TYPE}/__memupr__callee
strings/obj/${TYPE}/_bcmp
strings/obj/${TYPE}/_bcmp_callee
strings/obj/${TYPE}/_bcopy
strings/obj/${TYPE}/_bcopy_callee
strings/obj/${TYPE}/_bzero
strings/obj/${TYPE}/_bzero_callee
strings/obj/${TYPE}/_ffs
strings/obj/${TYPE}/_ffsl
strings/obj/${TYPE}/_index
strings/obj/${TYPE}/_index_callee
strings/obj/${TYPE}/_memccpy
strings/obj/${TYPE}/_memccpy_callee
strings/obj/${TYPE}/_memchr
strings/obj/${TYPE}/_memchr_callee
strings/obj/${TYPE}/_memcmp
strings/obj/${TYPE}/_memcmp_callee
strings/obj/${TYPE}/_memcpy
strings/obj/${TYPE}/_memcpy_callee
strings/obj/${TYPE}/_memmem
strings/obj/${TYPE}/_memmem_callee
strings/obj/${TYPE}/_memmove
strings/obj/${TYPE}/_memmove_callee
strings/obj/${TYPE}/_memrchr
strings/obj/${TYPE}/_memrchr_callee
strings/obj/${TYPE}/_memset
strings/obj/${TYPE}/_memset_callee
strings/obj/${TYPE}/_memswap
strings/obj/${TYPE}/_memswap_callee
strings/obj/${TYPE}/_rawmemchr
strings/obj/${TYPE}/_rawmemchr_callee
strings/obj/${TYPE}/_rindex
strings/obj/${TYPE}/_rindex_callee
strings/obj/${TYPE}/_stpcpy
strings/obj/${TYPE}/_stpcpy_callee
strings/obj/${TYPE}/_stpncpy
strings/obj/${TYPE}/_stpncpy_callee
strings/obj/${TYPE}/_strcasecmp
strings/obj/${TYPE}/_strcasecmp_callee
strings/obj/${TYPE}/_strcat
strings/obj/${TYPE}/_strcat_callee
strings/obj/${TYPE}/_strchr
strings/obj/${TYPE}/_strchr_callee
strings/obj/${TYPE}/_strchrnul
strings/obj/${TYPE}/_strchrnul_callee
strings/obj/${TYPE}/_strcmp
strings/obj/${TYPE}/_strcmp_callee
strings/obj/${TYPE}/_strcoll
strings/obj/${TYPE}/_strcoll_callee
strings/obj/${TYPE}/_strcpy
strings/obj/${TYPE}/_strcpy_callee
strings/obj/${TYPE}/_strcspn
strings/obj/${TYPE}/_strcspn_callee
strings/obj/${TYPE}/_strdup
strings/obj/${TYPE}/_strerror
strings/obj/${TYPE}/_stricmp
strings/obj/${TYPE}/_stricmp_callee
strings/obj/${TYPE}/_strlcat
strings/obj/${TYPE}/_strlcat_callee
strings/obj/${TYPE}/_strlcpy
strings/obj/${TYPE}/_strlcpy_callee
strings/obj/${TYPE}/_strlen
strings/obj/${TYPE}/_strlwr
strings/obj/${TYPE}/_strncasecmp
strings/obj/${TYPE}/_strncasecmp_callee
strings/obj/${TYPE}/_strncat
strings/obj/${TYPE}/_strncat_callee
strings/obj/${TYPE}/_strnchr
strings/obj/${TYPE}/_strnchr_callee
strings/obj/${TYPE}/_strncmp
strings/obj/${TYPE}/_strncmp_callee
strings/obj/${TYPE}/_strncpy
strings/obj/${TYPE}/_strncpy_callee
strings/obj/${TYPE}/_strndup
strings/obj/${TYPE}/_strndup_callee
strings/obj/${TYPE}/_strnicmp
strings/obj/${TYPE}/_strnicmp_callee
strings/obj/${TYPE}/_strnlen
strings/obj/${TYPE}/_strnlen_callee
strings/obj/${TYPE}/_strnset
strings/obj/${TYPE}/_strnset_callee
strings/obj/${TYPE}/_strpbrk
strings/obj/${TYPE}/_strpbrk_callee
strings/obj/${TYPE}/_strrchr
strings/obj/${TYPE}/_strrchr_callee
strings/obj/${TYPE}/_strrcspn
strings/obj/${TYPE}/_strrcspn_callee
strings/obj/${TYPE}/_strrev
strings/obj/${TYPE}/_strrspn
strings/obj/${TYPE}/_strrspn_callee
strings/obj/${TYPE}/_strrstrip
strings/obj/${TYPE}/__strrstrip_
strings/obj/${TYPE}/_strsep
strings/obj/${TYPE}/_strsep_callee
strings/obj/${TYPE}/_strset
strings/obj/${TYPE}/_strset_callee
strings/obj/${TYPE}/_strspn
strings/obj/${TYPE}/_strspn_callee
strings/obj/${TYPE}/_strstr
strings/obj/${TYPE}/_strstr_callee
strings/obj/${TYPE}/_strstrip
strings/obj/${TYPE}/_strtok
strings/obj/${TYPE}/_strtok_callee
strings/obj/${TYPE}/_strtok_r
strings/obj/${TYPE}/_strtok_r_callee
strings/obj/${TYPE}/_strupr
strings/obj/${TYPE}/_strxfrm
strings/obj/${TYPE}/_strxfrm_callee
strings/obj/${TYPE}/memopd
strings/obj/${TYPE}/memopd_callee
strings/obj/${TYPE}/memopi
strings/obj/${TYPE}/memopi_callee
strings/obj/${TYPE}/strrstr
strings/obj/${TYPE}/strrstr_callee
@strings/string-newlib.lst
