strings/obj/r2k/bcmp
strings/obj/r2k/bcopy
strings/obj/r2k/bzero
strings/obj/r2k/index
strings/obj/r2k/memchr
strings/obj/r2k/memchr_callee
strings/obj/r2k/memcmp
strings/obj/r2k/memcmp_callee
strings/obj/r2k/memcpy
strings/obj/r2k/memcpy_callee
strings/obj/r2k/memmove
strings/obj/r2k/memmove_callee
strings/obj/r2k/memopd
strings/obj/r2k/memopd_callee
strings/obj/r2k/memopi
strings/obj/r2k/memopi_callee
strings/obj/r2k/memops
strings/obj/r2k/memrchr
strings/obj/r2k/memrchr_callee
strings/obj/r2k/memset
strings/obj/r2k/memset_callee
strings/obj/r2k/memswap
strings/obj/r2k/memswap_callee
strings/obj/r2k/rindex
strings/obj/r2k/strcasecmp
strings/obj/r2k/strcat
strings/obj/r2k/strcat_callee
strings/obj/r2k/strchr
strings/obj/r2k/strchr_callee
strings/obj/r2k/strchrnul
strings/obj/r2k/strchrnul_callee
strings/obj/r2k/strcmp
strings/obj/r2k/strcmp_callee
strings/obj/r2k/strcpy
strings/obj/r2k/strcpy_callee
strings/obj/r2k/strcspn
strings/obj/r2k/strcspn_callee
strings/obj/r2k/stricmp
strings/obj/r2k/stricmp_callee
strings/obj/r2k/strlcat
strings/obj/r2k/strlcat_callee
strings/obj/r2k/strlcpy
strings/obj/r2k/strlcpy_callee
strings/obj/r2k/strlen
strings/obj/r2k/strlwr
strings/obj/r2k/strncasecmp
strings/obj/r2k/strncat
strings/obj/r2k/strncat_callee
strings/obj/r2k/strncmp
strings/obj/r2k/strncmp_callee
strings/obj/r2k/strncpy
strings/obj/r2k/strncpy_callee
strings/obj/r2k/strnicmp
strings/obj/r2k/strnicmp_callee
strings/obj/r2k/strpbrk
strings/obj/r2k/strpbrk_callee
strings/obj/r2k/strpos
strings/obj/r2k/strpos_callee
strings/obj/r2k/strrchr
strings/obj/r2k/strrchr_callee
strings/obj/r2k/strrev
strings/obj/r2k/strrstr
strings/obj/r2k/strrstr_callee
strings/obj/r2k/strrstrip
strings/obj/r2k/strrstrip_callee
strings/obj/r2k/strsep
strings/obj/r2k/strsep_callee
strings/obj/r2k/strspn
strings/obj/r2k/strspn_callee
strings/obj/r2k/strstr
strings/obj/r2k/strstr_callee
strings/obj/r2k/strstrip
strings/obj/r2k/strstrip_callee
strings/obj/r2k/strtok
strings/obj/r2k/strtok_callee
strings/obj/r2k/strtok_r
strings/obj/r2k/strtok_r_callee
strings/obj/r2k/strupr
