strings/obj/${TYPE}/bcmp
strings/obj/${TYPE}/bcopy
strings/obj/${TYPE}/bzero
strings/obj/${TYPE}/index
strings/obj/${TYPE}/memchr
strings/obj/${TYPE}/memchr_callee
strings/obj/${TYPE}/memcmp
strings/obj/${TYPE}/memcmp_callee
strings/obj/${TYPE}/memcpy
strings/obj/${TYPE}/memcpy_callee
strings/obj/${TYPE}/memmove
strings/obj/${TYPE}/memmove_callee
strings/obj/${TYPE}/memopd
strings/obj/${TYPE}/memopd_callee
strings/obj/${TYPE}/memopi
strings/obj/${TYPE}/memopi_callee
strings/obj/${TYPE}/memops
strings/obj/${TYPE}/memrchr
strings/obj/${TYPE}/memrchr_callee
strings/obj/${TYPE}/memset
strings/obj/${TYPE}/memset_callee
strings/obj/${TYPE}/memswap
strings/obj/${TYPE}/memswap_callee
strings/obj/${TYPE}/rindex
strings/obj/${TYPE}/strcasecmp
strings/obj/${TYPE}/strcat
strings/obj/${TYPE}/strcat_callee
strings/obj/${TYPE}/strchr
strings/obj/${TYPE}/strchr_callee
strings/obj/${TYPE}/strchrnul
strings/obj/${TYPE}/strchrnul_callee
strings/obj/${TYPE}/strcmp
strings/obj/${TYPE}/strcmp_callee
strings/obj/${TYPE}/strcpy
strings/obj/${TYPE}/strcpy_callee
strings/obj/${TYPE}/strcspn
strings/obj/${TYPE}/strcspn_callee
strings/obj/${TYPE}/stricmp
strings/obj/${TYPE}/stricmp_callee
strings/obj/${TYPE}/strlcat
strings/obj/${TYPE}/strlcat_callee
strings/obj/${TYPE}/strlcpy
strings/obj/${TYPE}/strlcpy_callee
strings/obj/${TYPE}/strlen
strings/obj/${TYPE}/strlwr
strings/obj/${TYPE}/strncasecmp
strings/obj/${TYPE}/strncat
strings/obj/${TYPE}/strncat_callee
strings/obj/${TYPE}/strncmp
strings/obj/${TYPE}/strncmp_callee
strings/obj/${TYPE}/strncpy
strings/obj/${TYPE}/strncpy_callee
strings/obj/${TYPE}/strnicmp
strings/obj/${TYPE}/strnicmp_callee
strings/obj/${TYPE}/strpbrk
strings/obj/${TYPE}/strpbrk_callee
strings/obj/${TYPE}/strpos
strings/obj/${TYPE}/strpos_callee
strings/obj/${TYPE}/strrchr
strings/obj/${TYPE}/strrchr_callee
strings/obj/${TYPE}/strrev
strings/obj/${TYPE}/strrstr
strings/obj/${TYPE}/strrstr_callee
strings/obj/${TYPE}/strrstrip
strings/obj/${TYPE}/strrstrip_callee
strings/obj/${TYPE}/strsep
strings/obj/${TYPE}/strsep_callee
strings/obj/${TYPE}/strspn
strings/obj/${TYPE}/strspn_callee
strings/obj/${TYPE}/strstr
strings/obj/${TYPE}/strstr_callee
strings/obj/${TYPE}/strstrip
strings/obj/${TYPE}/strstrip_callee
strings/obj/${TYPE}/strtok
strings/obj/${TYPE}/strtok_callee
strings/obj/${TYPE}/strtok_r
strings/obj/${TYPE}/strtok_r_callee
strings/obj/${TYPE}/strupr
