string/c/sdcc_ix/ffs
string/c/sdcc_ix/ffsl
string/c/sdcc_ix/memccpy
string/c/sdcc_ix/memchr
string/c/sdcc_ix/memcmp
string/c/sdcc_ix/memcpy
string/c/sdcc_ix/memmem
string/c/sdcc_ix/memmove
string/c/sdcc_ix/memrchr
string/c/sdcc_ix/memset
string/c/sdcc_ix/memswap
string/c/sdcc_ix/stpcpy
string/c/sdcc_ix/stpncpy
string/c/sdcc_ix/strcasecmp
string/c/sdcc_ix/strcat
string/c/sdcc_ix/strchr
string/c/sdcc_ix/strchrnul
string/c/sdcc_ix/strcmp
string/c/sdcc_ix/strcoll
string/c/sdcc_ix/strcpy
string/c/sdcc_ix/strcspn
string/c/sdcc_ix/strdup
string/c/sdcc_ix/strerror
string/c/sdcc_ix/stricmp
string/c/sdcc_ix/strlcat
string/c/sdcc_ix/strlcpy
string/c/sdcc_ix/strlen
string/c/sdcc_ix/strlwr
string/c/sdcc_ix/strncasecmp
string/c/sdcc_ix/strncat
string/c/sdcc_ix/strnchr
string/c/sdcc_ix/strncmp
string/c/sdcc_ix/strncpy
string/c/sdcc_ix/strndup
string/c/sdcc_ix/strnicmp
string/c/sdcc_ix/strnlen
string/c/sdcc_ix/strpbrk
string/c/sdcc_ix/strrchr
string/c/sdcc_ix/strrcspn
string/c/sdcc_ix/strrev
string/c/sdcc_ix/strrspn
string/c/sdcc_ix/strrstrip
string/c/sdcc_ix/strsep
string/c/sdcc_ix/strspn
string/c/sdcc_ix/strstr
string/c/sdcc_ix/strstrip
string/c/sdcc_ix/strtok
string/c/sdcc_ix/strtok_r
string/c/sdcc_ix/strupr
string/c/sdcc_ix/strxfrm
string/c/sdcc_ix/_memlwr
string/c/sdcc_ix/_memstrcpy
string/c/sdcc_ix/_memupr
string/c/sdcc_ix/_strrstrip
string/z80/__str_locate_nul
