string/c/lr_sccz80/ffs
string/c/lr_sccz80/ffsl
string/c/lr_sccz80/memccpy
string/c/lr_sccz80/memccpy_callee
string/c/lr_sccz80/memchr
string/c/lr_sccz80/memchr_callee
string/c/lr_sccz80/memcmp
string/c/lr_sccz80/memcmp_callee
string/c/lr_sccz80/memcpy
string/c/lr_sccz80/memcpy_callee
string/c/lr_sccz80/memmem
string/c/lr_sccz80/memmem_callee
string/c/lr_sccz80/memmove
string/c/lr_sccz80/memmove_callee
string/c/lr_sccz80/memrchr
string/c/lr_sccz80/memrchr_callee
string/c/lr_sccz80/memset
string/c/lr_sccz80/memset_callee
string/c/lr_sccz80/memswap
string/c/lr_sccz80/memswap_callee
string/c/lr_sccz80/stpcpy
string/c/lr_sccz80/stpcpy_callee
string/c/lr_sccz80/stpncpy
string/c/lr_sccz80/stpncpy_callee
string/c/lr_sccz80/strcasecmp
string/c/lr_sccz80/strcasecmp_callee
string/c/lr_sccz80/strcat
string/c/lr_sccz80/strcat_callee
string/c/lr_sccz80/strchr
string/c/lr_sccz80/strchrnul
string/c/lr_sccz80/strchrnul_callee
string/c/lr_sccz80/strchr_callee
string/c/lr_sccz80/strcmp
string/c/lr_sccz80/strcmp_callee
string/c/lr_sccz80/strcoll
string/c/lr_sccz80/strcoll_callee
string/c/lr_sccz80/strcpy
string/c/lr_sccz80/strcpy_callee
string/c/lr_sccz80/strcspn
string/c/lr_sccz80/strcspn_callee
string/c/lr_sccz80/strdup
string/c/lr_sccz80/strerror
string/c/lr_sccz80/stricmp
string/c/lr_sccz80/stricmp_callee
string/c/lr_sccz80/strlcat
string/c/lr_sccz80/strlcat_callee
string/c/lr_sccz80/strlcpy
string/c/lr_sccz80/strlcpy_callee
string/c/lr_sccz80/strlen
string/c/lr_sccz80/strlwr
string/c/lr_sccz80/strncasecmp
string/c/lr_sccz80/strncasecmp_callee
string/c/lr_sccz80/strncat
string/c/lr_sccz80/strncat_callee
string/c/lr_sccz80/strnchr
string/c/lr_sccz80/strnchr_callee
string/c/lr_sccz80/strncmp
string/c/lr_sccz80/strncmp_callee
string/c/lr_sccz80/strncpy
string/c/lr_sccz80/strncpy_callee
string/c/lr_sccz80/strndup
string/c/lr_sccz80/strndup_callee
string/c/lr_sccz80/strnicmp
string/c/lr_sccz80/strnicmp_callee
string/c/lr_sccz80/strnlen
string/c/lr_sccz80/strnlen_callee
string/c/lr_sccz80/strpbrk
string/c/lr_sccz80/strpbrk_callee
string/c/lr_sccz80/strrchr
string/c/lr_sccz80/strrchr_callee
string/c/lr_sccz80/strrcspn
string/c/lr_sccz80/strrcspn_callee
string/c/lr_sccz80/strrev
string/c/lr_sccz80/strrspn
string/c/lr_sccz80/strrspn_callee
string/c/lr_sccz80/strrstrip
string/c/lr_sccz80/strsep
string/c/lr_sccz80/strsep_callee
string/c/lr_sccz80/strspn
string/c/lr_sccz80/strspn_callee
string/c/lr_sccz80/strstr
string/c/lr_sccz80/strstrip
string/c/lr_sccz80/strstr_callee
string/c/lr_sccz80/strtok
string/c/lr_sccz80/strtok_callee
string/c/lr_sccz80/strtok_r
string/c/lr_sccz80/strtok_r_callee
string/c/lr_sccz80/strupr
string/c/lr_sccz80/strxfrm
string/c/lr_sccz80/strxfrm_callee
string/c/lr_sccz80/_memlwr_
string/c/lr_sccz80/_memlwr__callee
string/c/lr_sccz80/_memstrcpy_
string/c/lr_sccz80/_memstrcpy__callee
string/c/lr_sccz80/_memupr_
string/c/lr_sccz80/_memupr__callee
string/c/lr_sccz80/_strrstrip_
string/z80/__str_locate_nul
