string/c/lr_sdcc/ffs
string/c/lr_sdcc/ffsl
string/c/lr_sdcc/memccpy
string/c/lr_sdcc/memchr
string/c/lr_sdcc/memcmp
string/c/lr_sdcc/memcpy
string/c/lr_sdcc/memmem
string/c/lr_sdcc/memmove
string/c/lr_sdcc/memrchr
string/c/lr_sdcc/memset
string/c/lr_sdcc/memswap
string/c/lr_sdcc/stpcpy
string/c/lr_sdcc/stpncpy
string/c/lr_sdcc/strcasecmp
string/c/lr_sdcc/strcat
string/c/lr_sdcc/strchr
string/c/lr_sdcc/strchrnul
string/c/lr_sdcc/strcmp
string/c/lr_sdcc/strcoll
string/c/lr_sdcc/strcpy
string/c/lr_sdcc/strcspn
string/c/lr_sdcc/strdup
string/c/lr_sdcc/strerror
string/c/lr_sdcc/stricmp
string/c/lr_sdcc/strlcat
string/c/lr_sdcc/strlcpy
string/c/lr_sdcc/strlen
string/c/lr_sdcc/strlwr
string/c/lr_sdcc/strncasecmp
string/c/lr_sdcc/strncat
string/c/lr_sdcc/strnchr
string/c/lr_sdcc/strncmp
string/c/lr_sdcc/strncpy
string/c/lr_sdcc/strndup
string/c/lr_sdcc/strnicmp
string/c/lr_sdcc/strnlen
string/c/lr_sdcc/strpbrk
string/c/lr_sdcc/strrchr
string/c/lr_sdcc/strrcspn
string/c/lr_sdcc/strrev
string/c/lr_sdcc/strrspn
string/c/lr_sdcc/strrstrip
string/c/lr_sdcc/strsep
string/c/lr_sdcc/strspn
string/c/lr_sdcc/strstr
string/c/lr_sdcc/strstrip
string/c/lr_sdcc/strtok
string/c/lr_sdcc/strtok_r
string/c/lr_sdcc/strupr
string/c/lr_sdcc/strxfrm
string/c/lr_sdcc/_memlwr
string/c/lr_sdcc/_memstrcpy
string/c/lr_sdcc/_memupr
string/c/lr_sdcc/_strrstrip
string/z80/__str_locate_nul
