c/c_lr/_strrstrip
c/c_lr/ffs
c/c_lr/ffsl
c/c_lr/memccpy
c/c_lr/memccpy_callee
c/c_lr/memchr
c/c_lr/memchr_callee
c/c_lr/memcmp
c/c_lr/memcmp_callee
c/c_lr/memcpy
c/c_lr/memcpy_callee
c/c_lr/memmem
c/c_lr/memmem_callee
c/c_lr/memmove
c/c_lr/memmove_callee
c/c_lr/memrchr
c/c_lr/memrchr_callee
c/c_lr/memset
c/c_lr/memset_callee
c/c_lr/memswap
c/c_lr/memswap_callee
c/c_lr/stpcpy
c/c_lr/stpcpy_callee
c/c_lr/stpncpy
c/c_lr/stpncpy_callee
c/c_lr/strcasecmp
c/c_lr/strcasecmp_callee
c/c_lr/strcat
c/c_lr/strcat_callee
c/c_lr/strchr
c/c_lr/strchrnul
c/c_lr/strchrnul_callee
c/c_lr/strchr_callee
c/c_lr/strcmp
c/c_lr/strcmp_callee
c/c_lr/strcoll
c/c_lr/strcoll_callee
c/c_lr/strcpy
c/c_lr/strcpy_callee
c/c_lr/strcspn
c/c_lr/strcspn_callee
c/c_lr/strdup
c/c_lr/strlcat
c/c_lr/strlcat_callee
c/c_lr/strlcpy
c/c_lr/strlcpy_callee
c/c_lr/strlen
c/c_lr/strlwr
c/c_lr/strncasecmp
c/c_lr/strncasecmp_callee
c/c_lr/strncat
c/c_lr/strncat_callee
c/c_lr/strnchr
c/c_lr/strnchr_callee
c/c_lr/strncmp
c/c_lr/strncmp_callee
c/c_lr/strncpy
c/c_lr/strncpy_callee
c/c_lr/strndup
c/c_lr/strndup_callee
c/c_lr/strnlen
c/c_lr/strnlen_callee
c/c_lr/strpbrk
c/c_lr/strpbrk_callee
c/c_lr/strrchr
c/c_lr/strrchr_callee
c/c_lr/strrcspn
c/c_lr/strrcspn_callee
c/c_lr/strrev
c/c_lr/strrspn
c/c_lr/strrspn_callee
c/c_lr/strrstrip
c/c_lr/strsep
c/c_lr/strsep_callee
c/c_lr/strspn
c/c_lr/strspn_callee
c/c_lr/strstr
c/c_lr/strstr_callee
c/c_lr/strstrip
c/c_lr/strtok
c/c_lr/strtok_callee
c/c_lr/strtok_r
c/c_lr/strtok_r_callee
c/c_lr/strupr
c/c_lr/strxfrm
c/c_lr/strxfrm_callee
z80/__str_locate_nul
