@arch/zxn/misc/misc_asm.lst
@arch/ts2068/misc/misc_sdcc_iy.lst
arch/zxn/misc/c/sdcc/zxn_addr_from_mmu
arch/zxn/misc/c/sdcc/zxn_addr_from_mmu_fastcall
arch/zxn/misc/c/sdcc/zxn_addr_from_page
arch/zxn/misc/c/sdcc/zxn_addr_from_page_fastcall
arch/zxn/misc/c/sdcc/zxn_addr_from_page_2mb
arch/zxn/misc/c/sdcc/zxn_addr_from_page_2mb_fastcall
arch/zxn/misc/c/sdcc/zxn_mmu_from_addr
arch/zxn/misc/c/sdcc/zxn_mmu_from_addr_fastcall
arch/zxn/misc/c/sdcc/zxn_page_from_addr
arch/zxn/misc/c/sdcc/zxn_page_from_addr_fastcall
arch/zxn/misc/c/sdcc/zxn_page_from_addr_2mb
arch/zxn/misc/c/sdcc/zxn_page_from_addr_2mb_fastcall
arch/zxn/misc/c/sdcc/zxn_read_mmu_state
arch/zxn/misc/c/sdcc/zxn_read_mmu_state_fastcall
arch/zxn/misc/c/sdcc/zxn_read_sysvar_bank_state
arch/zxn/misc/c/sdcc/zxn_write_bank_state
arch/zxn/misc/c/sdcc/zxn_write_bank_state_fastcall
arch/zxn/misc/c/sdcc/zxn_write_mmu_state
arch/zxn/misc/c/sdcc/zxn_write_mmu_state_fastcall
arch/zxn/misc/c/sdcc/zxn_write_sysvar_bank_state
arch/zxn/misc/c/sdcc/zxn_write_sysvar_bank_state_fastcall
